| *********************************************************************************************************
| **                                                                                                     **
| **           888888888888                                                                              **
| **         8888888888888888                                                                            **
| **      888888888888888888                                                                             **
| **     888888888888888888                                                                              **
| **    888888888888888                                                                                  **
| **   88888888888888888888                               88888                       8888:              **
| **   8888888888888888888888Z                            88888                       8888:              **
| **   888888888888888888888888?                          88888                       8888:              **
| **   8888888888888      8888888                                        888888       8888:              **
| **    88888888888         888888     8888:     88888    88888        888888888I     8888:    888888    **
| **    8888888888           88888:    8888:     88888    88888      $888888888888    8888:   888888     **
| **    I8Z 88888             88888    8888:     88888    88888    .888888     8888   8888: 888888       **
| **    .8Z 88888             88888    8888:     88888    88888    $88888             8888:88888         **
| **     8I 88888      .=88. .88888    8888:     88888    88888    88888              8888888888         **
| **    :8  88888      888888$8888$    8888:     88888    88888    8888O              88888888888        **
| **   ,7   +88888.     8888888888.    8888:     88888    88888    888888             88888O888888       **
| **         $888888:.   .8888888      88888....888888    88888     888888     8888   8888:  888888      **
| **          I8888888888888888888     888888888888888    88888     O888888888888O    8888:   888888     **
| **            O888888888888888888     88888888888888    88888       88888888888$    8888:    888888    **
| **               8888888Z     888      .8888I  88888    88888         8888888       8888:     888888   **
| **                                                                                                     **
| **                                                                                                     **
| **                                         Copyright (c) 2026                                          **
| **                          Regents of the University of California San Diego                          **
| **                                    & Michigan State University                                      **
| **                                        All Rights Reserved.                                         **
| **                                                                                                     **
| **             This software is subject to the terms of the Mozilla Public License, v. 2.0.            **
| **                                                                                                     **
| *********************************************************************************************************
|                                                                                                          
| Cite this work as:                                                                                       
| Manathunga, M.; O'Hearn, K. A.; Shajan, A.; Smith, J.; Miao, Y.; He, X.; Ayers, K.;                      
| Brothers, E.; Palos, E.; Tripathy, V.; Goetz, A.W.; Merz, K.M. QUICK-26.03.                              
| University of California,San Diego, CA and                                                               
| Michigan State University, East Lansing, MI, 2026                                                        
|                                                                                                          
| If you have any comments or queries, please reach out to us on GitHub issues or discussion sections:     
| https://github.com/merzlab/QUICK.                                                                        
|                                                                                                          
| TASK STARTS ON: Wed Jul  1 02:16:31 2026
| INPUT FILE :    1m2c.in
| OUTPUT FILE:    1m2c.out
| BASIS SET PATH: /projects/bdit/vtripathy/QUICK/install/basis

|------------ GPU INFORMATION ---------------
| CUDA ENABLED DEVICE         :        1
| CUDA DEVICE IN USE          :        0
| CUDA DEVICE NAME            : NVIDIA A100-SXM4-40GB
| CUDA DEVICE PM              :      108
| CUDA DEVICE CORE FREQ(GHZ)  :     1.41
| CUDA DEVICE MEMORY SIZE (MB):    40442
| SUPPORTING CUDA VERSION     :      8.0
|--------------------------------------------

 @ Read Job And Atom

  KEYWORD=DFT B3LYP BASIS=6-31G** CUTOFF=1.0E-7 DENSERMS=1.0E-6 GRADIENT
 ============== JOB CARD =============
 METHOD = DENSITY FUNCTIONAL THEORY
 DENSITY FUNCTIONAL = B3LYP
 DIRECT SCF 
 SAD INITAL GUESS 
 USE DIIS SCF
 PRINT ENERGY EVERY CYCLE
 READ SAD GUESS FROM FILE
 STANDARD GRID = SG1
 Level shifting allowed after cycle    3
 DIIS error must exceed 0.100 for level shifting
 Max HOMO-LUMO gap to allow level shifting = 0.200
 GRADIENT CALCULATION
 MAX SCF CYCLES =    200
 MAX DIIS CYCLES =   10
 DELTA DENSITY START CYCLE =    3
 COMPUTATIONAL CUTOFF: 
      TWO-e INTEGRAL         =  0.100E-06
      BASIS SET PRIME        =  0.100E-07
      MATRIX ELEMENTS        =  0.100E-09
      BASIS FUNCTION         =  0.100E-05
      NEAR-LINEAR DEPENDENCY =  0.100E-04
      GRADIENT CUTOFF  =  0.100E-06
 DENSITY MATRIX MAXIMUM RMS FOR CONVERGENCE  =  0.100E-05
 BASIS SET = 6-31G**,  TYPE = CARTESIAN
| BASIS FILE = /projects/bdit/vtripathy/QUICK/install/basis/6-31GDP.BAS
| DATA FILE  =    1m2c.dat

 @ Finish reading job


 @ Begin SAD initial guess

 For Atom Kind =    1
 ELEMENT = N 
 BASIS FUNCTIONS =   15
 For Atom Kind =    2
 ELEMENT = C 
 BASIS FUNCTIONS =   15
 For Atom Kind =    3
 ELEMENT = O 
 BASIS FUNCTIONS =   15
 For Atom Kind =    4
 ELEMENT = S 
 BASIS FUNCTIONS =   19
 For Atom Kind =    5
 ELEMENT = H 
 BASIS FUNCTIONS =    5

 @ Finish SAD initial guess


 @ Begin Reading Molecular Information


 =========== Molecule Input ==========
 TOTAL MOLECULAR CHARGE  =    0    MULTIPLICITY                =    1
 TOTAL ATOM NUMBER       =  220    NUMBER OF ATOM TYPES        =    5
 NUMBER OF HYDROGEN ATOM =  104    NUMBER OF NON-HYDROGEN ATOM =  116
 NUMBER OF ELECTRONS     =  908

 -- INPUT GEOMETRY -- :
    N          15.6340      14.6160     -13.0350
    C          16.3740      15.8230     -12.5520
    C          16.6010      16.9570     -13.5650
    O          16.4070      16.7720     -14.7600
    N          17.0440      18.1640     -13.2170
    C          17.2600      18.6750     -11.8320
    C          18.3710      19.7330     -11.9340
    S          19.2810      19.9410     -10.3820
    C          15.9660      19.0900     -11.0490
    O          15.5930      18.3820     -10.1130
    N          15.2430      20.1390     -11.4830
    C          13.8720      20.5230     -10.9940
    C          13.4380      21.5510     -12.0710
    S          11.9020      22.4460     -11.7180
    C          12.7950      19.3830     -10.7990
    O          11.9860      19.4550      -9.8710
    N          12.8200      18.3270     -11.6330
    C          11.9860      17.1110     -11.5030
    C          11.9360      16.5800     -12.9560
    O          13.2090      16.2590     -13.5390
    C          12.4080      16.0160     -10.4570
    O          11.5760      15.1930     -10.0770
    N          13.6480      16.0190      -9.9340
    C          13.9640      15.3960      -8.6310
    C          15.4670      15.0270      -8.6490
    C          15.8110      13.6980      -9.2800
    O          16.1140      13.5570     -10.4570
    N          15.8220      12.7170      -8.4340
    C          13.7550      16.4340      -7.4810
    O          14.3390      17.5170      -7.5780
    N          13.0550      16.1530      -6.3510
    C          12.9510      17.1260      -5.2230
    C          12.4450      14.8380      -6.0650
    C          11.8670      16.4770      -4.3600
    C          11.9760      14.9700      -4.6130
    C          14.2660      17.5840      -4.5060
    O          14.3670      18.7160      -4.0400
    N          15.2970      16.7450      -4.5390
    C          16.6590      17.0360      -4.0170
    C          17.2690      15.6390      -3.6220
    C          18.7940      15.6390      -3.3510
    C          16.6150      15.0330      -2.3550
    C          17.5100      17.9150      -4.9750
    O          17.9480      19.0010      -4.5840
    N          17.7230      17.4960      -6.2340
    C          18.4260      18.3310      -7.2410
    C          18.8320      17.4340      -8.4350
    S          19.9890      18.2280      -9.5900
    C          17.8100      19.6970      -7.6330
    O          18.4960      20.7030      -7.8290
    N          16.4900      19.7300      -7.5770
    C          15.6720      20.9540      -7.5200
    N          11.7430      20.8710      -7.3430
    N          11.6650      22.9700      -6.2860
    C          11.0610      22.0270      -7.0660
    C          12.9330      22.4190      -6.2070
    C          12.9880      21.1780      -6.8370
    C          14.2120      20.4410      -7.3720
    C          16.1160      21.9460      -6.4080
    O          16.1520      23.1430      -6.6490
    N          16.3480      21.4420      -5.1990
    C          16.5430      22.3060      -3.9820
    C          15.7960      21.7020      -2.7640
    C          14.2480      21.7050      -2.8660
    C          13.6320      20.8940      -1.7190
    C          13.6340      23.1200      -2.8480
    C          18.0030      22.7490      -3.6770
    O          18.2470      23.9150      -3.3620
    N          18.9740      21.8670      -3.9200
    C          20.3660      22.2220      -4.2680
    C          20.8550      20.9060      -4.9190
    C          21.2680      19.7440      -3.9800
    C          21.6270      18.4330      -4.6860
    O          21.6530      18.2900      -5.9060
    O          21.8980      17.4380      -3.7950
    C          20.6370      23.4480      -5.2020
    O          21.6140      24.1770      -5.0200
    N          19.7980      23.6330      -6.2260
    C          19.7860      24.8670      -7.0400
    N          22.7840      23.3220      -8.0900
    N          24.2310      25.1080      -7.5570
    C          24.0150      23.7560      -7.6670
    C          22.9650      25.5940      -7.8760
    C          22.1010      24.5230      -8.1820
    C          20.5820      24.6090      -8.3330
    C          18.3090      25.2900      -7.2700
    O          17.7260      25.0560      -8.3280
    N          17.6970      25.8820      -6.2360
    C          16.2630      26.2710      -6.2490
    C          15.7560      26.3840      -4.7930
    O          14.3320      26.2720      -4.7520
    C          15.8320      27.4660      -7.1480
    O          14.7590      27.4600      -7.7480
    N          16.7730      28.3830      -7.3410
    C          16.9010      29.1900      -8.5910
    C          18.2640      29.9350      -8.5160
    C          19.5770      29.1390      -8.6820
    O          19.8140      28.0950      -8.0800
    N          20.4720      29.6000      -9.5170
    C          16.7180      28.4750      -9.9750
    O          16.1030      29.0230     -10.8890
    N          17.2690      27.2620     -10.1020
    C          17.1170      26.4200     -11.3230
    C          18.4280      25.6230     -11.5760
    C          19.7550      26.4180     -11.7230
    C          20.9200      25.4470     -11.9520
    C          19.7300      27.4430     -12.8690
    C          15.8500      25.4940     -11.3960
    O          15.6000      24.9030     -12.4500
    N          15.0320      25.3670     -10.3330
    C          13.6050      24.9850     -10.4830
    C          13.2680      24.0010      -9.3580
    S          11.8020      23.0530      -9.8080
    C          12.5910      26.1760     -10.5210
    O          11.7070      26.2240     -11.3680
    O          12.6080      26.9360      -9.5140
    H          16.1490      14.1880     -13.8180
    H          15.5490      13.9350     -12.2670
    H          14.6950      14.8930     -13.3530
    H          15.8440      16.2700     -11.6940
    H          17.3840      15.5500     -12.1930
    H          17.2810      18.7120     -14.0410
    H          17.7450      17.8750     -11.2490
    H          19.1430      19.3970     -12.6490
    H          17.9960      20.6980     -12.3220
    H          15.5860      20.5030     -12.3760
    H          13.9610      21.0720     -10.0170
    H          14.2090      22.3360     -12.2160
    H          13.3170      21.0740     -13.0630
    H          13.5710      18.2890     -12.3200
    H          10.9560      17.4050     -11.2200
    H          11.3110      15.6860     -12.9640
    H          11.3950      17.3010     -13.6040
    H          13.0780      16.3300     -14.4970
    H          14.2220      16.8190     -10.2060
    H          13.3480      14.4970      -8.4330
    H          16.1000      15.8320      -9.0650
    H          15.8140      14.9780      -7.6110
    H          16.3670      11.9110      -8.7320
    H          15.7070      13.0880      -7.4870
    H          12.5240      18.0590      -5.5840
    H          13.1530      13.9990      -6.1680
    H          11.6410      14.6190      -6.7880
    H          11.9660      16.7770      -3.3060
    H          10.8660      16.8310      -4.6790
    H          12.7100      14.5200      -3.9240
    H          11.0340      14.4320      -4.4170
    H          15.0930      15.9280      -5.1100
    H          16.5670      17.7030      -3.1490
    H          17.0680      14.9400      -4.4730
    H          19.0700      16.3170      -2.5200
    H          19.1710      14.6330      -3.0800
    H          19.3830      15.9540      -4.2330
    H          15.5200      14.9200      -2.4580
    H          17.0070      14.0240      -2.1200
    H          16.7840      15.6580      -1.4560
    H          17.3550      16.5750      -6.4220
    H          19.2590      18.6700      -6.6590
    H          19.3250      16.5100      -8.0740
    H          17.9400      17.1120      -8.9970
    H          16.1220      18.7990      -7.3870
    H          15.7920      21.4440      -8.4700
    H          11.5560      20.2090      -8.1160
    H          11.2880      23.8370      -5.8760
    H          10.3500      22.3800      -7.8070
    H          13.8330      22.9480      -5.9870
    H          13.9640      19.8040      -8.2300
    H          14.3100      19.7470      -6.5140
    H          16.6390      20.4460      -5.3250
    H          16.0610      23.2770      -4.1720
    H          16.1600      20.6680      -2.6010
    H          16.0850      22.2440      -1.8410
    H          13.9770      21.1990      -3.8140
    H          14.0090      19.8550      -1.7060
    H          13.8530      21.3340      -0.7290
    H          12.5320      20.8260      -1.8110
    H          13.8840      23.6670      -1.9190
    H          13.9760      23.7500      -3.6870
    H          12.5300      23.0890      -2.9160
    H          18.7370      20.8660      -3.8610
    H          20.9340      22.4220      -3.3570
    H          20.1420      20.5450      -5.6880
    H          21.7130      21.1690      -5.5150
    H          22.1180      20.0500      -3.3420
    H          20.4330      19.5380      -3.2930
    H          22.1100      16.6180      -4.2410
    H          18.9600      23.0460      -6.1470
    H          20.2700      25.7070      -6.5170
    H          22.3910      22.3750      -8.0640
    H          25.0900      25.6200      -7.3080
    H          24.7680      23.0400      -7.3340
    H          22.6390      26.6260      -7.7820
    H          20.1640      23.6860      -8.7730
    H          20.3510      25.4260      -9.0360
    H          18.0360      25.4460      -5.3950
    H          15.7960      25.4120      -6.7070
    H          16.1910      25.5990      -4.1420
    H          16.0820      27.3460      -4.3460
    H          14.0160      26.8670      -4.0590
    H          17.5880      27.9670      -6.8780
    H          16.1010      29.9530      -8.5590
    H          18.2190      30.7280      -9.2820
    H          18.3320      30.4630      -7.5510
    H          21.3240      29.0440      -9.6010
    H          20.2140      30.4320     -10.0570
    H          17.5880      26.8930      -9.1950
    H          16.9990      27.1010     -12.1770
    H          18.5330      24.8720     -10.7720
    H          18.2840      25.0240     -12.4970
    H          19.9430      26.9700     -10.7820
    H          20.9780      24.6710     -11.1700
    H          20.8240      24.9210     -12.9210
    H          21.8900      25.9770     -11.9600
    H          19.5020      26.9780     -13.8470
    H          18.9700      28.2290     -12.7010
    H          20.6960      27.9710     -12.9780
    H          15.3800      25.8540      -9.4980
    H          13.4610      24.4470     -11.4370
    H          14.0200      23.2240      -9.1930
    H          13.2150      24.5520      -8.3990

============== BASIS INFOS ==============
 BASIS FUNCTIONS = 2276
 NSHELL =  780 NPRIM  = 4072
 JSHELL =  780 JBASIS = 1820


 @ End Reading Molecular Information 


 @ Begin XC Quadrature Formation

 OCTAGO: OCTree Algorithm for Grid Operations 
   PRUNING CUTOFF       = 0.100E-06
   INITIAL GRID POINTS  =      832640
|   FINAL GRID POINTS    =      518957
|   SIGNIFICANT NUMBER OF BASIS FUNCTIONS     =     1070261
|   SIGNIFICANT NUMBER OF PRIMITIVE FUNCTIONS =     1165821

 @ End XC Quadrature Formation


 @ Begin Energy Calculation

| condition number of overlap matrix:    6.049E+03
| Smallest eigenvalue of overlap matrix:    1.310E-03

                                         SCF ENERGY
| ------------------------------------------------------------------------------------------------------------------------
| NCYC       ENERGY         DELTA_E      SCF_TIME  DII_CYC   DII_TIME   O_TIME  DIAG_TIME    MAX_ERR    RMS_CHG    MAX_CHG
| ------------------------------------------------------------------------------------------------------------------------
|  1  -7167.879098532      ------        54.854     1        0.26     54.58      0.07    0.2473E+01  0.7214E-02  0.6143E+00
|  2  -7139.408201678  -.284709E+02     123.978     2        0.27    123.69      0.07    0.2991E+00  0.1646E-01  0.6229E+01
|  3  -7028.682752792  -.110725E+03     124.978     3        0.33    124.63      0.07    0.1030E+01  0.1760E-01  0.6154E+01
|   ***  Level shifting applied  ( HOMO-LUMO gap =  0.002 au ) ***
|  4  -7098.783103262  0.701004E+02     124.988     4        0.34    124.63      0.07    0.8468E+00  0.7330E-02  0.2034E+01
|   ***  Level shifting applied  ( HOMO-LUMO gap =  0.004 au ) ***
|  5  -7141.388015266  0.426049E+02     113.624     5        0.35    113.26      0.07    0.2487E+00  0.2043E-02  0.5103E+00
|   ***  Level shifting applied  ( HOMO-LUMO gap =  0.024 au ) ***
|  6  -7142.432144386  0.104413E+01     103.466     6        0.36    103.09      0.07    0.1883E+00  0.1654E-02  0.6017E+00
|   ***  Level shifting applied  ( HOMO-LUMO gap =  0.005 au ) ***
|  7  -7142.271916398  -.160228E+00      96.544     7        0.37     96.16      0.07    0.1855E+00  0.5648E-03  0.1128E+00
|   ***  Level shifting applied  ( HOMO-LUMO gap =  0.024 au ) ***
|  8  -7142.674328506  0.402412E+00      90.219     8        0.33     89.88      0.07    0.8406E-01  0.5763E-02  0.1499E+01
|  9  -7133.424230923  -.925010E+01     104.268     9        0.39    103.87      0.07    0.5383E+00  0.9940E-04  0.2608E-01
|   ***  Level shifting applied  ( HOMO-LUMO gap =  0.008 au ) ***
| 10  -7133.624106895  0.199876E+00      75.376    10        0.40     74.96      0.07    0.5212E+00  0.2202E-03  0.1022E+00
|   ***  Level shifting applied  ( HOMO-LUMO gap =  0.169 au ) ***
| 11  -7133.795273458  0.171167E+00      73.952     1        0.46     73.47      0.07    0.5147E+00  0.3672E-04  0.1721E-01
|   ***  Level shifting applied  ( HOMO-LUMO gap =  0.007 au ) ***
| 12  -7133.823874956  0.286015E-01      60.096     2        0.46     59.62      0.07    0.5135E+00  0.2048E-03  0.1165E+00
|   ***  Level shifting applied  ( HOMO-LUMO gap =  0.167 au ) ***
| 13  -7133.919176861  0.953019E-01      75.794     3        0.46     75.32      0.07    0.5051E+00  0.1001E-03  0.1157E-01
|   ***  Level shifting applied  ( HOMO-LUMO gap =  0.006 au ) ***
| 14  -7133.927415666  0.823880E-02      77.240     4        0.46     76.76      0.07    0.5093E+00  0.3986E-02  0.1022E+01
|   ***  Level shifting applied  ( HOMO-LUMO gap =  0.172 au ) ***
| 15  -7141.512984905  0.758557E+01      93.375     5        0.47     92.89      0.07    0.2828E+00  0.1949E-03  0.2963E-01
|   ***  Level shifting applied  ( HOMO-LUMO gap =  0.002 au ) ***
| 16  -7141.538949180  0.259643E-01      82.143     6        0.46     81.67      0.07    0.2534E+00  0.4056E-02  0.8564E+00
|   ***  Level shifting applied  ( HOMO-LUMO gap =  0.173 au ) ***
| 17  -7139.555521244  -.198343E+01     101.032     7        0.46    100.56      0.07    0.3042E+00  0.1460E-02  0.5514E+00
|   ***  Level shifting applied  ( HOMO-LUMO gap =  0.017 au ) ***
| 18  -7142.460396416  0.290488E+01      92.164     8        0.46     91.69      0.07    0.2187E+00  0.1688E-02  0.6187E+00
|   ***  Level shifting applied  ( HOMO-LUMO gap =  0.048 au ) ***
| 19  -7141.948836753  -.511560E+00      98.341     9        0.46     97.86      0.07    0.2623E+00  0.6552E-03  0.1476E+00
|   ***  Level shifting applied  ( HOMO-LUMO gap =  0.116 au ) ***
| 20  -7142.553533331  0.604697E+00      92.179    10        0.46     91.70      0.07    0.1241E+00  0.4471E-03  0.1014E+00
|   ***  Level shifting applied  ( HOMO-LUMO gap =  0.076 au ) ***
| 21  -7142.724402991  0.170870E+00      86.432     1        0.41     86.01      0.07    0.9608E-01  0.1730E-02  0.5648E+00
| 22  -7142.557897115  -.166506E+00      88.845     2        0.47     88.36      0.07    0.1697E+00  0.5587E-04  0.9409E-02
|   ***  Level shifting applied  ( HOMO-LUMO gap =  0.021 au ) ***
| 23  -7142.579432337  0.215352E-01      72.660     3        0.46     72.18      0.07    0.1616E+00  0.2660E-02  0.6128E+00
|   ***  Level shifting applied  ( HOMO-LUMO gap =  0.183 au ) ***
| 24  -7142.716980287  0.137548E+00      85.950     4        0.41     85.53      0.07    0.8004E-01  0.1822E-03  0.3253E-01
| 25  -7142.746877136  0.298968E-01      70.641     5        0.41     70.22      0.07    0.7214E-01  0.2552E-02  0.4748E+00
| 26  -7142.875795792  0.128919E+00      86.185     6        0.41     85.76      0.07    0.6211E-01  0.2906E-02  0.5575E+00
| 27  -7138.593179002  -.428262E+01      90.349     7        0.46     89.87      0.07    0.4437E+00  0.1114E-03  0.2256E-01
|   ***  Level shifting applied  ( HOMO-LUMO gap =  0.000 au ) ***
| 28  -7138.736916934  0.143738E+00      75.260     8        0.46     74.78      0.07    0.4208E+00  0.2511E-02  0.7211E+00
|   ***  Level shifting applied  ( HOMO-LUMO gap =  0.157 au ) ***
| 29  -7141.523177353  0.278626E+01      84.700     9        0.46     84.22      0.07    0.3064E+00  0.1882E-03  0.2810E-01
|   ***  Level shifting applied  ( HOMO-LUMO gap =  0.003 au ) ***
| 30  -7141.644087192  0.120910E+00      76.649    10        0.47     76.17      0.07    0.3046E+00  0.2434E-02  0.3902E+00
|   ***  Level shifting applied  ( HOMO-LUMO gap =  0.160 au ) ***
| 31  -7142.723806420  0.107972E+01      87.027     1        0.46     86.55      0.07    0.1351E+00  0.3981E-03  0.7804E-01
|   ***  Level shifting applied  ( HOMO-LUMO gap =  0.002 au ) ***
| 32  -7142.753213518  0.294071E-01      87.032     2        0.46     86.56      0.07    0.1231E+00  0.1518E-03  0.2586E-01
|   ***  Level shifting applied  ( HOMO-LUMO gap =  0.066 au ) ***
| 33  -7142.761719159  0.850564E-02      79.240     3        0.46     78.76      0.07    0.1253E+00  0.8785E-04  0.8674E-02
|   ***  Level shifting applied  ( HOMO-LUMO gap =  0.060 au ) ***
| 34  -7142.752121408  -.959775E-02      72.759     4        0.46     72.28      0.07    0.1314E+00  0.1374E-03  0.1870E-01
|   ***  Level shifting applied  ( HOMO-LUMO gap =  0.084 au ) ***
| 35  -7142.757388707  0.526730E-02      74.202     5        0.47     73.72      0.07    0.1290E+00  0.1902E-03  0.2516E-01
|   ***  Level shifting applied  ( HOMO-LUMO gap =  0.062 au ) ***
| 36  -7142.773368721  0.159800E-01      76.716     6        0.46     76.24      0.07    0.1249E+00  0.2333E-02  0.6335E+00
|   ***  Level shifting applied  ( HOMO-LUMO gap =  0.082 au ) ***
| 37  -7140.479221314  -.229415E+01     101.021     7        0.46    100.55      0.07    0.3401E+00  0.5110E-03  0.1453E+00
|   ***  Level shifting applied  ( HOMO-LUMO gap =  0.003 au ) ***
| 38  -7141.254581369  0.775360E+00      90.720     8        0.47     90.23      0.07    0.2214E+00  0.1014E-02  0.1211E+00
|   ***  Level shifting applied  ( HOMO-LUMO gap =  0.075 au ) ***
| 39  -7142.460932516  0.120635E+01      87.768     9        0.46     87.29      0.07    0.1391E+00  0.3216E-03  0.3536E-01
|   ***  Level shifting applied  ( HOMO-LUMO gap =  0.024 au ) ***
| 40  -7142.667724167  0.206792E+00      80.257    10        0.46     79.78      0.07    0.1189E+00  0.7847E-03  0.9353E-01
|   ***  Level shifting applied  ( HOMO-LUMO gap =  0.154 au ) ***
| 41  -7142.894230137  0.226506E+00      85.918     1        0.41     85.49      0.07    0.8328E-01  0.1836E-02  0.4458E+00
| 42  -7142.949976407  0.557463E-01      91.966     2        0.41     91.54      0.07    0.6396E-01  0.2395E-02  0.4563E+00
| 43  -7142.931449848  -.185266E-01      92.982     3        0.41     92.56      0.07    0.3882E-01  0.2189E-02  0.3727E+00
| 44  -7142.689011318  -.242439E+00      90.803     4        0.46     90.33      0.07    0.1261E+00  0.7034E-04  0.1114E-01
|   ***  Level shifting applied  ( HOMO-LUMO gap =  0.003 au ) ***
| 45  -7142.719150412  0.301391E-01      72.401     5        0.46     71.92      0.07    0.1151E+00  0.1605E-02  0.5346E+00
|   ***  Level shifting applied  ( HOMO-LUMO gap =  0.177 au ) ***
| 46  -7142.647769002  -.713814E-01      83.939     6        0.47     83.46      0.07    0.1645E+00  0.6727E-04  0.1102E-01
|   ***  Level shifting applied  ( HOMO-LUMO gap =  0.020 au ) ***
| 47  -7142.667749529  0.199805E-01      74.066     7        0.46     73.59      0.07    0.1563E+00  0.2298E-02  0.5407E+00
|   ***  Level shifting applied  ( HOMO-LUMO gap =  0.190 au ) ***
| 48  -7142.975479798  0.307730E+00      91.050     8        0.41     90.63      0.07    0.4191E-01  0.1174E-02  0.1842E+00
| 49  -7142.978880366  0.340057E-02      84.654     9        0.41     84.23      0.07    0.3805E-01  0.2481E-02  0.5494E+00
| 50  -7142.677193107  -.301687E+00      89.164    10        0.46     88.69      0.07    0.1525E+00  0.1490E-04  0.2098E-02
|   ***  Level shifting applied  ( HOMO-LUMO gap =  0.008 au ) ***
| 51  -7142.680396614  0.320351E-02      62.227     1        0.46     61.75      0.07    0.1513E+00  0.1433E-02  0.3698E+00
|   ***  Level shifting applied  ( HOMO-LUMO gap =  0.197 au ) ***
| 52  -7143.031211591  0.350815E+00      85.201     2        0.41     84.78      0.07    0.3133E-01  0.5813E-03  0.1218E+00
| 53  -7143.055623637  0.244120E-01      77.522     3        0.41     77.10      0.07    0.1493E-01  0.5576E-03  0.1146E+00
| 54  -7143.026599881  -.290238E-01      77.237     4        0.42     76.80      0.07    0.4243E-01  0.2320E-03  0.6147E-01
| 55  -7143.053960387  0.273605E-01      72.187     5        0.41     71.76      0.07    0.2248E-01  0.3839E-03  0.8223E-01
| 56  -7143.011547761  -.424126E-01      77.248     6        0.41     76.82      0.07    0.4857E-01  0.7256E-04  0.1425E-01
| 57  -7143.021129200  0.958144E-02      63.808     7        0.41     63.38      0.07    0.4345E-01  0.3410E-03  0.7967E-01
| 58  -7143.058313526  0.371843E-01      73.767     8        0.41     73.34      0.07    0.1796E-01  0.3468E-03  0.6725E-01
| 59  -7143.065543937  0.723041E-02      75.637     9        0.41     75.21      0.07    0.4376E-02  0.2823E-03  0.4776E-01
| 60  -7143.066303586  0.759649E-03      73.106    10        0.41     72.68      0.07    0.5074E-02  0.9903E-04  0.1426E-01
| 61  -7143.066933095  0.629509E-03      65.881     1        0.41     65.45      0.07    0.3452E-02  0.9028E-04  0.2040E-01
| 62  -7143.067054529  0.121433E-03      64.570     2        0.41     64.15      0.07    0.2680E-02  0.2840E-04  0.5878E-02
| 63  -7143.067232659  0.178131E-03      57.001     3        0.42     56.57      0.07    0.7826E-03  0.1122E-04  0.1694E-02
| 64  -7143.067535183  0.302524E-03      52.897     4        0.41     52.47      0.07    0.2720E-03  0.8822E-05  0.1322E-02
| -------------- 2E-INT CUTOFF CHANGE TO 0.1000E-08 ------------
| 65  -7143.067540031  0.484769E-05      85.848     5        0.41     85.42      0.07    0.2137E-03  0.1932E-04  0.2111E-02
| 66  -7143.067539580  -.451000E-06      97.092     6        0.42     96.66      0.08    0.3968E-03  0.1085E-04  0.1691E-02
| 67  -7143.067542890  0.331015E-05      89.801     7        0.41     89.38      0.07    0.1774E-03  0.8994E-05  0.1118E-02
| 68  -7143.067544266  0.137551E-05      81.154     8        0.41     80.73      0.07    0.1127E-03  0.1024E-04  0.1267E-02
| 69  -7143.067546415  0.214984E-05      84.837     9        0.41     84.41      0.07    0.9032E-04  0.4847E-05  0.7289E-03
| 70  -7143.067544765  -.165087E-05      81.212    10        0.41     80.79      0.07    0.1717E-03  0.1791E-04  0.2067E-02
| 71  -7143.067547417  0.265206E-05      89.144     1        0.41     88.71      0.07    0.3995E-04  0.7622E-05  0.9026E-03
| 72  -7143.067548001  0.584711E-06      78.529     2        0.41     78.11      0.07    0.2946E-04  0.1919E-05  0.1528E-03
| 73  -7143.067548754  0.752232E-06      70.109     3        0.41     69.68      0.07    0.2173E-04  0.4557E-05  0.5161E-03
| 74  -7143.067549254  0.500389E-06      76.295     4        0.41     75.87      0.07    0.4258E-04  0.6412E-06  0.1258E-03
| -------------- 2E-INT CUTOFF CHANGE TO 0.1000E-09 ------------
| 75  -7143.067549361  0.106586E-06      80.763     5        0.41     80.34      0.07    0.4781E-05  0.5624E-06  0.7010E-04
| ------------------------------------------------------------------------------------------------------------------------
| REACH CONVERGENCE AFTER  75 CYCLES
| MAX ERROR = 0.478067E-05   RMS CHANGE = 0.562449E-06   MAX CHANGE = 0.701024E-04
| -----------------------------------------------
 ALPHA ELECTRON DENSITY    =   454.0001531132
 BETA ELECTRON DENSITY     =   454.0001531132
 ELECTRONIC ENERGY    = -40181.612236825
 CORE_CORE REPULSION  =  33038.544687464
 TOTAL ENERGY         =  -7143.067549361

 @ End Energy calculation


 @ Begin Gradient Calculation

 ANALYTICAL GRADIENT: 
----------------------------------------
 COORDINATE    XYZ            GRADIENT
----------------------------------------
    1X    15.6340011939    -0.0107873904
    1Y    14.6160011161    -0.0114385266
    1Z   -13.0350009954     0.0159549301
    2X    16.3740012504    -0.0168294029
    2Y    15.8230012083    -0.0333840318
    2Z   -12.5520009585    -0.0259666482
    3X    16.6010012677     0.0148915926
    3Y    16.9570012949     0.0242563767
    3Z   -13.5650010359     0.0238522813
    4X    16.4070012529     0.0103283413
    4Y    16.7720012808     0.0264970157
    4Z   -14.7600011271     0.0275626546
    5X    17.0440013015    -0.0028024146
    5Y    18.1640013871    -0.0161294743
    5Z   -13.2170010093    -0.0430752562
    6X    17.2600013180    -0.0115689989
    6Y    18.6750014261    -0.0042362771
    6Z   -11.8320009035     0.0115902560
    7X    18.3710014029    -0.0061981140
    7Y    19.7330015069     0.0092119724
    7Z   -11.9340009113     0.0205550252
    8X    19.2810014724     0.0120155608
    8Y    19.9410015228    -0.0567493724
    8Z   -10.3820007928     0.0011970919
    9X    15.9660012192    -0.0145851796
    9Y    19.0900014578     0.0142362027
    9Z   -11.0490008437     0.0087588280
   10X    15.5930011907     0.0039507088
   10Y    18.3820014037     0.0146587639
   10Z   -10.1130007723    -0.0137870022
   11X    15.2430011640     0.0050928379
   11Y    20.1390015379     0.0024192546
   11Z   -11.4830008769     0.0112425257
   12X    13.8720010593    -0.0132137833
   12Y    20.5230015672    -0.0122737301
   12Z   -10.9940008395     0.0134678654
   13X    13.4380010262    -0.0062543472
   13Y    21.5510016457    -0.0049224344
   13Z   -12.0710009218    -0.0044875893
   14X    11.9020009089     0.0161538559
   14Y    22.4460017141    -0.0034739107
   14Z   -11.7180008948     0.0389679100
   15X    12.7950009771    -0.0124521974
   15Y    19.3830014802    -0.0127482282
   15Z   -10.7990008247    -0.0241262174
   16X    11.9860009153    -0.0009359811
   16Y    19.4550014857     0.0025312323
   16Z    -9.8710007538     0.0041799243
   17X    12.8200009790    -0.0096024760
   17Y    18.3270013995     0.0134019257
   17Z   -11.6330008883     0.0049722165
   18X    11.9860009153    -0.0159976892
   18Y    17.1110013067    -0.0114691100
   18Z   -11.5030008784     0.0220378076
   19X    11.9360009115     0.0315895646
   19Y    16.5800012661     0.0122480447
   19Z   -12.9560009894     0.0016334154
   20X    13.2090010087    -0.0049346600
   20Y    16.2590012416    -0.0047328361
   20Z   -13.5390010339    -0.0024016556
   21X    12.4080009475     0.0203446301
   21Y    16.0160012230     0.0072009563
   21Z   -10.4570007985    -0.0141139444
   22X    11.5760008840     0.0085841436
   22Y    15.1930011602    -0.0043830926
   22Z   -10.0770007695     0.0115960534
   23X    13.6480010422    -0.0134284681
   23Y    16.0190012233    -0.0110845788
   23Z    -9.9340007586     0.0022016314
   24X    13.9640010663     0.0032721457
   24Y    15.3960011757    -0.0061975401
   24Z    -8.6310006591    -0.0050106706
   25X    15.4670011811    -0.0068375158
   25Y    15.0270011475    -0.0002088451
   25Z    -8.6490006605     0.0014981669
   26X    15.8110012074     0.0118930806
   26Y    13.6980010460    -0.0684789861
   26Z    -9.2800007087     0.0151257568
   27X    16.1140012305    -0.0126239109
   27Y    13.5570010353     0.0044104703
   27Z   -10.4570007985     0.0564909135
   28X    15.8220012082     0.0055759943
   28Y    12.7170009711     0.0427564243
   28Z    -8.4340006441    -0.0463043214
   29X    13.7550010504    -0.0020034142
   29Y    16.4340012550    -0.0139908503
   29Z    -7.4810005713     0.0155775749
   30X    14.3390010950    -0.0058924194
   30Y    17.5170013377    -0.0020099976
   30Z    -7.5780005787     0.0000893782
   31X    13.0550009969    -0.0099840628
   31Y    16.1530012335     0.0166295936
   31Z    -6.3510004850    -0.0115664069
   32X    12.9510009890     0.0090539989
   32Y    17.1260013078    -0.0025894915
   32Z    -5.2230003988     0.0110082567
   33X    12.4450009503     0.0034241536
   33Y    14.8380011331     0.0052613330
   33Z    -6.0650004631     0.0033997421
   34X    11.8670009062     0.0114103763
   34Y    16.4770012582    -0.0022312981
   34Z    -4.3600003329    -0.0121737808
   35X    11.9760009145     0.0033511648
   35Y    14.9700011432     0.0102253031
   35Z    -4.6130003523    -0.0129849985
   36X    14.2660010894     0.0059773869
   36Y    17.5840013428    -0.0219851805
   36Z    -4.5060003441     0.0106249613
   37X    14.3670010971     0.0114367843
   37Y    18.7160014292     0.0004469611
   37Z    -4.0400003085    -0.0048334193
   38X    15.2970011681    -0.0124396407
   38Y    16.7450012787     0.0195866472
   38Z    -4.5390003466     0.0014002605
   39X    16.6590012721     0.0054476210
   39Y    17.0360013009     0.0139465324
   39Z    -4.0170003068     0.0018621049
   40X    17.2690013187    -0.0110613750
   40Y    15.6390011943     0.0084414952
   40Z    -3.6220002766    -0.0080381635
   41X    18.7940014352    -0.0105227041
   41Y    15.6390011943    -0.0069535676
   41Z    -3.3510002559     0.0073804719
   42X    16.6150012688     0.0148876095
   42Y    15.0330011480     0.0006357188
   42Z    -2.3550001798    -0.0046032586
   43X    17.5100013371     0.0023074567
   43Y    17.9150013681     0.0041158970
   43Z    -4.9750003799    -0.0072019688
   44X    17.9480013706    -0.0043613825
   44Y    19.0010014510    -0.0121531121
   44Z    -4.5840003501    -0.0087030166
   45X    17.7230013534     0.0136736900
   45Y    17.4960013361     0.0025581087
   45Z    -6.2340004761     0.0104214375
   46X    18.4260014071    -0.0106208306
   46Y    18.3310013998     0.0169597693
   46Z    -7.2410005530    -0.0028599577
   47X    18.8320014381     0.0149818819
   47Y    17.4340013313    -0.0018695324
   47Z    -8.4350006441    -0.0093466436
   48X    19.9890015264    -0.0319412863
   48Y    18.2280013920     0.0395157850
   48Z    -9.5900007323    -0.0002207798
   49X    17.8100013600    -0.0088280183
   49Y    19.6970015041    -0.0209000077
   49Z    -7.6330005829    -0.0112814895
   50X    18.4960014124    -0.0061575628
   50Y    20.7030015810     0.0084772324
   50Z    -7.8290005979    -0.0122595172
   51X    16.4900012592     0.0207406121
   51Y    19.7300015067     0.0155148634
   51Z    -7.5770005786    -0.0141717831
   52X    15.6720011968     0.0076699827
   52Y    20.9540016001     0.0069674658
   52Z    -7.5200005743     0.0030505868
   53X    11.7430008967    -0.0048841448
   53Y    20.8710015938    -0.0370179411
   53Z    -7.3430005607    -0.0241518543
   54X    11.6650008908    -0.0250728173
   54Y    22.9700017541     0.0424560334
   54Z    -6.2860004800     0.0146222621
   55X    11.0610008447     0.0924440422
   55Y    22.0270016821    -0.0083545802
   55Z    -7.0660005396     0.0297474002
   56X    12.9330009876    -0.0342299879
   56Y    22.4190017120     0.0226450528
   56Z    -6.2070004740     0.0011400216
   57X    12.9880009918    -0.0419076196
   57Y    21.1780016172    -0.0412479501
   57Z    -6.8370005221     0.0193612821
   58X    14.2120010853     0.0063739605
   58Y    20.4410015610     0.0288455997
   58Z    -7.3720005630    -0.0492911412
   59X    16.1160012307     0.0031054399
   59Y    21.9460016759    -0.0128452617
   59Z    -6.4080004893     0.0192474865
   60X    16.1520012334     0.0066160661
   60Y    23.1430017673    -0.0159300926
   60Z    -6.6490005077     0.0063699734
   61X    16.3480012484    -0.0132253190
   61Y    21.4420016374     0.0257138956
   61Z    -5.1990003970    -0.0153308207
   62X    16.5430012633     0.0107975113
   62Y    22.3060017034     0.0057273418
   62Z    -3.9820003041    -0.0015565891
   63X    15.7960012062    -0.0055784965
   63Y    21.7020016572     0.0076407133
   63Z    -2.7640002111    -0.0095638671
   64X    14.2480010880     0.0040453268
   64Y    21.7050016575     0.0017478953
   64Z    -2.8660002189     0.0037121332
   65X    13.6320010410     0.0006117012
   65Y    20.8940015955     0.0119675748
   65Z    -1.7190001313    -0.0067251032
   66X    13.6340010411    -0.0018462660
   66Y    23.1200017655    -0.0082519860
   66Z    -2.8480002175     0.0046373951
   67X    18.0030013748     0.0144525104
   67Y    22.7490017372    -0.0138853588
   67Z    -3.6770002808     0.0036261311
   68X    18.2470013934     0.0044723360
   68Y    23.9150018262    -0.0049353069
   68Z    -3.3620002567     0.0033144874
   69X    18.9740014489    -0.0063598935
   69Y    21.8670016698     0.0148389727
   69Z    -3.9200002993     0.0046243270
   70X    20.3660015552     0.0055307552
   70Y    22.2220016970     0.0279722829
   70Z    -4.2680003259    -0.0114392813
   71X    20.8550015926    -0.0172608893
   71Y    20.9060015965     0.0083866330
   71Z    -4.9190003756     0.0213700841
   72X    21.2680016241     0.0066773045
   72Y    19.7440015077    -0.0076108524
   72Z    -3.9800003039    -0.0078418060
   73X    21.6270016515     0.0031627835
   73Y    18.4330014076    -0.0056103453
   73Z    -4.6860003578     0.0232349112
   74X    21.6530016535    -0.0010784087
   74Y    18.2900013967     0.0029884220
   74Z    -5.9060004510    -0.0289973642
   75X    21.8980016722     0.0051417934
   75Y    17.4380013316    -0.0202640073
   75Z    -3.7950002898    -0.0077831194
   76X    20.6370015759    -0.0153355258
   76Y    23.4480017906    -0.0118476148
   76Z    -5.2020003972    -0.0175815286
   77X    21.6140016505     0.0020203533
   77Y    24.1770018462     0.0136563128
   77Z    -5.0200003833    -0.0070727053
   78X    19.7980015119     0.0292700837
   78Y    23.6330018047     0.0054695831
   78Z    -6.2260004754    -0.0050240296
   79X    19.7860015109    -0.0057945113
   79Y    24.8670018989     0.0019681220
   79Z    -7.0400005376    -0.0065406447
   80X    22.7840017399    -0.0098625597
   80Y    23.3220017810    -0.0445219323
   80Z    -8.0900006178    -0.0072178171
   81X    24.2310018504     0.0397313533
   81Y    25.1080019173     0.0099358556
   81Z    -7.5570005771     0.0094216904
   82X    24.0150018339    -0.0774558351
   82Y    23.7560018141     0.0672593157
   82Z    -7.6670005855    -0.0182384911
   83X    22.9650017537     0.0366492025
   83Y    25.5940019545     0.0081092941
   83Z    -7.8760006014     0.0111002426
   84X    22.1010016877     0.0240467254
   84Y    24.5230018727    -0.0386259130
   84Z    -8.1820006248    -0.0128688084
   85X    20.5820015717     0.0023666368
   85Y    24.6090018792    -0.0042856884
   85Z    -8.3330006363     0.0193873003
   86X    18.3090013981     0.0049109075
   86Y    25.2900019312     0.0222138762
   86Z    -7.2700005552     0.0361644538
   87X    17.7260013536    -0.0103388074
   87Y    25.0560019134    -0.0084402743
   87Z    -8.3280006360     0.0056327934
   88X    17.6970013514    -0.0011914249
   88Y    25.8820019764    -0.0235416196
   88Z    -6.2360004762    -0.0234592796
   89X    16.2630012419     0.0083090903
   89Y    26.2710020062     0.0230068384
   89Z    -6.2490004772    -0.0081457280
   90X    15.7560012032    -0.0016681076
   90Y    26.3840020148    -0.0052259462
   90Z    -4.7930003660    -0.0122059097
   91X    14.3320010944    -0.0043682181
   91Y    26.2720020062    -0.0009485043
   91Z    -4.7520003629     0.0024641675
   92X    15.8320012090     0.0402253164
   92Y    27.4660020974     0.0249409840
   92Z    -7.1480005458     0.0246686045
   93X    14.7590011271    -0.0107230453
   93Y    27.4600020970     0.0044616691
   93Z    -7.7480005917    -0.0183583652
   94X    16.7730012809    -0.0429801332
   94Y    28.3830021674    -0.0041492403
   94Z    -7.3410005606    -0.0003522392
   95X    16.9010012906    -0.0041141094
   95Y    29.1900022291    -0.0025060433
   95Z    -8.5910006560    -0.0174279655
   96X    18.2640013947    -0.0020077256
   96Y    29.9350022860    -0.0152260875
   96Z    -8.5160006503     0.0077200750
   97X    19.5770014950     0.0376754061
   97Y    29.1390022252     0.0237047353
   97Z    -8.6820006630    -0.0228184570
   98X    19.8140015131     0.0052032852
   98Y    28.0950021454     0.0155843421
   98Z    -8.0800006170    -0.0182746121
   99X    20.4720015633    -0.0170604400
   99Y    29.6000022604    -0.0361448388
   99Z    -9.5170007268     0.0320568754
  100X    16.7180012767     0.0263380537
  100Y    28.4750021745    -0.0105179290
  100Z    -9.9750007617     0.0137979859
  101X    16.1030012297    -0.0105276145
  101Y    29.0230022163    -0.0102678894
  101Z   -10.8890008315    -0.0111272304
  102X    17.2690013187    -0.0077523136
  102Y    27.2620020818     0.0179890015
  102Z   -10.1020007714    -0.0131185448
  103X    17.1170013071    -0.0116590095
  103Y    26.4200020175    -0.0013319839
  103Z   -11.3230008647    -0.0067955477
  104X    18.4280014072     0.0024442031
  104Y    25.6230019567     0.0132913622
  104Z   -11.5760008840     0.0015675944
  105X    19.7550015086     0.0032468691
  105Y    26.4180020174    -0.0018225082
  105Z   -11.7230008952     0.0000124592
  106X    20.9200015975    -0.0066550994
  106Y    25.4470019432     0.0070148179
  106Z   -11.9520009127    -0.0004944073
  107X    19.7300015067     0.0062348889
  107Y    27.4430020957    -0.0111396180
  107Z   -12.8690009827     0.0038373112
  108X    15.8500012104     0.0096925395
  108Y    25.4940019468     0.0087471776
  108Z   -11.3960008702     0.0042725872
  109X    15.6000011913    -0.0146580102
  109Y    24.9030019017    -0.0013447627
  109Z   -12.4500009507     0.0133619197
  110X    15.0320011479    -0.0122370666
  110Y    25.3670019371    -0.0184807872
  110Z   -10.3330007891    -0.0095482377
  111X    13.6050010389    -0.0134773029
  111Y    24.9850019080     0.0102930224
  111Z   -10.4830008005     0.0090552349
  112X    13.2680010132    -0.0188177608
  112Y    24.0010018328    -0.0111292623
  112Z    -9.3580007146     0.0063323661
  113X    11.8020009012     0.0215825873
  113Y    23.0530017604     0.0055587925
  113Z    -9.8080007490    -0.0350973162
  114X    12.5910009615     0.0180222258
  114Y    26.1760019989    -0.0319312247
  114Z   -10.5210008034    -0.0536815978
  115X    11.7070008940     0.0098366108
  115Y    26.2240020026     0.0232719749
  115Z   -11.3680008681     0.0489386076
  116X    12.6080009628    -0.0241745833
  116Y    26.9360020569     0.0078844399
  116Z    -9.5140007265    -0.0086418481
  117X    16.1490012332     0.0052855015
  117Y    14.1880010835    -0.0032828256
  117Z   -13.8180010552    -0.0007523696
  118X    15.5490011874    -0.0045870160
  118Y    13.9350010641     0.0009967261
  118Z   -12.2670009368    -0.0160266871
  119X    14.6950011222     0.0043265822
  119Y    14.8930011373    -0.0046147417
  119Z   -13.3530010197     0.0007345757
  120X    15.8440012099    -0.0016288237
  120Y    16.2700012424     0.0124108823
  120Z   -11.6940008930     0.0014908884
  121X    17.3840013275     0.0117766524
  121Y    15.5500011875     0.0089517221
  121Z   -12.1930009311     0.0001575409
  122X    17.2810013196     0.0024820265
  122Y    18.7120014289    -0.0037914206
  122Z   -14.0410010722    -0.0059426936
  123X    17.7450013551     0.0123441010
  123Y    17.8750013650     0.0011488998
  123Z   -11.2490008590     0.0024818761
  124X    19.1430014618     0.0108665771
  124Y    19.3970014812     0.0017836813
  124Z   -12.6490009659     0.0029402451
  125X    17.9960013742    -0.0032828163
  125Y    20.6980015806     0.0014666986
  125Z   -12.3220009410    -0.0106537496
  126X    15.5860011902     0.0116677557
  126Y    20.5030015657    -0.0075637789
  126Z   -12.3760009451    -0.0093133437
  127X    13.9610010661     0.0026826690
  127Y    21.0720016091     0.0151658864
  127Z   -10.0170007649     0.0167119083
  128X    14.2090010851     0.0000655210
  128Y    22.3360017057     0.0087910157
  128Z   -12.2160009329    -0.0060771942
  129X    13.3170010169     0.0049535447
  129Y    21.0740016093    -0.0006766279
  129Z   -13.0630009975    -0.0075003057
  130X    13.5710010363     0.0052850984
  130Y    18.2890013966     0.0010742661
  130Z   -12.3200009408    -0.0027807947
  131X    10.9560008366    -0.0104309091
  131Y    17.4050013291     0.0033318681
  131Z   -11.2200008568     0.0013602552
  132X    11.3110008638     0.0015308674
  132Y    15.6860011978     0.0057485676
  132Z   -12.9640009900    -0.0028653746
  133X    11.3950008702    -0.0087300503
  133Y    17.3010013212    -0.0002869104
  133Z   -13.6040010389    -0.0083597639
  134X    13.0780009987    -0.0051817484
  134Y    16.3300012470    -0.0008702537
  134Z   -14.4970011070    -0.0030386544
  135X    14.2220010860    -0.0038426485
  135Y    16.8190012844    -0.0002626463
  135Z   -10.2060007794    -0.0124721616
  136X    13.3480010193    -0.0045423873
  136Y    14.4970011070    -0.0099287363
  136Z    -8.4330006440     0.0130772183
  137X    16.1000012295     0.0117472090
  137Y    15.8320012090     0.0020543997
  137Z    -9.0650006922     0.0052418277
  138X    15.8140012076    -0.0001652603
  138Y    14.9780011438     0.0008794014
  138Z    -7.6110005812    -0.0136768796
  139X    16.3670012498     0.0040022997
  139Y    11.9110009096     0.0025955725
  139Z    -8.7320006668    -0.0124394937
  140X    15.7070011994    -0.0112087172
  140Y    13.0880009994     0.0251722458
  140Z    -7.4870005717    -0.0051758915
  141X    12.5240009564    -0.0059264170
  141Y    18.0590013791    -0.0040767657
  141Z    -5.5840004264     0.0056634477
  142X    13.1530010044    -0.0015837327
  142Y    13.9990010690    -0.0057663336
  142Z    -6.1680004710    -0.0006891395
  143X    11.6410008890     0.0011544868
  143Y    14.6190011164    -0.0048713381
  143Z    -6.7880005184    -0.0053063506
  144X    11.9660009138    -0.0000695318
  144Y    16.7770012812     0.0047253761
  144Z    -3.3060002525     0.0032281400
  145X    10.8660008298    -0.0091211311
  145Y    16.8310012853     0.0009380694
  145Z    -4.6790003573     0.0002529721
  146X    12.7100009706    -0.0000389172
  146Y    14.5200011088    -0.0024822392
  146Z    -3.9240002997     0.0045085618
  147X    11.0340008426    -0.0034935931
  147Y    14.4320011021    -0.0042250894
  147Z    -4.4170003373     0.0030617311
  148X    15.0930011526    -0.0146632689
  148Y    15.9280012163     0.0040600143
  148Z    -5.1100003902    -0.0036333233
  149X    16.5670012651     0.0040940837
  149Y    17.7030013519     0.0070339863
  149Z    -3.1490002405     0.0011687509
  150X    17.0680013034    -0.0020584283
  150Y    14.9400011409    -0.0067468131
  150Z    -4.4730003416    -0.0051167994
  151X    19.0700014563     0.0039079834
  151Y    16.3170012460     0.0040602678
  151Z    -2.5200001924     0.0058739959
  152X    19.1710014640     0.0077054752
  152Y    14.6330011174    -0.0061467291
  152Z    -3.0800002352     0.0016329233
  153X    19.3830014802     0.0049060105
  153Y    15.9540012183    -0.0001059223
  153Z    -4.2330003232    -0.0050486747
  154X    15.5200011852    -0.0058955233
  154Y    14.9200011393    -0.0022773865
  154Z    -2.4580001877     0.0006277818
  155X    17.0070012987    -0.0000949347
  155Y    14.0240010709    -0.0083440551
  155Z    -2.1200001619     0.0052936154
  156X    16.7840012817    -0.0008013676
  156Y    15.6580011957     0.0023223845
  156Z    -1.4560001112     0.0081167790
  157X    17.3550013253     0.0029581773
  157Y    16.5750012657     0.0016627416
  157Z    -6.4220004904     0.0138771546
  158X    19.2590014707    -0.0223496193
  158Y    18.6700014257    -0.0009060780
  158Z    -6.6590005085     0.0045835183
  159X    19.3250014757    -0.0008541874
  159Y    16.5100012608    -0.0095204664
  159Z    -8.0740006166     0.0029215880
  160X    17.9400013700     0.0002781864
  160Y    17.1120013067    -0.0032152839
  160Z    -8.9970006870    -0.0055574629
  161X    16.1220012311     0.0204378306
  161Y    18.7990014356    -0.0095655226
  161Z    -7.3870005641     0.0034123774
  162X    15.7920012059    -0.0035310811
  162Y    21.4440016375    -0.0137216776
  162Z    -8.4700006468     0.0055438219
  163X    11.5560008825    -0.0037508735
  163Y    20.2090015432    -0.0154862926
  163Z    -8.1160006198    -0.0030472535
  164X    11.2880008620    -0.0065973169
  164Y    23.8370018203     0.0159537858
  164Z    -5.8760004487     0.0128704034
  165X    10.3500007904     0.0141773091
  165Y    22.3800017090     0.0069700106
  165Z    -7.8070005962    -0.0108901232
  166X    13.8330010563    -0.0010454092
  166Y    22.9480017524    -0.0101340059
  166Z    -5.9870004572    -0.0126759425
  167X    13.9640010663     0.0008187786
  167Y    19.8040015123    -0.0073291732
  167Z    -8.2300006285    -0.0046743868
  168X    14.3100010928    -0.0060228592
  168Y    19.7470015080     0.0085314065
  168Z    -6.5140004974     0.0118967530
  169X    16.6390012706     0.0056427600
  169Y    20.4460015613    -0.0185687988
  169Z    -5.3250004066    -0.0308504313
  170X    16.0610012265    -0.0026515580
  170Y    23.2770017775     0.0083280615
  170Z    -4.1720003186     0.0084674923
  171X    16.1600012340     0.0048699027
  171Y    20.6680015783    -0.0046572885
  171Z    -2.6010001986     0.0034616882
  172X    16.0850012283    -0.0003139464
  172Y    22.2440016986    -0.0013764657
  172Z    -1.8410001406     0.0078550556
  173X    13.9770010673    -0.0012160161
  173Y    21.1990016188    -0.0048455319
  173Z    -3.8140002913    -0.0075983124
  174X    14.0090010698     0.0014335528
  174Y    19.8550015162    -0.0066890183
  174Z    -1.7060001303     0.0014393160
  175X    13.8530010579     0.0007863450
  175Y    21.3340016291    -0.0001272117
  175Z    -0.7290000557     0.0053347723
  176X    12.5320009570    -0.0065597211
  176Y    20.8260015904    -0.0024905241
  176Z    -1.8110001383     0.0004368193
  177X    13.8840010602     0.0005351713
  177Y    23.6670018073     0.0046787063
  177Z    -1.9190001465     0.0038184914
  178X    13.9760010673     0.0014540228
  178Y    23.7500018136     0.0020962970
  178Z    -3.6870002816    -0.0048373221
  179X    12.5300009568    -0.0070326102
  179Y    23.0890017632     0.0026325039
  179Z    -2.9160002227    -0.0007709828
  180X    18.7370014308    -0.0017027623
  180Y    20.8660015934    -0.0125114277
  180Z    -3.8610002948     0.0121033781
  181X    20.9340015986    -0.0032490192
  181Y    22.4220017122    -0.0045466988
  181Z    -3.3570002564     0.0004698431
  182X    20.1420015381    -0.0009090245
  182Y    20.5450015689    -0.0058252883
  182Z    -5.6880004344    -0.0110386902
  183X    21.7130016581    -0.0145501524
  183Y    21.1690016165    -0.0005143043
  183Z    -5.5150004211     0.0052238694
  184X    22.1180016890     0.0040637529
  184Y    20.0500015311     0.0034317510
  184Z    -3.3420002552     0.0030000067
  185X    20.4330015603    -0.0043359392
  185Y    19.5380014920     0.0044797339
  185Z    -3.2930002515    -0.0002846545
  186X    22.1100016884    -0.0026690114
  186Y    16.6180012690     0.0073857063
  186Z    -4.2410003239     0.0130322306
  187X    18.9600014479    -0.0032957015
  187Y    23.0460017599    -0.0084106360
  187Z    -6.1470004694     0.0155352952
  188X    20.2700015479     0.0012548622
  188Y    25.7070019631     0.0103003318
  188Z    -6.5170004977    -0.0057895152
  189X    22.3910017099    -0.0076176334
  189Y    22.3750017086    -0.0139782911
  189Z    -8.0640006158    -0.0021219944
  190X    25.0900019160     0.0182147543
  190Y    25.6200019564     0.0148663703
  190Z    -7.3080005581     0.0048677324
  191X    24.7680018914     0.0039657214
  191Y    23.0400017594    -0.0056561599
  191Z    -7.3340005601     0.0050326102
  192X    22.6390017288    -0.0052739957
  192Y    26.6260020333     0.0035545813
  192Z    -7.7820005943     0.0026341919
  193X    20.1640015398    -0.0063238565
  193Y    23.6860018088    -0.0049324620
  193Z    -8.7730006699     0.0009030273
  194X    20.3510015541    -0.0009480621
  194Y    25.4260019416     0.0045267963
  194Z    -9.0360006900    -0.0043281465
  195X    18.0360013773    -0.0003428179
  195Y    25.4460019432    -0.0094449974
  195Z    -5.3950004120    -0.0202871954
  196X    15.7960012062     0.0146109273
  196Y    25.4120019406     0.0033831210
  196Z    -6.7070005122     0.0020918928
  197X    16.1910012364    -0.0025311099
  197Y    25.5990019548    -0.0018822780
  197Z    -4.1420003163     0.0084944244
  198X    16.0820012281     0.0010340529
  198Y    27.3460020882     0.0037968698
  198Z    -4.3460003319     0.0050326578
  199X    14.0160010703    -0.0000102161
  199Y    26.8670020517     0.0014411053
  199Z    -4.0590003100     0.0030869684
  200X    17.5880013431    -0.0151016214
  200Y    27.9670021357    -0.0236862200
  200Z    -6.8780005252     0.0145987733
  201X    16.1010012295    -0.0068388222
  201Y    29.9530022873     0.0067347420
  201Z    -8.5590006536     0.0030980792
  202X    18.2190013913    -0.0010276118
  202Y    30.7280023465     0.0032640575
  202Z    -9.2820007088    -0.0025954069
  203X    18.3320013999     0.0011901803
  203Y    30.4630023263     0.0036535724
  203Z    -7.5510005766     0.0017796526
  204X    21.3240016284     0.0065581763
  204Y    29.0440022179    -0.0120888913
  204Z    -9.6010007332     0.0066703012
  205X    20.2140015436    -0.0178433297
  205Y    30.4320023239     0.0126519139
  205Z   -10.0570007680     0.0002424560
  206X    17.5880013431    -0.0005547305
  206Y    26.8930020537     0.0116658982
  206Z    -9.1950007022     0.0227791232
  207X    16.9990012981     0.0048933135
  207Y    27.1010020695    -0.0015322812
  207Z   -12.1770009299    -0.0077315848
  208X    18.5330014153    -0.0013918658
  208Y    24.8720018993    -0.0061236625
  208Z   -10.7720008226     0.0021277587
  209X    18.2840013962     0.0025827803
  209Y    25.0240019109    -0.0060211609
  209Z   -12.4970009543    -0.0044623097
  210X    19.9430015229     0.0016976734
  210Y    26.9700020595     0.0030250590
  210Z   -10.7820008234     0.0045091674
  211X    20.9780016020     0.0006549984
  211Y    24.6710018840    -0.0037557404
  211Z   -11.1700008530     0.0037626986
  212X    20.8240015902     0.0003846897
  212Y    24.9210019031    -0.0036852406
  212Z   -12.9210009867    -0.0051403385
  213X    21.8900016716     0.0049887517
  213Y    25.9770019837     0.0023396578
  213Z   -11.9600009133     0.0006201383
  214X    19.5020014892    -0.0013647246
  214Y    26.9780020601    -0.0005902906
  214Z   -13.8470010574    -0.0067499914
  215X    18.9700014486    -0.0034361062
  215Y    28.2290021557     0.0059156912
  215Z   -12.7010009699     0.0006918070
  216X    20.6960015804     0.0036341674
  216Y    27.9710021360     0.0050945034
  216Z   -12.9780009910    -0.0018612315
  217X    15.3800011745     0.0213505706
  217Y    25.8540019743     0.0021190806
  217Z    -9.4980007253     0.0055952445
  218X    13.4610010279    -0.0136486486
  218Y    24.4470018669    -0.0082676113
  218Z   -11.4370008734    -0.0049838933
  219X    14.0200010706    -0.0091754744
  219Y    23.2240017735    -0.0059722876
  219Z    -9.1930007020     0.0036232303
  220X    13.2150010091     0.0160340320
  220Y    24.5520018749     0.0027579774
  220Z    -8.3990006414     0.0077865242
----------------------------------------

 @ End Gradient Calculation

  Skipping one-electron property calculation.

 @ Output Timing Information

------------- TIMING ---------------
| INITIAL GUESS TIME  =    13.482132000(  0.21%)
| DFT GRID OPERATIONS =     1.518443000(  0.02%)
| TOTAL SCF TIME      =  6264.244545000( 96.22%)
|       TOTAL OP TIME      =  6231.385757000( 95.71%)
|             TOTAL 1e TIME      =     1.204886000(  0.02%)
|             TOTAL 2e TIME      =  6030.327208000( 92.62%)
|             TOTAL EXC TIME     =   194.703927000(  2.99%)
|       TOTAL DII TIME      =    31.762852000(  0.49%)
|             TOTAL DIAG TIME    =     5.035480000(  0.08%)
| TOTAL GRADIENT TIME      =   230.026897000(  3.53%)
|       TOTAL 1e GRADIENT TIME      =    10.487195000( 0.17%)
|       TOTAL 2e GRADIENT TIME      =   212.307193000( 3.26%)
|       TOTAL EXC GRADIENT TIME     =     6.389666000(  0.10%)
| TOTAL TIME          =  6510.483494000
------------------------------------
| Job cpu time:  0 days  1 hours 48 minutes 30.5 seconds.

 @ Finish Output Timing Information

| Normal Termination. Task Finished on: Wed Jul  1 04:05:02 2026
