| *********************************************************************************************************
| **                                                                                                     **
| **           888888888888                                                                              **
| **         8888888888888888                                                                            **
| **      888888888888888888                                                                             **
| **     888888888888888888                                                                              **
| **    888888888888888                                                                                  **
| **   88888888888888888888                               88888                       8888:              **
| **   8888888888888888888888Z                            88888                       8888:              **
| **   888888888888888888888888?                          88888                       8888:              **
| **   8888888888888      8888888                                        888888       8888:              **
| **    88888888888         888888     8888:     88888    88888        888888888I     8888:    888888    **
| **    8888888888           88888:    8888:     88888    88888      $888888888888    8888:   888888     **
| **    I8Z 88888             88888    8888:     88888    88888    .888888     8888   8888: 888888       **
| **    .8Z 88888             88888    8888:     88888    88888    $88888             8888:88888         **
| **     8I 88888      .=88. .88888    8888:     88888    88888    88888              8888888888         **
| **    :8  88888      888888$8888$    8888:     88888    88888    8888O              88888888888        **
| **   ,7   +88888.     8888888888.    8888:     88888    88888    888888             88888O888888       **
| **         $888888:.   .8888888      88888....888888    88888     888888     8888   8888:  888888      **
| **          I8888888888888888888     888888888888888    88888     O888888888888O    8888:   888888     **
| **            O888888888888888888     88888888888888    88888       88888888888$    8888:    888888    **
| **               8888888Z     888      .8888I  88888    88888         8888888       8888:     888888   **
| **                                                                                                     **
| **                                                                                                     **
| **                                         Copyright (c) 2026                                          **
| **                          Regents of the University of California San Diego                          **
| **                                    & Michigan State University                                      **
| **                                        All Rights Reserved.                                         **
| **                                                                                                     **
| **             This software is subject to the terms of the Mozilla Public License, v. 2.0.            **
| **                                                                                                     **
| *********************************************************************************************************
|                                                                                                          
| Cite this work as:                                                                                       
| Manathunga, M.; O'Hearn, K. A.; Shajan, A.; Smith, J.; Miao, Y.; He, X.; Ayers, K.;                      
| Brothers, E.; Palos, E.; Tripathy, V.; Goetz, A.W.; Merz, K.M. QUICK-26.03.                              
| University of California,San Diego, CA and                                                               
| Michigan State University, East Lansing, MI, 2026                                                        
|                                                                                                          
| If you have any comments or queries, please reach out to us on GitHub issues or discussion sections:     
| https://github.com/merzlab/QUICK.                                                                        
|                                                                                                          
| TASK STARTS ON: Wed Jul  1 04:40:36 2026
| INPUT FILE :    buckyball.in
| OUTPUT FILE:    buckyball.out
| BASIS SET PATH: /projects/bdit/vtripathy/QUICK/install/basis

|------------ GPU INFORMATION ---------------
| CUDA ENABLED DEVICE         :        1
| CUDA DEVICE IN USE          :        0
| CUDA DEVICE NAME            : NVIDIA A100-SXM4-40GB
| CUDA DEVICE PM              :      108
| CUDA DEVICE CORE FREQ(GHZ)  :     1.41
| CUDA DEVICE MEMORY SIZE (MB):    40442
| SUPPORTING CUDA VERSION     :      8.0
|--------------------------------------------

 @ Read Job And Atom

  KEYWORD=DFT B3LYP BASIS=6-31G** CUTOFF=1.0E-7 DENSERMS=1.0E-6 GRADIENT
 ============== JOB CARD =============
 METHOD = DENSITY FUNCTIONAL THEORY
 DENSITY FUNCTIONAL = B3LYP
 DIRECT SCF 
 SAD INITAL GUESS 
 USE DIIS SCF
 PRINT ENERGY EVERY CYCLE
 READ SAD GUESS FROM FILE
 STANDARD GRID = SG1
 Level shifting allowed after cycle    3
 DIIS error must exceed 0.100 for level shifting
 Max HOMO-LUMO gap to allow level shifting = 0.200
 GRADIENT CALCULATION
 MAX SCF CYCLES =    200
 MAX DIIS CYCLES =   10
 DELTA DENSITY START CYCLE =    3
 COMPUTATIONAL CUTOFF: 
      TWO-e INTEGRAL         =  0.100E-06
      BASIS SET PRIME        =  0.100E-07
      MATRIX ELEMENTS        =  0.100E-09
      BASIS FUNCTION         =  0.100E-05
      NEAR-LINEAR DEPENDENCY =  0.100E-04
      GRADIENT CUTOFF  =  0.100E-06
 DENSITY MATRIX MAXIMUM RMS FOR CONVERGENCE  =  0.100E-05
 BASIS SET = 6-31G**,  TYPE = CARTESIAN
| BASIS FILE = /projects/bdit/vtripathy/QUICK/install/basis/6-31GDP.BAS
| DATA FILE  =    buckyball.dat

 @ Finish reading job


 @ Begin SAD initial guess

 For Atom Kind =    1
 ELEMENT = C 
 BASIS FUNCTIONS =   15

 @ Finish SAD initial guess


 @ Begin Reading Molecular Information


 =========== Molecule Input ==========
 TOTAL MOLECULAR CHARGE  =    0    MULTIPLICITY                =    1
 TOTAL ATOM NUMBER       =   60    NUMBER OF ATOM TYPES        =    1
 NUMBER OF HYDROGEN ATOM =    0    NUMBER OF NON-HYDROGEN ATOM =   60
 NUMBER OF ELECTRONS     =  360

 -- INPUT GEOMETRY -- :
    C           2.1665       0.5906       2.5874
    C           3.0378       0.1766       1.5918
    C           1.2786      -0.3098       3.1679
    C           3.0118      -1.1434       1.1654
    C           3.1034      -1.4335      -0.1930
    C           3.1503       1.2106       0.6682
    C           3.2428       0.9149      -0.6859
    C           3.2192      -0.4023      -1.1207
    C          -0.4393       1.3527       3.1271
    C           0.4363       2.2618       2.5542
    C          -0.0296       0.0633       3.4379
    C           1.7442       1.8790       2.2830
    C           2.3519       2.2676       1.0990
    C          -0.2633       3.0268       1.6326
    C           0.3374       3.4054       0.4373
    C           1.6516       3.0278       0.1707
    C          -2.0903      -0.8225       2.5955
    C          -2.5111       0.4664       2.2854
    C          -0.8449      -1.0252       3.1738
    C          -1.6874       1.5533       2.5512
    C          -1.5843       2.5858       1.6319
    C          -3.2314       0.4061       1.1007
    C          -3.1227       1.4410       0.1746
    C          -2.2947       2.5291       0.4399
    C          -0.4908      -2.9133       1.7365
    C          -1.7430      -2.7124       1.1637
    C          -0.0393      -2.0684       2.7453
    C          -2.5486      -1.6650       1.5942
    C          -3.2602      -0.9141       0.6701
    C          -1.6543      -3.0061      -0.1897
    C          -2.3542      -2.2439      -1.1170
    C          -3.1643      -1.1949      -0.6878
    C           2.1364      -2.0553       1.7358
    C           1.6895      -2.9009       0.7293
    C           1.2785      -1.6366       2.7435
    C           0.3678      -3.3327       0.7302
    C          -0.3440      -3.3904      -0.4594
    C           2.2889      -2.5250      -0.4640
    C           1.5790      -2.5718      -1.6580
    C           0.2560      -3.0054      -1.6531
    C          -2.1828      -0.5783      -2.5979
    C          -1.7480      -1.8694      -2.3083
    C          -0.4385      -2.2469      -2.5845
    C          -1.2815       0.3189      -3.1671
    C          -2.1526       2.0545      -1.7378
    C          -3.0485       1.1535      -1.1811
    C          -3.0656      -0.1629      -1.6107
    C          -1.2661       1.6407      -2.7271
    C           0.5039       2.9361      -1.7418
    C          -0.3788       3.3561      -0.7513
    C          -1.6943       2.9186      -0.7491
    C           0.0521       2.0730      -2.7355
    C           2.0976       0.8340      -2.6051
    C           2.5517       1.6923      -1.6107
    C           1.7589       2.7452      -1.1824
    C           0.8420       1.0206      -3.1786
    C           0.4461      -1.3495      -3.1661
    C           1.6983      -1.5485      -2.5908
    C           2.5184      -0.4623      -2.3171
    C           0.0218      -0.0645      -3.4585

============== BASIS INFOS ==============
 BASIS FUNCTIONS =  900
 NSHELL =  240 NPRIM  = 1680
 JSHELL =  240 JBASIS =  660


 @ End Reading Molecular Information 


 @ Begin XC Quadrature Formation

 OCTAGO: OCTree Algorithm for Grid Operations 
   PRUNING CUTOFF       = 0.100E-06
   INITIAL GRID POINTS  =      228960
|   FINAL GRID POINTS    =      139836
|   SIGNIFICANT NUMBER OF BASIS FUNCTIONS     =      425462
|   SIGNIFICANT NUMBER OF PRIMITIVE FUNCTIONS =      466571

 @ End XC Quadrature Formation


 @ Begin Energy Calculation

| condition number of overlap matrix:    4.745E+04
| Smallest eigenvalue of overlap matrix:    2.004E-04

                                         SCF ENERGY
| ------------------------------------------------------------------------------------------------------------------------
| NCYC       ENERGY         DELTA_E      SCF_TIME  DII_CYC   DII_TIME   O_TIME  DIAG_TIME    MAX_ERR    RMS_CHG    MAX_CHG
| ------------------------------------------------------------------------------------------------------------------------
|  1  -2312.872570023      ------        12.912     1        0.05     12.85      0.02    0.2572E+01  0.1358E-01  0.4537E+00
|  2  -2284.949986302  -.279226E+02      36.400     2        0.06     36.34      0.02    0.1069E+00  0.8083E-02  0.3188E+00
|  3  -2281.134672574  -.381531E+01      35.075     3        0.07     35.01      0.02    0.2644E+00  0.4911E-02  0.2004E+00
|   ***  Level shifting applied  ( HOMO-LUMO gap =  0.010 au ) ***
|  4  -2285.611830389  0.447716E+01      33.074     4        0.06     33.01      0.02    0.6606E-01  0.2489E-02  0.9072E-01
|  5  -2285.950387030  0.338557E+00      30.453     5        0.06     30.39      0.02    0.2419E-01  0.6195E-03  0.1942E-01
|  6  -2285.971795891  0.214089E-01      25.678     6        0.06     25.62      0.02    0.1285E-01  0.3719E-03  0.1726E-01
|  7  -2285.976616647  0.482076E-02      24.015     7        0.06     23.96      0.02    0.8409E-02  0.1730E-03  0.8723E-02
|  8  -2285.978792672  0.217602E-02      21.898     8        0.06     21.83      0.02    0.4235E-02  0.6388E-04  0.3490E-02
|  9  -2285.979206089  0.413418E-03      19.183     9        0.06     19.12      0.02    0.6086E-03  0.2242E-04  0.5184E-03
| 10  -2285.979058812  -.147277E-03      16.602    10        0.06     16.54      0.02    0.3958E-03  0.1707E-04  0.5837E-03
| 11  -2285.978934394  -.124418E-03      15.656     1        0.07     15.59      0.02    0.1642E-03  0.1345E-04  0.3062E-03
| 12  -2285.978693944  -.240450E-03      14.601     2        0.07     14.53      0.02    0.6272E-04  0.3985E-05  0.9769E-04
| -------------- 2E-INT CUTOFF CHANGE TO 0.1000E-08 ------------
| 13  -2285.978693101  -.842714E-06      22.719     3        0.07     22.64      0.02    0.6471E-04  0.2840E-04  0.7345E-03
| 14  -2285.978692038  -.106260E-05      29.279     4        0.07     29.21      0.02    0.1263E-03  0.6890E-04  0.1873E-02
| 15  -2285.978689196  -.284198E-05      32.415     5        0.07     32.34      0.02    0.3272E-04  0.1942E-04  0.4584E-03
| 16  -2285.978691017  0.182028E-05      27.895     6        0.07     27.82      0.02    0.2675E-04  0.6813E-05  0.1614E-03
| 17  -2285.978690795  -.221664E-06      24.378     7        0.07     24.30      0.02    0.9090E-05  0.7131E-05  0.1637E-03
| 18  -2285.978690547  -.247763E-06      24.480     8        0.07     24.41      0.02    0.4492E-05  0.3231E-05  0.8114E-04
| 19  -2285.978689646  -.901147E-06      22.140     9        0.07     22.06      0.02    0.4327E-05  0.2669E-05  0.6388E-04
| 20  -2285.978688435  -.121093E-05      21.517    10        0.07     21.44      0.02    0.2866E-05  0.1917E-05  0.4758E-04
| 21  -2285.978686643  -.179179E-05      20.659     1        0.07     20.59      0.02    0.2181E-05  0.2485E-05  0.6155E-04
| 22  -2285.978685599  -.104434E-05      21.471     2        0.07     21.40      0.02    0.3304E-05  0.2421E-06  0.7140E-05
| ------------------------------------------------------------------------------------------------------------------------
| REACH CONVERGENCE AFTER  22 CYCLES
| MAX ERROR = 0.330372E-05   RMS CHANGE = 0.242107E-06   MAX CHANGE = 0.714044E-05
| -----------------------------------------------
 ALPHA ELECTRON DENSITY    =   180.0013150988
 BETA ELECTRON DENSITY     =   180.0013150988
 ELECTRONIC ENERGY    = -10874.047623586
 CORE_CORE REPULSION  =   8588.068937987
 TOTAL ENERGY         =  -2285.978685599

 @ End Energy calculation


 @ Begin Gradient Calculation

 ANALYTICAL GRADIENT: 
----------------------------------------
 COORDINATE    XYZ            GRADIENT
----------------------------------------
    1X     2.1665001654     0.0098559971
    1Y     0.5906000451     0.0202560798
    1Z     2.5874001976    -0.0483268938
    2X     3.0378002320    -0.0289188539
    2Y     0.1766000135     0.0388991404
    2Z     1.5918001216    -0.0019540592
    3X     1.2786000976    -0.0485732550
    3Y    -0.3098000237    -0.0216940426
    3Z     3.1679002419    -0.0114613032
    4X     3.0118002300    -0.0341899582
    4Y    -1.1434000873    -0.0291536153
    4Z     1.1654000890    -0.0196060923
    5X     3.1034002370    -0.0374026344
    5Y    -1.4335001095    -0.0209479077
    5Z    -0.1930000147     0.0319150458
    6X     3.1503002406    -0.0344564775
    6Y     1.2106000924    -0.0023144614
    6Z     0.6682000510     0.0360577569
    7X     3.2428002476    -0.0292793937
    7Y     0.9149000699    -0.0231781929
    7Z    -0.6859000524    -0.0353816407
    8X     3.2192002458    -0.0303764965
    8Y    -0.4023000307     0.0418378415
    8Z    -1.1207000856    -0.0222734256
    9X    -0.4393000335    -0.0020817141
    9Y     1.3527001033     0.0269422476
    9Z     3.1271002388    -0.0414643962
   10X     0.4363000333    -0.0514204922
   10Y     2.2618001727    -0.0100687037
   10Z     2.5542001950    -0.0175521288
   11X    -0.0296000023     0.0076025968
   11Y     0.0633000048    -0.0444194456
   11Z     3.4379002625    -0.0252838400
   12X     1.7442001332     0.0243752226
   12Y     1.8790001435    -0.0308090751
   12Z     2.2830001743    -0.0339584278
   13X     2.3519001796    -0.0046211289
   13Y     2.2676001732    -0.0432657054
   13Z     1.0990000839     0.0205305705
   14X    -0.2633000201    -0.0118255804
   14Y     3.0268002311    -0.0417958357
   14Z     1.6326001247     0.0230926178
   15X     0.3374000258     0.0130349223
   15Y     3.4054002600    -0.0223265708
   15Z     0.4373000334    -0.0442636591
   16X     1.6516001261    -0.0371946897
   16Y     3.0278002312    -0.0087159320
   16Z     0.1707000130    -0.0356233867
   17X    -2.0903001596    -0.0156949493
   17Y    -0.8225000628     0.0105796416
   17Z     2.5955001982    -0.0440509780
   18X    -2.5111001918    -0.0012123440
   18Y     0.4664000356    -0.0372224792
   18Z     2.2854001745    -0.0336759318
   19X    -0.8449000645     0.0508952002
   19Y    -1.0252000783     0.0032160417
   19Z     3.1738002424    -0.0140340152
   20X    -1.6874001289     0.0456939053
   20Y     1.5533001186     0.0207983958
   20Z     2.5512001948    -0.0189369241
   21X    -1.5843001210     0.0351805972
   21Y     2.5858001975    -0.0263012913
   21Z     1.6319001246     0.0226350713
   22X    -3.2314002468     0.0297967958
   22Y     0.4061000310    -0.0421044106
   22Z     1.1007000841     0.0211708627
   23X    -3.1227002385     0.0360433531
   23Y     1.4410001100     0.0183071533
   23Z     0.1746000133    -0.0357526192
   24X    -2.2947001752     0.0035938437
   24Y     2.5291001931    -0.0255824331
   24Z     0.4399000336    -0.0441033987
   25X    -0.4908000375    -0.0052091072
   25Y    -2.9133002225     0.0033507537
   25Z     1.7365001326    -0.0485756800
   26X    -1.7430001331     0.0434025648
   26Y    -2.7124002071    -0.0057111219
   26Z     1.1637000889    -0.0279268543
   27X    -0.0393000030     0.0169346906
   27Y    -2.0684001580     0.0533579335
   27Z     2.7453002096     0.0070277685
   28X    -2.5486001946    -0.0025837072
   28Y    -1.6650001271     0.0562980227
   28Z     1.5942001217    -0.0025090784
   29X    -3.2602002490     0.0291104056
   29Y    -0.9141000698     0.0140427207
   29Z     0.6701000512     0.0356681713
   30X    -1.6543001263     0.0359148202
   30Y    -3.0061002296     0.0070293236
   30Z    -0.1897000145     0.0328743992
   31X    -2.3542001798     0.0032186944
   31Y    -2.2439001714     0.0471513711
   31Z    -1.1170000853    -0.0196997924
   32X    -3.1643002416     0.0339924303
   32Y    -1.1949000912     0.0078317267
   32Z    -0.6878000525    -0.0372292458
   33X     2.1364001631     0.0027616603
   33Y    -2.0553001570     0.0052199212
   33Z     1.7358001326    -0.0491370688
   34X     1.6895001290     0.0291940269
   34Y    -2.9009002215     0.0465455685
   34Z     0.7293000557    -0.0087459403
   35X     1.2785000976    -0.0367030582
   35Y    -1.6366001250     0.0268617969
   35Z     2.7435002095     0.0019608162
   36X     0.3678000281    -0.0492866359
   36Y    -3.3327002545     0.0199056853
   36Z     0.7302000558    -0.0084205737
   37X    -0.3440000263    -0.0119790947
   37Y    -3.3904002589     0.0199316883
   37Z    -0.4594000351     0.0435630272
   38X     2.2889001748    -0.0034116936
   38Y    -2.5250001928     0.0229399516
   38Z    -0.4640000354     0.0419544342
   39X     1.5790001206    -0.0362581548
   39Y    -2.5718001964     0.0267932894
   39Z    -1.6580001266    -0.0221221105
   40X     0.2560000195     0.0110801751
   40Y    -3.0054002295     0.0422275884
   40Z    -1.6531001262    -0.0206734212
   41X    -2.1828001667    -0.0146795287
   41Y    -0.5783000442    -0.0214584943
   41Z    -2.5979001984     0.0526414696
   42X    -1.7480001335    -0.0192533499
   42Y    -1.8694001428     0.0252558104
   42Z    -2.3083001763     0.0305936791
   43X    -0.4385000335     0.0503465323
   43Y    -2.2469001716     0.0131503003
   43Z    -2.5845001974     0.0147382926
   44X    -1.2815000979     0.0480665190
   44Y     0.3189000244     0.0226541180
   44Z    -3.1671002419     0.0117536159
   45X    -2.1526001644    -0.0131118841
   45Y     2.0545001569    -0.0117103111
   45Z    -1.7378001327     0.0565707805
   46X    -3.0485002328     0.0283725580
   46Y     1.1535000881     0.0246924184
   46Z    -1.1811000902     0.0217568647
   47X    -3.0656002341     0.0273644460
   47Y    -0.1629000124    -0.0339384001
   47Z    -1.6107001230     0.0032776403
   48X    -1.2661000967     0.0434318317
   48Y     1.6407001253    -0.0245195091
   48Z    -2.7271002083    -0.0013127576
   49X     0.5039000385     0.0141791671
   49Y     2.9361002242    -0.0009161497
   49Z    -1.7418001330     0.0562344895
   50X    -0.3788000289     0.0371358816
   50Y     3.3561002563    -0.0190487992
   50Z    -0.7513000574     0.0072596640
   51X    -1.6943001294    -0.0185829487
   51Y     2.9186002229    -0.0381157894
   51Z    -0.7491000572     0.0077887751
   52X     0.0521000040    -0.0127440469
   52Y     2.0730001583    -0.0497835330
   52Z    -2.7355002089    -0.0046230904
   53X     2.0976001602     0.0235711438
   53Y     0.8340000637    -0.0107153281
   53Z    -2.6051001989     0.0514367692
   54X     2.5517001949    -0.0028979647
   54Y     1.6923001292    -0.0410297462
   54Z    -1.6107001230     0.0035367391
   55X     1.7589001343    -0.0388029381
   55Y     2.7452002096     0.0038766004
   55Z    -1.1824000903     0.0235946865
   56X     0.8420000643    -0.0551154066
   56Y     1.0206000779    -0.0091756784
   56Z    -3.1786002427     0.0112219289
   57X     0.4461000341     0.0061408608
   57Y    -1.3495001031    -0.0248585868
   57Z    -3.1661002418     0.0391179027
   58X     1.6983001297    -0.0410115830
   58Y    -1.5485001182    -0.0167409012
   58Z    -2.5908001978     0.0164527800
   59X     2.5184001923    -0.0008988049
   59Y    -0.4623000353     0.0316096181
   59Z    -2.3171001769     0.0289323286
   60X     0.0218000017    -0.0105129674
   60Y    -0.0645000049     0.0360597018
   60Z    -3.4585002641     0.0233197857
----------------------------------------

 @ End Gradient Calculation

  Skipping one-electron property calculation.

 @ Output Timing Information

------------- TIMING ---------------
| INITIAL GUESS TIME  =     2.073004000(  0.34%)
| DFT GRID OPERATIONS =     0.271901000(  0.04%)
| TOTAL SCF TIME      =   532.878034000( 86.52%)
|       TOTAL OP TIME      =   531.370429000( 86.27%)
|             TOTAL 1e TIME      =     0.379985000(  0.06%)
|             TOTAL 2e TIME      =   494.391389000( 80.27%)
|             TOTAL EXC TIME     =    36.032575000(  5.85%)
|       TOTAL DII TIME      =     1.468144000(  0.24%)
|             TOTAL DIAG TIME    =     0.353985000(  0.06%)
| TOTAL GRADIENT TIME      =    80.238591000( 13.03%)
|       TOTAL 1e GRADIENT TIME      =     3.501020000( 0.58%)
|       TOTAL 2e GRADIENT TIME      =    73.689999000(11.96%)
|       TOTAL EXC GRADIENT TIME     =     2.974677000(  0.48%)
| TOTAL TIME          =   615.928853000
------------------------------------
| Job cpu time:  0 days  0 hours 10 minutes 15.9 seconds.

 @ Finish Output Timing Information

| Normal Termination. Task Finished on: Wed Jul  1 04:50:52 2026
