| *********************************************************************************************************
| **                                                                                                     **
| **           888888888888                                                                              **
| **         8888888888888888                                                                            **
| **      888888888888888888                                                                             **
| **     888888888888888888                                                                              **
| **    888888888888888                                                                                  **
| **   88888888888888888888                               88888                       8888:              **
| **   8888888888888888888888Z                            88888                       8888:              **
| **   888888888888888888888888?                          88888                       8888:              **
| **   8888888888888      8888888                                        888888       8888:              **
| **    88888888888         888888     8888:     88888    88888        888888888I     8888:    888888    **
| **    8888888888           88888:    8888:     88888    88888      $888888888888    8888:   888888     **
| **    I8Z 88888             88888    8888:     88888    88888    .888888     8888   8888: 888888       **
| **    .8Z 88888             88888    8888:     88888    88888    $88888             8888:88888         **
| **     8I 88888      .=88. .88888    8888:     88888    88888    88888              8888888888         **
| **    :8  88888      888888$8888$    8888:     88888    88888    8888O              88888888888        **
| **   ,7   +88888.     8888888888.    8888:     88888    88888    888888             88888O888888       **
| **         $888888:.   .8888888      88888....888888    88888     888888     8888   8888:  888888      **
| **          I8888888888888888888     888888888888888    88888     O888888888888O    8888:   888888     **
| **            O888888888888888888     88888888888888    88888       88888888888$    8888:    888888    **
| **               8888888Z     888      .8888I  88888    88888         8888888       8888:     888888   **
| **                                                                                                     **
| **                                                                                                     **
| **                                         Copyright (c) 2026                                          **
| **                          Regents of the University of California San Diego                          **
| **                                    & Michigan State University                                      **
| **                                        All Rights Reserved.                                         **
| **                                                                                                     **
| **             This software is subject to the terms of the Mozilla Public License, v. 2.0.            **
| **                                                                                                     **
| *********************************************************************************************************
|                                                                                                          
| Cite this work as:                                                                                       
| Manathunga, M.; O'Hearn, K. A.; Shajan, A.; Smith, J.; Miao, Y.; He, X.; Ayers, K.;                      
| Brothers, E.; Palos, E.; Tripathy, V.; Goetz, A.W.; Merz, K.M. QUICK-26.03.                              
| University of California,San Diego, CA and                                                               
| Michigan State University, East Lansing, MI, 2026                                                        
|                                                                                                          
| If you have any comments or queries, please reach out to us on GitHub issues or discussion sections:     
| https://github.com/merzlab/QUICK.                                                                        
|                                                                                                          
| TASK STARTS ON: Wed Jul  1 04:50:53 2026
| INPUT FILE :    morphine.in
| OUTPUT FILE:    morphine.out
| BASIS SET PATH: /projects/bdit/vtripathy/QUICK/install/basis

|------------ GPU INFORMATION ---------------
| CUDA ENABLED DEVICE         :        1
| CUDA DEVICE IN USE          :        0
| CUDA DEVICE NAME            : NVIDIA A100-SXM4-40GB
| CUDA DEVICE PM              :      108
| CUDA DEVICE CORE FREQ(GHZ)  :     1.41
| CUDA DEVICE MEMORY SIZE (MB):    40442
| SUPPORTING CUDA VERSION     :      8.0
|--------------------------------------------

 @ Read Job And Atom

  KEYWORD=DFT B3LYP BASIS=6-31G** CUTOFF=1.0E-7 DENSERMS=1.0E-6 GRADIENT
 ============== JOB CARD =============
 METHOD = DENSITY FUNCTIONAL THEORY
 DENSITY FUNCTIONAL = B3LYP
 DIRECT SCF 
 SAD INITAL GUESS 
 USE DIIS SCF
 PRINT ENERGY EVERY CYCLE
 READ SAD GUESS FROM FILE
 STANDARD GRID = SG1
 Level shifting allowed after cycle    3
 DIIS error must exceed 0.100 for level shifting
 Max HOMO-LUMO gap to allow level shifting = 0.200
 GRADIENT CALCULATION
 MAX SCF CYCLES =    200
 MAX DIIS CYCLES =   10
 DELTA DENSITY START CYCLE =    3
 COMPUTATIONAL CUTOFF: 
      TWO-e INTEGRAL         =  0.100E-06
      BASIS SET PRIME        =  0.100E-07
      MATRIX ELEMENTS        =  0.100E-09
      BASIS FUNCTION         =  0.100E-05
      NEAR-LINEAR DEPENDENCY =  0.100E-04
      GRADIENT CUTOFF  =  0.100E-06
 DENSITY MATRIX MAXIMUM RMS FOR CONVERGENCE  =  0.100E-05
 BASIS SET = 6-31G**,  TYPE = CARTESIAN
| BASIS FILE = /projects/bdit/vtripathy/QUICK/install/basis/6-31GDP.BAS
| DATA FILE  =    morphine.dat

 @ Finish reading job


 @ Begin SAD initial guess

 For Atom Kind =    1
 ELEMENT = O 
 BASIS FUNCTIONS =   15
 For Atom Kind =    2
 ELEMENT = N 
 BASIS FUNCTIONS =   15
 For Atom Kind =    3
 ELEMENT = C 
 BASIS FUNCTIONS =   15
 For Atom Kind =    4
 ELEMENT = H 
 BASIS FUNCTIONS =    5

 @ Finish SAD initial guess


 @ Begin Reading Molecular Information


 =========== Molecule Input ==========
 TOTAL MOLECULAR CHARGE  =    0    MULTIPLICITY                =    1
 TOTAL ATOM NUMBER       =   40    NUMBER OF ATOM TYPES        =    4
 NUMBER OF HYDROGEN ATOM =   19    NUMBER OF NON-HYDROGEN ATOM =   21
 NUMBER OF ELECTRONS     =  152

 -- INPUT GEOMETRY -- :
    O          -1.9930      -0.4740       1.2005
    O          -2.7826      -2.5168      -0.2218
    O          -3.6220       1.8421       0.5579
    N           3.1777      -0.0101       0.4474
    C           0.3699      -0.7149       0.6616
    C           1.2913      -1.3046      -0.4170
    C           2.3441      -0.2023      -0.7640
    C          -0.9377      -1.4750       0.9848
    C           1.1988      -0.3907       1.9201
    C          -0.2516       0.5302       0.1205
    C           1.6887       1.1052      -1.3279
    C           2.4315       0.4754       1.6126
    C           0.3384       1.4306      -0.7480
    C          -1.3631      -2.5067      -0.0924
    C           0.5066      -1.8183      -1.5971
    C          -1.5672       0.6306       0.5136
    C          -0.7155      -2.3492      -1.4425
    C           4.3733       0.7916       0.2084
    C          -0.4184       2.5415      -1.1246
    C          -2.3310       1.7217       0.1620
    C          -1.7382       2.6936      -0.6541
    H           1.8278      -2.1759      -0.0118
    H           3.0029      -0.6035      -1.5465
    H          -0.8451      -2.0128       1.9373
    H           1.5366      -1.3335       2.3712
    H           0.5899       0.1174       2.6790
    H           1.5474       0.9596      -2.4075
    H           2.3530       1.9680      -1.2194
    H           2.1271       1.5205       1.4760
    H           3.0801       0.4584       2.4975
    H          -1.0772      -3.5067       0.2593
    H           0.9601      -1.7947      -2.5831
    H          -1.2300      -2.7505      -2.3109
    H           4.1500       1.8479       0.0287
    H           4.9380       0.4055      -0.6472
    H           5.0444       0.7352       1.0730
    H          -0.0062       3.2824      -1.8043
    H          -2.3121       3.5638      -0.9645
    H          -3.1557      -2.6446       0.6672
    H          -3.8483       1.0686       1.1031

============== BASIS INFOS ==============
 BASIS FUNCTIONS =  410
 NSHELL =  141 NPRIM  =  721
 JSHELL =  141 JBASIS =  326


 @ End Reading Molecular Information 


 @ Begin XC Quadrature Formation

 OCTAGO: OCTree Algorithm for Grid Operations 
   PRUNING CUTOFF       = 0.100E-06
   INITIAL GRID POINTS  =      151424
|   FINAL GRID POINTS    =       95460
|   SIGNIFICANT NUMBER OF BASIS FUNCTIONS     =      159898
|   SIGNIFICANT NUMBER OF PRIMITIVE FUNCTIONS =      176151

 @ End XC Quadrature Formation


 @ Begin Energy Calculation

| condition number of overlap matrix:    2.878E+04
| Smallest eigenvalue of overlap matrix:    3.010E-04

                                         SCF ENERGY
| ------------------------------------------------------------------------------------------------------------------------
| NCYC       ENERGY         DELTA_E      SCF_TIME  DII_CYC   DII_TIME   O_TIME  DIAG_TIME    MAX_ERR    RMS_CHG    MAX_CHG
| ------------------------------------------------------------------------------------------------------------------------
|  1   -943.747141618      ------         1.794     1        0.02      1.77      0.01    0.2082E+01  0.1743E-01  0.5236E+00
|  2   -939.110515787  -.463663E+01       2.964     2        0.02      2.94      0.01    0.2453E+00  0.9325E-02  0.3438E+00
|  3   -938.909883638  -.200632E+00       2.835     3        0.02      2.81      0.01    0.3812E+00  0.5616E-02  0.2291E+00
|   ***  Level shifting applied  ( HOMO-LUMO gap =  0.137 au ) ***
|  4   -939.627427666  0.717544E+00       2.730     4        0.02      2.71      0.01    0.3893E-01  0.1019E-02  0.3491E-01
|  5   -939.638705746  0.112781E-01       2.453     5        0.02      2.43      0.01    0.1308E-01  0.3771E-03  0.1424E-01
|  6   -939.641161607  0.245586E-02       2.249     6        0.02      2.23      0.01    0.6649E-02  0.1458E-03  0.6891E-02
|  7   -939.641453529  0.291922E-03       2.062     7        0.02      2.04      0.01    0.3771E-02  0.5827E-04  0.2929E-02
|  8   -939.641533439  0.799106E-04       1.905     8        0.02      1.88      0.01    0.4430E-03  0.1122E-04  0.5113E-03
|  9   -939.641532294  -.114482E-05       1.618     9        0.02      1.60      0.01    0.1706E-03  0.4267E-05  0.1828E-03
| -------------- 2E-INT CUTOFF CHANGE TO 0.1000E-08 ------------
| 10   -939.641532592  0.297115E-06       2.212    10        0.02      2.19      0.01    0.3964E-04  0.1905E-05  0.6688E-04
| 11   -939.641532557  -.346486E-07       2.055     1        0.02      2.03      0.01    0.2618E-04  0.6814E-06  0.2857E-04
| ------------------------------------------------------------------------------------------------------------------------
| REACH CONVERGENCE AFTER  11 CYCLES
| MAX ERROR = 0.261828E-04   RMS CHANGE = 0.681444E-06   MAX CHANGE = 0.285679E-04
| -----------------------------------------------
 ALPHA ELECTRON DENSITY    =    75.9993434972
 BETA ELECTRON DENSITY     =    75.9993434972
 ELECTRONIC ENERGY    =  -2768.948803038
 CORE_CORE REPULSION  =   1829.307270481
 TOTAL ENERGY         =   -939.641532557

 @ End Energy calculation


 @ Begin Gradient Calculation

 ANALYTICAL GRADIENT: 
----------------------------------------
 COORDINATE    XYZ            GRADIENT
----------------------------------------
    1X    -1.9930001522    -0.0059904368
    1Y    -0.4740000362     0.0072181171
    1Z     1.2005000917    -0.0028536791
    2X    -2.7826002125     0.0029014414
    2Y    -2.5168001922     0.0018632896
    2Z    -0.2218000169     0.0035888154
    3X    -3.6220002766     0.0130265360
    3Y     1.8421001407     0.0002023524
    3Z     0.5579000426    -0.0055966270
    4X     3.1777002427    -0.0043626156
    4Y    -0.0101000008     0.0036467533
    4Z     0.4474000342     0.0023944444
    5X     0.3699000282     0.0072802365
    5Y    -0.7149000546    -0.0048989886
    5Z     0.6616000505    -0.0030832210
    6X     1.2913000986    -0.0018583007
    6Y    -1.3046000996     0.0016933776
    6Z    -0.4170000318     0.0065091264
    7X     2.3441001790     0.0007590133
    7Y    -0.2023000154    -0.0010808139
    7Z    -0.7640000583    -0.0088658444
    8X    -0.9377000716    -0.0057351024
    8Y    -1.4750001126     0.0142399906
    8Z     0.9848000752    -0.0145452128
    9X     1.1988000915    -0.0056272109
    9Y    -0.3907000298     0.0045251385
    9Z     1.9201001466    -0.0036953383
   10X    -0.2516000192    -0.0040521118
   10Y     0.5302000405    -0.0105177162
   10Z     0.1205000092     0.0101292382
   11X     1.6887001290     0.0007738735
   11Y     1.1052000844     0.0071609560
   11Z    -1.3279001014     0.0041163306
   12X     2.4315001857     0.0033303764
   12Y     0.4754000363     0.0030983547
   12Z     1.6126001231     0.0013081748
   13X     0.3384000258    -0.0015316794
   13Y     1.4306001092    -0.0013183533
   13Z    -0.7480000571    -0.0018494256
   14X    -1.3631001041     0.0135513275
   14Y    -2.5067001914     0.0043135861
   14Z    -0.0924000071     0.0026298278
   15X     0.5066000387     0.0099308149
   15Y    -1.8183001389     0.0016500054
   15Z    -1.5971001220    -0.0041050990
   16X    -1.5672001197    -0.0118346918
   16Y     0.6306000482     0.0013647089
   16Z     0.5136000392     0.0031883152
   17X    -0.7155000546    -0.0064109371
   17Y    -2.3492001794    -0.0088222451
   17Z    -1.4425001102     0.0042513774
   18X     4.3733003340    -0.0002656917
   18Y     0.7916000604     0.0064236290
   18Z     0.2084000159    -0.0022972059
   19X    -0.4184000320     0.0134360032
   19Y     2.5415001941    -0.0023276519
   19Z    -1.1246000859    -0.0036877816
   20X    -2.3310001780     0.0040496472
   20Y     1.7217001315    -0.0058525569
   20Z     0.1620000124     0.0025194405
   21X    -1.7382001327    -0.0103499377
   21Y     2.6936002057    -0.0040045432
   21Z    -0.6541000499     0.0059885905
   22X     1.8278001396    -0.0048477903
   22Y    -2.1759001662    -0.0046418246
   22Z    -0.0118000009    -0.0025127377
   23X     3.0029002293    -0.0008749449
   23Y    -0.6035000461    -0.0008581160
   23Z    -1.5465001181    -0.0027726257
   24X    -0.8451000645     0.0027598359
   24Y    -2.0128001537    -0.0025713921
   24Z     1.9373001479    -0.0000352451
   25X     1.5366001173    -0.0000371021
   25Y    -1.3335001018     0.0008460367
   25Z     2.3712001811     0.0009826973
   26X     0.5899000450     0.0009679934
   26Y     0.1174000090     0.0003797421
   26Z     2.6790002046     0.0026923127
   27X     1.5474001182    -0.0020300450
   27Y     0.9596000733    -0.0014423773
   27Z    -2.4075001838     0.0007734778
   28X     2.3530001797    -0.0042480276
   28Y     1.9680001503     0.0022799529
   28Z    -1.2194000931     0.0005200475
   29X     2.1271001624     0.0025375388
   29Y     1.5205001161    -0.0053525650
   29Z     1.4760001127    -0.0005981873
   30X     3.0801002352    -0.0026493102
   30Y     0.4584000350     0.0000477097
   30Z     2.4975001907     0.0026833690
   31X    -1.0772000823    -0.0072387870
   31Y    -3.5067002678     0.0017185985
   31Z     0.2593000198    -0.0050129975
   32X     0.9601000733    -0.0017436194
   32Y    -1.7947001371    -0.0004632679
   32Z    -2.5831001973     0.0010326103
   33X    -1.2300000939     0.0043160402
   33Y    -2.7505002100     0.0013427019
   33Z    -2.3109001765    -0.0029014031
   34X     4.1500003169    -0.0011893333
   34Y     1.8479001411    -0.0068349382
   34Z     0.0287000022     0.0014060516
   35X     4.9380003771     0.0027933019
   35Y     0.4055000310     0.0005534561
   35Z    -0.6472000494     0.0010208374
   36X     5.0444003852     0.0022163806
   36Y     0.7352000561    -0.0000311671
   36Z     1.0730000819    -0.0013907247
   37X    -0.0062000005     0.0004670277
   37Y     3.2824002507    -0.0002818945
   37Z    -1.8043001378    -0.0001943797
   38X    -2.3121001766     0.0018197983
   38Y     3.5638002721     0.0027904003
   38Z    -0.9645000737    -0.0023668362
   39X    -3.1557002410    -0.0026483736
   39Y    -2.6446002020    -0.0019925777
   39Z     0.6672000509     0.0064103430
   40X    -3.8483002939    -0.0013911374
   40Y     1.0686000816    -0.0040658678
   40Z     1.1031000842     0.0042191439
----------------------------------------

 @ End Gradient Calculation

  Skipping one-electron property calculation.

 @ Output Timing Information

------------- TIMING ---------------
| INITIAL GUESS TIME  =     1.210180000(  3.45%)
| DFT GRID OPERATIONS =     0.154618000(  0.44%)
| TOTAL SCF TIME      =    25.004164000( 71.33%)
|       TOTAL OP TIME      =    24.765763000( 70.65%)
|             TOTAL 1e TIME      =     0.127005000(  0.36%)
|             TOTAL 2e TIME      =    18.480845000( 52.72%)
|             TOTAL EXC TIME     =     6.002325000( 17.12%)
|       TOTAL DII TIME      =     0.234836000(  0.67%)
|             TOTAL DIAG TIME    =     0.077265000(  0.22%)
| TOTAL GRADIENT TIME      =     8.193679000( 23.37%)
|       TOTAL 1e GRADIENT TIME      =     0.727322000( 2.10%)
|       TOTAL 2e GRADIENT TIME      =     6.281956000(17.92%)
|       TOTAL EXC GRADIENT TIME     =     1.175244000(  3.35%)
| TOTAL TIME          =    35.053707000
------------------------------------
| Job cpu time:  0 days  0 hours  0 minutes 35.1 seconds.

 @ Finish Output Timing Information

| Normal Termination. Task Finished on: Wed Jul  1 04:51:28 2026
