| *********************************************************************************************************
| **                                                                                                     **
| **           888888888888                                                                              **
| **         8888888888888888                                                                            **
| **      888888888888888888                                                                             **
| **     888888888888888888                                                                              **
| **    888888888888888                                                                                  **
| **   88888888888888888888                               88888                       8888:              **
| **   8888888888888888888888Z                            88888                       8888:              **
| **   888888888888888888888888?                          88888                       8888:              **
| **   8888888888888      8888888                                        888888       8888:              **
| **    88888888888         888888     8888:     88888    88888        888888888I     8888:    888888    **
| **    8888888888           88888:    8888:     88888    88888      $888888888888    8888:   888888     **
| **    I8Z 88888             88888    8888:     88888    88888    .888888     8888   8888: 888888       **
| **    .8Z 88888             88888    8888:     88888    88888    $88888             8888:88888         **
| **     8I 88888      .=88. .88888    8888:     88888    88888    88888              8888888888         **
| **    :8  88888      888888$8888$    8888:     88888    88888    8888O              88888888888        **
| **   ,7   +88888.     8888888888.    8888:     88888    88888    888888             88888O888888       **
| **         $888888:.   .8888888      88888....888888    88888     888888     8888   8888:  888888      **
| **          I8888888888888888888     888888888888888    88888     O888888888888O    8888:   888888     **
| **            O888888888888888888     88888888888888    88888       88888888888$    8888:    888888    **
| **               8888888Z     888      .8888I  88888    88888         8888888       8888:     888888   **
| **                                                                                                     **
| **                                                                                                     **
| **                                         Copyright (c) 2026                                          **
| **                          Regents of the University of California San Diego                          **
| **                                    & Michigan State University                                      **
| **                                        All Rights Reserved.                                         **
| **                                                                                                     **
| **             This software is subject to the terms of the Mozilla Public License, v. 2.0.            **
| **                                                                                                     **
| *********************************************************************************************************
|                                                                                                          
| Cite this work as:                                                                                       
| Manathunga, M.; O'Hearn, K. A.; Shajan, A.; Smith, J.; Miao, Y.; He, X.; Ayers, K.;                      
| Brothers, E.; Palos, E.; Tripathy, V.; Goetz, A.W.; Merz, K.M. QUICK-26.03.                              
| University of California,San Diego, CA and                                                               
| Michigan State University, East Lansing, MI, 2026                                                        
|                                                                                                          
| If you have any comments or queries, please reach out to us on GitHub issues or discussion sections:     
| https://github.com/merzlab/QUICK.                                                                        
|                                                                                                          
| TASK STARTS ON: Wed Jul  1 04:51:28 2026
| INPUT FILE :    olestra.in
| OUTPUT FILE:    olestra.out
| BASIS SET PATH: /projects/bdit/vtripathy/QUICK/install/basis

|------------ GPU INFORMATION ---------------
| CUDA ENABLED DEVICE         :        1
| CUDA DEVICE IN USE          :        0
| CUDA DEVICE NAME            : NVIDIA A100-SXM4-40GB
| CUDA DEVICE PM              :      108
| CUDA DEVICE CORE FREQ(GHZ)  :     1.41
| CUDA DEVICE MEMORY SIZE (MB):    40442
| SUPPORTING CUDA VERSION     :      8.0
|--------------------------------------------

 @ Read Job And Atom

  KEYWORD=DFT B3LYP BASIS=6-31G** CUTOFF=1.0E-7 DENSERMS=1.0E-6 GRADIENT
 ============== JOB CARD =============
 METHOD = DENSITY FUNCTIONAL THEORY
 DENSITY FUNCTIONAL = B3LYP
 DIRECT SCF 
 SAD INITAL GUESS 
 USE DIIS SCF
 PRINT ENERGY EVERY CYCLE
 READ SAD GUESS FROM FILE
 STANDARD GRID = SG1
 Level shifting allowed after cycle    3
 DIIS error must exceed 0.100 for level shifting
 Max HOMO-LUMO gap to allow level shifting = 0.200
 GRADIENT CALCULATION
 MAX SCF CYCLES =    200
 MAX DIIS CYCLES =   10
 DELTA DENSITY START CYCLE =    3
 COMPUTATIONAL CUTOFF: 
      TWO-e INTEGRAL         =  0.100E-06
      BASIS SET PRIME        =  0.100E-07
      MATRIX ELEMENTS        =  0.100E-09
      BASIS FUNCTION         =  0.100E-05
      NEAR-LINEAR DEPENDENCY =  0.100E-04
      GRADIENT CUTOFF  =  0.100E-06
 DENSITY MATRIX MAXIMUM RMS FOR CONVERGENCE  =  0.100E-05
 BASIS SET = 6-31G**,  TYPE = CARTESIAN
| BASIS FILE = /projects/bdit/vtripathy/QUICK/install/basis/6-31GDP.BAS
| DATA FILE  =    olestra.dat

 @ Finish reading job


 @ Begin SAD initial guess

 For Atom Kind =    1
 ELEMENT = O 
 BASIS FUNCTIONS =   15
 For Atom Kind =    2
 ELEMENT = C 
 BASIS FUNCTIONS =   15
 For Atom Kind =    3
 ELEMENT = H 
 BASIS FUNCTIONS =    5

 @ Finish SAD initial guess


 @ Begin Reading Molecular Information


 =========== Molecule Input ==========
 TOTAL MOLECULAR CHARGE  =    0    MULTIPLICITY                =    1
 TOTAL ATOM NUMBER       =  453    NUMBER OF ATOM TYPES        =    3
 NUMBER OF HYDROGEN ATOM =  278    NUMBER OF NON-HYDROGEN ATOM =  175
 NUMBER OF ELECTRONS     = 1366

 -- INPUT GEOMETRY -- :
    O           1.9680       0.0140       0.0250
    O          -0.4000       0.4790      -0.4050
    O          -2.2270       1.2800      -1.8380
    O          -3.2580       1.5840      -5.4670
    O          -0.5930       3.6680      -3.6790
    O           0.0870       0.0190      -3.3130
    O          -1.5530       3.0130       0.3570
    O           3.4880       2.1380       1.1750
    O           1.3110      -0.5830       3.7220
    O          -0.3020      -2.6920       2.4680
    O          -1.1040      -2.2290      -0.2580
    O           5.3280       3.6900       0.9200
    O           0.3740      -1.8490       5.5740
    O          -2.0840      -4.2530       1.8870
    O          -1.7000      -2.1010      -2.6080
    O          -2.5920       4.8640       1.5350
    O          -0.6250       5.6500      -5.0810
    O           0.8790      -1.1010      -5.3100
    O          -4.5680       1.3610      -7.4900
    C           1.7860       0.3710       1.4710
    C           1.4490      -0.9050       2.2600
    C           0.1170      -1.4520       1.7280
    C           0.2470      -1.7860       0.2320
    C           0.6940      -0.5350      -0.5450
    C          -0.7980       1.4800      -1.4500
    C          -0.6610       2.8870      -0.8430
    C          -0.0330       1.4200      -2.7880
    C          -2.3760       1.9440      -3.1760
    C          -0.9570       2.2070      -3.7360
    C          -3.1700       0.9930      -4.0920
    C           3.1000       0.9540       2.0110
    C           4.8520       2.6520       1.5410
    C           5.7190       1.9360       2.5950
    C           7.0080       2.7380       2.8520
    C           7.8360       2.0170       3.9340
    C           9.1440       2.7830       4.2110
    C           9.9320       2.0520       5.3160
    C          11.2540       2.7890       5.6100
    C          12.0160       2.0440       6.7260
    C          13.3480       2.7580       7.0280
    C          14.1860       2.2850       7.9620
    C          13.8380       1.0230       8.7790
    C          14.9720       0.7170       9.7790
    C          14.5940      -0.4970      10.6510
    C          15.7140      -0.7860      11.6740
    C          15.2470      -1.8690      12.6640
    C          16.3820      -2.2080      13.6580
    C           1.1510      -1.8380       4.5330
    C           2.0040      -3.0730       4.1880
    C           1.7990      -4.2120       5.2020
    C           2.6410      -5.4070       4.7120
    C           2.3900      -6.6610       5.5700
    C           3.1980      -7.8270       4.9680
    C           2.9230      -9.1270       5.7460
    C           3.7400     -10.2760       5.1260
    C           3.4710     -11.5790       5.9040
    C           4.1640     -12.6960       5.6420
    C           5.2540     -12.7200       4.5500
    C           5.8500     -14.1380       4.4560
    C           6.9380     -14.1790       3.3640
    C           7.5380     -15.5980       3.2840
    C           8.6240     -15.6470       2.1890
    C           9.2240     -17.0650       2.1140
    C          -1.7290      -3.0280       2.1370
    C          -2.7590      -1.8850       2.0860
    C          -4.2120      -2.3810       2.0020
    C          -5.0840      -1.1110       2.0150
    C          -6.5520      -1.4160       1.6720
    C          -7.3140      -0.0760       1.6620
    C          -8.7690      -0.2850       1.2070
    C          -9.4970       1.0720       1.2320
    C         -10.9560       0.8860       0.7750
    C         -11.8380       1.8900       0.8730
    C         -11.4180       3.2580       1.4480
    C         -12.6160       4.2240       1.3990
    C         -12.2060       5.5960       1.9720
    C         -13.4170       6.5510       1.9330
    C         -13.0160       7.9280       2.4960
    C         -14.2310       8.8770       2.4580
    C          -1.0540      -2.7280      -1.6700
    C          -0.3550      -4.0630      -1.9780
    C           0.0740      -4.0880      -3.4560
    C           1.0640      -5.2480      -3.6680
    C           1.4510      -5.3400      -5.1560
    C           2.6080      -6.3440      -5.3140
    C           2.9240      -6.5400      -6.8100
    C           4.1400      -7.4750      -6.9500
    C           4.3900      -7.7850      -8.4380
    C           5.4190      -8.5610      -8.8080
    C           6.4100      -9.0980      -7.7560
    C           7.4850      -9.9590      -8.4460
    C           8.5040     -10.4490      -7.3980
    C           9.5800     -11.3110      -8.0870
    C          10.6150     -11.7820      -7.0460
    C          11.6860     -12.6490      -7.7380
    C          -1.5970       4.4440       0.8120
    C          -0.4560       5.4110       0.4410
    C          -0.6270       6.7530       1.1730
    C           0.5400       7.6740       0.7680
    C           0.4260       9.0250       1.4960
    C           1.6130       9.9180       1.0880
    C           1.5220      11.2690       1.8230
    C           2.7160      12.1530       1.4160
    C           2.6330      13.5050       2.1510
    C           3.5660      14.4460       1.9550
    C           4.7420      14.1970       0.9890
    C           5.6580      15.4360       0.9540
    C           6.8310      15.1820      -0.0130
    C           7.7490      16.4190      -0.0520
    C           8.9230      16.1650      -1.0200
    C           9.8420      17.4020      -1.0590
    C          -1.1170       4.4720      -4.8390
    C          -2.2780       3.9420      -5.7000
    C          -2.8580       4.9920      -6.6600
    C          -4.0440       4.3100      -7.3760
    C          -4.7830       5.2850      -8.3080
    C          -5.9850       4.5470      -8.9320
    C          -6.7360       5.4880      -9.8920
    C          -7.9380       4.7520     -10.5140
    C          -8.6580       5.7000     -11.4940
    C          -9.7280       5.2950     -12.1920
    C         -10.2920       3.8680     -12.0320
    C         -11.5180       3.7000     -12.9500
    C         -12.0990       2.2800     -12.8000
    C         -13.3200       2.1200     -13.7260
    C         -13.9070       0.7010     -13.5780
    C         -15.1280       0.5430     -14.5060
    C           0.9380      -0.0450      -4.5540
    C           1.8960       1.1020      -4.9440
    C           2.4910       0.8410      -6.3420
    C           3.2680       2.0900      -6.8060
    C           3.9170       1.8330      -8.1820
    C           4.6060       3.1220      -8.6740
    C           5.3340       2.8560     -10.0080
    C           5.9900       4.1600     -10.5030
    C           6.7720       3.8950     -11.8060
    C           7.4020       4.8940     -12.4390
    C           7.3370       6.3350     -11.8940
    C           8.1460       7.2800     -12.8040
    C           8.0600       8.7200     -12.2580
    C           8.8620       9.6750     -13.1640
    C           8.7680      11.1130     -12.6150
    C           9.5720      12.0700     -13.5180
    C          -4.2020       0.8360      -6.3600
    C          -4.6780      -0.5790      -5.9900
    C          -5.5140      -1.1490      -7.1500
    C          -6.0000      -2.5560      -6.7580
    C          -6.8470      -3.1520      -7.8980
    C          -7.3180      -4.5560      -7.4780
    C          -8.1620      -5.1860      -8.5990
    C          -8.6100      -6.5880      -8.1500
    C          -9.4550      -7.2540      -9.2520
    C          -9.9460      -8.4890      -9.0720
    C          -9.6720      -9.2520      -7.7600
    C         -10.3500     -10.6340      -7.8070
    C         -10.0700     -11.3880      -6.4920
    C         -10.7480     -12.7710      -6.5330
    C         -10.4710     -13.5270      -5.2200
    C         -11.1500     -14.9100      -5.2640
    C         -10.8760     -15.6720      -3.9520
    C         -11.5540     -17.0550      -3.9980
    C          10.3060     -17.1160       1.0160
    C          10.9100     -18.5330       0.9400
    C          15.8540      -3.1850      14.7320
    C          17.0300      -3.7630      15.5470
    C          12.7280     -13.1190      -6.7010
    C          13.7960     -13.9900      -7.3920
    C         -13.8340      10.2580       3.0170
    C         -15.0500      11.2060       2.9770
    C         -15.7140      -0.8760     -14.3600
    C         -16.9340      -1.0380     -15.2880
    C          11.0160      17.1490      -2.0270
    C          11.9360      18.3850      -2.0680
    C           9.4780      13.5080     -12.9710
    C          10.2820      14.4670     -13.8720
    H           0.9870       1.1060       1.5770
    H           2.2470      -1.6290       2.0990
    H          -0.6200      -0.6640       1.8630
    H           0.9820      -2.5800       0.1080
    H           0.8530      -0.8040      -1.5850
    H          -0.9590       3.6320      -1.5760
    H           0.3780       3.0480      -0.5540
    H           0.9480       1.8840      -2.6910
    H          -2.9110       2.8830      -3.0460
    H          -0.8640       1.8340      -4.7560
    H          -4.1690       0.8630      -3.6760
    H          -2.6610       0.0300      -4.1360
    H           3.8710       0.1870       1.9490
    H           2.9630       1.2580       3.0490
    H           5.9860       0.9420       2.2340
    H           5.1630       1.8480       3.5280
    H           6.7520       3.7410       3.1940
    H           7.5870       2.8050       1.9300
    H           8.0740       1.0080       3.5940
    H           7.2510       1.9570       4.8520
    H           8.9100       3.7970       4.5380
    H           9.7420       2.8250       3.3010
    H          10.1510       1.0350       4.9900
    H           9.3300       2.0160       6.2250
    H          11.0400       3.8080       5.9350
    H          11.8650       2.8160       4.7080
    H          12.2180       1.0230       6.4030
    H          11.4020       2.0230       7.6270
    H          13.6160       3.6560       6.4720
    H          15.1240       2.8070       8.1520
    H          13.7120       0.1750       8.1060
    H          12.9120       1.1930       9.3260
    H          15.1280       1.5850      10.4200
    H          15.8920       0.5030       9.2320
    H          14.4440      -1.3720      10.0180
    H          13.6700      -0.2750      11.1840
    H          15.9460       0.1240      12.2280
    H          16.6060      -1.1270      11.1500
    H          14.9660      -2.7680      12.1140
    H          14.3820      -1.4990      13.2150
    H          16.7450      -1.2970      14.1380
    H          17.2020      -2.6740      13.1120
    H           3.0550      -2.7870       4.1720
    H           1.7180      -3.4420       3.2030
    H           0.7440      -4.4890       5.2300
    H           2.1250      -3.8990       6.1940
    H           3.6980      -5.1450       4.7520
    H           2.3690      -5.6330       3.6820
    H           1.3280      -6.9060       5.5560
    H           2.7080      -6.4780       6.5980
    H           4.2620      -7.5930       5.0140
    H           2.9060      -7.9680       3.9270
    H           1.8610      -9.3660       5.6950
    H           3.2150      -8.9950       6.7900
    H           4.8020     -10.0320       5.1770
    H           3.4480     -10.4100       4.0840
    H           2.7060     -11.5940       6.6800
    H           3.9510     -13.6020       6.2110
    H           6.0420     -12.0130       4.8070
    H           4.8140     -12.4450       3.5920
    H           5.0600     -14.8470       4.2060
    H           6.2890     -14.4100       5.4160
    H           7.7250     -13.4650       3.6090
    H           6.4980     -13.9160       2.4020
    H           6.7500     -16.3120       2.9850
    H           7.9820     -15.8580       4.2460
    H           9.4100     -14.9310       2.4270
    H           8.1790     -15.3890       1.2270
    H           8.4360     -17.7810       1.8790
    H           9.6700     -17.3220       3.0750
    H          -2.5680      -1.2730       1.2050
    H          -2.6430      -1.2720       2.9800
    H          -4.4520      -3.0150       2.8560
    H          -4.3580      -2.9320       1.0730
    H          -4.7010      -0.4110       1.2720
    H          -5.0310      -0.6460       3.0000
    H          -6.9820      -2.0860       2.4190
    H          -6.6100      -1.8790       0.6870
    H          -6.8230       0.6130       0.9740
    H          -7.3040       0.3520       2.6650
    H          -9.2680      -0.9810       1.8820
    H          -8.7800      -0.6880       0.1940
    H          -8.9940       1.7690       0.5620
    H          -9.4780       1.4680       2.2480
    H         -11.2760      -0.0720       0.3640
    H         -12.8650       1.7360       0.5420
    H         -10.5960       3.6660       0.8570
    H         -11.0960       3.1360       2.4820
    H         -13.4340       3.8140       1.9910
    H         -12.9420       4.3450       0.3660
    H         -11.3940       6.0120       1.3740
    H         -11.8720       5.4750       3.0020
    H         -14.2260       6.1350       2.5340
    H         -13.7540       6.6660       0.9030
    H         -12.2080       8.3460       1.8950
    H         -12.6760       7.8150       3.5270
    H         -15.0360       8.4590       3.0600
    H         -14.5720       8.9870       1.4280
    H          -1.0350      -4.8910      -1.7770
    H           0.5270      -4.1630      -1.3470
    H           0.5660      -3.1470      -3.7060
    H          -0.8040      -4.2180      -4.0900
    H           0.6070      -6.1870      -3.3530
    H           1.9580      -5.0650      -3.0720
    H           1.7740      -4.3610      -5.5120
    H           0.5890      -5.6710      -5.7360
    H           2.3230      -7.3010      -4.8770
    H           3.4910      -5.9620      -4.8010
    H           3.1510      -5.5780      -7.2680
    H           2.0610      -6.9860      -7.3050
    H           3.9420      -8.4060      -6.4180
    H           5.0180      -6.9910      -6.5220
    H           3.7090      -7.3960      -9.1960
    H           5.5680      -8.7930      -9.8620
    H           5.8760      -9.7050      -7.0250
    H           6.8920      -8.2600      -7.2520
    H           7.9990      -9.3620      -9.2000
    H           7.0120     -10.8170      -8.9260
    H           7.9910     -11.0440      -6.6420
    H           8.9780      -9.5900      -6.9240
    H          10.0820     -10.7210      -8.8540
    H           9.1090     -12.1790      -8.5500
    H          10.1140     -12.3690      -6.2750
    H          11.0900     -10.9150      -6.5870
    H          12.1830     -12.0640      -8.5100
    H          11.2120     -13.5180      -8.1920
    H          -0.4630       5.5950      -0.6330
    H           0.4980       4.9680       0.7280
    H          -0.6110       6.5870       2.2500
    H          -1.5750       7.2100       0.8870
    H           0.5150       7.8390      -0.3090
    H           1.4840       7.1990       1.0370
    H           0.4450       8.8620       2.5740
    H          -0.5100       9.5120       1.2190
    H           1.5890      10.0860       0.0110
    H           2.5480       9.4230       1.3550
    H           1.5460      11.1000       2.9000
    H           0.5910      11.7680       1.5540
    H           2.6900      12.3210       0.3390
    H           3.6450      11.6500       1.6820
    H           1.8080      13.6990       2.8370
    H           3.4920      15.3960       2.4840
    H           4.3560      14.0050      -0.0120
    H           5.3150      13.3340       1.3290
    H           6.0460      15.6290       1.9540
    H           5.0860      16.3000       0.6140
    H           6.4420      14.9870      -1.0130
    H           7.4010      14.3170       0.3270
    H           8.1390      16.6140       0.9470
    H           7.1790      17.2840      -0.3930
    H           8.5340      15.9700      -2.0190
    H           9.4920      15.3000      -0.6800
    H          10.2310      17.5970      -0.0600
    H           9.2720      18.2670      -1.3990
    H          -3.0840       3.6370      -5.0380
    H          -1.9280       3.0920      -6.2840
    H          -2.1040       5.3010      -7.3850
    H          -3.2090       5.8560      -6.0960
    H          -4.7460       3.9390      -6.6290
    H          -3.6710       3.4690      -7.9620
    H          -4.1070       5.6240      -9.0930
    H          -5.1380       6.1430      -7.7360
    H          -6.6610       4.2200      -8.1420
    H          -5.6290       3.6760      -9.4840
    H          -6.0580       5.8100     -10.6860
    H          -7.0900       6.3610      -9.3430
    H          -8.6260       4.4480      -9.7260
    H          -7.5860       3.8710     -11.0510
    H          -8.2880       6.7160     -11.6280
    H         -10.2100       5.9890     -12.8800
    H         -10.5900       3.7080     -10.9960
    H          -9.5280       3.1410     -12.3080
    H         -11.2180       3.8610     -13.9860
    H         -12.2780       4.4330     -12.6780
    H         -12.4020       2.1190     -11.7660
    H         -11.3380       1.5460     -13.0720
    H         -13.0160       2.2810     -14.7600
    H         -14.0800       2.8550     -13.4550
    H         -14.2140       0.5410     -12.5440
    H         -13.1480      -0.0340     -13.8480
    H         -14.8200       0.7030     -15.5400
    H         -15.8860       1.2780     -14.2370
    H           2.7020       1.1710      -4.2140
    H           1.3550       2.0470      -4.9720
    H           1.6840       0.6380      -7.0460
    H           3.1590      -0.0200      -6.2980
    H           4.0450       2.3260      -6.0780
    H           2.5800       2.9320      -6.8840
    H           3.1510       1.5360      -8.8980
    H           4.6560       1.0360      -8.0890
    H           5.3300       3.4530      -7.9300
    H           3.8560       3.9000      -8.8170
    H           4.6180       2.5030     -10.7520
    H           6.1020       2.0980      -9.8560
    H           6.6740       4.5310      -9.7420
    H           5.2140       4.9040     -10.6880
    H           6.8230       2.8840     -12.2100
    H           7.9590       4.6850     -13.3520
    H           7.7520       6.3630     -10.8880
    H           6.2980       6.6650     -11.8680
    H           7.7380       7.2490     -13.8160
    H           9.1880       6.9600     -12.8260
    H           8.4680       8.7490     -11.2480
    H           7.0150       9.0360     -12.2360
    H           8.4560       9.6440     -14.1760
    H           9.9070       9.3620     -13.1860
    H           9.1740      11.1430     -11.6040
    H           7.7240      11.4250     -12.5940
    H           9.1670      12.0400     -14.5300
    H          10.6160      11.7570     -13.5400
    H          -5.2920      -0.5380      -5.0920
    H          -3.8140      -1.2210      -5.8150
    H          -4.9020      -1.2060      -8.0490
    H          -6.3720      -0.5010      -7.3320
    H          -6.6050      -2.4920      -5.8530
    H          -5.1390      -3.1980      -6.5720
    H          -6.2440      -3.2220      -8.8040
    H          -7.7120      -2.5150      -8.0840
    H          -7.9180      -4.4800      -6.5700
    H          -6.4480      -5.1850      -7.2810
    H          -7.5640      -5.2680      -9.5080
    H          -9.0380      -4.5660      -8.7940
    H          -9.2060      -6.4990      -7.2400
    H          -7.7310      -7.1990      -7.9480
    H          -9.6540      -6.7220     -10.1820
    H         -10.5420      -8.9530      -9.8580
    H         -10.0700      -8.6850      -6.9190
    H          -8.5980      -9.3840      -7.6340
    H          -9.9520     -11.2060      -8.6460
    H         -11.4260     -10.5070      -7.9340
    H         -10.4680     -10.8140      -5.6530
    H          -8.9960     -11.5130      -6.3660
    H         -10.3520     -13.3440      -7.3720
    H         -11.8240     -12.6450      -6.6590
    H         -10.8680     -12.9550      -4.3800
    H          -9.3940     -13.6540      -5.0920
    H         -10.7530     -15.4820      -6.1040
    H         -12.2240     -14.7820      -5.3920
    H         -11.2720     -15.1020      -3.1110
    H          -9.8010     -15.8010      -3.8230
    H         -11.1580     -17.6300      -4.8340
    H         -12.6300     -16.9300      -4.1210
    H         -11.3580     -17.5880      -3.0670
    H          11.0960     -16.4000       1.2500
    H           9.8620     -16.8610       0.0540
    H          10.1260     -19.2520       0.7020
    H          11.3620     -18.7910       1.8980
    H          11.6730     -18.5610       0.1620
    H          15.1680      -2.6630      15.4000
    H          15.3220      -4.0040      14.2500
    H          17.5780      -2.9410      16.0080
    H          17.6970      -4.3230      14.8920
    H          16.6460      -4.4250      16.3240
    H          12.2320     -13.7030      -5.9260
    H          13.2080     -12.2510      -6.2480
    H          14.2980     -13.4090      -8.1660
    H          13.3220     -14.8620      -7.8420
    H          14.5290     -14.3180      -6.6560
    H         -13.0300      10.6780       2.4130
    H         -13.4940      10.1500       4.0460
    H         -15.8570      10.7930       3.5830
    H         -15.3910      11.3210       1.9480
    H         -14.7640      12.1810       3.3730
    H         -16.0220      -1.0380     -13.3260
    H         -14.9560      -1.6130     -14.6300
    H         -16.6320      -0.8830     -16.3240
    H         -17.6970      -0.3070     -15.0200
    H         -17.3440      -2.0430     -15.1780
    H          10.6280      16.9550      -3.0270
    H          11.5880      16.2850      -1.6880
    H          12.3320      18.5810      -1.0700
    H          11.3720      19.2520      -2.4100
    H          12.7640      18.2000      -2.7540
    H           9.8840      13.5400     -11.9600
    H           8.4330      13.8220     -12.9500
    H           9.8780      14.4420     -14.8840
    H          11.3270      14.1600     -13.8920
    H          10.2100      15.4810     -13.4800

============== BASIS INFOS ==============
 BASIS FUNCTIONS = 4015
 NSHELL = 1534 NPRIM  = 6846
 JSHELL = 1534 JBASIS = 3315


 @ End Reading Molecular Information 


 @ Begin XC Quadrature Formation

 OCTAGO: OCTree Algorithm for Grid Operations 
   PRUNING CUTOFF       = 0.100E-06
   INITIAL GRID POINTS  =     1710856
|   FINAL GRID POINTS    =     1072946
|   SIGNIFICANT NUMBER OF BASIS FUNCTIONS     =     1494788
|   SIGNIFICANT NUMBER OF PRIMITIVE FUNCTIONS =     1653942

 @ End XC Quadrature Formation


 @ Begin Energy Calculation

| condition number of overlap matrix:    5.440E+03
| Smallest eigenvalue of overlap matrix:    1.443E-03

                                         SCF ENERGY
| ------------------------------------------------------------------------------------------------------------------------
| NCYC       ENERGY         DELTA_E      SCF_TIME  DII_CYC   DII_TIME   O_TIME  DIAG_TIME    MAX_ERR    RMS_CHG    MAX_CHG
| ------------------------------------------------------------------------------------------------------------------------
|  1  -7570.044430201      ------        71.116     1        0.89     70.16      0.25    0.2081E+01  0.5110E-02  0.5771E+00
|  2  -7536.793186815  -.332512E+02     175.438     2        1.10    174.28      0.25    0.3153E+00  0.2860E-02  0.1143E+01
|  3  -7528.366546793  -.842664E+01     166.845     3        1.12    165.66      0.25    0.1010E+01  0.1915E-02  0.1032E+01
|   ***  Level shifting applied  ( HOMO-LUMO gap =  0.008 au ) ***
|  4  -7540.629034743  0.122625E+02     156.022     4        1.16    154.79      0.25    0.1196E+00  0.5882E-03  0.9159E-01
|  5  -7541.307900879  0.678866E+00     146.808     5        1.04    145.70      0.25    0.5856E-01  0.1621E-03  0.5541E-01
|  6  -7541.329084195  0.211833E-01     128.065     6        1.10    126.90      0.25    0.4793E-01  0.8347E-04  0.3664E-01
|  7  -7541.353869121  0.247849E-01     117.402     7        1.12    116.22      0.25    0.1922E-01  0.2702E-04  0.1813E-01
|  8  -7541.354916672  0.104755E-02     102.943     8        1.17    101.71      0.25    0.9796E-02  0.1210E-04  0.6256E-02
|  9  -7541.355470704  0.554032E-03      94.403     9        1.21     93.13      0.25    0.1437E-02  0.3188E-05  0.9706E-03
| -------------- 2E-INT CUTOFF CHANGE TO 0.1000E-08 ------------
| 10  -7541.355496005  0.253012E-04     135.164    10        1.26    133.84      0.25    0.4599E-03  0.1085E-05  0.4386E-03
| 11  -7541.355499553  0.354790E-05     120.034     1        1.69    118.28      0.25    0.2967E-03  0.5121E-06  0.2645E-03
| -------------- 2E-INT CUTOFF CHANGE TO 0.1000E-09 ------------
| 12  -7541.355500496  0.943386E-06     138.198     2        1.64    136.49      0.25    0.1465E-03  0.1921E-06  0.1296E-03
| 13  -7541.355500728  0.232052E-06     125.651     3        1.46    124.12      0.25    0.4404E-04  0.7094E-07  0.2809E-04
| ------------------------------------------------------------------------------------------------------------------------
| REACH CONVERGENCE AFTER  13 CYCLES
| MAX ERROR = 0.440359E-04   RMS CHANGE = 0.709431E-07   MAX CHANGE = 0.280942E-04
| -----------------------------------------------
 ALPHA ELECTRON DENSITY    =   683.0020091520
 BETA ELECTRON DENSITY     =   683.0020091520
 ELECTRONIC ENERGY    = -49150.481022890
 CORE_CORE REPULSION  =  41609.125522162
 TOTAL ENERGY         =  -7541.355500728

 @ End Energy calculation


 @ Begin Gradient Calculation

 ANALYTICAL GRADIENT: 
----------------------------------------
 COORDINATE    XYZ            GRADIENT
----------------------------------------
    1X     1.9680001503     0.0415321604
    1Y     0.0140000011     0.0130423161
    1Z     0.0250000019    -0.0134763864
    2X    -0.4000000305    -0.0057637707
    2Y     0.4790000366    -0.0028478670
    2Z    -0.4050000309     0.0272474073
    3X    -2.2270001701    -0.0301184086
    3Y     1.2800000977    -0.0110929301
    3Z    -1.8380001404     0.0197251585
    4X    -3.2580002488     0.0526526420
    4Y     1.5840001210     0.0611173087
    4Z    -5.4670004175     0.0105135405
    5X    -0.5930000453     0.0217240657
    5Y     3.6680002801     0.0006198492
    5Z    -3.6790002809     0.0536053573
    6X     0.0870000066    -0.0328352188
    6Y     0.0190000015    -0.0303908289
    6Z    -3.3130002530     0.0444600020
    7X    -1.5530001186    -0.0169826319
    7Y     3.0130002301    -0.0621228788
    7Z     0.3570000273     0.0069597028
    8X     3.4880002664    -0.0572404223
    8Y     2.1380001633     0.0007446181
    8Z     1.1750000897    -0.0384837869
    9X     1.3110001001     0.0057868045
    9Y    -0.5830000445     0.0556814540
    9Z     3.7220002842     0.0043383285
   10X    -0.3020000231     0.0438476348
   10Y    -2.6920002056    -0.0129843330
   10Z     2.4680001885     0.0350470256
   11X    -1.1040000843    -0.0405064910
   11Y    -2.2290001702     0.0063377812
   11Z    -0.2580000197     0.0492127542
   12X     5.3280004069     0.0592670457
   12Y     3.6900002818     0.0985851967
   12Z     0.9200000703    -0.0530649611
   13X     0.3740000286    -0.0761069612
   13Y    -1.8490001412    -0.0169829942
   13Z     5.5740004257     0.1053135752
   14X    -2.0840001591    -0.0495426715
   14Y    -4.2530003248    -0.1159428102
   14Z     1.8870001441    -0.0340222892
   15X    -1.7000001298    -0.0578971313
   15Y    -2.1010001604     0.0552225738
   15Z    -2.6080001992    -0.1015671502
   16X    -2.5920001979    -0.0918744669
   16Y     4.8640003714     0.0551067128
   16Z     1.5350001172     0.0692567318
   17X    -0.6250000477     0.0358621406
   17Y     5.6500004315     0.1177514996
   17Z    -5.0810003880    -0.0393806801
   18X     0.8790000671     0.0042162313
   18Y    -1.1010000841    -0.0948982455
   18Z    -5.3100004055    -0.0861254672
   19X    -4.5680003488    -0.0433164760
   19Y     1.3610001039     0.0415101610
   19Z    -7.4900005720    -0.1112967366
   20X     1.7860001364    -0.0145864187
   20Y     0.3710000283    -0.0018299571
   20Z     1.4710001123     0.0106370674
   21X     1.4490001107     0.0128949318
   21Y    -0.9050000691     0.0019118539
   21Z     2.2600001726    -0.0200549760
   22X     0.1170000089     0.0087185417
   22Y    -1.4520001109     0.0216362562
   22Z     1.7280001320    -0.0068924112
   23X     0.2470000189     0.0292426855
   23Y    -1.7860001364    -0.0081103917
   23Z     0.2320000177    -0.0015336608
   24X     0.6940000530     0.0008369232
   24Y    -0.5350000409    -0.0378141001
   24Z    -0.5450000416    -0.0158478597
   25X    -0.7980000609     0.0122340151
   25Y     1.4800001130     0.0339990766
   25Z    -1.4500001107    -0.0158123427
   26X    -0.6610000505     0.0136696290
   26Y     2.8870002205     0.0072796245
   26Z    -0.8430000644    -0.0277336796
   27X    -0.0330000025    -0.0021067678
   27Y     1.4200001084     0.0093196026
   27Z    -2.7880002129     0.0078901885
   28X    -2.3760001814    -0.0035855688
   28Y     1.9440001485     0.0169276701
   28Z    -3.1760002425    -0.0106786244
   29X    -0.9570000731     0.0008530869
   29Y     2.2070001685    -0.0225527488
   29Z    -3.7360002853    -0.0081551773
   30X    -3.1700002421    -0.0012190949
   30Y     0.9930000758    -0.0047656496
   30Z    -4.0920003125     0.0086867174
   31X     3.1000002367     0.0020960420
   31Y     0.9540000729    -0.0171001468
   31Z     2.0110001536     0.0283717892
   32X     4.8520003705    -0.0068848774
   32Y     2.6520002025    -0.0713391273
   32Z     1.5410001177     0.0664952879
   33X     5.7190004367     0.0065782410
   33Y     1.9360001478    -0.0210434716
   33Z     2.5950001982     0.0138745337
   34X     7.0080005352     0.0041457727
   34Y     2.7380002091     0.0179426520
   34Z     2.8520002178    -0.0088620660
   35X     7.8360005984    -0.0044474403
   35Y     2.0170001540    -0.0218717428
   35Z     3.9340003004     0.0137065635
   36X     9.1440006983     0.0091633651
   36Y     2.7830002125     0.0237208141
   36Z     4.2110003216    -0.0132995199
   37X     9.9320007584    -0.0092952788
   37Y     2.0520001567    -0.0251458020
   37Z     5.3160004060     0.0130888580
   38X    11.2540008594     0.0089584470
   38Y     2.7890002130     0.0239932244
   38Z     5.6100004284    -0.0140497137
   39X    12.0160009176    -0.0186168616
   39Y     2.0440001561    -0.0322666882
   39Z     6.7260005136     0.0130712113
   40X    13.3480010193     0.0026480830
   40Y     2.7580002106     0.0146114892
   40Z     7.0280005367    -0.0092754445
   41X    14.1860010833     0.0149072119
   41Y     2.2850001745     0.0068416704
   41Z     7.9620006080     0.0036518245
   42X    13.8380010567    -0.0310009495
   42Y     1.0230000781    -0.0257909783
   42Z     8.7790006704     0.0032292099
   43X    14.9720011433     0.0230333103
   43Y     0.7170000548     0.0155274802
   43Z     9.7790007468     0.0024015872
   44X    14.5940011145    -0.0256030572
   44Y    -0.4970000380    -0.0163440737
   44Z    10.6510008134    -0.0013723923
   45X    15.7140012000     0.0264469229
   45Y    -0.7860000600     0.0132991350
   45Z    11.6740008915     0.0011424477
   46X    15.2470011643    -0.0270665292
   46Y    -1.8690001427    -0.0125823751
   46Z    12.6640009671    -0.0013937434
   47X    16.3820012510     0.0282807796
   47Y    -2.2080001686     0.0115991691
   47Z    13.6580010430    -0.0021732341
   48X     1.1510000879     0.0596425098
   48Y    -1.8380001404    -0.0166321691
   48Z     4.5330003462    -0.0793130231
   49X     2.0040001530     0.0150170224
   49Y    -3.0730002347    -0.0133706208
   49Z     4.1880003198    -0.0103015518
   50X     1.7990001374    -0.0112229579
   50Y    -4.2120003216    -0.0004674048
   50Z     5.2020003972     0.0180328683
   51X     2.6410002017     0.0173879103
   51Y    -5.4070004129    -0.0010498966
   51Z     4.7120003598    -0.0224854879
   52X     2.3900001825    -0.0177386490
   52Y    -6.6610005087    -0.0033225288
   52Z     5.5700004253     0.0224361002
   53X     3.1980002442     0.0183063269
   53Y    -7.8270005977     0.0034825373
   53Z     4.9680003794    -0.0241336812
   54X     2.9230002232    -0.0185903426
   54Y    -9.1270006970    -0.0034484365
   54Z     5.7460004388     0.0210220631
   55X     3.7400002856     0.0216591675
   55Y   -10.2760007847     0.0126185255
   55Z     5.1260003914    -0.0311132092
   56X     3.4710002651    -0.0122880575
   56Y   -11.5790008842     0.0016686309
   56Z     5.9040004509     0.0122908617
   57X     4.1640003180    -0.0023293576
   57Y   -12.6960009695    -0.0148478566
   57Z     5.6420004308     0.0077913608
   58X     5.2540004012     0.0174035407
   58Y   -12.7200009713     0.0263447417
   58Z     4.5500003475    -0.0270627642
   59X     5.8500004467    -0.0081494929
   59Y   -14.1380010796    -0.0224011879
   59Z     4.4560003403     0.0174657194
   60X     6.9380005298     0.0085069860
   60Y   -14.1790010828     0.0238231144
   60Z     3.3640002569    -0.0178506214
   61X     7.5380005756    -0.0031930727
   61Y   -15.5980011911    -0.0192477758
   61Z     3.2840002508     0.0249531431
   62X     8.6240006586     0.0071022806
   62Y   -15.6470011949     0.0217938480
   62Z     2.1890001672    -0.0178912670
   63X     9.2240007044    -0.0090994623
   63Y   -17.0650013031    -0.0227300401
   63Z     2.1140001614     0.0183631184
   64X    -1.7290001320     0.0171434476
   64Y    -3.0280002312     0.0946122814
   64Z     2.1370001632     0.0231902038
   65X    -2.7590002107    -0.0100949773
   65Y    -1.8850001439     0.0214532271
   65Z     2.0860001593    -0.0071647208
   66X    -4.2120003216    -0.0093691190
   66Y    -2.3810001818    -0.0196345380
   66Z     2.0020001529    -0.0026887086
   67X    -5.0840003882     0.0091410684
   67Y    -1.1110000848     0.0256332056
   67Z     2.0150001539     0.0055045428
   68X    -6.5520005003    -0.0120767858
   68Y    -1.4160001081    -0.0260596774
   68Z     1.6720001277    -0.0080939724
   69X    -7.3140005585     0.0132852668
   69Y    -0.0760000058     0.0273805083
   69Z     1.6620001269     0.0074794777
   70X    -8.7690006696    -0.0123078242
   70Y    -0.2850000218    -0.0257156813
   70Z     1.2070000922    -0.0084791898
   71X    -9.4970007252     0.0245875888
   71Y     1.0720000819     0.0305132006
   71Z     1.2320000941     0.0120982651
   72X   -10.9560008366    -0.0034263257
   72Y     0.8860000677    -0.0158360444
   72Z     0.7750000592    -0.0054140408
   73X   -11.8380009040    -0.0163767982
   73Y     1.8900001443    -0.0006921957
   73Z     0.8730000667    -0.0051418311
   74X   -11.4180008719     0.0327275428
   74Y     3.2580002488     0.0165403233
   74Z     1.4480001106     0.0163656444
   75X   -12.6160009634    -0.0273166862
   75Y     4.2240003226    -0.0076732288
   75Z     1.3990001068    -0.0105819099
   76X   -12.2060009321     0.0286989354
   76Y     5.5960004273     0.0075211987
   76Z     1.9720001506     0.0115577829
   77X   -13.4170010246    -0.0288020023
   77Y     6.5510005003    -0.0069738606
   77Z     1.9330001476    -0.0105380292
   78X   -13.0160009940     0.0278094371
   78Y     7.9280006054     0.0067281097
   78Z     2.4960001906     0.0091114807
   79X   -14.2310010867    -0.0284640080
   79Y     8.8770006779    -0.0088541561
   79Z     2.4580001877    -0.0095204115
   80X    -1.0540000805     0.0676170459
   80Y    -2.7280002083    -0.0511356271
   80Z    -1.6700001275     0.0546352697
   81X    -0.3550000271     0.0009206362
   81Y    -4.0630003103    -0.0292405073
   81Z    -1.9780001510     0.0021681645
   82X     0.0740000057    -0.0075395778
   82Y    -4.0880003122     0.0130546989
   82Z    -3.4560002639    -0.0143574354
   83X     1.0640000813     0.0130784772
   83Y    -5.2480004008    -0.0165144230
   83Z    -3.6680002801     0.0188181854
   84X     1.4510001108    -0.0128257068
   84Y    -5.3400004078     0.0137392313
   84Z    -5.1560003937    -0.0224488549
   85X     2.6080001992     0.0150560223
   85Y    -6.3440004845    -0.0137412424
   85Z    -5.3140004058     0.0244238841
   86X     2.9240002233    -0.0152245808
   86Y    -6.5400004994     0.0130019032
   86Z    -6.8100005200    -0.0236366815
   87X     4.1400003161     0.0163338238
   87Y    -7.4750005708    -0.0106640178
   87Z    -6.9500005307     0.0358672127
   88X     4.3900003352    -0.0106130796
   88Y    -7.7850005945     0.0093385147
   88Z    -8.4380006444    -0.0096921695
   89X     5.4190004138     0.0027163401
   89Y    -8.5610006538    -0.0070752915
   89Z    -8.8080006726    -0.0169171519
   90X     6.4100004895     0.0055901169
   90Y    -9.0980006948     0.0036086172
   90Z    -7.7560005923     0.0408269051
   91X     7.4850005716     0.0007252481
   91Y    -9.9590007605    -0.0054402674
   91Z    -8.4460006450    -0.0289377238
   92X     8.5040006494    -0.0002150621
   92Y   -10.4490007979     0.0068141504
   92Z    -7.3980005649     0.0312413632
   93X     9.5800007316     0.0005117111
   93Y   -11.3110008638    -0.0061515304
   93Z    -8.0870006176    -0.0303722897
   94X    10.6150008106    -0.0004576392
   94Y   -11.7820008997     0.0074538155
   94Z    -7.0460005381     0.0300577280
   95X    11.6860008924    -0.0012192903
   95Y   -12.6490009659    -0.0057005139
   95Z    -7.7380005909    -0.0319241747
   96X    -1.5970001220     0.0822730503
   96Y     4.4440003394    -0.0020001567
   96Z     0.8120000620    -0.0490640850
   97X    -0.4560000348     0.0212647567
   97Y     5.4110004132     0.0081229324
   97Z     0.4410000337    -0.0141467323
   98X    -0.6270000479    -0.0149832586
   98Y     6.7530005157     0.0043150407
   98Z     1.1730000896     0.0144497893
   99X     0.5400000412     0.0204983161
   99Y     7.6740005860    -0.0031915076
   99Z     0.7680000586    -0.0174707883
  100X     0.4260000325    -0.0205635252
  100Y     9.0250006892     0.0072776753
  100Z     1.4960001142     0.0189836370
  101X     1.6130001232     0.0215596342
  101Y     9.9180007574    -0.0077218477
  101Z     1.0880000831    -0.0200769894
  102X     1.5220001162    -0.0216211793
  102Y    11.2690008605     0.0075495595
  102Z     1.8230001392     0.0190649712
  103X     2.7160002074     0.0253374476
  103Y    12.1530009280    -0.0179508289
  103Z     1.4160001081    -0.0261822675
  104X     2.6330002011    -0.0131501352
  104Y    13.5050010313     0.0016994410
  104Z     2.1510001643     0.0101869544
  105X     3.5660002723    -0.0001871058
  105Y    14.4460011032     0.0148395000
  105Z     1.9550001493     0.0076273631
  106X     4.7420003621     0.0125091813
  106Y    14.1970010841    -0.0299119716
  106Z     0.9890000755    -0.0243266732
  107X     5.6580004321    -0.0037797615
  107Y    15.4360011788     0.0249195085
  107Z     0.9540000729     0.0157925375
  108X     6.8310005216     0.0045741944
  108Y    15.1820011594    -0.0256722236
  108Z    -0.0130000010    -0.0159245682
  109X     7.7490005917    -0.0045656451
  109Y    16.4190012538     0.0254549304
  109Z    -0.0520000040     0.0165105983
  110X     8.9230006814     0.0041819411
  110Y    16.1650012344    -0.0259906477
  110Z    -1.0200000779    -0.0161716887
  111X     9.8420007516    -0.0052254164
  111Y    17.4020013289     0.0250861805
  111Z    -1.0590000809     0.0168160158
  112X    -1.1170000853    -0.0433661396
  112Y     4.4720003415    -0.0925076071
  112Z    -4.8390003695     0.0082258010
  113X    -2.2780001740    -0.0225772171
  113Y     3.9420003010    -0.0261545940
  113Z    -5.7000004353    -0.0114785657
  114X    -2.8580002182     0.0042777993
  114Y     4.9920003812     0.0170058401
  114Z    -6.6600005086    -0.0023467021
  115X    -4.0440003088    -0.0119591797
  115Y     4.3100003291    -0.0262491344
  115Z    -7.3760005633     0.0052178334
  116X    -4.7830003652     0.0059839888
  116Y     5.2850004036     0.0264846216
  116Z    -8.3080006344    -0.0068238794
  117X    -5.9850004570    -0.0079059733
  117Y     4.5470003472    -0.0281009293
  117Z    -8.9320006821     0.0076032426
  118X    -6.7360005144     0.0058572943
  118Y     5.4880004191     0.0268364867
  118Z    -9.8920007554    -0.0051725865
  119X    -7.9380006062    -0.0042477597
  119Y     4.7520003629    -0.0382861824
  119Z   -10.5140008029     0.0135438914
  120X    -8.6580006612     0.0075578565
  120Y     5.7000004353     0.0162338595
  120Z   -11.4940008777    -0.0004953344
  121X    -9.7280007429    -0.0086613691
  121Y     5.2950004043     0.0097114541
  121Z   -12.1920009310    -0.0118209729
  122X   -10.2920007859     0.0082256206
  122Y     3.8680002954    -0.0335262870
  122Z   -12.0320009188     0.0214865247
  123X   -11.5180008796    -0.0102162905
  123Y     3.7000002825     0.0211831732
  123Z   -12.9500009889    -0.0172114707
  124X   -12.0990009239     0.0091470483
  124Y     2.2800001741    -0.0216524322
  124Z   -12.8000009775     0.0189738341
  125X   -13.3200010172    -0.0092740630
  125Y     2.1200001619     0.0216801350
  125Z   -13.7260010482    -0.0190864250
  126X   -13.9070010620     0.0104752183
  126Y     0.7010000535    -0.0217879489
  126Z   -13.5780010369     0.0186066076
  127X   -15.1280011552    -0.0102755386
  127Y     0.5430000415     0.0228850723
  127Z   -14.5060011077    -0.0175792781
  128X     0.9380000716     0.0173955568
  128Y    -0.0450000034     0.0860844472
  128Z    -4.5540003478     0.0404489627
  129X     1.8960001448     0.0150096361
  129Y     1.1020000842     0.0185375830
  129Z    -4.9440003775     0.0056271887
  130X     2.4910001902    -0.0029195200
  130Y     0.8410000642    -0.0162933942
  130Z    -6.3420004843    -0.0100843443
  131X     3.2680002496     0.0025794528
  131Y     2.0900001596     0.0232602225
  131Z    -6.8060005197     0.0106734128
  132X     3.9170002991    -0.0007686999
  132Y     1.8330001400    -0.0239555813
  132Z    -8.1820006248    -0.0157293613
  133X     4.6060003517    -0.0004747139
  133Y     3.1220002384     0.0261370742
  133Z    -8.6740006624     0.0147967165
  134X     5.3340004073     0.0021508362
  134Y     2.8560002181    -0.0251853187
  134Z   -10.0080007642    -0.0137661366
  135X     5.9900004574    -0.0060222184
  135Y     4.1600003177     0.0310797283
  135Z   -10.5030008020     0.0255121699
  136X     6.7720005171    -0.0003083619
  136Y     3.8950002974    -0.0155063764
  136Z   -11.8060009016    -0.0063965088
  137X     7.4020005652     0.0096797131
  137Y     4.8940003737    -0.0025288658
  137Z   -12.4390009499    -0.0140157077
  138X     7.3370005603    -0.0168194687
  138Y     6.3350004838     0.0189372007
  138Z   -11.8940009083     0.0321079507
  139X     8.1460006221     0.0147836121
  139Y     7.2800005559    -0.0086163804
  139Z   -12.8040009778    -0.0233499723
  140X     8.0600006155    -0.0138784913
  140Y     8.7200006659     0.0090922472
  140Z   -12.2580009361     0.0259560648
  141X     8.8620006767     0.0146515488
  141Y     9.6750007388    -0.0081495610
  141Z   -13.1640010053    -0.0250221833
  142X     8.7680006696    -0.0157717050
  142Y    11.1130008486     0.0082367036
  142Z   -12.6150009633     0.0256115465
  143X     9.5720007310     0.0151467783
  143Y    12.0700009217    -0.0094066204
  143Z   -13.5180010323    -0.0244021299
  144X    -4.2020003209     0.0043359435
  144Y     0.8360000638    -0.0529741365
  144Z    -6.3600004857     0.0717586038
  145X    -4.6780003572    -0.0015557412
  145Y    -0.5790000442    -0.0218294482
  145Z    -5.9900004574     0.0175555190
  146X    -5.5140004211    -0.0030365730
  146Y    -1.1490000877     0.0106225058
  146Z    -7.1500005460    -0.0209761252
  147X    -6.0000004582     0.0045169995
  147Y    -2.5560001952    -0.0151503516
  147Z    -6.7580005161     0.0238175727
  148X    -6.8470005229    -0.0073582376
  148Y    -3.1520002407     0.0129737489
  148Z    -7.8980006031    -0.0269538272
  149X    -7.3180005588     0.0063891317
  149Y    -4.5560003479    -0.0133730903
  149Z    -7.4780005710     0.0267784346
  150X    -8.1620006233    -0.0066264621
  150Y    -5.1860003960     0.0132888557
  150Z    -8.5990006567    -0.0252764850
  151X    -8.6100006575     0.0149482012
  151Y    -6.5880005031    -0.0094472131
  151Z    -8.1500006224     0.0366422140
  152X    -9.4550007220    -0.0019987899
  152Y    -7.2540005539     0.0107167445
  152Z    -9.2520007065    -0.0141266519
  153X    -9.9460007595    -0.0097472947
  153Y    -8.4890006483    -0.0094575929
  153Z    -9.0720006928    -0.0114158304
  154X    -9.6720007386     0.0202647536
  154Y    -9.2520007065     0.0066938056
  154Z    -7.7600005926     0.0356716704
  155X   -10.3500007904    -0.0153729773
  155Y   -10.6340008121    -0.0095099447
  155Z    -7.8070005962    -0.0226925651
  156X   -10.0700007690     0.0181478079
  156Y   -11.3880008696     0.0093181681
  156Z    -6.4920004958     0.0235236126
  157X   -10.7480008208    -0.0159756873
  157Y   -12.7710009752    -0.0100673176
  157Z    -6.5330004989    -0.0232044669
  158X   -10.4710007996     0.0152183482
  158Y   -13.5270010330     0.0105953822
  158Z    -5.2200003986     0.0221776086
  159X   -11.1500008515    -0.0167532273
  159Y   -14.9100011386    -0.0082712457
  159Z    -5.2640004020    -0.0237006938
  160X   -10.8760008305     0.0135557167
  160Y   -15.6720011968     0.0116571263
  160Z    -3.9520003018     0.0167627514
  161X   -11.5540008823    -0.0075994280
  161Y   -17.0550013024    -0.0103114275
  161Z    -3.9980003053    -0.0079151067
  162X    10.3060007870     0.0025558568
  162Y   -17.1160013070     0.0216681282
  162Z     1.0160000776    -0.0129559914
  163X    10.9100008331     0.0008118236
  163Y   -18.5330014153    -0.0145721313
  163Z     0.9400000718     0.0048370118
  164X    15.8540012107    -0.0251522296
  164Y    -3.1850002432    -0.0024202162
  164Z    14.7320011250     0.0003220050
  165X    17.0300013005     0.0155714290
  165Y    -3.7630002874    -0.0035741812
  165Z    15.5470011872     0.0019129469
  166X    12.7280009720    -0.0039287154
  166Y   -13.1190010018     0.0075077319
  166Z    -6.7010005117     0.0246988403
  167X    13.7960010535     0.0059617699
  167Y   -13.9900010683    -0.0069966175
  167Z    -7.3920005645    -0.0123507751
  168X   -13.8340010564     0.0254085835
  168Y    10.2580007833     0.0017471212
  168Z     3.0170002304     0.0081248318
  169X   -15.0500011493    -0.0147987617
  169Y    11.2060008557     0.0025238307
  169Z     2.9770002273    -0.0035517047
  170X   -15.7140012000     0.0117063347
  170Y    -0.8760000669    -0.0144062940
  170Z   -14.3600010966     0.0164344621
  171X   -16.9340012931    -0.0088013027
  171Y    -1.0380000793     0.0059194241
  171Z   -15.2880011675    -0.0103704388
  172X    11.0160008412    -0.0003783001
  172Y    17.1490013096    -0.0229884722
  172Z    -2.0270001548    -0.0114264685
  173X    11.9360009115     0.0021552968
  173Y    18.3850014039     0.0140670779
  173Z    -2.0680001579     0.0039656152
  174X     9.4780007238    -0.0133753959
  174Y    13.5080010315     0.0020550547
  174Z   -12.9710009905     0.0211718561
  175X    10.2820007852     0.0093738581
  175Y    14.4670011048     0.0029926772
  175Z   -13.8720010593    -0.0118711672
  176X     0.9870000754     0.0018830776
  176Y     1.1060000845    -0.0005494599
  176Z     1.5770001204     0.0036094322
  177X     2.2470001716    -0.0033602420
  177Y    -1.6290001244     0.0010104732
  177Z     2.0990001603    -0.0026338672
  178X    -0.6200000473     0.0034499748
  178Y    -0.6640000507     0.0012044654
  178Z     1.8630001423    -0.0020445394
  179X     0.9820000750    -0.0012437107
  179Y    -2.5800001970     0.0026368700
  179Z     0.1080000082     0.0029377955
  180X     0.8530000651    -0.0070391910
  180Y    -0.8040000614    -0.0082091386
  180Z    -1.5850001210    -0.0005394550
  181X    -0.9590000732    -0.0014408208
  181Y     3.6320002774     0.0012556602
  181Z    -1.5760001203     0.0007493816
  182X     0.3780000289    -0.0020501150
  182Y     3.0480002328     0.0002085807
  182Z    -0.5540000423    -0.0009674723
  183X     0.9480000724    -0.0017750489
  183Y     1.8840001439     0.0016714864
  183Z    -2.6910002055     0.0008029350
  184X    -2.9110002223     0.0006529450
  184Y     2.8830002202    -0.0022121034
  184Z    -3.0460002326    -0.0029257442
  185X    -0.8640000660    -0.0005365773
  185Y     1.8340001401    -0.0037735239
  185Z    -4.7560003632    -0.0001764108
  186X    -4.1690003184     0.0012887193
  186Y     0.8630000659     0.0008051253
  186Z    -3.6760002807     0.0004603968
  187X    -2.6610002032    -0.0006337777
  187Y     0.0300000023     0.0013347167
  187Z    -4.1360003158    -0.0010471582
  188X     3.8710002956    -0.0031155888
  188Y     0.1870000143     0.0004787162
  188Z     1.9490001488     0.0005997101
  189X     2.9630002263     0.0019585868
  189Y     1.2580000961     0.0006185410
  189Z     3.0490002328    -0.0005651585
  190X     5.9860004571     0.0036413558
  190Y     0.9420000719     0.0049745942
  190Z     2.2340001706    -0.0001449049
  191X     5.1630003943     0.0031784898
  191Y     1.8480001411     0.0050285247
  191Z     3.5280002694    -0.0020697451
  192X     6.7520005156    -0.0005078130
  192Y     3.7410002857    -0.0029923867
  192Z     3.1940002439     0.0028741066
  193X     7.5870005794     0.0008610901
  193Y     2.8050002142    -0.0038857041
  193Z     1.9300001474     0.0014111358
  194X     8.0740006166     0.0001639143
  194Y     1.0080000770     0.0050558924
  194Z     3.5940002745    -0.0015860035
  195X     7.2510005537     0.0014011476
  195Y     1.9570001494     0.0035467854
  195Z     4.8520003705    -0.0042118431
  196X     8.9100006804    -0.0008828390
  196Y     3.7970002900    -0.0043871593
  196Z     4.5380003465     0.0012843674
  197X     9.7420007439    -0.0019967319
  197Y     2.8250002157    -0.0032574824
  197Z     3.3010002521     0.0035274141
  198X    10.1510007752     0.0007102127
  198Y     1.0350000790     0.0051202635
  198Z     4.9900003811    -0.0010767681
  199X     9.3300007125     0.0018976750
  199Y     2.0160001539     0.0031937584
  199Z     6.2250004754    -0.0031030783
  200X    11.0400008431    -0.0011470489
  200Y     3.8080002908    -0.0043702585
  200Z     5.9350004532     0.0013198923
  201X    11.8650009061    -0.0022392849
  201Y     2.8160002150    -0.0032107780
  201Z     4.7080003595     0.0032206034
  202X    12.2180009330     0.0011232113
  202Y     1.0230000781     0.0055666626
  202Z     6.4030004890    -0.0015834385
  203X    11.4020008707     0.0020824693
  203Y     2.0230001545     0.0037640655
  203Z     7.6270005824    -0.0033474925
  204X    13.6160010398     0.0031774208
  204Y     3.6560002792     0.0009015075
  204Z     6.4720004942     0.0013977309
  205X    15.1240011549     0.0000966012
  205Y     2.8070002144     0.0032061906
  205Z     8.1520006225    -0.0026532745
  206X    13.7120010471     0.0042691827
  206Y     0.1750000134     0.0037434128
  206Z     8.1060006190     0.0017512226
  207X    12.9120009860     0.0059491969
  207Y     1.1930000911     0.0020550379
  207Z     9.3260007122    -0.0007642074
  208X    15.1280011552    -0.0034366865
  208Y     1.5850001210    -0.0032499752
  208Z    10.4200007957    -0.0012904793
  209X    15.8920012136    -0.0040071105
  209Y     0.5030000384    -0.0020657955
  209Z     9.2320007050     0.0004317364
  210X    14.4440011030     0.0037072030
  210Y    -1.3720001048     0.0034412751
  210Z    10.0180007650     0.0013920541
  211X    13.6700010439     0.0054290277
  211Y    -0.2750000210     0.0015799144
  211Z    11.1840008541    -0.0010950605
  212X    15.9460012177    -0.0036767990
  212Y     0.1240000095    -0.0033935926
  212Z    12.2280009338    -0.0007394137
  213X    16.6060012681    -0.0055687319
  213Y    -1.1270000861    -0.0010820707
  213Z    11.1500008515     0.0009501427
  214X    14.9660011429     0.0036150374
  214Y    -2.7680002114     0.0030403742
  214Z    12.1140009251     0.0003934916
  215X    14.3820010983     0.0049640106
  215Y    -1.4990001145     0.0010123371
  215Z    13.2150010091    -0.0009421494
  216X    16.7450012787    -0.0033412829
  216Y    -1.2970000990    -0.0021590297
  216Z    14.1380010796    -0.0001928653
  217X    17.2020013136    -0.0052710994
  217Y    -2.6740002042    -0.0000003987
  217Z    13.1120010013     0.0012330131
  218X     3.0550002333    -0.0047788576
  218Y    -2.7870002128    -0.0038682650
  218Z     4.1720003186     0.0029354577
  219X     1.7180001312    -0.0020354547
  219Y    -3.4420002628    -0.0016144931
  219Z     3.2030002446     0.0012445778
  220X     0.7440000568     0.0011183762
  220Y    -4.4890003428    -0.0014980349
  220Z     5.2300003994    -0.0028372519
  221X     2.1250001623     0.0030523968
  221Y    -3.8990002977    -0.0005269676
  221Z     6.1940004730    -0.0030149128
  222X     3.6980002824    -0.0051605386
  222Y    -5.1450003929    -0.0001613804
  222Z     4.7520003629     0.0029104908
  223X     2.3690001809    -0.0014503282
  223Y    -5.6330004302     0.0004697743
  223Z     3.6820002812     0.0057410147
  224X     1.3280001014     0.0037683435
  224Y    -6.9060005274     0.0004235766
  224Z     5.5560004243    -0.0027362970
  225X     2.7080002068     0.0019462660
  225Y    -6.4780004947     0.0003704696
  225Z     6.5980005038    -0.0038741969
  226X     4.2620003255    -0.0041835293
  226Y    -7.5930005798    -0.0005403510
  226Z     5.0140003829     0.0027977768
  227X     2.9060002219    -0.0016283649
  227Y    -7.9680006085    -0.0003615619
  227Z     3.9270002999     0.0048515754
  228X     1.8610001421     0.0040758853
  228Y    -9.3660007152     0.0007449103
  228Z     5.6950004349    -0.0027305628
  229X     3.2150002455     0.0021132575
  229Y    -8.9950006869     0.0007304743
  229Z     6.7900005185    -0.0034701651
  230X     4.8020003667    -0.0035320355
  230Y   -10.0320007661    -0.0001336850
  230Z     5.1770003953     0.0036019214
  231X     3.4480002633    -0.0021260449
  231Y   -10.4100007949    -0.0004944788
  231Z     4.0840003119     0.0053845219
  232X     2.7060002066     0.0002790755
  232Y   -11.5940008854    -0.0037089676
  232Z     6.6800005101     0.0013379879
  233X     3.9510003017    -0.0030640556
  233Y   -13.6020010387     0.0005865884
  233Z     6.2110004743     0.0028575780
  234X     6.0420004614    -0.0026590135
  234Y   -12.0130009174    -0.0049828926
  234Z     4.8070003671     0.0021300011
  235X     4.8140003676    -0.0005886987
  235Y   -12.4450009503    -0.0041832620
  235Z     3.5920002743     0.0041632534
  236X     5.0600003864     0.0021071031
  236Y   -14.8470011338     0.0038283332
  236Z     4.2060003212    -0.0019115762
  237X     6.2890004803     0.0004106786
  237Y   -14.4100011004     0.0032761530
  237Z     5.4160004136    -0.0036633306
  238X     7.7250005899    -0.0024364973
  238Y   -13.4650010282    -0.0040727647
  238Z     3.6090002756     0.0016582278
  239X     6.4980004962    -0.0002134358
  239Y   -13.9160010627    -0.0035441925
  239Z     2.4020001834     0.0038815266
  240X     6.7500005155    -0.0028556012
  240Y   -16.3120012456    -0.0009028812
  240Z     2.9850002279    -0.0094925241
  241X     7.9820006095     0.0026690340
  241Y   -15.8580012110     0.0055454112
  241Z     4.2460003242    -0.0028316418
  242X     9.4100007186    -0.0032220862
  242Y   -14.9310011402    -0.0043178215
  242Z     2.4270001853     0.0019971629
  243X     8.1790006246    -0.0004306435
  243Y   -15.3890011752    -0.0033460685
  243Z     1.2270000937     0.0033748943
  244X     8.4360006442     0.0023549470
  244Y   -17.7810013578     0.0042266165
  244Z     1.8790001435    -0.0017079072
  245X     9.6700007384     0.0000845833
  245Y   -17.3220013228     0.0035181889
  245Z     3.0750002348    -0.0038615378
  246X    -2.5680001961    -0.0032615649
  246Y    -1.2730000972    -0.0022896208
  246Z     1.2050000920    -0.0009965575
  247X    -2.6430002018    -0.0037119436
  247Y    -1.2720000971    -0.0042815973
  247Z     2.9800002276    -0.0022927824
  248X    -4.4520003400     0.0006265263
  248Y    -3.0150002302     0.0045258728
  248Z     2.8560002181     0.0009403661
  249X    -4.3580003328     0.0006468598
  249Y    -2.9320002239     0.0040656758
  249Z     1.0730000819    -0.0001481997
  250X    -4.7010003590    -0.0022016539
  250Y    -0.4110000314    -0.0046841823
  250Z     1.2720000971     0.0003163199
  251X    -5.0310003842    -0.0012104698
  251Y    -0.6460000493    -0.0044854063
  251Z     3.0000002291    -0.0021626617
  252X    -6.9820005332     0.0022576567
  252Y    -2.0860001593     0.0038994727
  252Z     2.4190001847     0.0004649706
  253X    -6.6100005048     0.0013191209
  253Y    -1.8790001435     0.0044256264
  253Z     0.6870000525     0.0024918626
  254X    -6.8230005210    -0.0026501052
  254Y     0.6130000468    -0.0042631075
  254Z     0.9740000744     0.0001003023
  255X    -7.3040005578    -0.0014751562
  255Y     0.3520000269    -0.0041158249
  255Z     2.6650002035    -0.0024436206
  256X    -9.2680007077     0.0028242821
  256Y    -0.9810000749     0.0040975880
  256Z     1.8820001437     0.0002821202
  257X    -8.7800006705     0.0018020690
  257Y    -0.6880000525     0.0040974643
  257Z     0.1940000148     0.0026763954
  258X    -8.9940006868    -0.0032840135
  258Y     1.7690001351    -0.0049810521
  258Z     0.5620000429     0.0000767288
  259X    -9.4780007238    -0.0013217789
  259Y     1.4680001121    -0.0044718584
  259Z     2.2480001717    -0.0015256817
  260X   -11.2760008611    -0.0039825305
  260Y    -0.0720000055     0.0002430200
  260Z     0.3640000278    -0.0008669044
  261X   -12.8650009824     0.0000051743
  261Y     1.7360001326    -0.0037909337
  261Z     0.5420000414    -0.0014055841
  262X   -10.5960008092    -0.0045933530
  262Y     3.6660002799    -0.0011469688
  262Z     0.8570000654    -0.0012713944
  263X   -11.0960008473    -0.0048819798
  263Y     3.1360002395    -0.0006623214
  263Z     2.4820001895    -0.0034965735
  264X   -13.4340010259     0.0049030546
  264Y     3.8140002913     0.0017264858
  264Z     1.9910001520     0.0003601355
  265X   -12.9420009883     0.0040472568
  265Y     4.3450003318     0.0007434709
  265Z     0.3660000279     0.0030435552
  266X   -11.3940008701    -0.0045523200
  266Y     6.0120004591    -0.0014665947
  266Z     1.3740001049    -0.0005368186
  267X   -11.8720009066    -0.0042805278
  267Y     5.4750004181    -0.0006100186
  267Z     3.0020002292    -0.0035127317
  268X   -14.2260010864     0.0048065408
  268Y     6.1350004685     0.0016220381
  268Z     2.5340001935     0.0003029010
  269X   -13.7540010503     0.0042745633
  269Y     6.6660005090     0.0007271746
  269Z     0.9030000690     0.0033583816
  270X   -12.2080009322    -0.0046705218
  270Y     8.3460006373    -0.0016041618
  270Z     1.8950001447    -0.0001475598
  271X   -12.6760009680    -0.0038166901
  271Y     7.8150005968    -0.0007041227
  271Z     3.5270002693    -0.0023609389
  272X   -15.0360011482     0.0057075711
  272Y     8.4590006460     0.0019012622
  272Z     3.0600002337    -0.0005631944
  273X   -14.5720011128     0.0041322435
  273Y     8.9870006863     0.0005091403
  273Z     1.4280001090     0.0030455300
  274X    -1.0350000790     0.0029589723
  274Y    -4.8910003735     0.0002101880
  274Z    -1.7770001357    -0.0068470656
  275X     0.5270000402    -0.0002500479
  275Y    -4.1630003179     0.0039817152
  275Z    -1.3470001029    -0.0057369695
  276X     0.5660000432     0.0031063468
  276Y    -3.1470002403    -0.0014887921
  276Z    -3.7060002830     0.0043887986
  277X    -0.8040000614     0.0004126037
  277Y    -4.2180003221    -0.0036158573
  277Z    -4.0900003123     0.0019919051
  278X     0.6070000464    -0.0011995170
  278Y    -6.1870004725     0.0043619969
  278Z    -3.3530002560    -0.0032323973
  279X     1.9580001495    -0.0037097433
  279Y    -5.0650003868     0.0022667704
  279Z    -3.0720002346    -0.0039365252
  280X     1.7740001355     0.0018920603
  280Y    -4.3610003330    -0.0033775452
  280Z    -5.5120004209     0.0031404139
  281X     0.5890000450     0.0025395149
  281Y    -5.6710004331    -0.0014355876
  281Z    -5.7360004380     0.0035459745
  282X     2.3230001774    -0.0015098373
  282Y    -7.3010005575     0.0039926215
  282Z    -4.8770003724    -0.0035158571
  283X     3.4910002666    -0.0032963358
  283Y    -5.9620004553     0.0009080205
  283Z    -4.8010003666    -0.0038069562
  284X     3.1510002406     0.0018865343
  284Y    -5.5780004260    -0.0034589955
  284Z    -7.2680005550     0.0037885661
  285X     2.0610001574     0.0029073337
  285Y    -6.9860005335    -0.0009314500
  285Z    -7.3050005578     0.0038302803
  286X     3.9420003010    -0.0023897005
  286Y    -8.4060006419     0.0030670783
  286Z    -6.4180004901    -0.0040181821
  287X     5.0180003832    -0.0036370229
  287Y    -6.9910005339     0.0012249901
  287Z    -6.5220004980    -0.0039857258
  288X     3.7090002832     0.0013171726
  288Y    -7.3960005648    -0.0011118920
  288Z    -9.1960007022    -0.0039395673
  289X     5.5680004252    -0.0032351497
  289Y    -8.7930006715     0.0016614269
  289Z    -9.8620007531    -0.0016999347
  290X     5.8760004487     0.0010768212
  290Y    -9.7050007411    -0.0001046166
  290Z    -7.0250005365    -0.0057017855
  291X     6.8920005263    -0.0001283348
  291Y    -8.2600006308    -0.0023417511
  291Z    -7.2520005538    -0.0053952050
  292X     7.9990006108    -0.0006998601
  292Y    -9.3620007149    -0.0003024918
  292Z    -9.2000007025     0.0046639985
  293X     7.0120005355     0.0005362119
  293Y   -10.8170008260     0.0016285569
  293Z    -8.9260006816     0.0040778964
  294X     7.9910006102     0.0009623367
  294Y   -11.0440008434     0.0001823167
  294Z    -6.6420005072    -0.0050966018
  295X     8.9780006856    -0.0006557503
  295Y    -9.5900007323    -0.0027614908
  295Z    -6.9240005287    -0.0046975750
  296X    10.0820007699    -0.0008597058
  296Y   -10.7210008187    -0.0003446493
  296Z    -8.8540006761     0.0050144008
  297X     9.1090006956     0.0004739638
  297Y   -12.1790009300     0.0021139200
  297Z    -8.5500006529     0.0041739967
  298X    10.1140007723     0.0007332183
  298Y   -12.3690009445     0.0000888785
  298Z    -6.2750004792    -0.0046574602
  299X    11.0900008469    -0.0007312878
  299Y   -10.9150008335    -0.0025837537
  299Z    -6.5870005030    -0.0043210809
  300X    12.1830009303    -0.0014780167
  300Y   -12.0640009213    -0.0007663177
  300Z    -8.5100006499     0.0057695291
  301X    11.2120008562     0.0010405627
  301Y   -13.5180010323     0.0030755329
  301Z    -8.1920006256     0.0047557797
  302X    -0.4630000354    -0.0029425908
  302Y     5.5950004273     0.0031057174
  302Z    -0.6330000483     0.0046967599
  303X     0.4980000380    -0.0036988930
  303Y     4.9680003794     0.0036456921
  303Z     0.7280000556     0.0037022486
  304X    -0.6110000467     0.0036804446
  304Y     6.5870005030    -0.0004141761
  304Z     2.2500001718    -0.0022118943
  305X    -1.5750001203     0.0025710300
  305Y     7.2100005506     0.0006834786
  305Z     0.8870000677    -0.0032131447
  306X     0.5150000393    -0.0029869649
  306Y     7.8390005986     0.0001493052
  306Z    -0.3090000236     0.0046097817
  307X     1.4840001133    -0.0048144519
  307Y     7.1990005497     0.0010656608
  307Z     1.0370000792     0.0021281872
  308X     0.4450000340     0.0026685788
  308Y     8.8620006767    -0.0006528202
  308Z     2.5740001966    -0.0039347260
  309X    -0.5100000389     0.0038798773
  309Y     9.5120007264    -0.0013248295
  309Z     1.2190000931    -0.0021788216
  310X     1.5890001213    -0.0025818186
  310Y    10.0860007702     0.0005467858
  310Z     0.0110000008     0.0041671521
  311X     2.5480001946    -0.0038170894
  311Y     9.4230007196     0.0015300443
  311Z     1.3550001035     0.0021116295
  312X     1.5460001181     0.0026778166
  312Y    11.1000008476    -0.0009212802
  312Z     2.9000002215    -0.0039317659
  313X     0.5910000451     0.0040755872
  313Y    11.7680008986    -0.0019343938
  313Z     1.5540001187    -0.0021198120
  314X     2.6900002054    -0.0033135615
  314Y    12.3210009409     0.0007657446
  314Z     0.3390000259     0.0043391991
  315X     3.6450002783    -0.0050498346
  315Y    11.6500008896     0.0018519716
  315Z     1.6820001284     0.0023964196
  316X     1.8080001381     0.0003450437
  316Y    13.6990010461     0.0037469612
  316Z     2.8370002166     0.0015518246
  317X     3.4920002667    -0.0033877746
  317Y    15.3960011757    -0.0003804319
  317Z     2.4840001897     0.0022341179
  318X     4.3560003326     0.0000975928
  318Y    14.0050010695     0.0042640594
  318Z    -0.0120000009     0.0039401832
  319X     5.3150004059    -0.0012649624
  319Y    13.3340010182     0.0050116512
  319Z     1.3290001015     0.0019367443
  320X     6.0460004617     0.0000634829
  320Y    15.6290011935    -0.0034399639
  320Z     1.9540001492    -0.0037844236
  321X     5.0860003884     0.0013061789
  321Y    16.3000012447    -0.0042860478
  321Z     0.6140000469    -0.0016000412
  322X     6.4420004919     0.0001506224
  322Y    14.9870011445     0.0034400327
  322Z    -1.0130000774     0.0034889667
  323X     7.4010005652    -0.0014444369
  323Y    14.3170010933     0.0046765295
  323Z     0.3270000250     0.0013428292
  324X     8.1390006215    -0.0001380250
  324Y    16.6140012687    -0.0034987271
  324Z     0.9470000723    -0.0037853689
  325X     7.1790005482     0.0013198653
  325Y    17.2840013199    -0.0044450316
  325Z    -0.3930000300    -0.0015212761
  326X     8.5340006517     0.0003352462
  326Y    15.9700012195     0.0034585484
  326Z    -2.0190001542     0.0039724061
  327X     9.4920007248    -0.0016421276
  327Y    15.3000011684     0.0048449324
  327Z    -0.6800000519     0.0012408113
  328X    10.2310007813    -0.0004592391
  328Y    17.5970013438    -0.0035565464
  328Z    -0.0600000046    -0.0040393232
  329X     9.2720007080     0.0013791471
  329Y    18.2670013949    -0.0047511036
  329Z    -1.3990001068    -0.0012909061
  330X    -3.0840002355    -0.0035574265
  330Y     3.6370002777     0.0040728070
  330Z    -5.0380003847     0.0004687820
  331X    -1.9280001472     0.0018243684
  331Y     3.0920002361     0.0020648943
  331Z    -6.2840004799    -0.0036936683
  332X    -2.1040001607    -0.0011404908
  332Y     5.3010004048    -0.0045515100
  332Z    -7.3850005639    -0.0004268775
  333X    -3.2090002451    -0.0024710240
  333Y     5.8560004472    -0.0045604863
  333Z    -6.0960004655     0.0001250932
  334X    -4.7460003624     0.0016433845
  334Y     3.9390003008     0.0044844641
  334Z    -6.6290005062    -0.0004401371
  335X    -3.6710002803     0.0031740119
  335Y     3.4690002649     0.0022251482
  335Z    -7.9620006080    -0.0024394587
  336X    -4.1070003136    -0.0016270286
  336Y     5.6240004295    -0.0045775610
  336Z    -9.0930006944     0.0024908947
  337X    -5.1380003924    -0.0001957063
  337Y     6.1430004691    -0.0055081344
  337Z    -7.7360005908     0.0002525048
  338X    -6.6610005087     0.0018150361
  338Y     4.2200003223     0.0042232196
  338Z    -8.1420006218    -0.0022844061
  339X    -5.6290004299     0.0005672706
  339Y     3.6760002807     0.0046010102
  339Z    -9.4840007242    -0.0008172864
  340X    -6.0580004626    -0.0006764723
  340Y     5.8100004437    -0.0038005008
  340Z   -10.6860008160     0.0011658690
  341X    -7.0900005414    -0.0002127210
  341Y     6.3610004858    -0.0050499845
  341Z    -9.3430007135     0.0002394772
  342X    -8.6260006587     0.0026880663
  342Y     4.4480003397     0.0050516377
  342Z    -9.7260007427    -0.0023626435
  343X    -7.5860005793     0.0008982116
  343Y     3.8710002956     0.0054165513
  343Z   -11.0510008439    -0.0001638945
  344X    -8.2880006329    -0.0026090518
  344Y     6.7160005129     0.0013991261
  344Z   -11.6280008880    -0.0026867235
  345X   -10.2100007797     0.0022833599
  345Y     5.9890004573     0.0032510112
  345Z   -12.8800009836     0.0004454408
  346X   -10.5900008087    -0.0014557302
  346Y     3.7080002832     0.0034064728
  346Z   -10.9960008397    -0.0046143029
  347X    -9.5280007276    -0.0027953461
  347Y     3.1410002399     0.0043367449
  347Z   -12.3080009399    -0.0024161460
  348X   -11.2180008566     0.0008844963
  348Y     3.8610002948    -0.0028627160
  348Z   -13.9860010680     0.0036622795
  349X   -12.2780009376     0.0022054664
  349Y     4.4330003385    -0.0039253397
  349Z   -12.6780009681     0.0016423808
  350X   -12.4020009471    -0.0007090668
  350Y     2.1190001618     0.0029668112
  350Z   -11.7660008985    -0.0046511443
  351X   -11.3380008658    -0.0020318502
  351Y     1.5460001181     0.0034535907
  351Z   -13.0720009982    -0.0020600034
  352X   -13.0160009940     0.0007713902
  352Y     2.2810001742    -0.0028189312
  352Z   -14.7600011271     0.0043776911
  353X   -14.0800010752     0.0020177905
  353Y     2.8550002180    -0.0035659591
  353Z   -13.4550010275     0.0019953206
  354X   -14.2140010854    -0.0010416998
  354Y     0.5410000413     0.0028132290
  354Z   -12.5440009579    -0.0040078637
  355X   -13.1480010040    -0.0023970933
  355Y    -0.0340000026     0.0039723380
  355Z   -13.8480010575    -0.0019010988
  356X   -14.8200011317     0.0011406152
  356Y     0.7030000537    -0.0028181691
  356Z   -15.5400011867     0.0040120999
  357X   -15.8860012131     0.0030587330
  357Y     1.2780000976    -0.0042682231
  357Z   -14.2370010872     0.0017307449
  358X     2.7020002063    -0.0000811909
  358Y     1.1710000894    -0.0024474378
  358Z    -4.2140003218    -0.0065538151
  359X     1.3550001035    -0.0007428063
  359Y     2.0470001563    -0.0040254010
  359Z    -4.9720003797    -0.0050930631
  360X     1.6840001286     0.0002842130
  360Y     0.6380000487     0.0041429587
  360Z    -7.0460005381     0.0012101780
  361X     3.1590002412     0.0016612991
  361Y    -0.0200000015     0.0031236157
  361Z    -6.2980004809     0.0021995800
  362X     4.0450003089    -0.0019049563
  362Y     2.3260001776    -0.0043092124
  362Z    -6.0780004641    -0.0026265976
  363X     2.5800001970     0.0006028642
  363Y     2.9320002239    -0.0051545047
  363Z    -6.8840005257    -0.0018559455
  364X     3.1510002406     0.0016565293
  364Y     1.5360001173     0.0040436461
  364Z    -8.8980006795     0.0030757098
  365X     4.6560003556    -0.0007195855
  365Y     1.0360000791     0.0042980579
  365Z    -8.0890006177     0.0019941751
  366X     5.3300004070    -0.0014493019
  366Y     3.4530002637    -0.0040476981
  366Z    -7.9300006056    -0.0034184293
  367X     3.8560002945     0.0012963891
  367Y     3.9000002978    -0.0046177491
  367Z    -8.8170006733    -0.0015251817
  368X     4.6180003526     0.0003645382
  368Y     2.5030001911     0.0037144704
  368Z   -10.7520008211     0.0026316405
  369X     6.1020004660    -0.0015188288
  369Y     2.0980001602     0.0046624109
  369Z    -9.8560007526     0.0015292737
  370X     6.6740005097    -0.0014417867
  370Y     4.5310003460    -0.0050947775
  370Z    -9.7420007439    -0.0040664483
  371X     5.2140003982     0.0007013214
  371Y     4.9040003745    -0.0048125434
  371Z   -10.6880008162    -0.0019266417
  372X     6.8230005210     0.0021235438
  372Y     2.8840002202     0.0003155452
  372Z   -12.2100009324    -0.0033421993
  373X     7.9590006078    -0.0003305123
  373Y     4.6850003578    -0.0038269058
  373Z   -13.3520010196    -0.0003741640
  374X     7.7520005920     0.0014668847
  374Y     6.3630004859    -0.0012793312
  374Z   -10.8880008314    -0.0062258775
  375X     6.2980004809     0.0035565270
  375Y     6.6650005090    -0.0016267572
  375Z   -11.8680009063    -0.0039225868
  376X     7.7380005909    -0.0013860291
  376Y     7.2490005536     0.0013189975
  376Z   -13.8160010550     0.0037915410
  377X     9.1880007016    -0.0034898140
  377Y     6.9600005315     0.0017668068
  377Z   -12.8260009794     0.0029923430
  378X     8.4680006466     0.0011167313
  378Y     8.7490006681    -0.0012833296
  378Z   -11.2480008589    -0.0052935073
  379X     7.0150005357     0.0027146154
  379Y     9.0360006900    -0.0013302612
  379Z   -12.2360009344    -0.0033281284
  380X     8.4560006457    -0.0011978958
  380Y     9.6440007365     0.0010895131
  380Z   -14.1760010825     0.0044393232
  381X     9.9070007565    -0.0032375642
  381Y     9.3620007149     0.0014435528
  381Z   -13.1860010069     0.0030701030
  382X     9.1740007006     0.0011664769
  382Y    11.1430008509    -0.0010722323
  382Z   -11.6040008861    -0.0051172414
  383X     7.7240005898     0.0039149347
  383Y    11.4250008725    -0.0017611138
  383Z   -12.5940009617    -0.0031092260
  384X     9.1670007000    -0.0011476363
  384Y    12.0400009194     0.0010542894
  384Z   -14.5300011096     0.0049200766
  385X    10.6160008107    -0.0039517969
  385Y    11.7570008978     0.0015740546
  385Z   -13.5400010340     0.0029831425
  386X    -5.2920004041    -0.0014437984
  386Y    -0.5380000411     0.0008467014
  386Z    -5.0920003888    -0.0065844732
  387X    -3.8140002913    -0.0031499344
  387Y    -1.2210000932     0.0000110372
  387Z    -5.8150004441    -0.0060566980
  388X    -4.9020003743     0.0006003059
  388Y    -1.2060000921    -0.0027460389
  388Z    -8.0490006147     0.0033241817
  389X    -6.3720004866    -0.0005847861
  389Y    -0.5010000383    -0.0018620473
  389Z    -7.3320005599     0.0037515642
  390X    -6.6050005044     0.0004498304
  390Y    -2.4920001903     0.0021735696
  390Z    -5.8530004470    -0.0048413908
  391X    -5.1390003924    -0.0022031503
  391Y    -3.1980002442     0.0036086806
  391Z    -6.5720005019    -0.0039344674
  392X    -6.2440004768     0.0000580723
  392Y    -3.2220002460    -0.0015946814
  392Z    -8.8040006723     0.0044417746
  393X    -7.7120005889     0.0021299686
  393Y    -2.5150001921    -0.0027253212
  393Z    -8.0840006173     0.0037755484
  394X    -7.9180006046     0.0001166120
  394Y    -4.4800003421     0.0014973740
  394Z    -6.5700005017    -0.0044245909
  395X    -6.4480004924    -0.0017988612
  395Y    -5.1850003959     0.0023799609
  395Z    -7.2810005560    -0.0034925993
  396X    -7.5640005776     0.0002909842
  396Y    -5.2680004023    -0.0015945706
  396Z    -9.5080007261     0.0042816191
  397X    -9.0380006902     0.0020209014
  397Y    -4.5660003487    -0.0022258382
  397Z    -8.7940006715     0.0037361553
  398X    -9.2060007030    -0.0005593048
  398Y    -6.4990004963     0.0021325634
  398Z    -7.2400005529    -0.0046366522
  399X    -7.7310005904    -0.0026794929
  399Y    -7.1990005497     0.0030914214
  399Z    -7.9480006069    -0.0044465315
  400X    -9.6540007372    -0.0021501727
  400Y    -6.7220005133    -0.0025179188
  400Z   -10.1820007775    -0.0020779160
  401X   -10.5420008050    -0.0002516358
  401Y    -8.9530006837     0.0027959985
  401Z    -9.8580007528    -0.0032722827
  402X   -10.0700007690    -0.0018535657
  402Y    -8.6850006632    -0.0028375368
  402Z    -6.9190005284    -0.0048030749
  403X    -8.5980006566    -0.0045903992
  403Y    -9.3840007166    -0.0017252361
  403Z    -7.6340005830    -0.0038236810
  404X    -9.9520007600     0.0014458022
  404Y   -11.2060008557     0.0019056508
  404Z    -8.6460006602     0.0040616907
  405X   -11.4260008725     0.0031734033
  405Y   -10.5070008024     0.0010352351
  405Z    -7.9340006059     0.0029225553
  406X   -10.4680007994    -0.0017031218
  406Y   -10.8140008258    -0.0020199898
  406Z    -5.6530004317    -0.0036229581
  407X    -8.9960006870    -0.0049151024
  407Y   -11.5130008792    -0.0009050063
  407Z    -6.3660004861    -0.0030915039
  408X   -10.3520007905     0.0013478534
  408Y   -13.3440010190     0.0023625209
  408Z    -7.3720005630     0.0041724587
  409X   -11.8240009029     0.0034867805
  409Y   -12.6450009656     0.0009591569
  409Z    -6.6590005085     0.0029934984
  410X   -10.8680008299    -0.0014873621
  410Y   -12.9550009893    -0.0022120097
  410Z    -4.3800003345    -0.0038317850
  411X    -9.3940007174    -0.0026990446
  411Y   -13.6540010427    -0.0011309437
  411Z    -5.0920003888    -0.0027941484
  412X   -10.7530008211     0.0014740562
  412Y   -15.4820011823     0.0022827218
  412Z    -6.1040004661     0.0039592290
  413X   -12.2240009335     0.0046423731
  413Y   -14.7820011288     0.0010646942
  413Z    -5.3920004118     0.0029960351
  414X   -11.2720008608    -0.0016170459
  414Y   -15.1020011532    -0.0025738561
  414Z    -3.1110002376    -0.0038473362
  415X    -9.8010007484    -0.0037022972
  415Y   -15.8010012066    -0.0017369162
  415Z    -3.8230002919    -0.0028113405
  416X   -11.1580008521     0.0008537078
  416Y   -17.6300013463     0.0044494096
  416Z    -4.8340003691     0.0017902340
  417X   -12.6300009645     0.0031005174
  417Y   -16.9300012928     0.0031616234
  417Z    -4.1210003147     0.0004871607
  418X   -11.3580008673     0.0021891562
  418Y   -17.5880013431     0.0055966853
  418Z    -3.0670002342    -0.0007000347
  419X    11.0960008473    -0.0010561367
  419Y   -16.4000012524    -0.0040599103
  419Z     1.2500000955     0.0018988675
  420X     9.8620007531     0.0001239956
  420Y   -16.8610012876    -0.0039834400
  420Z     0.0540000041     0.0035291914
  421X    10.1260007733    -0.0002590258
  421Y   -19.2520014702     0.0044448844
  421Z     0.7020000536     0.0002299372
  422X    11.3620008676    -0.0018505177
  422Y   -18.7910014350     0.0037809405
  422Z     1.8980001449    -0.0011929101
  423X    11.6730008914    -0.0031632428
  423Y   -18.5610014174     0.0052007570
  423Z     0.1620000124     0.0012410720
  424X    15.1680011583     0.0046011826
  424Y    -2.6630002034    -0.0004600463
  424Z    15.4000011760    -0.0006572610
  425X    15.3220011700     0.0049693173
  425Y    -4.0040003058     0.0022766423
  425Z    14.2500010882     0.0015146072
  426X    17.5780013423    -0.0044999385
  426Y    -2.9410002246     0.0008798293
  426Z    16.0080012224    -0.0033116146
  427X    17.6970013514    -0.0035453549
  427Y    -4.3230003301     0.0016735852
  427Z    14.8920011372    -0.0003216223
  428X    16.6460012712    -0.0037942104
  428Y    -4.4250003379     0.0024640252
  428Z    16.3240012466    -0.0036124116
  429X    12.2320009341     0.0013496504
  429Y   -13.7030010464    -0.0002693336
  429Z    -5.9260004525    -0.0051577562
  430X    13.2080010086     0.0000489732
  430Y   -12.2510009355    -0.0023508488
  430Z    -6.2480004771    -0.0044583430
  431X    14.2980010919    -0.0031733196
  431Y   -13.4090010240     0.0013993566
  431Z    -8.1660006236     0.0028678118
  432X    13.3220010173    -0.0018773785
  432Y   -14.8620011349     0.0034909101
  432Z    -7.8420005988     0.0026036869
  433X    14.5290011095    -0.0051227804
  433Y   -14.3180010934     0.0037765652
  433Z    -6.6560005083     0.0012342203
  434X   -13.0300009950    -0.0052663032
  434Y    10.6780008154    -0.0010116530
  434Z     2.4130001843    -0.0003072991
  435X   -13.4940010305    -0.0047172690
  435Y    10.1500007751    -0.0000882144
  435Z     4.0460003090    -0.0032740434
  436X   -15.8570012109     0.0040239575
  436Y    10.7930008242    -0.0016758464
  436Z     3.5830002736    -0.0005431726
  437X   -15.3910011753     0.0035302022
  437Y    11.3210008645    -0.0021830940
  437Z     1.9480001488     0.0016608739
  438X   -14.7640011274     0.0041008885
  438Y    12.1810009302    -0.0043882623
  438Z     3.3730002576    -0.0002678342
  439X   -16.0220012235    -0.0016821153
  439Y    -1.0380000793     0.0025692188
  439Z   -13.3260010176    -0.0036032118
  440X   -14.9560011421    -0.0026492173
  440Y    -1.6130001232     0.0030468187
  440Z   -14.6300011172    -0.0025472046
  441X   -16.6320012701     0.0023779288
  441Y    -0.8830000674     0.0000442004
  441Z   -16.3240012466     0.0036259656
  442X   -17.6970013514     0.0039148988
  442Y    -0.3070000234    -0.0008674235
  442Z   -15.0200011470     0.0019001612
  443X   -17.3440013245     0.0046008907
  443Y    -2.0430001560     0.0013262136
  443Z   -15.1780011591     0.0033094058
  444X    10.6280008116     0.0006002340
  444Y    16.9550012947     0.0040272659
  444Z    -3.0270002312     0.0033389920
  445X    11.5880008849    -0.0006846260
  445Y    16.2850012436     0.0049517055
  445Z    -1.6880001289     0.0013952228
  446X    12.3320009417    -0.0022895466
  446Y    18.5810014189    -0.0030944354
  446Z    -1.0700000817    -0.0006058131
  447X    11.3720008684    -0.0009646175
  447Y    19.2520014702    -0.0044932761
  447Z    -2.4100001840     0.0005533305
  448X    12.7640009747    -0.0038325065
  448Y    18.2000013898    -0.0043123649
  448Z    -2.7540002103     0.0005955507
  449X     9.8840007548     0.0017301560
  449Y    13.5400010340    -0.0005727707
  449Z   -11.9600009133    -0.0051403259
  450X     8.4330006440     0.0029860565
  450Y    13.8220010555    -0.0008017864
  450Z   -12.9500009889    -0.0034097665
  451X     9.8780007543    -0.0013708002
  451Y    14.4420011028    -0.0021884045
  451Z   -14.8840011366     0.0038121447
  452X    11.3270008650    -0.0038509918
  452Y    14.1600010813    -0.0016092206
  452Z   -13.8920010608     0.0022557667
  453X    10.2100007797    -0.0028408388
  453Y    15.4810011822    -0.0049604282
  453Z   -13.4800010294     0.0025711820
----------------------------------------

 @ End Gradient Calculation

  Skipping one-electron property calculation.

 @ Output Timing Information

------------- TIMING ---------------
| INITIAL GUESS TIME  =    18.484963000(  0.92%)
| DFT GRID OPERATIONS =     5.572808000(  0.28%)
| TOTAL SCF TIME      =  1682.188001000( 83.86%)
|       TOTAL OP TIME      =  1665.371300000( 83.03%)
|             TOTAL 1e TIME      =     4.099172000(  0.20%)
|             TOTAL 2e TIME      =  1618.362853000( 80.68%)
|             TOTAL EXC TIME     =    36.328503000(  1.81%)
|       TOTAL DII TIME      =    15.987470000(  0.80%)
|             TOTAL DIAG TIME    =     3.258113000(  0.16%)
| TOTAL GRADIENT TIME      =   299.141594000( 14.91%)
|       TOTAL 1e GRADIENT TIME      =    24.844261000( 1.43%)
|       TOTAL 2e GRADIENT TIME      =   245.839392000(12.26%)
|       TOTAL EXC GRADIENT TIME     =    24.561031000(  1.22%)
| TOTAL TIME          =  2005.853901000
------------------------------------
| Job cpu time:  0 days  0 hours 33 minutes 25.9 seconds.

 @ Finish Output Timing Information

| Normal Termination. Task Finished on: Wed Jul  1 05:24:54 2026
