| *********************************************************************************************************
| **                                                                                                     **
| **           888888888888                                                                              **
| **         8888888888888888                                                                            **
| **      888888888888888888                                                                             **
| **     888888888888888888                                                                              **
| **    888888888888888                                                                                  **
| **   88888888888888888888                               88888                       8888:              **
| **   8888888888888888888888Z                            88888                       8888:              **
| **   888888888888888888888888?                          88888                       8888:              **
| **   8888888888888      8888888                                        888888       8888:              **
| **    88888888888         888888     8888:     88888    88888        888888888I     8888:    888888    **
| **    8888888888           88888:    8888:     88888    88888      $888888888888    8888:   888888     **
| **    I8Z 88888             88888    8888:     88888    88888    .888888     8888   8888: 888888       **
| **    .8Z 88888             88888    8888:     88888    88888    $88888             8888:88888         **
| **     8I 88888      .=88. .88888    8888:     88888    88888    88888              8888888888         **
| **    :8  88888      888888$8888$    8888:     88888    88888    8888O              88888888888        **
| **   ,7   +88888.     8888888888.    8888:     88888    88888    888888             88888O888888       **
| **         $888888:.   .8888888      88888....888888    88888     888888     8888   8888:  888888      **
| **          I8888888888888888888     888888888888888    88888     O888888888888O    8888:   888888     **
| **            O888888888888888888     88888888888888    88888       88888888888$    8888:    888888    **
| **               8888888Z     888      .8888I  88888    88888         8888888       8888:     888888   **
| **                                                                                                     **
| **                                                                                                     **
| **                                         Copyright (c) 2026                                          **
| **                          Regents of the University of California San Diego                          **
| **                                    & Michigan State University                                      **
| **                                        All Rights Reserved.                                         **
| **                                                                                                     **
| **             This software is subject to the terms of the Mozilla Public License, v. 2.0.            **
| **                                                                                                     **
| *********************************************************************************************************
|                                                                                                          
| Cite this work as:                                                                                       
| Manathunga, M.; O'Hearn, K. A.; Shajan, A.; Smith, J.; Miao, Y.; He, X.; Ayers, K.;                      
| Brothers, E.; Palos, E.; Tripathy, V.; Goetz, A.W.; Merz, K.M. QUICK-26.03.                              
| University of California,San Diego, CA and                                                               
| Michigan State University, East Lansing, MI, 2026                                                        
|                                                                                                          
| If you have any comments or queries, please reach out to us on GitHub issues or discussion sections:     
| https://github.com/merzlab/QUICK.                                                                        
|                                                                                                          
| TASK STARTS ON: Wed Jul  1 05:25:02 2026
| INPUT FILE :    taxol.in
| OUTPUT FILE:    taxol.out
| BASIS SET PATH: /projects/bdit/vtripathy/QUICK/install/basis

|------------ GPU INFORMATION ---------------
| CUDA ENABLED DEVICE         :        1
| CUDA DEVICE IN USE          :        0
| CUDA DEVICE NAME            : NVIDIA A100-SXM4-40GB
| CUDA DEVICE PM              :      108
| CUDA DEVICE CORE FREQ(GHZ)  :     1.41
| CUDA DEVICE MEMORY SIZE (MB):    40442
| SUPPORTING CUDA VERSION     :      8.0
|--------------------------------------------

 @ Read Job And Atom

  KEYWORD=DFT B3LYP BASIS=6-31G** CUTOFF=1.0E-7 DENSERMS=1.0E-6 GRADIENT
 ============== JOB CARD =============
 METHOD = DENSITY FUNCTIONAL THEORY
 DENSITY FUNCTIONAL = B3LYP
 DIRECT SCF 
 SAD INITAL GUESS 
 USE DIIS SCF
 PRINT ENERGY EVERY CYCLE
 READ SAD GUESS FROM FILE
 STANDARD GRID = SG1
 Level shifting allowed after cycle    3
 DIIS error must exceed 0.100 for level shifting
 Max HOMO-LUMO gap to allow level shifting = 0.200
 GRADIENT CALCULATION
 MAX SCF CYCLES =    200
 MAX DIIS CYCLES =   10
 DELTA DENSITY START CYCLE =    3
 COMPUTATIONAL CUTOFF: 
      TWO-e INTEGRAL         =  0.100E-06
      BASIS SET PRIME        =  0.100E-07
      MATRIX ELEMENTS        =  0.100E-09
      BASIS FUNCTION         =  0.100E-05
      NEAR-LINEAR DEPENDENCY =  0.100E-04
      GRADIENT CUTOFF  =  0.100E-06
 DENSITY MATRIX MAXIMUM RMS FOR CONVERGENCE  =  0.100E-05
 BASIS SET = 6-31G**,  TYPE = CARTESIAN
| BASIS FILE = /projects/bdit/vtripathy/QUICK/install/basis/6-31GDP.BAS
| DATA FILE  =    taxol.dat

 @ Finish reading job


 @ Begin SAD initial guess

 For Atom Kind =    1
 ELEMENT = C 
 BASIS FUNCTIONS =   15
 For Atom Kind =    2
 ELEMENT = O 
 BASIS FUNCTIONS =   15
 For Atom Kind =    3
 ELEMENT = N 
 BASIS FUNCTIONS =   15
 For Atom Kind =    4
 ELEMENT = H 
 BASIS FUNCTIONS =    5

 @ Finish SAD initial guess


 @ Begin Reading Molecular Information


 =========== Molecule Input ==========
 TOTAL MOLECULAR CHARGE  =    0    MULTIPLICITY                =    1
 TOTAL ATOM NUMBER       =  110    NUMBER OF ATOM TYPES        =    4
 NUMBER OF HYDROGEN ATOM =   49    NUMBER OF NON-HYDROGEN ATOM =   61
 NUMBER OF ELECTRONS     =  446

 -- INPUT GEOMETRY -- :
    C          -6.3961       1.6376      -1.0167
    C          -5.5976       1.9480       0.3157
    C          -4.1358       1.3889       0.3062
    C          -4.0900      -0.2069       0.0760
    C          -5.3005      -0.5560      -0.7831
    C          -5.6408       0.5560      -1.7454
    C          -2.8203      -0.7723      -0.5951
    C          -3.4405       1.9810       1.5955
    C          -1.5723      -0.0770      -0.1719
    O          -2.6953      -2.1590      -0.1698
    O          -1.8693       1.2309      -0.7751
    C          -1.3334      -0.1176       1.4102
    C          -0.8881       1.2875       1.4845
    C           0.3196       1.5771       0.9641
    O          -4.0361       2.4498       2.5048
    O          -1.9505       2.1871       1.7492
    C          -0.2199      -0.3744      -0.8072
    C           0.8361       0.5393      -0.0882
    O          -6.3706      -0.7461       0.1815
    C          -7.5080      -1.5313       0.1764
    O          -7.7343      -2.1872       1.1532
    C          -8.4523      -1.4158      -0.9939
    C          -5.4161      -1.5091      -2.0070
    O          -6.2193      -0.4454      -2.6903
    O          -5.4268       3.3774       0.3776
    O          -1.6122       4.1801       0.0344
    C          -0.7941       5.2258       0.2991
    O          -0.3049       5.8646      -0.5895
    C          -0.5432       5.4737       1.7764
    C           1.2299       2.7853       1.0315
    O           1.9361      -0.3334       0.3600
    C           3.1924       0.0393       0.0732
    O           3.4565       1.0474      -0.5230
    C           4.1742      -1.0075       0.5409
    C           5.5923      -0.5508       0.2305
    C           6.6535      -1.6277       0.4268
    C           6.3531      -2.9590       0.6578
    C           7.3484      -3.9223       0.5946
    C           8.6553      -3.5578       0.3263
    C           8.9721      -2.2174       0.1751
    C           7.9781      -1.2615       0.2323
    O           4.0118      -1.2781       1.9326
    N           5.9708       0.6810       0.8873
    C           6.1083       1.9571       0.3956
    O           6.3193       2.8804       1.1683
    C           5.8856       2.2295      -1.0684
    C           6.1183       1.3531      -2.1154
    C           5.5666       1.5986      -3.3628
    C           4.8505       2.7661      -3.5881
    C           4.7601       3.7103      -2.5860
    C           5.2758       3.4420      -1.3327
    C          -2.1367      -3.0476      -1.0301
    O          -2.1452      -2.8534      -2.2329
    C          -1.5034      -4.2030      -0.3691
    C          -1.4396      -4.3267       1.0054
    C          -0.7639      -5.3990       1.5627
    C          -0.1729      -6.3469       0.7428
    C          -0.2556      -6.2275      -0.6353
    C          -0.9156      -5.1510      -1.1911
    C          -0.2097      -1.1547       1.8364
    C          -2.4301      -0.4562       2.4708
    H          -3.6492       1.8683      -0.5156
    H          -4.2442      -0.7298       0.9946
    H          -6.1319       1.5762       1.1739
    H          -6.4278       2.5627      -1.5682
    H          -7.3896       1.3053      -0.7745
    H          -4.7466       0.9454      -2.2120
    H          -2.8856      -0.7190      -1.6683
    H          -1.1756       1.8958      -0.6851
    H          -1.8482       3.6442       0.8092
    H          -0.3040      -0.0417      -1.8339
    H           0.0915      -1.3953      -0.8029
    H           1.2665       1.1760      -0.8368
    H          -7.9448      -1.4088      -1.9397
    H          -8.9861      -0.4737      -0.9254
    H          -9.1715      -2.2206      -0.9250
    H          -5.9697      -2.4207      -1.8715
    H          -4.4957      -1.6916      -2.5342
    H          -6.1859       3.7990       0.8058
    H          -0.4047       4.5303       2.2919
    H          -1.4092       5.9590       2.2202
    H           0.3171       6.0932       1.8872
    H           1.4833       3.0343       2.0569
    H           0.8689       3.6688       0.5366
    H           2.1685       2.5342       0.5368
    H           3.9670      -1.8925      -0.0573
    H           5.5542      -0.3517      -0.8218
    H           5.3545      -3.2557       0.9039
    H           7.0989      -4.9514       0.7469
    H           9.4172      -4.3037       0.2408
    H           9.9857      -1.9178       0.0023
    H           8.2255      -0.2253       0.1253
    H           3.1299      -1.6338       2.1084
    H           6.0936       0.6251       1.8860
    H           6.7084       0.4705      -1.9833
    H           5.6744       0.8728      -4.1413
    H           4.3798       2.9274      -4.5336
    H           4.2564       4.6442      -2.7661
    H           5.1747       4.1495      -0.5327
    H          -1.9016      -3.5962       1.6316
    H          -0.6960      -5.4955       2.6284
    H           0.3482      -7.1761       1.1766
    H           0.1935      -6.9648      -1.2689
    H          -0.9826      -5.0259      -2.2518
    H           0.6895      -0.6503       2.1318
    H           0.0409      -1.8507       1.0571
    H          -0.5497      -1.7388       2.6731
    H          -2.6865      -1.5071       2.3903
    H          -3.3390       0.1001       2.4689
    H          -1.9770      -0.2959       3.4410

============== BASIS INFOS ==============
 BASIS FUNCTIONS = 1160
 NSHELL =  391 NPRIM  = 2051
 JSHELL =  391 JBASIS =  916


 @ End Reading Molecular Information 


 @ Begin XC Quadrature Formation

 OCTAGO: OCTree Algorithm for Grid Operations 
   PRUNING CUTOFF       = 0.100E-06
   INITIAL GRID POINTS  =      416624
|   FINAL GRID POINTS    =      261480
|   SIGNIFICANT NUMBER OF BASIS FUNCTIONS     =      477466
|   SIGNIFICANT NUMBER OF PRIMITIVE FUNCTIONS =      522709

 @ End XC Quadrature Formation


 @ Begin Energy Calculation

| condition number of overlap matrix:    2.136E+04
| Smallest eigenvalue of overlap matrix:    4.000E-04

                                         SCF ENERGY
| ------------------------------------------------------------------------------------------------------------------------
| NCYC       ENERGY         DELTA_E      SCF_TIME  DII_CYC   DII_TIME   O_TIME  DIAG_TIME    MAX_ERR    RMS_CHG    MAX_CHG
| ------------------------------------------------------------------------------------------------------------------------
|  1  -2942.590113322      ------        10.460     1        0.07     10.38      0.02    0.2345E+01  0.1028E-01  0.6147E+00
|  2  -2925.873456809  -.167167E+02      24.324     2        0.08     24.24      0.02    0.2664E+00  0.4983E-02  0.4798E+00
|  3  -2923.961722810  -.191173E+01      22.740     3        0.09     22.64      0.02    0.5540E+00  0.2740E-02  0.3440E+00
|   ***  Level shifting applied  ( HOMO-LUMO gap =  0.039 au ) ***
|  4  -2927.117185695  0.315546E+01      21.201     4        0.08     21.12      0.02    0.7646E-01  0.9262E-03  0.6351E-01
|  5  -2927.227729961  0.110544E+00      19.256     5        0.08     19.17      0.02    0.3801E-01  0.2584E-03  0.3899E-01
|  6  -2927.237129962  0.940000E-02      16.793     6        0.08     16.71      0.02    0.2443E-01  0.1099E-03  0.1758E-01
|  7  -2927.239781623  0.265166E-02      15.093     7        0.09     15.00      0.02    0.6810E-02  0.4302E-04  0.6899E-02
|  8  -2927.240049426  0.267803E-03      13.478     8        0.09     13.39      0.02    0.2704E-02  0.1541E-04  0.2352E-02
|  9  -2927.240107365  0.579392E-04      11.959     9        0.09     11.87      0.02    0.5998E-03  0.5085E-05  0.6126E-03
| -------------- 2E-INT CUTOFF CHANGE TO 0.1000E-08 ------------
| 10  -2927.240110833  0.346789E-05      17.589    10        0.09     17.50      0.02    0.2585E-03  0.1931E-05  0.2744E-03
| 11  -2927.240111716  0.882696E-06      15.820     1        0.11     15.71      0.02    0.8715E-04  0.6808E-06  0.1004E-03
| -------------- 2E-INT CUTOFF CHANGE TO 0.1000E-09 ------------
| 12  -2927.240111831  0.115577E-06      18.137     2        0.11     18.03      0.02    0.2732E-04  0.2242E-06  0.2172E-04
| ------------------------------------------------------------------------------------------------------------------------
| REACH CONVERGENCE AFTER  12 CYCLES
| MAX ERROR = 0.273187E-04   RMS CHANGE = 0.224229E-06   MAX CHANGE = 0.217210E-04
| -----------------------------------------------
 ALPHA ELECTRON DENSITY    =   223.0009270021
 BETA ELECTRON DENSITY     =   223.0009270021
 ELECTRONIC ENERGY    = -12594.309987155
 CORE_CORE REPULSION  =   9667.069875324
 TOTAL ENERGY         =  -2927.240111831

 @ End Energy calculation


 @ Begin Gradient Calculation

 ANALYTICAL GRADIENT: 
----------------------------------------
 COORDINATE    XYZ            GRADIENT
----------------------------------------
    1X    -6.3960620484    -0.0107418430
    1Y     1.6375501950     0.0029133986
    1Z    -1.0167391376    -0.0013686608
    2X    -5.5976016175    -0.0039155542
    2Y     1.9479657588    -0.0182854487
    2Z     0.3156763941     0.0115268275
    3X    -4.1358426958     0.0090999639
    3Y     1.3888886961     0.0044984172
    3Z     0.3061559434    -0.0164330382
    4X    -4.0900119523    -0.0023761856
    4Y    -0.2069339958    -0.0080938722
    4Z     0.0759908158     0.0127241358
    5X    -5.3005248048     0.0086013179
    5Y    -0.5559696325     0.0039705792
    5Z    -0.7831189998     0.0023171104
    6X    -5.6408357108     0.0109006649
    6Y     0.5560152125     0.0194291684
    6Z    -1.7454175833     0.0053940453
    7X    -2.8203121254     0.0018767191
    7Y    -0.7723427990     0.0152602468
    7Z    -0.5951161554    -0.0052259174
    8X    -3.4405170127    -0.0093282229
    8Y     1.9809802613     0.0116114033
    8Z     1.5954933618     0.0021731061
    9X    -1.5722955801    -0.0062896785
    9Y    -0.0769638959    -0.0162428761
    9Z    -0.1719253231     0.0079232152
   10X    -2.6953277358     0.0042029872
   10Y    -2.1590275449    -0.0002253791
   10Z    -0.1697708530    -0.0079158440
   11X    -1.8693494728     0.0045282105
   11Y     1.2308627640     0.0086181283
   11Z    -0.7751224092     0.0037564514
   12X    -1.3334065318     0.0000415159
   12Y    -0.1176307990     0.0146772491
   12Z     1.4101577377    -0.0081174922
   13X    -0.8881045478     0.0214592592
   13Y     1.2874585683    -0.0127965894
   13Z     1.4845317434    -0.0048847316
   14X     0.3196037144    -0.0208617301
   14Y     1.5770568504     0.0016114821
   14Z     0.9640606036     0.0126539473
   15X    -4.0360630582     0.0065217500
   15Y     2.4497905671    -0.0039178538
   15Z     2.5047991213    -0.0069869698
   16X    -1.9504981989    -0.0093860379
   16Y     2.1870801370     0.0014933251
   16Z     1.7492358836    -0.0063904505
   17X    -0.2198636968     0.0000292258
   17Y    -0.3744037186    -0.0136849339
   17Z    -0.8072270516    -0.0063930419
   18X     0.8361322639    -0.0001487925
   18Y     0.5392960612     0.0060744030
   18Z    -0.0882305667    -0.0123312762
   19X    -6.3705655165    -0.0054676992
   19Y    -0.7461437470     0.0029450809
   19Z     0.1814962939    -0.0079722093
   20X    -7.5079891033    -0.0038310548
   20Y    -1.5312545569    -0.0022029457
   20Z     0.1764442435     0.0124070576
   21X    -7.7343174206     0.0028399135
   21Y    -2.1872431170     0.0046932145
   21Z     1.1532460581    -0.0097931698
   22X    -8.4523256355     0.0004408447
   22Y    -1.4157501381     0.0040343144
   22Z    -0.9939260359    -0.0084948047
   23X    -5.4161060936     0.0111384237
   23Y    -1.5091024852    -0.0327276182
   23Z    -2.0070004333    -0.0045539137
   24X    -6.2192576349    -0.0101923117
   24Y    -0.4454467640    -0.0000941613
   24Z    -2.6902952054    -0.0063142740
   25X    -5.4267630344     0.0001244236
   25Y     3.3774439679     0.0027102970
   25Z     0.3776243788     0.0001056667
   26X    -1.6122442331     0.0021950485
   26Y     4.1801173692    -0.0038779562
   26Z     0.0343779426     0.0171237818
   27X    -0.7940924306     0.0040305849
   27Y     5.2257743591     0.0078596748
   27Z     0.2990567328    -0.0150472728
   28X    -0.3048947533    -0.0036030556
   28Y     5.8645770378    -0.0084050315
   28Z    -0.5895333050     0.0110419648
   29X    -0.5432142115     0.0134101351
   29Y     5.4736988580     0.0061842238
   29Z     1.7763875257     0.0060699427
   30X     1.2298581039    -0.0004987512
   30Y     2.7852910627     0.0074620785
   30Z     1.0315035488    -0.0006174766
   31X     1.9361231978     0.0069415425
   31Y    -0.3334212455     0.0031832043
   31Z     0.3599506875    -0.0027009880
   32X     3.1923973838     0.0128172690
   32Y     0.0392867930     0.0018485232
   32Z     0.0732008056     0.0007030506
   33X     3.4564615139    -0.0054379271
   33Y     1.0474090400    -0.0114471055
   33Z    -0.5229789999     0.0095153391
   34X     4.1741653088     0.0029220259
   34Y    -1.0074733869    -0.0007274489
   34Z     0.5409361113    -0.0137125611
   35X     5.5923107171    -0.0034642948
   35Y    -0.5507792521     0.0065970818
   35Z     0.2305424976    -0.0113167468
   36X     6.6535037881     0.0075660286
   36Y    -1.6276655543    -0.0088534591
   36Z     0.4267850326     0.0018793734
   37X     6.3531150051     0.0007000257
   37Y    -2.9590429360     0.0043641913
   37Z     0.6578478902     0.0000783127
   38X     7.3484382612    -0.0001048277
   38Y    -3.9223477295    -0.0009704804
   38Z     0.5946433254    -0.0002016253
   39X     8.6553271210    -0.0003968856
   39Y    -3.5577624717     0.0000624851
   39Z     0.3262773549    -0.0002725865
   40X     8.9721243751    -0.0018250796
   40Y    -2.2174055893     0.0012743686
   40Z     0.1751067634    -0.0000463834
   41X     7.9780886392    -0.0027935830
   41Y    -1.2615409463    -0.0000593184
   41Z     0.2323472177     0.0008492639
   42X     4.0117557664    -0.0061971741
   42Y    -1.2781154276    -0.0007439475
   42Z     1.9325733176     0.0004783288
   43X     5.9708271360    -0.0012046814
   43Y     0.6810003920     0.0015664209
   43Z     0.8873416378     0.0013592541
   44X     6.1083015365    -0.0000502658
   44Y     1.9571430895    -0.0001521744
   44Z     0.3956142302     0.0045834804
   45X     6.3193162726    -0.0038364370
   45Y     2.8803622800    -0.0051467588
   45Z     1.1682892292    -0.0074505451
   46X     5.8856240794    -0.0062180271
   46Y     2.2294773203     0.0028340251
   46Z    -1.0684369316    -0.0145337154
   47X     6.1182760772    -0.0002302696
   47Y     1.3530946933     0.0026839050
   47Z    -2.1154263515     0.0075167806
   48X     5.5666096951    -0.0010362653
   48Y     1.5985928121    -0.0034785483
   48Z    -3.3627524368    -0.0012926962
   49X     4.8504996604    -0.0029772967
   49Y     2.7660993212     0.0056028546
   49Z    -3.5880647940     0.0021600326
   50X     4.7600527335     0.0026575692
   50Y     3.7102514633    -0.0074717905
   50Z    -2.5859740575    -0.0007904878
   51X     5.2758312329     0.0032650094
   51Y     3.4419996328    -0.0073342913
   51Z    -1.3326645918     0.0010728997
   52X    -2.1366951232     0.0059555378
   52Y    -3.0476308227    -0.0126050944
   52Z    -1.0300506687     0.0132655892
   53X    -2.1451656838    -0.0027510271
   53Y    -2.8533799779     0.0041393373
   53Z    -2.2328872205     0.0004770495
   54X    -1.5033715748     0.0076323884
   54Y    -4.2030090710    -0.0087641165
   54Z    -0.3691075382     0.0080248397
   55X    -1.4395727999    -0.0016782864
   55Y    -4.3266984404     0.0043713217
   55Z     1.0054186368    -0.0086831844
   56X    -0.7638830383     0.0004155692
   56Y    -5.3989755623     0.0000818904
   56Z     1.5627243193    -0.0011002810
   57X    -0.1728504332    -0.0002849529
   57Y    -6.3468611347     0.0011302723
   57Z     0.7427716867    -0.0015471730
   58X    -0.2555829795    -0.0006660520
   58Y    -6.2275391756     0.0007564034
   58Z    -0.6353203685     0.0010218348
   59X    -0.9155594699    -0.0020612914
   59Y    -5.1509647533     0.0049963602
   59Z    -1.1911104510     0.0034227650
   60X    -0.2097392960     0.0109739263
   60Y    -1.1547475382    -0.0070937893
   60Z     1.8364341802     0.0040650089
   61X    -2.4300503956    -0.0074360664
   61Y    -0.4562313148     0.0032356638
   61Z     2.4707643087     0.0088832034
   62X    -3.6491745187    -0.0040391119
   62Y     1.8683153927    -0.0039825418
   62Z    -0.5155830594     0.0074713612
   63X    -4.2442042941     0.0006506061
   63Y    -0.7298029557     0.0035090909
   63Z     0.9946071660    -0.0105575029
   64X    -6.1319130983     0.0055314709
   64Y     1.5761652304     0.0026436818
   64Z     1.1739417496    -0.0079182832
   65X    -6.4278100209     0.0022838729
   65Y     2.5627464257    -0.0071424644
   65Z    -1.5682089798     0.0058208060
   66X    -7.3896389443     0.0102501261
   66Y     1.3053382297     0.0007759343
   66Z    -0.7744957191    -0.0016046468
   67X    -4.7465709525    -0.0074056850
   67Y     0.9454138022    -0.0049269533
   67Z    -2.2120482489     0.0048438518
   68X    -2.8855556304     0.0010304127
   68Y    -0.7190312849     0.0027721012
   68Z    -1.6682582674     0.0084881822
   69X    -1.1756472598    -0.0043104018
   69Y     1.8958447948     0.0016537761
   69Z    -0.6850815723    -0.0041877781
   70X    -1.8481633811    -0.0031359550
   70Y     3.6442038083    -0.0017834106
   70Z     0.8091516318    -0.0073938236
   71X    -0.3040223032    -0.0019437434
   71Y    -0.0416779132     0.0026786479
   71Z    -1.8339006500     0.0072992673
   72X     0.0915191370    -0.0050283777
   72Y    -1.3952922665     0.0137532473
   72Z    -0.8028716213    -0.0011860767
   73X     1.2665208967    -0.0075777288
   73Y     1.1759764098    -0.0063403309
   73Z    -0.8367613039     0.0086648111
   74X    -7.9447757667    -0.0034523240
   74Y    -1.4087837076    -0.0009759726
   74Z    -1.9396808281     0.0090671040
   75X    -8.9860731662     0.0034131491
   75Y    -0.4736978662    -0.0066569326
   75Z    -0.9254125307    -0.0012757958
   76X    -9.1714810604     0.0041495120
   76Y    -2.2205725696     0.0043334780
   76Z    -0.9250167206    -0.0000616816
   77X    -5.9696663559     0.0062132946
   77Y    -2.4206610149     0.0097474259
   77Z    -1.8715271229    -0.0014323524
   78X    -4.4956991333    -0.0085815574
   78Y    -1.6916168492     0.0030310130
   78Z    -2.5341524535     0.0051889701
   79X    -6.1859311524    -0.0016252001
   79Y     3.7990295001     0.0059755030
   79Z     0.8057985915    -0.0001823848
   80X    -0.4047348909    -0.0007825903
   80Y     4.5302822759     0.0024090254
   80Z     2.2918681450    -0.0047737935
   81X    -1.4092254776     0.0038452072
   81Y     5.9590269651    -0.0036641674
   81Z     2.2201989695    -0.0017409013
   82X     0.3171041142    -0.0130034247
   82Y     6.0931668053    -0.0103620023
   82Z     1.8871610341    -0.0027527797
   83X     1.4832825233     0.0017579185
   83Y     3.0343297417    -0.0026384078
   83Z     2.0569032671    -0.0061948852
   84X     0.8689347864     0.0037550908
   84Y     3.6687759202    -0.0075498230
   84Z     0.5365847410     0.0045374089
   85X     2.1684890256    -0.0000259698
   85Y     2.5341565935    -0.0010019792
   85Z     0.5367745110    -0.0013705207
   86X     3.9669616429     0.0005405846
   86Y    -1.8924970245     0.0080133319
   86Z    -0.0572581044     0.0037249664
   87X     5.5541776341     0.0007841429
   87Y    -0.3516751969    -0.0019275684
   87Z    -0.8217997928     0.0100771504
   88X     5.3544978589     0.0094474710
   88Y    -3.2557102186     0.0027964145
   88Z     0.9038848590    -0.0008168982
   89X     7.0989144921     0.0027138723
   89Y    -4.9513961981     0.0113797062
   89Z     0.7469288470    -0.0022068580
   90X     9.4171946391    -0.0085452202
   90Y    -4.3036937586     0.0082788704
   90Z     0.2407856384    -0.0002888142
   91X     9.9857451625    -0.0104598378
   91Y    -1.9177654664    -0.0026976599
   91Z     0.0023467702     0.0017140443
   92X     8.2254739781    -0.0024327440
   92Y    -0.2253064972    -0.0099329665
   92Z     0.1253413196     0.0022833325
   93X     3.1299497190     0.0003259655
   93Y    -1.6337869448    -0.0019520291
   93Z     2.1083780410     0.0050299541
   94X     6.0936142953    -0.0002218632
   94Y     0.6250744177    -0.0017128378
   94Z     1.8859549340    -0.0046335265
   95X     6.7084385023    -0.0062353489
   95Y     0.4705180859     0.0084059135
   95Z    -1.9833353715    -0.0015182992
   96X     5.6743955033    -0.0029869964
   96Y     0.8727860166     0.0069717157
   96Z    -4.1412753062     0.0093435968
   97X     4.3798459545     0.0044571013
   97Y     2.9274162635    -0.0031842412
   97Z    -4.5335959262     0.0117492444
   98X     4.2563846850     0.0035713251
   98Y     4.6442142246    -0.0060364011
   98Z    -2.7660689312     0.0011375629
   99X     5.1747309752     0.0017702222
   99Y     4.1495329469    -0.0046547265
   99Z    -0.5327311807    -0.0066050693
  100X    -1.9015966152     0.0050306901
  100Y    -3.5961884646    -0.0072642047
  100Z     1.6316251146    -0.0060021221
  101X    -0.6959961231    -0.0000604128
  101Y    -5.4955301297     0.0008613564
  101Z     2.6284273507    -0.0096068784
  102X     0.3482320666    -0.0051834725
  102Y    -7.1761497180     0.0083909768
  102Z     1.1766068899    -0.0043887337
  103X     0.1934856248    -0.0047358367
  103Y    -6.9647955319     0.0072935944
  103Z    -1.2689412269     0.0061199907
  104X    -0.9826070850     0.0006546255
  104Y    -5.0258756638    -0.0012776271
  104Z    -2.2518210920     0.0101225149
  105X     0.6895305627    -0.0067582776
  105Y    -0.6503325997    -0.0042321519
  105Z     2.1318040128    -0.0044102130
  106X     0.0408559131    -0.0015072298
  106Y    -1.8507204713     0.0050819927
  106Z     1.0570934807     0.0040669342
  107X    -0.5497152620     0.0037254736
  107Y    -1.7387967528     0.0049048017
  107Z     2.6730564641    -0.0077609190
  108X    -2.6864695851     0.0018465113
  108Y    -1.5071205751     0.0034895602
  108Z     2.3903168925    -0.0003283651
  109X    -3.3390145450     0.0090805253
  109Y     0.1000510676    -0.0055373011
  109Z     2.4688671085    -0.0010842784
  110X    -1.9770021010    -0.0027861343
  110Y    -0.2959025626    -0.0010884626
  110Z     3.4410103628    -0.0065510144
----------------------------------------

 @ End Gradient Calculation

  Skipping one-electron property calculation.

 @ Output Timing Information

------------- TIMING ---------------
| INITIAL GUESS TIME  =     2.714585000(  1.03%)
| DFT GRID OPERATIONS =     0.497824000(  0.19%)
| TOTAL SCF TIME      =   207.208333000( 78.62%)
|       TOTAL OP TIME      =   206.113151000( 78.21%)
|             TOTAL 1e TIME      =     0.356247000(  0.14%)
|             TOTAL 2e TIME      =   189.942733000( 72.07%)
|             TOTAL EXC TIME     =    15.294619000(  5.80%)
|       TOTAL DII TIME      =     1.057781000(  0.40%)
|             TOTAL DIAG TIME    =     0.257422000(  0.10%)
| TOTAL GRADIENT TIME      =    52.616715000( 19.96%)
|       TOTAL 1e GRADIENT TIME      =     3.099865000( 1.23%)
|       TOTAL 2e GRADIENT TIME      =    47.039267000(17.85%)
|       TOTAL EXC GRADIENT TIME     =     2.323971000(  0.88%)
| TOTAL TIME          =   263.549787000
------------------------------------
| Job cpu time:  0 days  0 hours  4 minutes 23.5 seconds.

 @ Finish Output Timing Information

| Normal Termination. Task Finished on: Wed Jul  1 05:29:26 2026
