| *********************************************************************************************************
| **                                                                                                     **
| **           888888888888                                                                              **
| **         8888888888888888                                                                            **
| **      888888888888888888                                                                             **
| **     888888888888888888                                                                              **
| **    888888888888888                                                                                  **
| **   88888888888888888888                               88888                       8888:              **
| **   8888888888888888888888Z                            88888                       8888:              **
| **   888888888888888888888888?                          88888                       8888:              **
| **   8888888888888      8888888                                        888888       8888:              **
| **    88888888888         888888     8888:     88888    88888        888888888I     8888:    888888    **
| **    8888888888           88888:    8888:     88888    88888      $888888888888    8888:   888888     **
| **    I8Z 88888             88888    8888:     88888    88888    .888888     8888   8888: 888888       **
| **    .8Z 88888             88888    8888:     88888    88888    $88888             8888:88888         **
| **     8I 88888      .=88. .88888    8888:     88888    88888    88888              8888888888         **
| **    :8  88888      888888$8888$    8888:     88888    88888    8888O              88888888888        **
| **   ,7   +88888.     8888888888.    8888:     88888    88888    888888             88888O888888       **
| **         $888888:.   .8888888      88888....888888    88888     888888     8888   8888:  888888      **
| **          I8888888888888888888     888888888888888    88888     O888888888888O    8888:   888888     **
| **            O888888888888888888     88888888888888    88888       88888888888$    8888:    888888    **
| **               8888888Z     888      .8888I  88888    88888         8888888       8888:     888888   **
| **                                                                                                     **
| **                                                                                                     **
| **                                         Copyright (c) 2026                                          **
| **                          Regents of the University of California San Diego                          **
| **                                    & Michigan State University                                      **
| **                                        All Rights Reserved.                                         **
| **                                                                                                     **
| **             This software is subject to the terms of the Mozilla Public License, v. 2.0.            **
| **                                                                                                     **
| *********************************************************************************************************
|                                                                                                          
| Cite this work as:                                                                                       
| Manathunga, M.; O'Hearn, K. A.; Shajan, A.; Smith, J.; Miao, Y.; He, X.; Ayers, K.;                      
| Brothers, E.; Palos, E.; Tripathy, V.; Goetz, A.W.; Merz, K.M. QUICK-26.03.                              
| University of California,San Diego, CA and                                                               
| Michigan State University, East Lansing, MI, 2026                                                        
|                                                                                                          
| If you have any comments or queries, please reach out to us on GitHub issues or discussion sections:     
| https://github.com/merzlab/QUICK.                                                                        
|                                                                                                          
| TASK STARTS ON: Wed Jul  1 05:29:26 2026
| INPUT FILE :    valinomycin.in
| OUTPUT FILE:    valinomycin.out
| BASIS SET PATH: /projects/bdit/vtripathy/QUICK/install/basis

|------------ GPU INFORMATION ---------------
| CUDA ENABLED DEVICE         :        1
| CUDA DEVICE IN USE          :        0
| CUDA DEVICE NAME            : NVIDIA A100-SXM4-40GB
| CUDA DEVICE PM              :      108
| CUDA DEVICE CORE FREQ(GHZ)  :     1.41
| CUDA DEVICE MEMORY SIZE (MB):    40442
| SUPPORTING CUDA VERSION     :      8.0
|--------------------------------------------

 @ Read Job And Atom

  KEYWORD=DFT B3LYP BASIS=6-31G** CUTOFF=1.0E-7 DENSERMS=1.0E-6 GRADIENT
 ============== JOB CARD =============
 METHOD = DENSITY FUNCTIONAL THEORY
 DENSITY FUNCTIONAL = B3LYP
 DIRECT SCF 
 SAD INITAL GUESS 
 USE DIIS SCF
 PRINT ENERGY EVERY CYCLE
 READ SAD GUESS FROM FILE
 STANDARD GRID = SG1
 Level shifting allowed after cycle    3
 DIIS error must exceed 0.100 for level shifting
 Max HOMO-LUMO gap to allow level shifting = 0.200
 GRADIENT CALCULATION
 MAX SCF CYCLES =    200
 MAX DIIS CYCLES =   10
 DELTA DENSITY START CYCLE =    3
 COMPUTATIONAL CUTOFF: 
      TWO-e INTEGRAL         =  0.100E-06
      BASIS SET PRIME        =  0.100E-07
      MATRIX ELEMENTS        =  0.100E-09
      BASIS FUNCTION         =  0.100E-05
      NEAR-LINEAR DEPENDENCY =  0.100E-04
      GRADIENT CUTOFF  =  0.100E-06
 DENSITY MATRIX MAXIMUM RMS FOR CONVERGENCE  =  0.100E-05
 BASIS SET = 6-31G**,  TYPE = CARTESIAN
| BASIS FILE = /projects/bdit/vtripathy/QUICK/install/basis/6-31GDP.BAS
| DATA FILE  =    valinomycin.dat

 @ Finish reading job


 @ Begin SAD initial guess

 For Atom Kind =    1
 ELEMENT = N 
 BASIS FUNCTIONS =   15
 For Atom Kind =    2
 ELEMENT = C 
 BASIS FUNCTIONS =   15
 For Atom Kind =    3
 ELEMENT = O 
 BASIS FUNCTIONS =   15
 For Atom Kind =    4
 ELEMENT = H 
 BASIS FUNCTIONS =    5

 @ Finish SAD initial guess


 @ Begin Reading Molecular Information


 =========== Molecule Input ==========
 TOTAL MOLECULAR CHARGE  =    0    MULTIPLICITY                =    1
 TOTAL ATOM NUMBER       =  168    NUMBER OF ATOM TYPES        =    4
 NUMBER OF HYDROGEN ATOM =   90    NUMBER OF NON-HYDROGEN ATOM =   78
 NUMBER OF ELECTRONS     =  600

 -- INPUT GEOMETRY -- :
    N           2.9800       2.9840       1.2240
    C           2.2880       3.5120       2.4000
    C           0.8080       3.2680       2.1760
    C           2.7680       2.8320       3.6640
    C           4.2720       3.1480       3.9560
    C           1.9200       3.2480       4.8760
    O           0.3120       2.2080       1.8600
    O           0.0880       4.3720       2.4400
    C          -1.3720       4.2040       2.3960
    C          -1.8280       4.1440       0.9200
    C          -1.9440       5.4680       3.0400
    O          -3.0120       3.7040       0.7680
    N          -1.0680       4.4560      -0.0640
    C          -1.5280       4.3400      -1.4480
    C          -1.9240       2.9000      -1.6760
    C          -0.4880       4.7600      -2.5000
    C          -0.2360       6.2760      -2.2840
    C          -0.9160       4.4400      -3.8760
    O          -1.2600       1.9440      -1.3600
    O          -3.1360       2.7840      -2.2440
    C          -3.6120       1.4760      -2.6240
    C          -4.1440       0.6920      -1.4800
    C          -4.6440       1.6520      -3.7280
    C          -5.8360       2.4480      -3.2080
    C          -4.0520       2.3040      -4.9480
    O          -4.5840      -0.4440      -1.7320
    N          -4.2200       1.2120      -0.2720
    C          -4.7400       0.4080       0.8280
    C          -3.8920      -0.8400       0.9360
    C          -4.7640       1.1800       2.1680
    C          -5.7160       2.3520       2.0520
    C          -5.1760       0.3040       3.3160
    O          -2.6640      -0.8640       1.0200
    O          -4.6360      -1.9640       0.9600
    C          -3.9600      -3.2480       1.1320
    C          -3.0760      -3.5640      -0.0560
    C          -5.0360      -4.3200       1.2560
    O          -2.1320      -4.3560       0.0920
    N          -3.3400      -3.0360      -1.2520
    C          -2.5160      -3.3880      -2.4080
    C          -1.0920      -2.9840      -2.1120
    C          -3.0320      -2.7320      -3.6720
    C          -4.4760      -3.1640      -3.9840
    C          -2.1640      -3.1160      -4.8720
    O          -0.7520      -1.9040      -1.6720
    O          -0.2240      -3.9680      -2.4080
    C           1.1840      -3.6560      -2.2360
    C           1.6680      -3.8880      -0.8600
    C           1.9600      -4.5480      -3.2240
    C           1.7400      -6.0080      -3.0520
    C           1.7280      -4.1000      -4.6520
    O           2.8600      -3.6720      -0.5800
    N           0.8400      -4.2480       0.1440
    C           1.3160      -4.2600       1.5320
    C           1.8160      -2.8440       1.8560
    C           0.2600      -4.7280       2.5120
    C          -0.1240      -6.1960       2.2360
    C           0.7360      -4.5520       3.9560
    O           1.2000      -1.8400       1.6440
    O           3.0280      -2.8800       2.4240
    C           3.5760      -1.6040       2.8560
    C           4.0320      -0.7360       1.6720
    C           4.7280      -1.9320       3.8200
    O           4.3440       0.4360       1.8880
    N           4.1840      -1.3400       0.4800
    C           4.5960      -0.4920      -0.6560
    C           3.5680       0.6160      -0.8000
    C           4.7040      -1.3400      -1.9280
    C           5.7440      -2.4280      -1.7560
    C           5.1000      -0.4520      -3.0920
    O           2.4040       0.4680      -0.8240
    O           4.1880       1.7960      -0.9360
    C           3.3600       2.9560      -1.2520
    C           2.6520       3.4920       0.0160
    C           4.2560       3.9920      -1.9000
    C           5.2640       4.5120      -0.9480
    C           3.4440       5.0920      -2.5680
    O           1.8280       4.3920      -0.1080
    H           3.9600       3.1400       1.3560
    H           2.4760       4.4880       2.5160
    H           2.6680       1.8480       3.5160
    H           4.5520       2.6840       4.7960
    H           4.3880       4.1360       4.0640
    H           4.8320       2.8280       3.1920
    H           2.2560       2.7840       5.6960
    H           0.9640       2.9920       4.7200
    H           1.9840       4.2400       5.0040
    H          -1.6720       3.3720       2.8640
    H          -2.9440       5.4160       3.0440
    H          -1.6520       6.2680       2.5200
    H          -1.6120       5.5440       3.9800
    H          -0.8160       5.4160       0.0680
    H          -2.2960       4.9680      -1.5680
    H           0.3640       4.2440      -2.3880
    H           0.4400       6.6000      -2.9480
    H           0.1080       6.4280      -1.3600
    H          -1.0920       6.7760      -2.4080
    H          -0.2120       4.7280      -4.5240
    H          -1.7720       4.9200      -4.0800
    H          -1.0600       3.4520      -3.9600
    H          -2.8400       0.9360      -2.9600
    H          -4.9600       0.7440      -4.0040
    H          -6.5080       2.5600      -3.9360
    H          -5.5280       3.3480      -2.9000
    H          -6.2560       1.9600      -2.4400
    H          -4.7560       2.4040      -5.6520
    H          -3.3080       1.7320      -5.3040
    H          -3.6920       3.2040      -4.7040
    H          -3.2960       1.4880      -0.0160
    H          -5.6920       0.1720       0.6320
    H          -3.8360       1.5000       2.3520
    H          -5.7320       2.8520       2.9200
    H          -6.6320       2.0160       1.8440
    H          -5.4080       2.9600       1.3240
    H          -5.1800       0.8440       4.1600
    H          -4.5320      -0.4520       3.4080
    H          -6.0920      -0.0560       3.1480
    H          -3.3800      -3.2160       1.9480
    H          -4.6040      -5.2160       1.3760
    H          -5.5960      -4.3320       0.4280
    H          -5.6160      -4.1240       2.0440
    H          -4.2800      -3.2880      -1.4800
    H          -2.5600      -4.3760      -2.5640
    H          -3.0000      -1.7480      -3.5120
    H          -4.7840      -2.7120      -4.8240
    H          -5.0760      -2.9000      -3.2280
    H          -4.5120      -4.1560      -4.1080
    H          -2.5200      -2.6720      -5.6960
    H          -2.1800      -4.1080      -4.9960
    H          -1.2240      -2.8160      -4.7160
    H           1.3280      -2.6800      -2.4080
    H           2.9240      -4.4160      -3.0040
    H           2.2800      -6.5080      -3.7320
    H           0.7720      -6.2160      -3.1760
    H           2.0280      -6.2800      -2.1320
    H           2.2400      -4.6920      -5.2760
    H           2.0360      -3.1560      -4.7600
    H           0.7520      -4.1600      -4.8640
    H           0.0640      -3.6200       0.1120
    H           2.0560      -4.9240       1.6280
    H          -0.5560      -4.1600       2.3880
    H          -0.8200      -6.4920       2.8920
    H           0.6880      -6.7760       2.3320
    H          -0.4840      -6.2800       1.3080
    H           0.0240      -4.8680       4.5840
    H           0.9280      -3.5880       4.1280
    H           1.5680      -5.0880       4.1000
    H           2.8760      -1.0560       3.3160
    H           5.1440      -1.0840       4.1480
    H           5.4200      -2.4760       3.3400
    H           4.3760      -2.4520       4.5960
    H           4.8760      -2.0520       0.5920
    H           5.5000      -0.0880      -0.4960
    H           3.8160      -1.7640      -2.1080
    H           5.8000      -2.9720      -2.5920
    H           5.4840      -3.0200      -0.9920
    H           6.6360      -2.0120      -1.5680
    H           5.1680      -1.0040      -3.9240
    H           5.9840      -0.0240      -2.9040
    H           4.4080       0.2600      -3.2240
    H           2.6280       2.7080      -1.8880
    H           4.7680       3.5440      -2.6320
    H           5.8360       5.1920      -1.4040
    H           5.8360       3.7600      -0.6240
    H           4.8040       4.9400      -0.1680
    H           4.0640       5.7600      -2.9840
    H           2.8760       5.5480      -1.8840
    H           2.8600       4.6920      -3.2760

============== BASIS INFOS ==============
 BASIS FUNCTIONS = 1620
 NSHELL =  582 NPRIM  = 2814
 JSHELL =  582 JBASIS = 1308


 @ End Reading Molecular Information 


 @ Begin XC Quadrature Formation

 OCTAGO: OCTree Algorithm for Grid Operations 
   PRUNING CUTOFF       = 0.100E-06
   INITIAL GRID POINTS  =      635328
|   FINAL GRID POINTS    =      392254
|   SIGNIFICANT NUMBER OF BASIS FUNCTIONS     =      704937
|   SIGNIFICANT NUMBER OF PRIMITIVE FUNCTIONS =      770163

 @ End XC Quadrature Formation


 @ Begin Energy Calculation

| condition number of overlap matrix:    5.509E+03
| Smallest eigenvalue of overlap matrix:    1.464E-03

                                         SCF ENERGY
| ------------------------------------------------------------------------------------------------------------------------
| NCYC       ENERGY         DELTA_E      SCF_TIME  DII_CYC   DII_TIME   O_TIME  DIAG_TIME    MAX_ERR    RMS_CHG    MAX_CHG
| ------------------------------------------------------------------------------------------------------------------------
|  1  -3815.108089614      ------        21.971     1        0.14     21.82      0.03    0.2550E+01  0.8558E-02  0.5906E+00
|  2  -3791.633797130  -.234743E+02      49.850     2        0.14     49.70      0.03    0.3387E+00  0.4883E-02  0.6247E+00
|  3  -3787.860280320  -.377352E+01      47.619     3        0.18     47.44      0.03    0.9113E+00  0.3229E-02  0.4722E+00
|   ***  Level shifting applied  ( HOMO-LUMO gap =  0.117 au ) ***
|  4  -3793.892826810  0.603255E+01      45.047     4        0.15     44.89      0.03    0.1226E+00  0.7482E-03  0.9608E-01
|  5  -3794.117705846  0.224879E+00      39.393     5        0.15     39.23      0.03    0.4535E-01  0.2587E-03  0.4716E-01
|  6  -3794.131628211  0.139224E-01      35.189     6        0.16     35.02      0.03    0.2593E-01  0.1299E-03  0.2110E-01
|  7  -3794.139588800  0.796059E-02      32.242     7        0.16     32.07      0.03    0.8016E-02  0.3937E-04  0.6450E-02
|  8  -3794.140139624  0.550825E-03      28.610     8        0.16     28.44      0.03    0.2253E-02  0.1074E-04  0.1743E-02
|  9  -3794.140148044  0.841937E-05      25.362     9        0.18     25.18      0.03    0.5427E-03  0.3615E-05  0.5264E-03
| -------------- 2E-INT CUTOFF CHANGE TO 0.1000E-08 ------------
| 10  -3794.140151878  0.383430E-05      36.010    10        0.17     35.83      0.03    0.2980E-03  0.1424E-05  0.3043E-03
| 11  -3794.140153365  0.148740E-05      32.052     1        0.21     31.83      0.03    0.1370E-03  0.5880E-06  0.1046E-03
| -------------- 2E-INT CUTOFF CHANGE TO 0.1000E-09 ------------
| 12  -3794.140153538  0.172266E-06      37.806     2        0.21     37.58      0.03    0.3493E-04  0.1609E-06  0.3021E-04
| ------------------------------------------------------------------------------------------------------------------------
| REACH CONVERGENCE AFTER  12 CYCLES
| MAX ERROR = 0.349297E-04   RMS CHANGE = 0.160947E-06   MAX CHANGE = 0.302118E-04
| -----------------------------------------------
 ALPHA ELECTRON DENSITY    =   300.0004365507
 BETA ELECTRON DENSITY     =   300.0004365507
 ELECTRONIC ENERGY    = -20395.965454621
 CORE_CORE REPULSION  =  16601.825301083
 TOTAL ENERGY         =  -3794.140153538

 @ End Energy calculation


 @ Begin Gradient Calculation

 ANALYTICAL GRADIENT: 
----------------------------------------
 COORDINATE    XYZ            GRADIENT
----------------------------------------
    1X     2.9800002276    -0.0126945047
    1Y     2.9840002279    -0.0007230454
    1Z     1.2240000935    -0.0160221158
    2X     2.2880001747     0.0176417487
    2Y     3.5120002682     0.0632704776
    2Z     2.4000001833     0.0181225450
    3X     0.8080000617     0.0096222077
    3Y     3.2680002496     0.0127566866
    3Z     2.1760001662     0.0027502399
    4X     2.7680002114    -0.0207580001
    4Y     2.8320002163    -0.0611869241
    4Z     3.6640002798    -0.0263761310
    5X     4.2720003262     0.0876275722
    5Y     3.1480002404     0.0164879510
    5Z     3.9560003021     0.0248022724
    6X     1.9200001466    -0.0403625384
    6Y     3.2480002480     0.0191994133
    6Z     4.8760003724     0.0661040375
    7X     0.3120000238    -0.0054192182
    7Y     2.2080001686    -0.0057959001
    7Z     1.8600001420    -0.0043903316
    8X     0.0880000067     0.0155218789
    8Y     4.3720003339    -0.0065996949
    8Z     2.4400001863    -0.0127157737
    9X    -1.3720001048    -0.0407996318
    9Y     4.2040003210    -0.0874922288
    9Z     2.3960001830     0.0567299855
   10X    -1.8280001396     0.1144679154
   10Y     4.1440003165     0.0656862646
   10Z     0.9200000703    -0.0671037429
   11X    -1.9440001485    -0.0265335251
   11Y     5.4680004176     0.0680213461
   11Z     3.0400002321     0.0284159313
   12X    -3.0120002300    -0.0385903163
   12Y     3.7040002829    -0.0085916317
   12Z     0.7680000586    -0.0043032043
   13X    -1.0680000816    -0.0509749719
   13Y     4.4560003403    -0.0404213724
   13Z    -0.0640000049     0.0593672653
   14X    -1.5280001167    -0.0464921776
   14Y     4.3400003314     0.0551466244
   14Z    -1.4480001106    -0.0040706550
   15X    -1.9240001469     0.0115050510
   15Y     2.9000002215     0.0124430604
   15Z    -1.6760001280    -0.0084290679
   16X    -0.4880000373     0.0379570084
   16Y     4.7600003635    -0.0504392360
   16Z    -2.5000001909    -0.0236352986
   17X    -0.2360000180     0.0084033852
   17Y     6.2760004793     0.0858449952
   17Z    -2.2840001744     0.0181177594
   18X    -0.9160000699    -0.0007592491
   18Y     4.4400003391    -0.0149577386
   18Z    -3.8760002960    -0.0489241216
   19X    -1.2600000962    -0.0092592562
   19Y     1.9440001485     0.0024632728
   19Z    -1.3600001039     0.0006771954
   20X    -3.1360002395     0.0088931310
   20Y     2.7840002126    -0.0140538727
   20Z    -2.2440001714     0.0102794000
   21X    -3.6120002758     0.0327292112
   21Y     1.4760001127    -0.0430802507
   21Z    -2.6240002004    -0.0197920242
   22X    -4.1440003165     0.0309358316
   22Y     0.6920000528     0.0594735830
   22Z    -1.4800001130     0.0313704715
   23X    -4.6440003546    -0.0103644887
   23Y     1.6520001262    -0.0660682591
   23Z    -3.7280002847    -0.0241845765
   24X    -5.8360004457    -0.0571072550
   24Y     2.4480001869     0.0406805207
   24Z    -3.2080002450     0.0207011963
   25X    -4.0520003094     0.0185873362
   25Y     2.3040001759     0.0293950351
   25Z    -4.9480003778    -0.0536322995
   26X    -4.5840003501     0.0032277859
   26Y    -0.4440000339    -0.0120176865
   26Z    -1.7320001323     0.0063423826
   27X    -4.2200003223    -0.0063150937
   27Y     1.2120000926    -0.0203342409
   27Z    -0.2720000208    -0.0460523633
   28X    -4.7400003620    -0.0617229509
   28Y     0.4080000312    -0.0094391881
   28Z     0.8280000632    -0.0150796175
   29X    -3.8920002972    -0.0376224541
   29Y    -0.8400000641     0.0190299702
   29Z     0.9360000715    -0.0036218446
   30X    -4.7640003638     0.0577901017
   30Y     1.1800000901     0.0167479223
   30Z     2.1680001656     0.0259207306
   31X    -5.7160004365    -0.0503382498
   31Y     2.3520001796     0.0495084453
   31Z     2.0520001567    -0.0040558362
   32X    -5.1760003953    -0.0188870168
   32Y     0.3040000232    -0.0339631914
   32Z     3.3160002532     0.0519661631
   33X    -2.6640002034     0.0313260922
   33Y    -0.8640000660    -0.0062284051
   33Z     1.0200000779     0.0000353849
   34X    -4.6360003540     0.0133722745
   34Y    -1.9640001500     0.0121586856
   34Z     0.9600000733    -0.0057676492
   35X    -3.9600003024     0.0473013100
   35Y    -3.2480002480    -0.0119788662
   35Z     1.1320000864     0.0676068763
   36X    -3.0760002349    -0.0441926775
   36Y    -3.5640002722     0.0329725828
   36Z    -0.0560000043    -0.0220647581
   37X    -5.0360003846    -0.0526084989
   37Y    -4.3200003299    -0.0541591189
   37Z     1.2560000959     0.0052758250
   38X    -2.1320001628     0.0038736313
   38Y    -4.3560003326    -0.0107958177
   38Z     0.0920000070    -0.0108228378
   39X    -3.3400002551     0.0181768790
   39Y    -3.0360002318    -0.0065611530
   39Z    -1.2520000956     0.0280998705
   40X    -2.5160001921    -0.0061734058
   40Y    -3.3880002587    -0.0559526756
   40Z    -2.4080001839    -0.0202218520
   41X    -1.0920000834    -0.0082671974
   41Y    -2.9840002279    -0.0131927266
   41Z    -2.1120001613    -0.0085610921
   42X    -3.0320002315     0.0102010106
   42Y    -2.7320002086     0.0680397283
   42Z    -3.6720002804     0.0223939466
   43X    -4.4760003418    -0.0728453576
   43Y    -3.1640002416    -0.0252076395
   43Z    -3.9840003042    -0.0239550325
   44X    -2.1640001653     0.0394800711
   44Y    -3.1160002379    -0.0237987892
   44Z    -4.8720003720    -0.0628883315
   45X    -0.7520000574     0.0047994383
   45Y    -1.9040001454     0.0059658814
   45Z    -1.6720001277     0.0048628275
   46X    -0.2240000171    -0.0037901817
   46Y    -3.9680003030     0.0040920391
   46Z    -2.4080001839     0.0038218745
   47X     1.1840000904     0.0216084228
   47Y    -3.6560002792     0.0806602785
   47Z    -2.2360001707     0.0044155476
   48X     1.6680001274    -0.0516806480
   48Y    -3.8880002969    -0.0104316210
   48Z    -0.8600000657    -0.0460736275
   49X     1.9600001497     0.0558241158
   49Y    -4.5480003473    -0.0115517967
   49Z    -3.2240002462     0.0159651898
   50X     1.7400001329    -0.0009499095
   50Y    -6.0080004588    -0.0552106958
   50Z    -3.0520002331     0.0014218926
   51X     1.7280001320    -0.0077247869
   51Y    -4.1000003131     0.0205448248
   51Z    -4.6520003552    -0.0673489199
   52X     2.8600002184     0.0008059872
   52Y    -3.6720002804     0.0126427074
   52Z    -0.5800000443     0.0236885951
   53X     0.8400000641     0.0254395331
   53Y    -4.2480003244     0.0038668007
   53Z     0.1440000110    -0.0100833272
   54X     1.3160001005     0.0351273095
   54Y    -4.2600003253    -0.0514154663
   54Z     1.5320001170     0.0165381916
   55X     1.8160001387    -0.0028727358
   55Y    -2.8440002172     0.0179726892
   55Z     1.8560001417     0.0017875821
   56X     0.2600000199    -0.0390463751
   56Y    -4.7280003610     0.0436091683
   56Z     2.5120001918    -0.0102944126
   57X    -0.1240000095    -0.0216686940
   57Y    -6.1960004732    -0.0775610072
   57Z     2.2360001707    -0.0127475610
   58X     0.7360000562     0.0220134645
   58Y    -4.5520003476     0.0101723842
   58Z     3.9560003021     0.0750247609
   59X     1.2000000916     0.0125175666
   59Y    -1.8400001405    -0.0155854150
   59Z     1.6440001255     0.0015035218
   60X     3.0280002312    -0.0170778391
   60Y    -2.8800002199    -0.0048495401
   60Z     2.4240001851    -0.0144455780
   61X     3.5760002731    -0.0529786089
   61Y    -1.6040001225     0.0435607382
   61Z     2.8560002181     0.0382389764
   62X     4.0320003079    -0.0147075241
   62Y    -0.7360000562    -0.0206950917
   62Z     1.6720001277    -0.0330387174
   63X     4.7280003610     0.0573180727
   63Y    -1.9320001475    -0.0176404133
   63Z     3.8200002917     0.0564034497
   64X     4.3440003317     0.0122977188
   64Y     0.4360000333     0.0022202023
   64Z     1.8880001442    -0.0017006340
   65X     4.1840003195    -0.0087678813
   65Y    -1.3400001023    -0.0040711302
   65Z     0.4800000367     0.0263137840
   66X     4.5960003510     0.0644816329
   66Y    -0.4920000376     0.0325182514
   66Z    -0.6560000501     0.0025384702
   67X     3.5680002725    -0.0431931287
   67Y     0.6160000470     0.0025975179
   67Z    -0.8000000611    -0.0041922630
   68X     4.7040003592    -0.0589724483
   68Y    -1.3400001023    -0.0331260208
   68Z    -1.9280001472    -0.0120981891
   69X     5.7440004386     0.0493520151
   69Y    -2.4280001854    -0.0510533012
   69Z    -1.7560001341    -0.0005813966
   70X     5.1000003895     0.0243182722
   70Y    -0.4520000345     0.0388767842
   70Z    -3.0920002361    -0.0527630746
   71X     2.4040001836     0.0591054971
   71Y     0.4680000357     0.0090841402
   71Z    -0.8240000629     0.0053784302
   72X     4.1880003198    -0.0093976434
   72Y     1.7960001371    -0.0272127251
   72Z    -0.9360000715     0.0108536984
   73X     3.3600002566    -0.0498269988
   73Y     2.9560002257    -0.0064607223
   73Z    -1.2520000956    -0.0631043749
   74X     2.6520002025     0.0092041167
   74Y     3.4920002667    -0.0174477870
   74Z     0.0160000012     0.0221776677
   75X     4.2560003250     0.0406981526
   75Y     3.9920003048    -0.0278859984
   75Z    -1.9000001451    -0.0348900072
   76X     5.2640004020     0.0379886193
   76Y     4.5120003446     0.0160544307
   76Z    -0.9480000724     0.0303483180
   77X     3.4440002630    -0.0365358653
   77Y     5.0920003888     0.0492128761
   77Z    -2.5680001961    -0.0346228948
   78X     1.8280001396     0.0083332630
   78Y     4.3920003354     0.0006376524
   78Z    -0.1080000082     0.0070052067
   79X     3.9600003024    -0.0189385488
   79Y     3.1400002398     0.0216250507
   79Z     1.3560001035    -0.0004901666
   80X     2.4760001891    -0.0073290775
   80Y     4.4880003427    -0.0824009357
   80Z     2.5160001921    -0.0035067693
   81X     2.6680002037     0.0057370330
   81Y     1.8480001411     0.0797433117
   81Z     3.5160002685     0.0103877410
   82X     4.5520003476    -0.0233175953
   82Y     2.6840002050     0.0377239565
   82Z     4.7960003662    -0.0665337561
   83X     4.3880003351    -0.0106397593
   83Y     4.1360003158    -0.0801690580
   83Z     4.0640003103    -0.0104860022
   84X     4.8320003690    -0.0482714232
   84Y     2.8280002160     0.0275268626
   84Z     3.1920002438     0.0578788375
   85X     2.2560001723    -0.0264428836
   85Y     2.7840002126     0.0366835263
   85Z     5.6960004350    -0.0658638782
   86X     0.9640000736     0.0753903730
   86Y     2.9920002285     0.0190373674
   86Z     4.7200003604     0.0084323139
   87X     1.9840001515    -0.0029549021
   87Y     4.2400003238    -0.0781329600
   87Z     5.0040003821    -0.0125532957
   88X    -1.6720001277     0.0190640670
   88Y     3.3720002575     0.0669178430
   88Z     2.8640002187    -0.0320002758
   89X    -2.9440002248     0.0781807891
   89Y     5.4160004136     0.0047333526
   89Z     3.0440002325     0.0008204054
   90X    -1.6520001262    -0.0239815741
   90Y     6.2680004786    -0.0675072795
   90Z     2.5200001924     0.0414768787
   91X    -1.6120001231    -0.0269908664
   91Y     5.5440004234    -0.0066175593
   91Z     3.9800003039    -0.0755275460
   92X    -0.8160000623    -0.0326459820
   92Y     5.4160004136    -0.0087376146
   92Z     0.0680000052    -0.0056943531
   93X    -2.2960001753     0.0712360147
   93Y     4.9680003794    -0.0420627836
   93Z    -1.5680001197     0.0120368795
   94X     0.3640000278    -0.0668210132
   94Y     4.2440003241     0.0360425467
   94Z    -2.3880001824    -0.0237456933
   95X     0.4400000336    -0.0535746192
   95Y     6.6000005040    -0.0279265904
   95Z    -2.9480002251     0.0505820303
   96X     0.1080000082    -0.0319994970
   96Y     6.4280004909    -0.0154058488
   96Z    -1.3600001039    -0.0745589785
   97X    -1.0920000834     0.0700858401
   97Y     6.7760005174    -0.0427771210
   97Z    -2.4080001839     0.0116543309
   98X    -0.2120000162    -0.0563110186
   98Y     4.7280003610    -0.0231298579
   98Z    -4.5240003455     0.0537401792
   99X    -1.7720001353     0.0685644161
   99Y     4.9200003757    -0.0354131318
   99Z    -4.0800003116     0.0227904951
  100X    -1.0600000809     0.0114445589
  100Y     3.4520002636     0.0763052777
  100Z    -3.9600003024     0.0119382462
  101X    -2.8400002169    -0.0650750421
  101Y     0.9360000715     0.0405601189
  101Z    -2.9600002260     0.0289442612
  102X    -4.9600003788     0.0236571856
  102Y     0.7440000568     0.0753911983
  102Z    -4.0040003058     0.0151962557
  103X    -6.5080004970     0.0579213827
  103Y     2.5600001955    -0.0097495914
  103Z    -3.9360003006     0.0603320454
  104X    -5.5280004221    -0.0228615525
  104Y     3.3480002557    -0.0727148937
  104Z    -2.9000002215    -0.0255316917
  105X    -6.2560004777     0.0353081288
  105Y     1.9600001497     0.0356042357
  105Z    -2.4400001863    -0.0597586624
  106X    -4.7560003632     0.0554750082
  106Y     2.4040001836    -0.0084384865
  106Z    -5.6520004316     0.0568886207
  107X    -3.3080002526    -0.0584445222
  107Y     1.7320001323     0.0416836296
  107Z    -5.3040004050     0.0302754074
  108X    -3.6920002819    -0.0295861090
  108Y     3.2040002447    -0.0731809126
  108Z    -4.7040003592    -0.0161130142
  109X    -3.2960002517    -0.0151440815
  109Y     1.4880001136    -0.0286608660
  109Z    -0.0160000012    -0.0081221734
  110X    -5.6920004347     0.0730164855
  110Y     0.1720000131     0.0249754299
  110Z     0.6320000483     0.0209880392
  111X    -3.8360002929    -0.0767119321
  111Y     1.5000001145    -0.0302281778
  111Z     2.3520001796    -0.0122300996
  112X    -5.7320004377     0.0028735243
  112Y     2.8520002178    -0.0408239666
  112Z     2.9200002230    -0.0676380198
  113X    -6.6320005064     0.0786583683
  113Y     2.0160001539     0.0267612774
  113Z     1.8440001408     0.0164260418
  114X    -5.4080004130    -0.0233803714
  114Y     2.9600002260    -0.0524976618
  114Z     1.3240001011     0.0590216219
  115X    -5.1800003956     0.0006846384
  115Y     0.8440000645    -0.0409665469
  115Z     4.1600003177    -0.0664948982
  116X    -4.5320003461    -0.0516099961
  116Y    -0.4520000345     0.0647589397
  116Z     3.4080002602    -0.0124551645
  117X    -6.0920004652     0.0767578067
  117Y    -0.0560000043     0.0323058190
  117Z     3.1480002404     0.0101373460
  118X    -3.3800002581    -0.0464505769
  118Y    -3.2160002456    -0.0036862809
  118Z     1.9480001488    -0.0610936007
  119X    -4.6040003516    -0.0352034642
  119Y    -5.2160003983     0.0688572903
  119Z     1.3760001051    -0.0092951784
  120X    -5.5960004273     0.0468977913
  120Y    -4.3320003308     0.0013815542
  120Z     0.4280000327     0.0660571247
  121X    -5.6160004289     0.0486646566
  121Y    -4.1240003149    -0.0161131185
  121Z     2.0440001561    -0.0646936329
  122X    -4.2800003268     0.0224467199
  122Y    -3.2880002511    -0.0201686936
  122Z    -1.4800001130     0.0028241431
  123X    -2.5600001955    -0.0033783976
  123Y    -4.3760003342     0.0818235044
  123Z    -2.5640001958     0.0080419117
  124X    -3.0000002291    -0.0002217874
  124Y    -1.7480001335    -0.0829408432
  124Z    -3.5120002682    -0.0094872765
  125X    -4.7840003653     0.0252062329
  125Y    -2.7120002071    -0.0348457562
  125Z    -4.8240003684     0.0640997598
  126X    -5.0760003876     0.0520068028
  126Y    -2.9000002215    -0.0225134764
  126Z    -3.2280002465    -0.0562206754
  127X    -4.5120003446     0.0041363535
  127Y    -4.1560003174     0.0808064103
  127Z    -4.1080003137     0.0115282439
  128X    -2.5200001924     0.0271652304
  128Y    -2.6720002040    -0.0344289223
  128Z    -5.6960004350     0.0654604320
  129X    -2.1800001665    -0.0002279743
  129Y    -4.1080003137     0.0806340551
  129Z    -4.9960003815     0.0118086145
  130X    -1.2240000935    -0.0775539829
  130Y    -2.8160002150    -0.0232670111
  130Z    -4.7160003601    -0.0080961598
  131X     1.3280001014    -0.0105870055
  131Y    -2.6800002047    -0.0759178662
  131Z    -2.4080001839     0.0177261311
  132X     2.9240002233    -0.0805949679
  132Y    -4.4160003372    -0.0197759314
  132Z    -3.0040002294    -0.0186618522
  133X     2.2800001741    -0.0421328235
  133Y    -6.5080004970     0.0405000919
  133Z    -3.7320002850     0.0520636428
  134X     0.7720000590     0.0802030789
  134Y    -6.2160004747     0.0230829781
  134Z    -3.1760002425     0.0094192962
  135X     2.0280001549    -0.0208896843
  135Y    -6.2800004796     0.0261629328
  135Z    -2.1320001628    -0.0719087432
  136X     2.2400001711    -0.0403224540
  136Y    -4.6920003583     0.0457936009
  136Z    -5.2760004029     0.0510051744
  137X     2.0360001555    -0.0241377935
  137Y    -3.1560002410    -0.0781128182
  137Z    -4.7600003635     0.0123684825
  138X     0.7520000574     0.0773218781
  138Y    -4.1600003177     0.0045199878
  138Z    -4.8640003714     0.0203225321
  139X     0.0640000049     0.0302645511
  139Y    -3.6200002764     0.0035647420
  139Z     0.1120000086     0.0031079950
  140X     2.0560001570    -0.0676202280
  140Y    -4.9240003760     0.0468013867
  140Z     1.6280001243    -0.0006074261
  141X    -0.5560000425     0.0658362098
  141Y    -4.1600003177    -0.0442961657
  141Z     2.3880001824     0.0107327534
  142X    -0.8200000626     0.0552673850
  142Y    -6.4920004958     0.0239249847
  142Z     2.8920002208    -0.0519639738
  143X     0.6880000525    -0.0633965257
  143Y    -6.7760005174     0.0475116115
  143Z     2.3320001781    -0.0079117918
  144X    -0.4840000370     0.0296515380
  144Y    -6.2800004796     0.0075813443
  144Z     1.3080000999     0.0745599488
  145X     0.0240000018     0.0561774961
  145Y    -4.8680003717     0.0249656592
  145Z     4.5840003501    -0.0504331185
  146X     0.9280000709    -0.0161937080
  146Y    -3.5880002740    -0.0789676597
  146Z     4.1280003152    -0.0183282517
  147X     1.5680001197    -0.0680382362
  147Y    -5.0880003885     0.0426949851
  147Z     4.1000003131    -0.0150803707
  148X     2.8760002196     0.0579283002
  148Y    -1.0560000806    -0.0394569059
  148Z     3.3160002532    -0.0361959356
  149X     5.1440003928    -0.0323528669
  149Y    -1.0840000828    -0.0687516267
  149Z     4.1480003168    -0.0250277712
  150X     5.4200004139    -0.0541269021
  150Y    -2.4760001891     0.0431149278
  150Z     3.3400002551     0.0357352905
  151X     4.3760003342     0.0294660105
  151Y    -2.4520001872     0.0431209205
  151Z     4.5960003510    -0.0628806649
  152X     4.8760003724     0.0049189697
  152Y    -2.0520001567     0.0274783669
  152Z     0.5920000452     0.0012416939
  153X     5.5000004200    -0.0689004307
  153Y    -0.0880000067    -0.0354786188
  153Z    -0.4960000379    -0.0162967629
  154X     3.8160002914     0.0710785958
  154Y    -1.7640001347     0.0330744257
  154Z    -2.1080001610     0.0123063504
  155X     5.8000004429    -0.0056514194
  155Y    -2.9720002270     0.0461448437
  155Z    -2.5920001979     0.0667536895
  156X     5.4840004188     0.0183510520
  156Y    -3.0200002306     0.0522084384
  156Z    -0.9920000758    -0.0565710000
  157X     6.6360005068    -0.0730559842
  157Y    -2.0120001536    -0.0310123428
  157Z    -1.5680001197    -0.0136763610
  158X     5.1680003946    -0.0060302516
  158Y    -1.0040000767     0.0425158380
  158Z    -3.9240002997     0.0674021547
  159X     5.9840004570    -0.0719970311
  159Y    -0.0240000018    -0.0361333021
  159Z    -2.9040002218    -0.0127790940
  160X     4.4080003366     0.0521440429
  160Y     0.2600000199    -0.0571804449
  160Z    -3.2240002462     0.0142107189
  161X     2.6280002007     0.0583074411
  161Y     2.7080002068     0.0263387103
  161Z    -1.8880001442     0.0474490510
  162X     4.7680003641    -0.0382737154
  162Y     3.5440002706     0.0445400625
  162Z    -2.6320002010     0.0601652381
  163X     5.8360004457    -0.0489186915
  163Y     5.1920003965    -0.0565072416
  163Z    -1.4040001072     0.0345177632
  164X     5.8360004457    -0.0486846013
  164Y     3.7600002871     0.0597053391
  164Z    -0.6240000477    -0.0282737920
  165X     4.8040003669     0.0329216548
  165Y     4.9400003772    -0.0372835502
  165Z    -0.1680000128    -0.0635011693
  166X     4.0640003103    -0.0487947907
  166Y     5.7600004399    -0.0521221584
  166Z    -2.9840002279     0.0340769001
  167X     2.8760002196     0.0470203215
  167Y     5.5480004237    -0.0383600833
  167Z    -1.8840001439    -0.0522313646
  168X     2.8600002184     0.0477354017
  168Y     4.6920003583     0.0292563789
  168Z    -3.2760002502     0.0568754634
----------------------------------------

 @ End Gradient Calculation

  Skipping one-electron property calculation.

 @ Output Timing Information

------------- TIMING ---------------
| INITIAL GUESS TIME  =     5.219984000(  0.98%)
| DFT GRID OPERATIONS =     0.942785000(  0.18%)
| TOTAL SCF TIME      =   431.790803000( 80.67%)
|       TOTAL OP TIME      =   429.670623000( 80.28%)
|             TOTAL 1e TIME      =     0.640683000(  0.12%)
|             TOTAL 2e TIME      =   407.362404000( 76.11%)
|             TOTAL EXC TIME     =    20.679162000(  3.86%)
|       TOTAL DII TIME      =     2.034931000(  0.38%)
|             TOTAL DIAG TIME    =     0.412771000(  0.08%)
| TOTAL GRADIENT TIME      =    96.727197000( 18.07%)
|       TOTAL 1e GRADIENT TIME      =     5.183920000( 1.04%)
|       TOTAL 2e GRADIENT TIME      =    87.327043000(16.32%)
|       TOTAL EXC GRADIENT TIME     =     3.851733000(  0.72%)
| TOTAL TIME          =   535.243733000
------------------------------------
| Job cpu time:  0 days  0 hours  8 minutes 55.2 seconds.

 @ Finish Output Timing Information

| Normal Termination. Task Finished on: Wed Jul  1 05:38:21 2026
