| *********************************************************************************************************
| **                                                                                                     **
| **           888888888888                                                                              **
| **         8888888888888888                                                                            **
| **      888888888888888888                                                                             **
| **     888888888888888888                                                                              **
| **    888888888888888                                                                                  **
| **   88888888888888888888                               88888                       8888:              **
| **   8888888888888888888888Z                            88888                       8888:              **
| **   888888888888888888888888?                          88888                       8888:              **
| **   8888888888888      8888888                                        888888       8888:              **
| **    88888888888         888888     8888:     88888    88888        888888888I     8888:    888888    **
| **    8888888888           88888:    8888:     88888    88888      $888888888888    8888:   888888     **
| **    I8Z 88888             88888    8888:     88888    88888    .888888     8888   8888: 888888       **
| **    .8Z 88888             88888    8888:     88888    88888    $88888             8888:88888         **
| **     8I 88888      .=88. .88888    8888:     88888    88888    88888              8888888888         **
| **    :8  88888      888888$8888$    8888:     88888    88888    8888O              88888888888        **
| **   ,7   +88888.     8888888888.    8888:     88888    88888    888888             88888O888888       **
| **         $888888:.   .8888888      88888....888888    88888     888888     8888   8888:  888888      **
| **          I8888888888888888888     888888888888888    88888     O888888888888O    8888:   888888     **
| **            O888888888888888888     88888888888888    88888       88888888888$    8888:    888888    **
| **               8888888Z     888      .8888I  88888    88888         8888888       8888:     888888   **
| **                                                                                                     **
| **                                                                                                     **
| **                                         Copyright (c) 2026                                          **
| **                          Regents of the University of California San Diego                          **
| **                                    & Michigan State University                                      **
| **                                        All Rights Reserved.                                         **
| **                                                                                                     **
| **             This software is subject to the terms of the Mozilla Public License, v. 2.0.            **
| **                                                                                                     **
| *********************************************************************************************************
|                                                                                                          
| Cite this work as:                                                                                       
| Manathunga, M.; O'Hearn, K. A.; Shajan, A.; Smith, J.; Miao, Y.; He, X.; Ayers, K.;                      
| Brothers, E.; Palos, E.; Tripathy, V.; Goetz, A.W.; Merz, K.M. QUICK-26.03.                              
| University of California,San Diego, CA and                                                               
| Michigan State University, East Lansing, MI, 2026                                                        
|                                                                                                          
| If you have any comments or queries, please reach out to us on GitHub issues or discussion sections:     
| https://github.com/merzlab/QUICK.                                                                        
|                                                                                                          
| TASK STARTS ON: Wed Jul  1 06:12:10 2026
| INPUT FILE :    water30.in
| OUTPUT FILE:    water30.out
| BASIS SET PATH: /projects/bdit/vtripathy/QUICK/install/basis

|------------ GPU INFORMATION ---------------
| CUDA ENABLED DEVICE         :        1
| CUDA DEVICE IN USE          :        0
| CUDA DEVICE NAME            : NVIDIA A100-SXM4-40GB
| CUDA DEVICE PM              :      108
| CUDA DEVICE CORE FREQ(GHZ)  :     1.41
| CUDA DEVICE MEMORY SIZE (MB):    40442
| SUPPORTING CUDA VERSION     :      8.0
|--------------------------------------------

 @ Read Job And Atom

  KEYWORD=B3LYP BASIS=6-31G** CUTOFF=1.0E-7 DENSERMS=1.0E-6 GRADIENT
 ============== JOB CARD =============
 METHOD = DENSITY FUNCTIONAL THEORY
 DENSITY FUNCTIONAL = B3LYP
 DIRECT SCF 
 SAD INITAL GUESS 
 USE DIIS SCF
 PRINT ENERGY EVERY CYCLE
 READ SAD GUESS FROM FILE
 STANDARD GRID = SG1
 Level shifting allowed after cycle    3
 DIIS error must exceed 0.100 for level shifting
 Max HOMO-LUMO gap to allow level shifting = 0.200
 GRADIENT CALCULATION
 MAX SCF CYCLES =    200
 MAX DIIS CYCLES =   10
 DELTA DENSITY START CYCLE =    3
 COMPUTATIONAL CUTOFF: 
      TWO-e INTEGRAL         =  0.100E-06
      BASIS SET PRIME        =  0.100E-07
      MATRIX ELEMENTS        =  0.100E-09
      BASIS FUNCTION         =  0.100E-05
      NEAR-LINEAR DEPENDENCY =  0.100E-04
      GRADIENT CUTOFF  =  0.100E-06
 DENSITY MATRIX MAXIMUM RMS FOR CONVERGENCE  =  0.100E-05
 BASIS SET = 6-31G**,  TYPE = CARTESIAN
| BASIS FILE = /projects/bdit/vtripathy/QUICK/install/basis/6-31GDP.BAS
| DATA FILE  =    water30.dat

 @ Finish reading job


 @ Begin SAD initial guess

 For Atom Kind =    1
 ELEMENT = O 
 BASIS FUNCTIONS =   15
 For Atom Kind =    2
 ELEMENT = H 
 BASIS FUNCTIONS =    5

 @ Finish SAD initial guess


 @ Begin Reading Molecular Information


 =========== Molecule Input ==========
 TOTAL MOLECULAR CHARGE  =    0    MULTIPLICITY                =    1
 TOTAL ATOM NUMBER       =   90    NUMBER OF ATOM TYPES        =    2
 NUMBER OF HYDROGEN ATOM =   60    NUMBER OF NON-HYDROGEN ATOM =   30
 NUMBER OF ELECTRONS     =  300

 -- INPUT GEOMETRY -- :
    O           2.4900       1.5638       0.4372
    O          -0.1574       2.8999       0.4788
    O           1.1729      -0.7388       1.9442
    O          -0.3076      -2.1409      -0.0774
    O           2.6045       0.4976      -2.4173
    O          -2.2620       1.1408       0.8445
    O           3.3029      -1.4064      -0.5440
    O           0.8698       2.3130      -3.3426
    O           1.1571      -2.4733      -2.3559
    O          -2.7864      -1.0664      -0.6537
    O          -3.1746       1.0735      -2.3862
    O          -0.0836       3.6710       3.1044
    O           1.9147       1.6031       4.0308
    O          -2.3140      -2.1910       2.2880
    O           4.2872       2.1295       2.5710
    O          -3.4115       3.3227      -0.8980
    O          -2.6723       0.7834       3.5333
    O           4.5270       3.7712       0.1629
    O          -1.8845      -2.5413      -3.3005
    O          -0.2745      -1.0570      -5.1250
    O           2.8593       4.2836      -3.5422
    O           0.3480       6.1485       0.4754
    O           3.3777      -1.6862      -4.4072
    O           2.8426       5.5099       1.3970
    O           2.8982      -2.3096       3.9726
    O           1.9324       0.9700      -5.6923
    O          -0.6444      -4.7995       0.8108
    O          -1.0519       5.8780      -1.9524
    O           5.4975      -0.3614       2.8475
    O          -2.6999       1.0085      -5.0779
    H           3.2128       2.1047       0.7553
    H           2.7625       1.2901      -0.4386
    H           0.7675       2.7680       0.2706
    H          -0.1798       2.9792       1.4324
    H           1.5327      -0.1399       1.2899
    H           1.0321      -0.1928       2.7177
    H           0.1684      -1.6626       0.6015
    H           0.3131      -2.2091      -0.8029
    H           3.1528       0.3164      -3.1806
    H           2.6700      -0.2930      -1.8816
    H          -2.5747       1.2335       1.7444
    H          -1.5008       1.7189       0.7942
    H           4.1042      -1.0852      -0.1304
    H           2.7881      -1.7669       0.1780
    H           0.1557       2.5127      -2.7373
    H           1.2893       1.5370      -2.9711
    H           1.2662      -3.4138      -2.4964
    H           0.5051      -2.2078      -3.0046
    H          -1.9939      -1.5615      -0.8611
    H          -2.4931      -0.3874      -0.0461
    H          -2.8500       0.3425      -1.8604
    H          -3.1389       0.7549      -3.2881
    H          -0.8784       3.6055       3.6337
    H           0.1208       4.6060       3.0930
    H           2.6726       1.7160       3.4572
    H           1.4524       2.4400       3.9851
    H          -2.5999      -2.6045       1.4735
    H          -2.5121      -1.2622       2.1681
    H           4.8165       1.3425       2.4418
    H           4.9201       2.8086       2.8045
    H          -2.5345       3.3311      -0.5146
    H          -3.3994       2.5858      -1.5088
    H          -2.4772       1.6818       3.8001
    H          -3.4593       0.5521       4.0266
    H           4.8296       3.7779      -0.7452
    H           5.2665       3.4210       0.6597
    H          -2.4843      -2.4820      -4.0441
    H          -1.7551      -3.4808      -3.1708
    H          -0.7686      -0.6601      -5.8423
    H          -0.8831      -1.6821      -4.7312
    H           2.4657       5.1311      -3.3349
    H           2.1712       3.6463      -3.3514
    H           0.2655       7.0915       0.6169
    H          -0.0037       6.0060      -0.4034
    H           2.7837      -1.8177      -3.6682
    H           3.3701      -2.5224      -4.8730
    H           3.5518       5.0882       0.9117
    H           2.1266       5.5774       0.7653
    H           2.3729      -1.9288       3.2688
    H           2.8226      -1.6845       4.6936
    H           1.5839       1.4264      -4.9265
    H           1.6012       0.0757      -5.6101
    H          -1.4751      -4.7318       1.2815
    H          -0.4672      -3.9091       0.5075
    H          -1.6675       6.3860      -2.4809
    H          -1.3722       4.9778      -2.0098
    H           6.2294      -0.6454       2.2999
    H           5.7568      -0.6000       3.7375
    H          -2.0627       1.6220      -4.7120
    H          -2.5524       1.0446      -6.0230

============== BASIS INFOS ==============
 BASIS FUNCTIONS =  750
 NSHELL =  300 NPRIM  = 1260
 JSHELL =  300 JBASIS =  630


 @ End Reading Molecular Information 


 @ Begin XC Quadrature Formation

 OCTAGO: OCTree Algorithm for Grid Operations 
   PRUNING CUTOFF       = 0.100E-06
   INITIAL GRID POINTS  =      339600
|   FINAL GRID POINTS    =      219843
|   SIGNIFICANT NUMBER OF BASIS FUNCTIONS     =      241552
|   SIGNIFICANT NUMBER OF PRIMITIVE FUNCTIONS =      264826

 @ End XC Quadrature Formation


 @ Begin Energy Calculation

| condition number of overlap matrix:    5.944E+02
| Smallest eigenvalue of overlap matrix:    9.352E-03

                                         SCF ENERGY
| ------------------------------------------------------------------------------------------------------------------------
| NCYC       ENERGY         DELTA_E      SCF_TIME  DII_CYC   DII_TIME   O_TIME  DIAG_TIME    MAX_ERR    RMS_CHG    MAX_CHG
| ------------------------------------------------------------------------------------------------------------------------
|  1  -2293.040438274      ------         2.129     1        0.04      2.09      0.01    0.1817E+01  0.1036E-01  0.4182E+00
|  2  -2291.265830922  -.177461E+01       2.676     2        0.04      2.63      0.01    0.2721E+00  0.6198E-02  0.3667E+00
|  3  -2290.493603078  -.772228E+00       2.603     3        0.05      2.56      0.01    0.3353E+00  0.2961E-02  0.1727E+00
|   ***  Level shifting applied  ( HOMO-LUMO gap =  0.095 au ) ***
|  4  -2292.919285606  0.242568E+01       2.451     4        0.04      2.41      0.01    0.3294E-01  0.5424E-03  0.3163E-01
|  5  -2292.941821168  0.225356E-01       2.197     5        0.04      2.15      0.01    0.1327E-01  0.7391E-04  0.8745E-02
|  6  -2292.942422564  0.601396E-03       1.864     6        0.04      1.82      0.01    0.4147E-02  0.2490E-04  0.2293E-02
|  7  -2292.942533916  0.111352E-03       1.784     7        0.04      1.74      0.01    0.4467E-03  0.4207E-05  0.4363E-03
| -------------- 2E-INT CUTOFF CHANGE TO 0.1000E-08 ------------
|  8  -2292.942535060  0.114426E-05       2.116     8        0.04      2.07      0.01    0.4731E-03  0.1755E-05  0.2641E-03
|  9  -2292.942535414  0.353879E-06       1.938     9        0.05      1.89      0.01    0.5239E-04  0.2829E-06  0.3415E-04
| ------------------------------------------------------------------------------------------------------------------------
| REACH CONVERGENCE AFTER   9 CYCLES
| MAX ERROR = 0.523949E-04   RMS CHANGE = 0.282937E-06   MAX CHANGE = 0.341502E-04
| -----------------------------------------------
 ALPHA ELECTRON DENSITY    =   150.0002374390
 BETA ELECTRON DENSITY     =   150.0002374390
 ELECTRONIC ENERGY    =  -6708.893854639
 CORE_CORE REPULSION  =   4415.951319225
 TOTAL ENERGY         =  -2292.942535414

 @ End Energy calculation


 @ Begin Gradient Calculation

 ANALYTICAL GRADIENT: 
----------------------------------------
 COORDINATE    XYZ            GRADIENT
----------------------------------------
    1X     2.4900001901     0.0146403275
    1Y     1.5638001194     0.0088339092
    1Z     0.4372000334    -0.0015780781
    2X    -0.1574000120     0.0167808222
    2Y     2.8999002214    -0.0006439201
    2Z     0.4788000366     0.0172449956
    3X     1.1729000896    -0.0013651158
    3Y    -0.7388000564     0.0210551083
    3Z     1.9442001485     0.0070922774
    4X    -0.3076000235     0.0078278670
    4Y    -2.1409001635     0.0087897697
    4Z    -0.0774000059     0.0029282557
    5X     2.6045001989     0.0040189020
    5Y     0.4976000380    -0.0133683653
    5Z    -2.4173001846    -0.0002589303
    6X    -2.2620001727     0.0073238733
    6Y     1.1408000871     0.0071997336
    6Z     0.8445000645     0.0042497843
    7X     3.3029002522    -0.0004375498
    7Y    -1.4064001074     0.0004988353
    7Z    -0.5440000415     0.0096375266
    8X     0.8698000664     0.0100617207
    8Y     2.3130001766    -0.0156090583
    8Z    -3.3426002553     0.0100815556
    9X     1.1571000884    -0.0100025767
    9Y    -2.4733001889    -0.0034457030
    9Z    -2.3559001799     0.0000610139
   10X    -2.7864002128     0.0195817893
   10Y    -1.0664000814     0.0092248640
   10Z    -0.6537000499     0.0155770827
   11X    -3.1746002424    -0.0024273982
   11Y     1.0735000820    -0.0157143347
   11Z    -2.3862001822     0.0087541150
   12X    -0.0836000064    -0.0028820607
   12Y     3.6710002803     0.0101431982
   12Z     3.1044002371    -0.0055037233
   13X     1.9147001462     0.0087130224
   13Y     1.6031001224     0.0172676551
   13Z     4.0308003078    -0.0092381916
   14X    -2.3140001767    -0.0023685151
   14Y    -2.1910001673     0.0092244609
   14Z     2.2880001747    -0.0129305769
   15X     4.2872003274     0.0048706219
   15Y     2.1295001626    -0.0108834449
   15Z     2.5710001963     0.0079131540
   16X    -3.4115002605     0.0034818809
   16Y     3.3227002537    -0.0290860074
   16Z    -0.8980000686    -0.0036357052
   17X    -2.6723002041    -0.0050424995
   17Y     0.7834000598     0.0020297062
   17Z     3.5333002698     0.0028786135
   18X     4.5270003457     0.0000747795
   18Y     3.7712002880     0.0046162703
   18Z     0.1629000124     0.0013487123
   19X    -1.8845001439    -0.0114530439
   19Y    -2.5413001941    -0.0059690900
   19Z    -3.3005002520     0.0003358128
   20X    -0.2745000210    -0.0124024089
   20Y    -1.0570000807    -0.0010957090
   20Z    -5.1250003914     0.0037176613
   21X     2.8593002183    -0.0191422487
   21Y     4.2836003271    -0.0068633590
   21Z    -3.5422002705    -0.0002476332
   22X     0.3480000266    -0.0057252409
   22Y     6.1485004695     0.0053353172
   22Z     0.4754000363    -0.0135232366
   23X     3.3777002579    -0.0064300127
   23Y    -1.6862001288    -0.0087612592
   23Z    -4.4072003366     0.0012908493
   24X     2.8426002171    -0.0040531516
   24Y     5.5099004208    -0.0043261433
   24Z     1.3970001067    -0.0154188174
   25X     2.8982002213    -0.0115927594
   25Y    -2.3096001764     0.0099090542
   25Z     3.9726003034    -0.0033170721
   26X     1.9324001476    -0.0079523653
   26Y     0.9700000741    -0.0021926612
   26Z    -5.6923004347     0.0100993591
   27X    -0.6444000492    -0.0027129339
   27Y    -4.7995003665     0.0211307233
   27Z     0.8108000619     0.0030957777
   28X    -1.0519000803    -0.0112821754
   28Y     5.8780004489    -0.0012163158
   28Z    -1.9524001491     0.0002161223
   29X     5.4975004198     0.0040760962
   29Y    -0.3614000276    -0.0075607890
   29Z     2.8475002174     0.0091990625
   30X    -2.6999002062     0.0021192281
   30Y     1.0085000770     0.0070709125
   30Z    -5.0779003878     0.0020297929
   31X     3.2128002453    -0.0078995310
   31Y     2.1047001607    -0.0117413036
   31Z     0.7553000577    -0.0096683333
   32X     2.7625002110    -0.0004641040
   32Y     1.2901000985     0.0016124329
   32Z    -0.4386000335     0.0154053093
   33X     0.7675000586    -0.0148213440
   33Y     2.7680002114     0.0082716412
   33Z     0.2706000207     0.0007156514
   34X    -0.1798000137    -0.0056075541
   34Y     2.9792002275    -0.0110161585
   34Z     1.4324001094    -0.0151482331
   35X     1.5327001170    -0.0095382195
   35Y    -0.1399000107    -0.0178825809
   35Z     1.2899000985     0.0050746694
   36X     1.0321000788     0.0029864716
   36Y    -0.1928000147    -0.0120199947
   36Z     2.7177002075    -0.0111024046
   37X     0.1684000129     0.0019700002
   37Y    -1.6626001270    -0.0088638711
   37Z     0.6015000459    -0.0220641080
   38X     0.3131000239    -0.0085214361
   38Y    -2.2091001687     0.0021083102
   38Z    -0.8029000613     0.0149664722
   39X     3.1528002408    -0.0067588637
   39Y     0.3164000242    -0.0013871810
   39Z    -3.1806002429     0.0136119687
   40X     2.6700002039     0.0010344493
   40Y    -0.2930000224     0.0167471394
   40Z    -1.8816001437    -0.0132329904
   41X    -2.5747001966     0.0089996640
   41Y     1.2335000942     0.0059167674
   41Z     1.7444001332    -0.0084398398
   42X    -1.5008001146    -0.0173581916
   42Y     1.7189001313    -0.0039366586
   42Z     0.7942000606     0.0117311704
   43X     4.1042003134    -0.0055751681
   43Y    -1.0852000829    -0.0031632876
   43Z    -0.1304000100    -0.0050762449
   44X     2.7881002129     0.0065356716
   44Y    -1.7669001349     0.0036802038
   44Z     0.1780000136    -0.0082847629
   45X     0.1557000119     0.0086208529
   45Y     2.5127001919    -0.0016510119
   45Z    -2.7373002090    -0.0050630586
   46X     1.2893000985    -0.0133477995
   46Y     1.5370001174     0.0177169279
   46Z    -2.9711002269    -0.0119216039
   47X     1.2662000967    -0.0023452221
   47Y    -3.4138002607     0.0103782007
   47Z    -2.4964001906    -0.0014239239
   48X     0.5051000386     0.0109468223
   48Y    -2.2078001686    -0.0082048389
   48Z    -3.0046002294     0.0081517729
   49X    -1.9939001523    -0.0114374460
   49Y    -1.5615001192     0.0048574898
   49Z    -0.8611000658    -0.0031273213
   50X    -2.4931001904    -0.0058510781
   50Y    -0.3874000296    -0.0160072060
   50Z    -0.0461000035    -0.0149268085
   51X    -2.8500002176     0.0003292813
   51Y     0.3425000262     0.0173694048
   51Z    -1.8604001421    -0.0165497213
   52X    -3.1389002397     0.0066272514
   52Y     0.7549000576     0.0019172226
   52Z    -3.2881002511     0.0077972946
   53X    -0.8784000671     0.0062953656
   53Y     3.6055002753    -0.0002280471
   53Z     3.6337002775    -0.0052250895
   54X     0.1208000092    -0.0060743504
   54Y     4.6060003517    -0.0112051978
   54Z     3.0930002362     0.0081386295
   55X     2.6726002041    -0.0122612631
   55Y     1.7160001310    -0.0043203370
   55Z     3.4572002640     0.0071541754
   56X     1.4524001109     0.0072334536
   56Y     2.4400001863    -0.0083970367
   56Z     3.9851003043     0.0042490074
   57X    -2.5999001985     0.0027508427
   57Y    -2.6045001989    -0.0036590049
   57Z     1.4735001125     0.0101332239
   58X    -2.5121001918    -0.0009668582
   58Y    -1.2622000964    -0.0081207236
   58Z     2.1681001656     0.0037704479
   59X     4.8165003678    -0.0066245575
   59Y     1.3425001025     0.0211081817
   59Z     2.4418001865    -0.0050775941
   60X     4.9201003757    -0.0002443685
   60Y     2.8086002145    -0.0085556016
   60Z     2.8045002142    -0.0071495015
   61X    -2.5345001935    -0.0061117706
   61Y     3.3311002544     0.0050959319
   61Z    -0.5146000393    -0.0059820048
   62X    -3.3994002596    -0.0004170101
   62Y     2.5858001975     0.0174347139
   62Z    -1.5088001152     0.0089338258
   63X    -2.4772001892    -0.0017592324
   63Y     1.6818001284    -0.0063721525
   63Z     3.8001002902    -0.0052958378
   64X    -3.4593002642     0.0082830825
   64Y     0.5521000422     0.0039724444
   64Z     4.0266003075    -0.0034884689
   65X     4.8296003688     0.0009721072
   65Y     3.7779002885    -0.0026166569
   65Z    -0.7452000569     0.0132633254
   66X     5.2665004022    -0.0044387473
   66Y     3.4210002612     0.0025705289
   66Z     0.6597000504    -0.0057131524
   67X    -2.4843001897     0.0130498066
   67Y    -2.4820001895    -0.0010572153
   67Z    -4.0441003088     0.0025009862
   68X    -1.7551001340     0.0010801490
   68Y    -3.4808002658     0.0102565808
   68Z    -3.1708002421    -0.0035829159
   69X    -0.7686000587     0.0023576411
   69Y    -0.6601000504    -0.0064566158
   69Z    -5.8423004461     0.0031898553
   70X    -0.8831000674     0.0046096224
   70Y    -1.6821001285     0.0053832466
   70Z    -4.7312003613    -0.0084588764
   71X     2.4657001883     0.0039620853
   71Y     5.1311003918    -0.0061908102
   71Z    -3.3349002547    -0.0010764705
   72X     2.1712001658     0.0122319741
   72Y     3.6463002784     0.0120767703
   72Z    -3.3514002559    -0.0002543440
   73X     0.2655000203    -0.0010898044
   73Y     7.0915005415    -0.0073959178
   73Z     0.6169000471    -0.0007887918
   74X    -0.0037000003     0.0107673261
   74Y     6.0060004586     0.0019025437
   74Z    -0.4034000308     0.0139721635
   75X     2.7837002126     0.0091874487
   75Y    -1.8177001388     0.0045324998
   75Z    -3.6682002801    -0.0088104095
   76X     3.3701002574    -0.0009079113
   76Y    -2.5224001926     0.0051990419
   76Z    -4.8730003721     0.0047787214
   77X     3.5518002712    -0.0065338687
   77Y     5.0882003886     0.0042633322
   77Z     0.9117000696     0.0030276321
   78X     2.1266001624     0.0145106361
   78Y     5.5774004259    -0.0041634037
   78Z     0.7653000584     0.0036787890
   79X     2.3729001812     0.0076837838
   79Y    -1.9288001473    -0.0060452642
   79Z     3.2688002496     0.0091673646
   80X     2.8226002155     0.0030290789
   80Y    -1.6845001286    -0.0060420722
   80Z     4.6936003584    -0.0043921477
   81X     1.5839001210     0.0075108035
   81Y     1.4264001089    -0.0066321983
   81Z    -4.9265003762    -0.0030967108
   82X     1.6012001223     0.0017119706
   82Y     0.0757000058     0.0091877020
   82Z    -5.6101004284    -0.0043392248
   83X    -1.4751001126     0.0036551639
   83Y    -4.7318003613    -0.0025234371
   83Z     1.2815000979    -0.0053623764
   84X    -0.4672000357    -0.0008446384
   84Y    -3.9091002985    -0.0182785476
   84Z     0.5075000388     0.0012650455
   85X    -1.6675001273     0.0051315836
   85Y     6.3860004877    -0.0048771615
   85Z    -2.4809001895     0.0020478685
   86X    -1.3722001048     0.0087782922
   86Y     4.9778003801     0.0094620862
   86Z    -2.0098001535    -0.0036280923
   87X     6.2294004757    -0.0069731855
   87Y    -0.6454000493     0.0046414258
   87Z     2.2999001756     0.0040576173
   88X     5.7568004396     0.0024952079
   88Y    -0.6000000458     0.0030710963
   88Z     3.7375002854    -0.0088080261
   89X    -2.0627001575    -0.0082570448
   89Y     1.6220001239    -0.0055302652
   89Z    -4.7120003598    -0.0047380083
   90X    -2.5524001949     0.0013938046
   90Y     1.0446000798    -0.0017854650
   90Z    -6.0230004599     0.0084148506
----------------------------------------

 @ End Gradient Calculation

  Skipping one-electron property calculation.

 @ Output Timing Information

------------- TIMING ---------------
| INITIAL GUESS TIME  =     1.626046000(  5.60%)
| DFT GRID OPERATIONS =     0.375936000(  1.30%)
| TOTAL SCF TIME      =    19.877337000( 68.50%)
|       TOTAL OP TIME      =    19.480716000( 67.13%)
|             TOTAL 1e TIME      =     0.120043000(  0.41%)
|             TOTAL 2e TIME      =    16.273796000( 56.08%)
|             TOTAL EXC TIME     =     2.913599000( 10.04%)
|       TOTAL DII TIME      =     0.383580000(  1.32%)
|             TOTAL DIAG TIME    =     0.115075000(  0.40%)
| TOTAL GRADIENT TIME      =     6.603686000( 22.76%)
|       TOTAL 1e GRADIENT TIME      =     0.968740000( 3.52%)
|       TOTAL 2e GRADIENT TIME      =     4.858967000(16.75%)
|       TOTAL EXC GRADIENT TIME     =     0.724048000(  2.50%)
| TOTAL TIME          =    29.017248000
------------------------------------
| Job cpu time:  0 days  0 hours  0 minutes 29.0 seconds.

 @ Finish Output Timing Information

| Normal Termination. Task Finished on: Wed Jul  1 06:12:39 2026
