| *********************************************************************************************************
| **                                                                                                     **
| **           888888888888                                                                              **
| **         8888888888888888                                                                            **
| **      888888888888888888                                                                             **
| **     888888888888888888                                                                              **
| **    888888888888888                                                                                  **
| **   88888888888888888888                               88888                       8888:              **
| **   8888888888888888888888Z                            88888                       8888:              **
| **   888888888888888888888888?                          88888                       8888:              **
| **   8888888888888      8888888                                        888888       8888:              **
| **    88888888888         888888     8888:     88888    88888        888888888I     8888:    888888    **
| **    8888888888           88888:    8888:     88888    88888      $888888888888    8888:   888888     **
| **    I8Z 88888             88888    8888:     88888    88888    .888888     8888   8888: 888888       **
| **    .8Z 88888             88888    8888:     88888    88888    $88888             8888:88888         **
| **     8I 88888      .=88. .88888    8888:     88888    88888    88888              8888888888         **
| **    :8  88888      888888$8888$    8888:     88888    88888    8888O              88888888888        **
| **   ,7   +88888.     8888888888.    8888:     88888    88888    888888             88888O888888       **
| **         $888888:.   .8888888      88888....888888    88888     888888     8888   8888:  888888      **
| **          I8888888888888888888     888888888888888    88888     O888888888888O    8888:   888888     **
| **            O888888888888888888     88888888888888    88888       88888888888$    8888:    888888    **
| **               8888888Z     888      .8888I  88888    88888         8888888       8888:     888888   **
| **                                                                                                     **
| **                                                                                                     **
| **                                         Copyright (c) 2026                                          **
| **                          Regents of the University of California San Diego                          **
| **                                    & Michigan State University                                      **
| **                                        All Rights Reserved.                                         **
| **                                                                                                     **
| **             This software is subject to the terms of the Mozilla Public License, v. 2.0.            **
| **                                                                                                     **
| *********************************************************************************************************
|                                                                                                          
| Cite this work as:                                                                                       
| Manathunga, M.; O'Hearn, K. A.; Shajan, A.; Smith, J.; Miao, Y.; He, X.; Ayers, K.;                      
| Brothers, E.; Palos, E.; Tripathy, V.; Goetz, A.W.; Merz, K.M. QUICK-26.03.                              
| University of California,San Diego, CA and                                                               
| Michigan State University, East Lansing, MI, 2026                                                        
|                                                                                                          
| If you have any comments or queries, please reach out to us on GitHub issues or discussion sections:     
| https://github.com/merzlab/QUICK.                                                                        
|                                                                                                          
| TASK STARTS ON: Wed Jul  1 05:38:21 2026
| INPUT FILE :    water120.in
| OUTPUT FILE:    water120.out
| BASIS SET PATH: /projects/bdit/vtripathy/QUICK/install/basis

|------------ GPU INFORMATION ---------------
| CUDA ENABLED DEVICE         :        1
| CUDA DEVICE IN USE          :        0
| CUDA DEVICE NAME            : NVIDIA A100-SXM4-40GB
| CUDA DEVICE PM              :      108
| CUDA DEVICE CORE FREQ(GHZ)  :     1.41
| CUDA DEVICE MEMORY SIZE (MB):    40442
| SUPPORTING CUDA VERSION     :      8.0
|--------------------------------------------

 @ Read Job And Atom

  KEYWORD=B3LYP BASIS=6-31G** CUTOFF=1.0E-7 DENSERMS=1.0E-6 GRADIENT
 ============== JOB CARD =============
 METHOD = DENSITY FUNCTIONAL THEORY
 DENSITY FUNCTIONAL = B3LYP
 DIRECT SCF 
 SAD INITAL GUESS 
 USE DIIS SCF
 PRINT ENERGY EVERY CYCLE
 READ SAD GUESS FROM FILE
 STANDARD GRID = SG1
 Level shifting allowed after cycle    3
 DIIS error must exceed 0.100 for level shifting
 Max HOMO-LUMO gap to allow level shifting = 0.200
 GRADIENT CALCULATION
 MAX SCF CYCLES =    200
 MAX DIIS CYCLES =   10
 DELTA DENSITY START CYCLE =    3
 COMPUTATIONAL CUTOFF: 
      TWO-e INTEGRAL         =  0.100E-06
      BASIS SET PRIME        =  0.100E-07
      MATRIX ELEMENTS        =  0.100E-09
      BASIS FUNCTION         =  0.100E-05
      NEAR-LINEAR DEPENDENCY =  0.100E-04
      GRADIENT CUTOFF  =  0.100E-06
 DENSITY MATRIX MAXIMUM RMS FOR CONVERGENCE  =  0.100E-05
 BASIS SET = 6-31G**,  TYPE = CARTESIAN
| BASIS FILE = /projects/bdit/vtripathy/QUICK/install/basis/6-31GDP.BAS
| DATA FILE  =    water120.dat

 @ Finish reading job


 @ Begin SAD initial guess

 For Atom Kind =    1
 ELEMENT = O 
 BASIS FUNCTIONS =   15
 For Atom Kind =    2
 ELEMENT = H 
 BASIS FUNCTIONS =    5

 @ Finish SAD initial guess


 @ Begin Reading Molecular Information


 =========== Molecule Input ==========
 TOTAL MOLECULAR CHARGE  =    0    MULTIPLICITY                =    1
 TOTAL ATOM NUMBER       =  360    NUMBER OF ATOM TYPES        =    2
 NUMBER OF HYDROGEN ATOM =  240    NUMBER OF NON-HYDROGEN ATOM =  120
 NUMBER OF ELECTRONS     = 1200

 -- INPUT GEOMETRY -- :
    O           2.4900       1.5638       0.4372
    O          -0.1574       2.8999       0.4788
    O           1.1729      -0.7388       1.9442
    O          -0.3076      -2.1409      -0.0774
    O           2.6045       0.4976      -2.4173
    O          -2.2620       1.1408       0.8445
    O           3.3029      -1.4064      -0.5440
    O           0.8698       2.3130      -3.3426
    O           1.1571      -2.4733      -2.3559
    O          -2.7864      -1.0664      -0.6537
    O          -3.1746       1.0735      -2.3862
    O          -0.0836       3.6710       3.1044
    O           1.9147       1.6031       4.0308
    O          -2.3140      -2.1910       2.2880
    O           4.2872       2.1295       2.5710
    O          -3.4115       3.3227      -0.8980
    O          -2.6723       0.7834       3.5333
    O           4.5270       3.7712       0.1629
    O          -1.8845      -2.5413      -3.3005
    O          -0.2745      -1.0570      -5.1250
    O           2.8593       4.2836      -3.5422
    O           0.3480       6.1485       0.4754
    O           3.3777      -1.6862      -4.4072
    O           2.8426       5.5099       1.3970
    O           2.8982      -2.3096       3.9726
    O           1.9324       0.9700      -5.6923
    O          -0.6444      -4.7995       0.8108
    O          -1.0519       5.8780      -1.9524
    O           5.4975      -0.3614       2.8475
    O          -2.6999       1.0085      -5.0779
    O          -1.1196      -0.7508       5.2940
    O          -2.2438       3.6760      -4.5258
    O           6.6066       1.1454      -0.7136
    O           5.4828       3.5437      -2.6582
    O          -5.5662       0.5608      -0.1355
    O           3.5389      -4.6324      -1.5270
    O          -3.0445       3.7609       3.9907
    O          -0.9043      -4.9496      -2.9174
    O           4.9720       1.8217      -4.8223
    O          -5.2049      -1.5704      -1.9855
    O           1.6753       6.5396      -2.7832
    O          -4.7392       4.0375       1.7668
    O           0.2999       6.4533       3.4875
    O          -5.5668       1.4819       2.7038
    O          -3.3831      -4.7655       1.1697
    O          -1.7728      -3.6571       4.6321
    O           1.2919      -1.0029       6.5276
    O           3.8704       0.5539       5.9711
    O           0.0152       5.3524      -5.3857
    O           6.5153      -2.9236      -1.3738
    O           2.6715       5.6301       4.3194
    O           4.6589      -4.2449       2.8522
    O           5.9018       4.3480       2.7815
    O           3.5500      -5.6989       0.9959
    O          -3.8875      -1.9021      -5.1466
    O          -5.0672      -0.9613       3.8548
    O           7.4073      -1.4180       0.8644
    O           6.5057      -1.4726      -3.8884
    O           1.8773       3.6391      -6.7841
    O           1.1816      -4.5237       4.9160
    O           0.7275      -6.1550       2.8250
    O           7.7455       2.7146       1.1486
    O          -5.0440       2.5885      -4.8201
    O           3.0089      -4.3204      -5.4564
    O          -3.9900       5.9381      -3.3566
    O          -5.3646      -3.4525       2.4146
    O           3.0550       7.9982      -0.7054
    O          -6.6920       1.8182      -2.5312
    O           4.9956       6.5774      -2.7379
    O          -3.5555      -5.7814      -1.5093
    O           4.8476       4.2133       5.3532
    O           1.2536      -2.0430      -7.5882
    O           5.7287       6.6711       0.1751
    O           2.2989      -6.6794      -2.9662
    O          -2.4752       6.4330       4.7044
    O           3.4956       8.0338       1.9384
    O          -1.7877       1.6322       7.5652
    O          -6.1968       4.8868      -2.1295
    O           1.3127       3.6869       7.4183
    O           4.6536       3.5327      -6.8152
    O           7.1898      -3.3557       2.7615
    O           6.1860      -1.1814       5.6320
    O           0.8058       8.8228       1.3780
    O           0.7250      -6.0546      -5.1258
    O          -2.5905      -0.4147      -7.8463
    O           6.4810       1.8670       5.6255
    O           2.1792       0.8144      -8.4349
    O          -3.1417      -1.0642       7.0983
    O           5.8901      -5.7371      -2.1581
    O          -1.8503       8.0971      -3.6760
    O          -2.8015       8.2630       1.9039
    O          -1.1368      -7.7613       0.4715
    O          -2.4224      -3.8811      -6.9145
    O          -5.4549      -4.2509      -4.1249
    O           7.7582       5.2702      -2.3628
    O          -1.0464       5.0691       7.2382
    O           9.4202      -0.2934      -0.4778
    O          -5.0730       6.9518       2.4359
    O           8.6128       1.4714       3.5652
    O          -5.9512       0.3814      -6.2042
    O          -7.0426      -1.2468      -4.3479
    O          -4.2748       3.3357       6.8243
    O           5.4342      -5.3450      -4.8300
    O          -3.1993      -5.8161      -5.2029
    O           2.2950       8.8237      -4.0198
    O           9.4449       2.1612      -2.1704
    O          -4.4087       8.3840      -0.9699
    O          -3.8014      -6.8483       2.8311
    O           1.0227       9.8553      -1.6004
    O           0.7646      -2.9100       8.4479
    O          -3.5920      -5.3150       5.6633
    O          -6.6350      -5.2984      -0.5964
    O          -1.7862       7.2597      -6.4873
    O           0.1610       2.2065      -9.5092
    O           9.3619      -0.2375      -3.6298
    O           4.7668      -6.5848       4.2041
    O           8.2490       2.1010      -5.6255
    O           5.3608      -4.5791       6.1081
    O           7.2395      -3.0765      -5.9260
    O           9.4338       4.3671      -0.4725
    H           3.2128       2.1047       0.7553
    H           2.7625       1.2901      -0.4386
    H           0.7675       2.7680       0.2706
    H          -0.1798       2.9792       1.4324
    H           1.5327      -0.1399       1.2899
    H           1.0321      -0.1928       2.7177
    H           0.1684      -1.6626       0.6015
    H           0.3131      -2.2091      -0.8029
    H           3.1528       0.3164      -3.1806
    H           2.6700      -0.2930      -1.8816
    H          -2.5747       1.2335       1.7444
    H          -1.5008       1.7189       0.7942
    H           4.1042      -1.0852      -0.1304
    H           2.7881      -1.7669       0.1780
    H           0.1557       2.5127      -2.7373
    H           1.2893       1.5370      -2.9711
    H           1.2662      -3.4138      -2.4964
    H           0.5051      -2.2078      -3.0046
    H          -1.9939      -1.5615      -0.8611
    H          -2.4931      -0.3874      -0.0461
    H          -2.8500       0.3425      -1.8604
    H          -3.1389       0.7549      -3.2881
    H          -0.8784       3.6055       3.6337
    H           0.1208       4.6060       3.0930
    H           2.6726       1.7160       3.4572
    H           1.4524       2.4400       3.9851
    H          -2.5999      -2.6045       1.4735
    H          -2.5121      -1.2622       2.1681
    H           4.8165       1.3425       2.4418
    H           4.9201       2.8086       2.8045
    H          -2.5345       3.3311      -0.5146
    H          -3.3994       2.5858      -1.5088
    H          -2.4772       1.6818       3.8001
    H          -3.4593       0.5521       4.0266
    H           4.8296       3.7779      -0.7452
    H           5.2665       3.4210       0.6597
    H          -2.4843      -2.4820      -4.0441
    H          -1.7551      -3.4808      -3.1708
    H          -0.7686      -0.6601      -5.8423
    H          -0.8831      -1.6821      -4.7312
    H           2.4657       5.1311      -3.3349
    H           2.1712       3.6463      -3.3514
    H           0.2655       7.0915       0.6169
    H          -0.0037       6.0060      -0.4034
    H           2.7837      -1.8177      -3.6682
    H           3.3701      -2.5224      -4.8730
    H           3.5518       5.0882       0.9117
    H           2.1266       5.5774       0.7653
    H           2.3729      -1.9288       3.2688
    H           2.8226      -1.6845       4.6936
    H           1.5839       1.4264      -4.9265
    H           1.6012       0.0757      -5.6101
    H          -1.4751      -4.7318       1.2815
    H          -0.4672      -3.9091       0.5075
    H          -1.6675       6.3860      -2.4809
    H          -1.3722       4.9778      -2.0098
    H           6.2294      -0.6454       2.2999
    H           5.7568      -0.6000       3.7375
    H          -2.0627       1.6220      -4.7120
    H          -2.5524       1.0446      -6.0230
    H          -0.9444      -1.4371       4.6501
    H          -1.8175      -0.2261       4.9017
    H          -2.7464       4.4165      -4.1864
    H          -1.4281       4.0644      -4.8421
    H           6.3250       1.6488      -1.4775
    H           6.9885       0.3476      -1.0794
    H           5.3885       2.9258      -3.3831
    H           4.9026       4.2703      -2.8852
    H          -5.6797       0.8802       0.7596
    H          -4.7493       0.9620      -0.4318
    H           3.4958      -5.0031      -0.6456
    H           3.6700      -3.6947      -1.3868
    H          -3.6731       3.8655       3.2765
    H          -3.5393       3.9806       4.7800
    H          -0.7780      -5.1884      -3.8357
    H          -0.8621      -5.7811      -2.4452
    H           4.9739       2.3390      -5.6277
    H           4.1425       1.3448      -4.8453
    H          -4.2528      -1.6546      -2.0355
    H          -5.3521      -0.9062      -1.3121
    H           0.7809       6.5062      -2.4438
    H           2.2150       6.7382      -2.0181
    H          -4.3207       3.8506       0.9265
    H          -5.0456       3.1854       2.0771
    H          -0.6037       6.7163       3.3127
    H           0.7839       6.7244       2.7075
    H          -5.2866       0.6387       3.0598
    H          -6.3402       1.7142       3.2177
    H          -3.6093      -5.4824       1.7622
    H          -3.7734      -5.0142       0.3319
    H          -2.4152      -4.3116       4.9065
    H          -2.1597      -3.2516       3.8561
    H           1.1241      -1.6358       7.2258
    H           0.4254      -0.7970       6.1770
    H           3.7419       0.5457       6.9196
    H           3.0466       0.8922       5.6202
    H          -0.6896       5.7406      -5.9042
    H           0.2809       6.0474      -4.7836
    H           6.4868      -2.5193      -2.2410
    H           6.3518      -3.8526      -1.5367
    H           1.7832       5.9717       4.2174
    H           2.9556       5.4301       3.4275
    H           4.0298      -3.7764       3.4008
    H           4.7737      -5.0900       3.2868
    H           6.7509       4.7851       2.7155
    H           5.5349       4.6601       3.6087
    H           3.9875      -5.1560       1.6517
    H           4.0348      -6.5242       1.0055
    H          -4.3645      -1.0949      -5.3393
    H          -4.5714      -2.5542      -4.9939
    H          -5.2271      -1.2510       4.7530
    H          -5.2325      -1.7373       3.3193
    H           8.2002      -1.1291       0.4125
    H           6.8878      -1.8488       0.1856
    H           5.9678      -0.7480      -4.2076
    H           6.7591      -1.9496      -4.6787
    H           1.6976       2.7417      -6.5038
    H           1.4753       4.1863      -6.1094
    H           0.2556      -4.2816       4.9065
    H           1.6473      -3.6962       4.7944
    H           0.3503      -5.6663       2.0935
    H           0.9848      -5.4825       3.4557
    H           7.3977       2.0370       0.5688
    H           7.9468       2.2536       1.9629
    H          -5.3726       1.7736      -5.1999
    H          -4.0957       2.5454      -4.9435
    H           2.2823      -4.9398      -5.5238
    H           3.0698      -3.9263      -6.3266
    H          -4.8406       5.6387      -3.0356
    H          -4.1498       6.1823      -4.2682
    H          -6.0580      -3.4548       1.7548
    H          -4.6223      -3.8766       1.9840
    H           3.0955       7.6996       0.2031
    H           3.9096       8.3990      -0.8646
    H          -6.0779       2.1361      -3.1931
    H          -6.1470       1.3330      -1.9116
    H           4.4652       6.0865      -3.3656
    H           5.6644       7.0059      -3.2721
    H          -2.8146      -5.4439      -2.0126
    H          -4.3183      -5.6122      -2.0623
    H           4.9543       5.1136       5.6601
    H           3.9369       4.1651       5.0627
    H           0.8167      -1.8629      -6.7558
    H           1.8214      -1.2855      -7.7301
    H           5.5276       5.8079       0.5365
    H           5.5579       6.5845      -0.7627
    H           1.9144      -7.3201      -2.3679
    H           2.6102      -5.9758      -2.3968
    H          -1.9793       6.2001       5.4893
    H          -2.6736       5.5942       4.2881
    H           3.5760       7.0865       2.0501
    H           4.3876       8.3645       2.0444
    H          -1.8489       0.6883       7.4183
    H          -1.0085       1.7402       8.1105
    H          -6.8853       4.2249      -2.1945
    H          -5.4762       4.4406      -1.6847
    H           1.0274       3.3225       8.2562
    H           1.2506       2.9550       6.8046
    H           4.9952       4.3769      -7.1098
    H           3.7151       3.6811      -6.6987
    H           7.1808      -2.6227       2.1460
    H           6.2696      -3.6025       2.8542
    H           6.0103      -2.0979       5.4188
    H           5.3316      -0.8227       5.8718
    H           1.6752       9.1053       1.6616
    H           0.3148       9.6364       1.2629
    H           0.8881      -6.5241      -5.9439
    H           1.1903      -6.5622      -4.4609
    H          -3.0502       0.3369      -8.2205
    H          -3.2193      -1.1340      -7.9048
    H           5.8513       1.1658       5.7925
    H           5.9415       2.6274       5.4088
    H           2.8269       0.2641      -8.8753
    H           2.5994       1.0687      -7.6133
    H          -2.5458      -1.3858       6.4217
    H          -2.8839      -1.5370       7.8896
    H           4.9930      -5.5131      -1.9107
    H           5.9154      -5.6136      -3.1069
    H          -2.0817       7.8684      -4.5762
    H          -1.5898       9.0171      -3.7215
    H          -2.8852       8.6944       1.0535
    H          -2.0821       8.7228       2.3366
    H          -0.8619      -6.8534       0.3434
    H          -1.3257      -7.8250       1.4077
    H          -3.1060      -3.2112      -6.9229
    H          -1.8829      -3.6830      -7.6801
    H          -5.1192      -3.6642      -3.4471
    H          -6.3748      -4.3816      -3.8952
    H           8.3482       4.9618      -1.6751
    H           6.9402       4.7982      -2.2069
    H          -1.1565       4.9147       8.1764
    H          -0.2857       4.5412       6.9957
    H          10.3469      -0.5290      -0.4342
    H           9.4052       0.5338      -0.9592
    H          -4.1850       7.2635       2.2610
    H          -5.1024       6.0790       2.0439
    H           7.9882       1.4674       4.2905
    H           8.5258       0.6045       3.1688
    H          -6.8252       0.7149      -6.4069
    H          -6.0601      -0.0913      -5.3790
    H          -6.5281      -1.3360      -3.5457
    H          -7.8857      -0.9008      -4.0551
    H          -3.4538       2.8454       6.8669
    H          -4.2414       3.9255       7.5775
    H           6.0516      -4.6699      -5.1116
    H           4.5735      -4.9362      -4.9213
    H          -4.0134      -5.3864      -4.9403
    H          -2.7919      -5.2042      -5.8160
    H           1.9365       9.4891      -3.4325
    H           2.0004       7.9920      -3.6485
    H           9.3838       2.7533      -1.4208
    H          10.3850       2.0538      -2.3154
    H          -3.8267       7.6292      -1.0578
    H          -4.2326       8.9148      -1.7467
    H          -4.0893      -6.3870       3.6189
    H          -3.0062      -7.3085       3.0996
    H           1.5266       9.2760      -1.0288
    H           0.2834      10.1393      -1.0627
    H           1.0949      -3.7779       8.2158
    H           1.1937      -2.7042       9.2784
    H          -3.7023      -6.2576       5.7883
    H          -3.5951      -4.9535       6.5496
    H          -7.2412      -5.2753      -1.3369
    H          -6.9396      -6.0301      -0.0597
    H          -2.7359       7.2260      -6.3728
    H          -1.6049       8.1697      -6.7223
    H          -0.1277       2.7767      -8.7967
    H           0.9056       1.7269      -9.1461
    H           9.2878       0.6660      -3.3225
    H           8.4598      -0.5563      -3.6576
    H           3.9930      -7.1251       4.0440
    H           5.4962      -7.1042       3.8659
    H           7.8007       2.1234      -6.4709
    H           7.6155       1.7029      -5.0284
    H           5.0604      -4.7026       7.0085
    H           5.2546      -5.4383       5.6997
    H           6.9986      -2.8090      -6.8130
    H           8.1797      -2.9059      -5.8710
    H           8.7436       4.1743       0.1621
    H          10.1770       4.6506       0.0599

============== BASIS INFOS ==============
 BASIS FUNCTIONS = 3000
 NSHELL = 1200 NPRIM  = 5040
 JSHELL = 1200 JBASIS = 2520


 @ End Reading Molecular Information 


 @ Begin XC Quadrature Formation

 OCTAGO: OCTree Algorithm for Grid Operations 
   PRUNING CUTOFF       = 0.100E-06
   INITIAL GRID POINTS  =     1358400
|   FINAL GRID POINTS    =      863133
|   SIGNIFICANT NUMBER OF BASIS FUNCTIONS     =     1158617
|   SIGNIFICANT NUMBER OF PRIMITIVE FUNCTIONS =     1249245

 @ End XC Quadrature Formation


 @ Begin Energy Calculation

| condition number of overlap matrix:    7.138E+02
| Smallest eigenvalue of overlap matrix:    8.075E-03

                                         SCF ENERGY
| ------------------------------------------------------------------------------------------------------------------------
| NCYC       ENERGY         DELTA_E      SCF_TIME  DII_CYC   DII_TIME   O_TIME  DIAG_TIME    MAX_ERR    RMS_CHG    MAX_CHG
| ------------------------------------------------------------------------------------------------------------------------
|  1  -9173.756074287      ------        54.036     1        0.47     53.55      0.12    0.1900E+01  0.5216E-02  0.4201E+00
|  2  -9165.834350848  -.792172E+01      82.098     2        0.48     81.59      0.12    0.2745E+00  0.2992E-02  0.4069E+00
|  3  -9162.944079579  -.289027E+01      80.344     3        0.59     79.73      0.12    0.3292E+00  0.1304E-02  0.1845E+00
|   ***  Level shifting applied  ( HOMO-LUMO gap =  0.014 au ) ***
|  4  -9172.011594683  0.906752E+01      74.891     4        0.52     74.35      0.12    0.4967E-01  0.3963E-03  0.4888E-01
|  5  -9172.235214661  0.223620E+00      68.873     5        0.54     68.31      0.12    0.1514E-01  0.4014E-04  0.1173E-01
|  6  -9172.237370261  0.215560E-02      55.751     6        0.55     55.17      0.12    0.7835E-02  0.1739E-04  0.4484E-02
|  7  -9172.238027594  0.657334E-03      53.485     7        0.57     52.89      0.12    0.9850E-03  0.2654E-05  0.7400E-03
| -------------- 2E-INT CUTOFF CHANGE TO 0.1000E-08 ------------
|  8  -9172.238034873  0.727843E-05      66.432     8        0.59     65.82      0.12    0.5384E-03  0.1079E-05  0.3026E-03
|  9  -9172.238035747  0.874148E-06      60.669     9        0.66     59.95      0.13    0.6265E-04  0.2068E-06  0.4068E-04
| ------------------------------------------------------------------------------------------------------------------------
| REACH CONVERGENCE AFTER   9 CYCLES
| MAX ERROR = 0.626450E-04   RMS CHANGE = 0.206837E-06   MAX CHANGE = 0.406805E-04
| -----------------------------------------------
 ALPHA ELECTRON DENSITY    =   600.0002711845
 BETA ELECTRON DENSITY     =   600.0002711845
 ELECTRONIC ENERGY    = -56031.689388655
 CORE_CORE REPULSION  =  46859.451352908
 TOTAL ENERGY         =  -9172.238035747

 @ End Energy calculation


 @ Begin Gradient Calculation

 ANALYTICAL GRADIENT: 
----------------------------------------
 COORDINATE    XYZ            GRADIENT
----------------------------------------
    1X     2.4900001901     0.0218236381
    1Y     1.5638001194     0.0089355824
    1Z     0.4372000334     0.0015586885
    2X    -0.1574000120     0.0205928027
    2Y     2.8999002214     0.0008660821
    2Z     0.4788000366     0.0211823928
    3X     1.1729000896     0.0024909841
    3Y    -0.7388000564     0.0229897968
    3Z     1.9442001485     0.0036963082
    4X    -0.3076000235     0.0117127297
    4Y    -2.1409001635     0.0083276138
    4Z    -0.0774000059    -0.0021553390
    5X     2.6045001989     0.0068617744
    5Y     0.4976000380    -0.0164151768
    5Z    -2.4173001846     0.0057244754
    6X    -2.2620001727     0.0138415556
    6Y     1.1408000871     0.0086883804
    6Z     0.8445000645     0.0072104279
    7X     3.3029002522     0.0030332678
    7Y    -1.4064001074     0.0030329550
    7Z    -0.5440000415     0.0107145963
    8X     0.8698000664     0.0067788248
    8Y     2.3130001766    -0.0135344933
    8Z    -3.3426002553     0.0138410052
    9X     1.1571000884    -0.0115620020
    9Y    -2.4733001889    -0.0086555548
    9Z    -2.3559001799    -0.0023874358
   10X    -2.7864002128     0.0183694814
   10Y    -1.0664000814     0.0074626723
   10Z    -0.6537000499     0.0133880844
   11X    -3.1746002424     0.0043491222
   11Y     1.0735000820    -0.0139456353
   11Z    -2.3862001822    -0.0020436043
   12X    -0.0836000064    -0.0061149929
   12Y     3.6710002803     0.0251635639
   12Z     3.1044002371    -0.0003894425
   13X     1.9147001462     0.0115767790
   13Y     1.6031001224     0.0175262780
   13Z     4.0308003078    -0.0184091330
   14X    -2.3140001767    -0.0036628727
   14Y    -2.1910001673     0.0030353967
   14Z     2.2880001747    -0.0112998820
   15X     4.2872003274     0.0220690955
   15Y     2.1295001626    -0.0062192613
   15Z     2.5710001963     0.0045971354
   16X    -3.4115002605     0.0106996339
   16Y     3.3227002537    -0.0257182973
   16Z    -0.8980000686    -0.0109974152
   17X    -2.6723002041    -0.0078750175
   17Y     0.7834000598     0.0110097273
   17Z     3.5333002698    -0.0005328825
   18X     4.5270003457     0.0076558536
   18Y     3.7712002880    -0.0061601861
   18Z     0.1629000124    -0.0025531083
   19X    -1.8845001439    -0.0060682540
   19Y    -2.5413001941    -0.0164453494
   19Z    -3.3005002520    -0.0014204248
   20X    -0.2745000210    -0.0210169488
   20Y    -1.0570000807    -0.0069049554
   20Z    -5.1250003914     0.0093080675
   21X     2.8593002183    -0.0247798538
   21Y     4.2836003271     0.0006780965
   21Z    -3.5422002705     0.0106988901
   22X     0.3480000266    -0.0099904875
   22Y     6.1485004695     0.0081467813
   22Z     0.4754000363    -0.0072730894
   23X     3.3777002579    -0.0065693770
   23Y    -1.6862001288    -0.0226477184
   23Z    -4.4072003366     0.0045278656
   24X     2.8426002171    -0.0055743326
   24Y     5.5099004208    -0.0054768475
   24Z     1.3970001067    -0.0183301215
   25X     2.8982002213    -0.0011414940
   25Y    -2.3096001764     0.0159716190
   25Z     3.9726003034    -0.0036060745
   26X     1.9324001476    -0.0141708214
   26Y     0.9700000741    -0.0054785304
   26Z    -5.6923004347     0.0073211428
   27X    -0.6444000492    -0.0091791253
   27Y    -4.7995003665     0.0217613161
   27Z     0.8108000619     0.0008330355
   28X    -1.0519000803    -0.0128251159
   28Y     5.8780004489     0.0015422648
   28Z    -1.9524001491    -0.0030070514
   29X     5.4975004198     0.0131972626
   29Y    -0.3614000276    -0.0094911088
   29Z     2.8475002174     0.0114795974
   30X    -2.6999002062     0.0008364120
   30Y     1.0085000770     0.0112114605
   30Z    -5.0779003878    -0.0001363026
   31X    -1.1196000855    -0.0035937820
   31Y    -0.7508000573     0.0063555780
   31Z     5.2940004043    -0.0130384805
   32X    -2.2438001713    -0.0010755376
   32Y     3.6760002807     0.0113074738
   32Z    -4.5258003456     0.0013152456
   33X     6.6066005045     0.0069088406
   33Y     1.1454000875     0.0035678481
   33Z    -0.7136000545    -0.0028047077
   34X     5.4828004187    -0.0122298205
   34Y     3.5437002706    -0.0035093815
   34Z    -2.6582002030    -0.0267646642
   35X    -5.5662004251     0.0023009866
   35Y     0.5608000428     0.0081818865
   35Z    -0.1355000103     0.0147494753
   36X     3.5389002702     0.0136509089
   36Y    -4.6324003537    -0.0013220874
   36Z    -1.5270001166     0.0214074142
   37X    -3.0445002325    -0.0228052461
   37Y     3.7609002872     0.0118183419
   37Z     3.9907003047    -0.0069306876
   38X    -0.9043000691    -0.0017218023
   38Y    -4.9496003780    -0.0062256952
   38Z    -2.9174002228    -0.0081677452
   39X     4.9720003797    -0.0128861331
   39Y     1.8217001391     0.0201618610
   39Z    -4.8223003682    -0.0233864833
   40X    -5.2049003975     0.0152683497
   40Y    -1.5704001199     0.0165559997
   40Z    -1.9855001516     0.0247251600
   41X     1.6753001279     0.0029169203
   41Y     6.5396004994     0.0062825127
   41Z    -2.7832002125     0.0105132898
   42X    -4.7392003619    -0.0025480102
   42Y     4.0375003083    -0.0127261203
   42Z     1.7668001349    -0.0118717935
   43X     0.2999000229    -0.0038040246
   43Y     6.4533004928     0.0053496598
   43Z     3.4875002663     0.0003699892
   44X    -5.5668004251     0.0006718232
   44Y     1.4819001132    -0.0174929968
   44Z     2.7038002065     0.0141606761
   45X    -3.3831002583    -0.0018428589
   45Y    -4.7655003639    -0.0245507960
   45Z     1.1697000893    -0.0077005414
   46X    -1.7728001354    -0.0162754555
   46Y    -3.6571002793    -0.0066912917
   46Z     4.6321003537    -0.0093390470
   47X     1.2919000987    -0.0188483001
   47Y    -1.0029000766    -0.0105836520
   47Z     6.5276004985     0.0050658435
   48X     3.8704002956    -0.0170144924
   48Y     0.5539000423     0.0055724559
   48Z     5.9711004560    -0.0055263184
   49X     0.0152000012    -0.0016918377
   49Y     5.3524004087     0.0164041307
   49Z    -5.3857004113    -0.0034984071
   50X     6.5153004975     0.0029838416
   50Y    -2.9236002233    -0.0149941027
   50Z    -1.3738001049    -0.0142349074
   51X     2.6715002040    -0.0220417187
   51Y     5.6301004299     0.0079415701
   51Z     4.3194003298    -0.0145649808
   52X     4.6589003558    -0.0008792619
   52Y    -4.2449003242    -0.0033756330
   52Z     2.8522002178     0.0151836781
   53X     5.9018004507     0.0030360234
   53Y     4.3480003320    -0.0054238842
   53Z     2.7815002124     0.0125321014
   54X     3.5500002711     0.0157889592
   54Y    -5.6989004352     0.0157046564
   54Z     0.9959000761     0.0245220948
   55X    -3.8875002969    -0.0080063299
   55Y    -1.9021001453     0.0054759938
   55Z    -5.1466003930     0.0059936244
   56X    -5.0672003870    -0.0040468651
   56Y    -0.9613000734    -0.0201150123
   56Z     3.8548002944    -0.0077319081
   57X     7.4073005656     0.0174183607
   57Y    -1.4180001083    -0.0109641804
   57Z     0.8644000660    -0.0179739518
   58X     6.5057004968    -0.0051773014
   58Y    -1.4726001125    -0.0112160947
   58Z    -3.8884002969    -0.0175868406
   59X     1.8773001434    -0.0089765374
   59Y     3.6391002779    -0.0014499820
   59Z    -6.7841005181     0.0127037444
   60X     1.1816000902    -0.0047054078
   60Y    -4.5237003454     0.0102513455
   60Z     4.9160003754    -0.0129632568
   61X     0.7275000556     0.0029645993
   61Y    -6.1550004700     0.0246846024
   61Z     2.8250002157     0.0002175944
   62X     7.7455005915    -0.0010712924
   62Y     2.7146002073    -0.0239398717
   62Z     1.1486000877     0.0075315696
   63X    -5.0440003852     0.0117681415
   63Y     2.5885001977    -0.0197054772
   63Z    -4.8201003681    -0.0123598037
   64X     3.0089002298    -0.0128740137
   64Y    -4.3204003299    -0.0133077606
   64Z    -5.4564004167     0.0000502050
   65X    -3.9900003047    -0.0304882460
   65Y     5.9381004535    -0.0061789281
   65Z    -3.3566002563     0.0060184153
   66X    -5.3646004097     0.0206612856
   66Y    -3.4525002636    -0.0144175601
   66Z     2.4146001844    -0.0227435664
   67X     3.0550002333     0.0190955159
   67Y     7.9982006108    -0.0010580113
   67Z    -0.7054000539     0.0217783293
   68X    -6.6920005110     0.0167819875
   68Y     1.8182001388    -0.0013361542
   68Z    -2.5312001933     0.0004270891
   69X     4.9956003815     0.0039309466
   69Y     6.5774005023    -0.0008265334
   69Z    -2.7379002091    -0.0099742482
   70X    -3.5555002715     0.0052170631
   70Y    -5.7814004415     0.0013907292
   70Z    -1.5093001153    -0.0123160181
   71X     4.8476003702    -0.0151218229
   71Y     4.2133003217     0.0060354830
   71Z     5.3532004088     0.0028049088
   72X     1.2536000957    -0.0061249322
   72Y    -2.0430001560     0.0166059420
   72Z    -7.5882005795     0.0061468289
   73X     5.7287004375    -0.0032047640
   73Y     6.6711005094    -0.0126612907
   73Z     0.1751000134    -0.0132765384
   74X     2.2989001756     0.0101778984
   74Y    -6.6794005101     0.0140273668
   74Z    -2.9662002265     0.0133324745
   75X    -2.4752001890    -0.0031953488
   75Y     6.4330004912    -0.0179261834
   75Z     4.7044003592     0.0074676063
   76X     3.4956002669     0.0047262658
   76Y     8.0338006135    -0.0215909991
   76Z     1.9384001480    -0.0073674748
   77X    -1.7877001365     0.0015130496
   77Y     1.6322001246    -0.0126445062
   77Z     7.5652005777     0.0024415774
   78X    -6.1968004732    -0.0033156107
   78Y     4.8868003732    -0.0160568222
   78Z    -2.1295001626     0.0020412510
   79X     1.3127001002    -0.0011179046
   79Y     3.6869002815    -0.0063784446
   79Z     7.4183005665     0.0026237446
   80X     4.6536003554    -0.0170769852
   80Y     3.5327002698     0.0083409799
   80Z    -6.8152005204     0.0055073394
   81X     7.1898005490    -0.0138688412
   81Y    -3.3557002563     0.0065685197
   81Z     2.7615002109    -0.0147710911
   82X     6.1860004724    -0.0094833755
   82Y    -1.1814000902    -0.0056514402
   82Z     5.6320004301     0.0033108081
   83X     0.8058000615     0.0137642189
   83Y     8.8228006737     0.0025491036
   83Z     1.3780001052     0.0034693887
   84X     0.7250000554     0.0070745225
   84Y    -6.0546004624    -0.0152736452
   84Z    -5.1258003914     0.0128352188
   85X    -2.5905001978    -0.0114076769
   85Y    -0.4147000317    -0.0011979750
   85Z    -7.8463005992    -0.0069695586
   86X     6.4810004949    -0.0196369284
   86Y     1.8670001426     0.0031940256
   86Z     5.6255004296     0.0002037680
   87X     2.1792001664    -0.0022465116
   87Y     0.8144000622     0.0126881198
   87Z    -8.4349006441     0.0009427367
   88X    -3.1417002399     0.0142050399
   88Y    -1.0642000813    -0.0089391462
   88Z     7.0983005421    -0.0059044470
   89X     5.8901004498    -0.0240320891
   89Y    -5.7371004381     0.0037749194
   89Z    -2.1581001648    -0.0222089020
   90X    -1.8503001413     0.0043012390
   90Y     8.0971006183     0.0032841675
   90Z    -3.6760002807    -0.0107022326
   91X    -2.8015002139    -0.0110486091
   91Y     8.2630006310     0.0012321563
   91Z     1.9039001454     0.0028476756
   92X    -1.1368000868     0.0044443737
   92Y    -7.7613005927     0.0135912739
   92Z     0.4715000360     0.0094042796
   93X    -2.4224001850    -0.0032111391
   93Y    -3.8811002964    -0.0011760536
   93Z    -6.9145005280     0.0011518856
   94X    -5.4549004166    -0.0085464417
   94Y    -4.2509003246     0.0027632326
   94Z    -4.1249003150     0.0062644793
   95X     7.7582005924     0.0047535715
   95Y     5.2702004025    -0.0139995950
   95Z    -2.3628001804     0.0092662253
   96X    -1.0464000799     0.0191622724
   96Y     5.0691003871    -0.0089491591
   96Z     7.2382005527     0.0074417158
   97X     9.4202007194    -0.0006368741
   97Y    -0.2934000224     0.0058678082
   97Z    -0.4778000365    -0.0083818760
   98X    -5.0730003874     0.0141247871
   98Y     6.9518005309     0.0008556745
   98Z     2.4359001860    -0.0051874528
   99X     8.6128006577    -0.0117875741
   99Y     1.4714001124    -0.0064784586
   99Z     3.5652002723     0.0156776635
  100X    -5.9512004545    -0.0197315587
  100Y     0.3814000291    -0.0071836855
  100Z    -6.2042004738     0.0164701874
  101X    -7.0426005378    -0.0001132918
  101Y    -1.2468000952     0.0072316592
  101Z    -4.3479003320     0.0131236755
  102X    -4.2748003264     0.0101936286
  102Y     3.3357002547    -0.0005872960
  102Z     6.8243005211     0.0135564329
  103X     5.4342004150    -0.0153070459
  103Y    -5.3450004082     0.0119636975
  103Z    -4.8300003688    -0.0003731659
  104X    -3.1993002443    -0.0052755566
  104Y    -5.8161004441     0.0138003519
  104Z    -5.2029003973    -0.0133014721
  105X     2.2950001753    -0.0089053462
  105Y     8.8237006738    -0.0119963172
  105Z    -4.0198003070     0.0195324523
  106X     9.4449007212     0.0035171612
  106Y     2.1612001650     0.0201733471
  106Z    -2.1704001657     0.0052921560
  107X    -4.4087003367     0.0014563000
  107Y     8.3840006402    -0.0064469630
  107Z    -0.9699000741    -0.0128803507
  108X    -3.8014002903     0.0080214633
  108Y    -6.8483005230     0.0024281149
  108Z     2.8311002162     0.0024806972
  109X     1.0227000781     0.0074020255
  109Y     9.8553007526    -0.0092249379
  109Z    -1.6004001222     0.0099809577
  110X     0.7646000584     0.0089434321
  110Y    -2.9100002222    -0.0027989492
  110Z     8.4479006451    -0.0017372509
  111X    -3.5920002743     0.0070936728
  111Y    -5.3150004059     0.0032222749
  111Z     5.6633004325     0.0052837044
  112X    -6.6350005067    -0.0086026783
  112Y    -5.2984004046    -0.0083722910
  112Z    -0.5964000455    -0.0017847705
  113X    -1.7862001364     0.0005825023
  113Y     7.2597005544     0.0057371343
  113Z    -6.4873004954    -0.0068314884
  114X     0.1610000123     0.0177594126
  114Y     2.2065001685    -0.0050030550
  114Z    -9.5092007262     0.0133207579
  115X     9.3619007149    -0.0118724784
  115Y    -0.2375000181     0.0081419070
  115Z    -3.6298002772     0.0062801302
  116X     4.7668003640    -0.0034187243
  116Y    -6.5848005028     0.0001780129
  116Z     4.2041003210    -0.0034321479
  117X     8.2490006299    -0.0099173815
  117Y     2.1010001604    -0.0021181342
  117Z    -5.6255004296    -0.0004667892
  118X     5.3608004094    -0.0032020354
  118Y    -4.5791003497    -0.0130930832
  118Z     6.1081004664    -0.0013646443
  119X     7.2395005528     0.0056506737
  119Y    -3.0765002349     0.0033553280
  119Z    -5.9260004525    -0.0025420042
  120X     9.4338007204    -0.0094877384
  120Y     4.3671003335     0.0019196064
  120Z    -0.4725000361     0.0059908610
  121X     3.2128002453    -0.0136576309
  121Y     2.1047001607    -0.0106523397
  121Z     0.7553000577    -0.0128728537
  122X     2.7625002110    -0.0029125007
  122Y     1.2901000985     0.0010070198
  122Z    -0.4386000335     0.0131523669
  123X     0.7675000586    -0.0162031700
  123Y     2.7680002114     0.0100546525
  123Z     0.2706000207     0.0009323957
  124X    -0.1798000137    -0.0053945680
  124Y     2.9792002275    -0.0141226168
  124Z     1.4324001094    -0.0219607795
  125X     1.5327001170    -0.0123689487
  125Y    -0.1399000107    -0.0190413695
  125Z     1.2899000985     0.0059363816
  126X     1.0321000788     0.0016230690
  126Y    -0.1928000147    -0.0131056902
  126Z     2.7177002075    -0.0106660484
  127X     0.1684000129     0.0005034734
  127Y    -1.6626001270    -0.0091182006
  127Z     0.6015000459    -0.0206493792
  128X     0.3131000239    -0.0100799915
  128Y    -2.2091001687     0.0042008427
  128Z    -0.8029000613     0.0202444888
  129X     3.1528002408    -0.0078336108
  129Y     0.3164000242     0.0024331102
  129Z    -3.1806002429     0.0065810321
  130X     2.6700002039    -0.0001585098
  130Y    -0.2930000224     0.0185482731
  130Z    -1.8816001437    -0.0148942890
  131X    -2.5747001966     0.0078795739
  131Y     1.2335000942     0.0051654851
  131Z     1.7444001332    -0.0112948315
  132X    -1.5008001146    -0.0215952747
  132Y     1.7189001313    -0.0061069446
  132Z     0.7942000606     0.0116017866
  133X     4.1042003134    -0.0113649822
  133Y    -1.0852000829    -0.0035191447
  133Z    -0.1304000100    -0.0048984427
  134X     2.7881002129     0.0054678686
  134Y    -1.7669001349     0.0030366510
  134Z     0.1780000136    -0.0081304390
  135X     0.1557000119     0.0101127369
  135Y     2.5127001919    -0.0025293166
  135Z    -2.7373002090    -0.0021150954
  136X     1.2893000985    -0.0143973761
  136Y     1.5370001174     0.0185106919
  136Z    -2.9711002269    -0.0151071666
  137X     1.2662000967    -0.0009694693
  137Y    -3.4138002607     0.0137651191
  137Z    -2.4964001906    -0.0005956155
  138X     0.5051000386     0.0124244531
  138Y    -2.2078001686    -0.0040889516
  138Z    -3.0046002294     0.0069098059
  139X    -1.9939001523    -0.0149207793
  139Y    -1.5615001192     0.0081889565
  139Z    -0.8611000658    -0.0003679792
  140X    -2.4931001904    -0.0061850696
  140Y    -0.3874000296    -0.0170793499
  140Z    -0.0461000035    -0.0157823457
  141X    -2.8500002176    -0.0047749632
  141Y     0.3425000262     0.0167458014
  141Z    -1.8604001421    -0.0139150713
  142X    -3.1389002397     0.0057316302
  142Y     0.7549000576    -0.0001014339
  142Z    -3.2881002511     0.0124913236
  143X    -0.8784000671     0.0131980845
  143Y     3.6055002753    -0.0022844472
  143Z     3.6337002775    -0.0056438662
  144X     0.1208000092    -0.0051061456
  144Y     4.6060003517    -0.0212134312
  144Z     3.0930002362     0.0010420867
  145X     2.6726002041    -0.0230391911
  145Y     1.7160001310    -0.0043371120
  145Z     3.4572002640     0.0128054363
  146X     1.4524001109     0.0107162509
  146Y     2.4400001863    -0.0120301325
  146Z     3.9851003043     0.0057721954
  147X    -2.5999001985     0.0032333427
  147Y    -2.6045001989     0.0056028171
  147Z     1.4735001125     0.0091323532
  148X    -2.5121001918     0.0004556353
  148Y    -1.2622000964    -0.0093155162
  148Z     2.1681001656    -0.0006864816
  149X     4.8165003678    -0.0102384980
  149Y     1.3425001025     0.0245157688
  149Z     2.4418001865    -0.0055677177
  150X     4.9201003757    -0.0105734651
  150Y     2.8086002145    -0.0105275121
  150Z     2.8045002142    -0.0027283804
  151X    -2.5345001935    -0.0092611276
  151Y     3.3311002544     0.0019863360
  151Z    -0.5146000393    -0.0059700962
  152X    -3.3994002596    -0.0016503461
  152Y     2.5858001975     0.0183206110
  152Z    -1.5088001152     0.0156403505
  153X    -2.4772001892     0.0002305224
  153Y     1.6818001284    -0.0204355405
  153Z     3.8001002902    -0.0061823387
  154X    -3.4593002642     0.0154676678
  154Y     0.5521000422     0.0047644381
  154Z     4.0266003075     0.0003806327
  155X     4.8296003688    -0.0027697001
  155Y     3.7779002885     0.0039247657
  155Z    -0.7452000569     0.0205284162
  156X     5.2665004022    -0.0095625661
  156Y     3.4210002612     0.0044916221
  156Z     0.6597000504    -0.0124138062
  157X    -2.4843001897     0.0156172672
  157Y    -2.4820001895    -0.0076675318
  157Z    -4.0441003088     0.0095133667
  158X    -1.7551001340    -0.0061351552
  158Y    -3.4808002658     0.0157321244
  158Z    -3.1708002421    -0.0092067628
  159X    -0.7686000587     0.0089155934
  159Y    -0.6601000504    -0.0059678966
  159Z    -5.8423004461     0.0063400485
  160X    -0.8831000674     0.0083774847
  160Y    -1.6821001285     0.0107713278
  160Z    -4.7312003613    -0.0116640966
  161X     2.4657001883     0.0122087188
  161Y     5.1311003918    -0.0116424845
  161Z    -3.3349002547    -0.0022622659
  162X     2.1712001658     0.0083884747
  162Y     3.6463002784     0.0133427270
  162Z    -3.3514002559    -0.0032479641
  163X     0.2655000203    -0.0019484470
  163Y     7.0915005415    -0.0143744645
  163Z     0.6169000471    -0.0021356002
  164X    -0.0037000003     0.0120713125
  164Y     6.0060004586     0.0048995156
  164Z    -0.4034000308     0.0095924567
  165X     2.7837002126     0.0083946330
  165Y    -1.8177001388     0.0070318108
  165Z    -3.6682002801    -0.0088355039
  166X     3.3701002574     0.0028142934
  166Y    -2.5224001926     0.0119686383
  166Z    -4.8730003721    -0.0007751699
  167X     3.5518002712    -0.0154388219
  167Y     5.0882003886     0.0158343384
  167Z     0.9117000696     0.0061363391
  168X     2.1266001624     0.0224037663
  168Y     5.5774004259    -0.0052540078
  168Z     0.7653000584     0.0035765128
  169X     2.3729001812     0.0052264358
  169Y    -1.9288001473    -0.0070395611
  169Z     3.2688002496     0.0136100306
  170X     2.8226002155    -0.0005461085
  170Y    -1.6845001286    -0.0090426543
  170Z     4.6936003584    -0.0129701561
  171X     1.5839001210     0.0092637811
  171Y     1.4264001089    -0.0086256509
  171Z    -4.9265003762    -0.0112757458
  172X     1.6012001223     0.0043382399
  172Y     0.0757000058     0.0126075739
  172Z    -5.6101004284    -0.0034085432
  173X    -1.4751001126     0.0141527448
  173Y    -4.7318003613    -0.0003394989
  173Z     1.2815000979    -0.0010308032
  174X    -0.4672000357    -0.0049182377
  174Y    -3.9091002985    -0.0196699574
  174Z     0.5075000388     0.0073928260
  175X    -1.6675001273     0.0091959514
  175Y     6.3860004877    -0.0138739746
  175Z    -2.4809001895     0.0067043581
  176X    -1.3722001048     0.0047720483
  176Y     4.9778003801     0.0099396241
  176Z    -2.0098001535    -0.0005812382
  177X     6.2294004757    -0.0118230619
  177Y    -0.6454000493     0.0053298636
  177Z     2.2999001756     0.0125858263
  178X     5.7568004396    -0.0038665448
  178Y    -0.6000000458     0.0030643167
  178Z     3.7375002854    -0.0179839904
  179X    -2.0627001575    -0.0054117812
  179Y     1.6220001239    -0.0129869524
  179Z    -4.7120003598    -0.0062824130
  180X    -2.5524001949     0.0013575080
  180Y     1.0446000798     0.0064884751
  180Z    -6.0230004599     0.0105362939
  181X    -0.9444000721    -0.0004105941
  181Y    -1.4371001097     0.0113395257
  181Z     4.6501003551     0.0062575399
  182X    -1.8175001388     0.0024767732
  182Y    -0.2261000173    -0.0139375681
  182Z     4.9017003743     0.0133154652
  183X    -2.7464002097     0.0133968586
  183Y     4.4165003373    -0.0078739193
  183Z    -4.1864003197    -0.0112341009
  184X    -1.4281001091    -0.0162056531
  184Y     4.0644003104    -0.0068718514
  184Z    -4.8421003698     0.0026376342
  185X     6.3250004830     0.0030381520
  185Y     1.6488001259    -0.0115107369
  185Z    -1.4775001128     0.0073608182
  186X     6.9885005337    -0.0060310505
  186Y     0.3476000265     0.0096490429
  186Z    -1.0794000824    -0.0012247339
  187X     5.3885004115     0.0059065659
  187Y     2.9258002234     0.0125601645
  187Z    -3.3831002583     0.0176178846
  188X     4.9026003744     0.0111187883
  188Y     4.2703003261    -0.0017585399
  188Z    -2.8852002203     0.0034660782
  189X    -5.6797004337     0.0051087780
  189Y     0.8802000672    -0.0048810611
  189Z     0.7596000580    -0.0159197493
  190X    -4.7493003627    -0.0131665971
  190Y     0.9620000735    -0.0052918685
  190Z    -0.4318000330     0.0009356021
  191X     3.4958002670     0.0008532456
  191Y    -5.0031003821     0.0110021486
  191Z    -0.6456000493    -0.0324602785
  192X     3.6700002803    -0.0050135840
  192Y    -3.6947002821    -0.0141192598
  192Z    -1.3868001059     0.0016656936
  193X    -3.6731002805     0.0116432473
  193Y     3.8655002952    -0.0066452736
  193Z     3.2765002502     0.0245725423
  194X    -3.5393002703     0.0081051278
  194Y     3.9806003040     0.0022584487
  194Z     4.7800003650    -0.0198852178
  195X    -0.7780000594    -0.0019256586
  195Y    -5.1884003962     0.0091823366
  195Z    -3.8357002929     0.0174534950
  196X    -0.8621000658    -0.0021561707
  196Y    -5.7811004415     0.0072580175
  196Z    -2.4452001867    -0.0068654840
  197X     4.9739003798    -0.0026946913
  197Y     2.3390001786    -0.0200420639
  197Z    -5.6277004298     0.0173451288
  198X     4.1425003163     0.0102334058
  198Y     1.3448001027     0.0035164890
  198Z    -4.8453003700     0.0027815450
  199X    -4.2528003248    -0.0114894641
  199Y    -1.6546001264    -0.0036926142
  199Z    -2.0355001554    -0.0040127283
  200X    -5.3521004087     0.0030424073
  200Y    -0.9062000692    -0.0079053804
  200Z    -1.3121001002    -0.0155167918
  201X     0.7809000596     0.0187564368
  201Y     6.5062004968     0.0050129101
  201Z    -2.4438001866    -0.0035230059
  202X     2.2150001691    -0.0167052817
  202Y     6.7382005146    -0.0134024877
  202Z    -2.0181001541    -0.0164514664
  203X    -4.3207003299    -0.0076057075
  203Y     3.8506002940     0.0036858608
  203Z     0.9265000708     0.0166303609
  204X    -5.0456003853     0.0089163359
  204Y     3.1854002432     0.0154453042
  204Z     2.0771001586    -0.0012639232
  205X    -0.6037000461     0.0185687167
  205Y     6.7163005129    -0.0027297679
  205Z     3.3127002530    -0.0081898357
  206X     0.7839000599    -0.0039866024
  206Y     6.7244005135    -0.0043407438
  206Z     2.7075002068     0.0108830883
  207X    -5.2866004037    -0.0041300004
  207Y     0.6387000488     0.0207888153
  207Z     3.0598002337    -0.0086782272
  208X    -6.3402004842     0.0087799272
  208Y     1.7142001309    -0.0020613249
  208Z     3.2177002457    -0.0031621878
  209X    -3.6093002756    -0.0023355468
  209Y    -5.4824004187     0.0223486302
  209Z     1.7622001346    -0.0102490029
  210X    -3.7734002882    -0.0018298963
  210Y    -5.0142003829     0.0067044993
  210Z     0.3319000253     0.0251308535
  211X    -2.4152001844     0.0035749286
  211Y    -4.3116003293     0.0104801960
  211Z     4.9065003747    -0.0033908112
  212X    -2.1597001649     0.0019107139
  212Y    -3.2516002483    -0.0103114655
  212Z     3.8561002945     0.0180616666
  213X     1.1241000858     0.0006236114
  213Y    -1.6358001249     0.0119013306
  213Z     7.2258005518    -0.0082411897
  214X     0.4254000325     0.0102228870
  214Y    -0.7970000609    -0.0061835484
  214Z     6.1770004717     0.0067040984
  215X     3.7419002857     0.0033011278
  215Y     0.5457000417     0.0017660448
  215Z     6.9196005284    -0.0076459596
  216X     3.0466002327     0.0142019468
  216Y     0.8922000681    -0.0039618991
  216Z     5.6202004292     0.0150591111
  217X    -0.6896000527     0.0036995784
  217Y     5.7406004384    -0.0101811970
  217Z    -5.9042004509     0.0111832821
  218X     0.2809000215    -0.0045584010
  218Y     6.0474004618    -0.0064357662
  218Z    -4.7836003653    -0.0077960841
  219X     6.4868004954     0.0003596489
  219Y    -2.5193001924    -0.0087136140
  219Z    -2.2410001711     0.0123544682
  220X     6.3518004850     0.0002676473
  220Y    -3.8526002942     0.0231394248
  220Z    -1.5367001173     0.0011009828
  221X     1.7832001362     0.0117859653
  221Y     5.9717004560    -0.0025988117
  221Z     4.2174003221    -0.0051502968
  222X     2.9556002257     0.0023459368
  222Y     5.4301004147     0.0033169889
  222Z     3.4275002617     0.0154338800
  223X     4.0298003077     0.0113886063
  223Y    -3.7764002884    -0.0159313309
  223Z     3.4008002597    -0.0094282035
  224X     4.7737003645    -0.0043545472
  224Y    -5.0900003887     0.0124727664
  224Z     3.2868002510    -0.0152747112
  225X     6.7509005155    -0.0096842110
  225Y     4.7851003654     0.0040608494
  225Z     2.7155002074     0.0045569571
  226X     5.5349004227     0.0068642296
  226Y     4.6601003559     0.0005744682
  226Z     3.6087002756    -0.0170477667
  227X     3.9875003045    -0.0072702510
  227Y    -5.1560003937    -0.0229413600
  227Z     1.6517001261    -0.0135383423
  228X     4.0348003081    -0.0025852278
  228Y    -6.5242004982     0.0069592210
  228Z     1.0055000768     0.0033605583
  229X    -4.3645003333    -0.0024001029
  229Y    -1.0949000836    -0.0107798768
  229Z    -5.3393004077     0.0024607330
  230X    -4.5714003491     0.0120938687
  230Y    -2.5542001950     0.0102237830
  230Z    -4.9939003814     0.0004825340
  231X    -5.2271003992     0.0005510943
  231Y    -1.2510000955    -0.0001593006
  231Z     4.7530003630    -0.0091781472
  232X    -5.2325003996    -0.0021714767
  232Y    -1.7373001327     0.0225718372
  232Z     3.3193002535     0.0179094035
  233X     8.2002006262    -0.0173522569
  233Y    -1.1291000862    -0.0064280051
  233Z     0.4125000315     0.0061954608
  234X     6.8878005260     0.0061641368
  234Y    -1.8488001412     0.0156657038
  234Z     0.1856000142     0.0147084884
  235X     5.9678004557     0.0099116372
  235Y    -0.7480000571    -0.0067371191
  235Z    -4.2076003213    -0.0000404640
  236X     6.7591005162    -0.0020121084
  236Y    -1.9496001489     0.0123567072
  236Z    -4.6787003573     0.0121043664
  237X     1.6976001296     0.0030075774
  237Y     2.7417002094     0.0114820311
  237Z    -6.5038004967    -0.0014494556
  238X     1.4753001127     0.0070027668
  238Y     4.1863003197    -0.0120330984
  238Z    -6.1094004665    -0.0100396919
  239X     0.2556000195     0.0181505495
  239Y    -4.2816003270    -0.0040599604
  239Z     4.9065003747     0.0020252210
  240X     1.6473001258    -0.0115059184
  240Y    -3.6962002823    -0.0139694278
  240Z     4.7944003661     0.0056100330
  241X     0.3503000268     0.0012488048
  241Y    -5.6663004327    -0.0074846283
  241Z     2.0935001599     0.0132246897
  242X     0.9848000752    -0.0060991472
  242Y    -5.4825004187    -0.0078353566
  242Z     3.4557002639    -0.0113474844
  243X     7.3977005649     0.0059650571
  243Y     2.0370001556     0.0106554257
  243Z     0.5688000434     0.0153969453
  244X     7.9468006068    -0.0075336844
  244Y     2.2536001721     0.0024098531
  244Z     1.9629001499    -0.0234685080
  245X    -5.3726004103     0.0013004790
  245Y     1.7736001354     0.0091853261
  245Z    -5.1999003971     0.0123034563
  246X    -4.0957003128    -0.0104694557
  246Y     2.5454001944     0.0025871949
  246Z    -4.9435003775    -0.0019186887
  247X     2.2823001743     0.0196714673
  247Y    -4.9398003772     0.0113349858
  247Z    -5.5238004218    -0.0088472425
  248X     3.0698002344     0.0025687826
  248Y    -3.9263002998    -0.0040735045
  248Z    -6.3266004831     0.0119873427
  249X    -4.8406003696     0.0232467613
  249Y     5.6387004306     0.0103245545
  249Z    -3.0356002318    -0.0070821538
  250X    -4.1498003169     0.0053218921
  250Y     6.1823004721    -0.0024305234
  250Z    -4.2682003259     0.0052019359
  251X    -6.0580004626     0.0056288408
  251Y    -3.4548002638     0.0003259960
  251Z     1.7548001340     0.0072635276
  252X    -4.6223003530    -0.0207357741
  252Y    -3.8766002960     0.0038014730
  252Z     1.9840001515     0.0126000848
  253X     3.0955002364    -0.0054534265
  253Y     7.6996005880     0.0009628192
  253Z     0.2031000155    -0.0175943488
  254X     3.9096002986    -0.0074487894
  254Y     8.3990006414     0.0013586703
  254Z    -0.8646000660     0.0047274313
  255X    -6.0779004641    -0.0134139082
  255Y     2.1361001631    -0.0076275309
  255Z    -3.1931002438     0.0137510758
  256X    -6.1470004694    -0.0013608576
  256Y     1.3330001018     0.0040084878
  256Z    -1.9116001460    -0.0107240026
  257X     4.4652003410     0.0078505695
  257Y     6.0865004648     0.0016869733
  257Z    -3.3656002570     0.0067006363
  258X     5.6644004326    -0.0103484544
  258Y     7.0059005350    -0.0014106353
  258Z    -3.2721002499     0.0026189101
  259X    -2.8146002149    -0.0083972585
  259Y    -5.4439004157    -0.0042910243
  259Z    -2.0126001537     0.0062918475
  260X    -4.3183003298     0.0075074388
  260Y    -5.6122004286     0.0004360701
  260Z    -2.0623001575     0.0049960956
  261X     4.9543003783     0.0037846591
  261Y     5.1136003905    -0.0071176724
  261Z     5.6601004322    -0.0061840430
  262X     3.9369003006     0.0175033992
  262Y     4.1651003181    -0.0049040369
  262Z     5.0627003866     0.0011830166
  263X     0.8167000624     0.0071044942
  263Y    -1.8629001423    -0.0018982094
  263Z    -6.7558005159    -0.0130683656
  264X     1.8214001391     0.0006337226
  264Y    -1.2855000982    -0.0110973671
  264Z    -7.7301005903     0.0030827368
  265X     5.5276004221     0.0011613117
  265Y     5.8079004435     0.0103032374
  265Z     0.5365000410    -0.0021848164
  266X     5.5579004244     0.0003294792
  266Y     6.5845005028     0.0030785247
  266Z    -0.7627000582     0.0150216778
  267X     1.9144001462     0.0015401189
  267Y    -7.3201005590     0.0072472671
  267Z    -2.3679001808    -0.0058919851
  268X     2.6102001993    -0.0082348281
  268Y    -5.9758004563    -0.0190184455
  268Z    -2.3968001830    -0.0044336220
  269X    -1.9793001511    -0.0064654913
  269Y     6.2001004735     0.0042094494
  269Z     5.4893004192    -0.0120236103
  270X    -2.6736002042     0.0018480127
  270Y     5.5942004272     0.0080304027
  270Z     4.2881003275     0.0058021935
  271X     3.5760002731     0.0067879088
  271Y     7.0865005412     0.0196260680
  271Z     2.0501001566     0.0011308176
  272X     4.3876003351    -0.0085975747
  272Y     8.3645006387    -0.0038916459
  272Z     2.0444001561     0.0023088331
  273X    -1.8489001412     0.0083719793
  273Y     0.6883000526     0.0147873371
  273Z     7.4183005665     0.0036088828
  274X    -1.0085000770    -0.0049264829
  274Y     1.7402001329    -0.0019318140
  274Z     8.1105006193    -0.0030519188
  275X    -6.8853005258     0.0036360519
  275Y     4.2249003226     0.0122800092
  275Z    -2.1945001676     0.0038414448
  276X    -5.4762004182    -0.0062640873
  276Y     4.4406003391     0.0094585453
  276Z    -1.6847001287    -0.0097256559
  277X     1.0274000785    -0.0007667556
  277Y     3.3225002537     0.0037318916
  277Z     8.2562006305    -0.0087441358
  278X     1.2506000955    -0.0025919715
  278Y     2.9550002257     0.0095391850
  278Z     6.8046005196     0.0087153817
  279X     4.9952003815    -0.0060529017
  279Y     4.3769003342    -0.0044711797
  279Z    -7.1098005429     0.0004477720
  280X     3.7151002837     0.0270220031
  280Y     3.6811002811    -0.0028659783
  280Z    -6.6987005115    -0.0015956829
  281X     7.1808005484    -0.0070903099
  281Y    -2.6227002003    -0.0063669304
  281Z     2.1460001639     0.0089955769
  282X     6.2696004788     0.0096213247
  282Y    -3.6025002751     0.0019315960
  282Z     2.8542002180    -0.0002391485
  283X     6.0103004590    -0.0013608214
  283Y    -2.0979001602     0.0144017916
  283Z     5.4188004138     0.0029992493
  284X     5.3316004071     0.0139729796
  284Y    -0.8227000628    -0.0036371274
  284Z     5.8718004484    -0.0009749729
  285X     1.6752001279    -0.0178161664
  285Y     9.1053006953     0.0061462212
  285Z     1.6616001269    -0.0046664235
  286X     0.3148000240     0.0055448417
  286Y     9.6364007359    -0.0059876736
  286Z     1.2629000964    -0.0006619900
  287X     0.8881000678     0.0050882916
  287Y    -6.5241004982     0.0064420294
  287Z    -5.9439004539     0.0086887555
  288X     1.1903000909    -0.0152522630
  288Y    -6.5622005011     0.0042848672
  288Z    -4.4609003407    -0.0218912967
  289X    -3.0502002329     0.0039415503
  289Y     0.3369000257    -0.0060588549
  289Z    -8.2205006277     0.0067572092
  290X    -3.2193002458     0.0070414263
  290Y    -1.1340000866     0.0030546217
  290Z    -7.9048006036    -0.0017206239
  291X     5.8513004468     0.0063317702
  291Y     1.1658000890     0.0040212645
  291Z     5.7925004423     0.0020168404
  292X     5.9415004537     0.0067680236
  292Y     2.6274002006    -0.0100415300
  292Z     5.4088004130     0.0019926786
  293X     2.8269002159    -0.0056030443
  293Y     0.2641000202     0.0009114979
  293Z    -8.8753006778     0.0101606161
  294X     2.5994001985    -0.0013998304
  294Y     1.0687000816    -0.0069988370
  294Z    -7.6133005814    -0.0128319197
  295X    -2.5458001944    -0.0148566437
  295Y    -1.3858001058     0.0054434159
  295Z     6.4217004904     0.0117348985
  296X    -2.8839002202    -0.0017379470
  296Y    -1.5370001174     0.0042458725
  296Z     7.8896006025    -0.0068416129
  297X     4.9930003813     0.0106648571
  297Y    -5.5131004210    -0.0042387986
  297Z    -1.9107001459     0.0016413127
  298X     5.9154004517     0.0053189535
  298Y    -5.6136004287     0.0003737038
  298Z    -3.1069002373     0.0186119756
  299X    -2.0817001590    -0.0030934704
  299Y     7.8684006009     0.0044365205
  299Z    -4.5762003495     0.0081205114
  300X    -1.5898001214    -0.0068471477
  300Y     9.0171006886    -0.0069774610
  300Z    -3.7215002842    -0.0029689564
  301X    -2.8852002203     0.0092227036
  301Y     8.6944006639    -0.0024144371
  301Z     1.0535000804     0.0113031003
  302X    -2.0821001590    -0.0039274503
  302Y     8.7228006661    -0.0016226416
  302Z     2.3366001784    -0.0092033703
  303X    -0.8619000658    -0.0032305277
  303Y    -6.8534005234    -0.0145031925
  303Z     0.3434000262    -0.0030238021
  304X    -1.3257001012    -0.0043975214
  304Y    -7.8250005975    -0.0025576200
  304Z     1.4077001075    -0.0062012594
  305X    -3.1060002372     0.0071587560
  305Y    -3.2112002452    -0.0069454636
  305Z    -6.9229005287    -0.0071534271
  306X    -1.8829001438    -0.0084123731
  306Y    -3.6830002812     0.0005019980
  306Z    -7.6801005865     0.0060835219
  307X    -5.1192003909    -0.0015727215
  307Y    -3.6642002798    -0.0072832459
  307Z    -3.4471002632    -0.0142885682
  308X    -6.3748004868     0.0088923079
  308Y    -4.3816003346    -0.0013526306
  308Z    -3.8952002975     0.0011252030
  309X     8.3482006375    -0.0098939252
  309Y     4.9618003789    -0.0028738802
  309Z    -1.6751001279    -0.0018408445
  310X     6.9402005300     0.0068397331
  310Y     4.7982003664     0.0079573653
  310Z    -2.2069001685     0.0048393457
  311X    -1.1565000883     0.0011503456
  311Y     4.9147003753    -0.0011153832
  311Z     8.1764006244    -0.0055804906
  312X    -0.2857000218    -0.0142763482
  312Y     4.5412003468     0.0040619376
  312Z     6.9957005342     0.0003085546
  313X    10.3469007901    -0.0053911816
  313Y    -0.5290000404     0.0058232129
  313Z    -0.4342000332     0.0005648182
  314X     9.4052007182     0.0043067293
  314Y     0.5338000408    -0.0137951885
  314Z    -0.9592000732     0.0111120237
  315X    -4.1850003196    -0.0076935643
  315Y     7.2635005547    -0.0054048833
  315Z     2.2610001727    -0.0028981102
  316X    -5.1024003896     0.0022172919
  316Y     6.0790004642     0.0093119080
  316Z     2.0439001561     0.0026959408
  317X     7.9882006100     0.0175992065
  317Y     1.4674001121    -0.0029208209
  317Z     4.2905003276    -0.0165189432
  318X     8.5258006511     0.0001053935
  318Y     0.6045000462     0.0105822409
  318Z     3.1688002420     0.0007229652
  319X    -6.8252005212     0.0076830707
  319Y     0.7149000546    -0.0007662847
  319Z    -6.4069004893     0.0015105545
  320X    -6.0601004628     0.0181983652
  320Y    -0.0913000070     0.0119822393
  320Z    -5.3790004108    -0.0150361206
  321X    -6.5281004985    -0.0143269499
  321Y    -1.3360001020    -0.0001144203
  321Z    -3.5457002708    -0.0209053174
  322X    -7.8857006022     0.0061524562
  322Y    -0.9008000688    -0.0066303508
  322Z    -4.0551003097    -0.0029299872
  323X    -3.4538002637    -0.0132932513
  323Y     2.8454002173     0.0073163450
  323Z     6.8669005244    -0.0059323638
  324X    -4.2414003239    -0.0019671161
  324Y     3.9255002998    -0.0060090818
  324Z     7.5775005786    -0.0039116563
  325X     6.0516004621    -0.0091882980
  325Y    -4.6699003566    -0.0071393888
  325Z    -5.1116003903     0.0038850220
  326X     4.5735003492     0.0163774927
  326Y    -4.9362003769    -0.0032359960
  326Z    -4.9213003758     0.0002022373
  327X    -4.0134003065     0.0094396017
  327Y    -5.3864004113    -0.0024545631
  327Z    -4.9403003773    -0.0024054954
  328X    -2.7919002132    -0.0046390687
  328Y    -5.2042003974    -0.0056270066
  328Z    -5.8160004441     0.0103641919
  329X     1.9365001479     0.0041978102
  329Y     9.4891007246    -0.0041025669
  329Z    -3.4325002621    -0.0077869145
  330X     2.0004001528     0.0030334956
  330Y     7.9920006103     0.0072899972
  330Z    -3.6485002786    -0.0057063005
  331X     9.3838007166     0.0022450150
  331Y     2.7533002103    -0.0192960292
  331Z    -1.4208001085    -0.0116330109
  332X    10.3850007930    -0.0095391914
  332Y     2.0538001568    -0.0031997908
  332Z    -2.3154001768     0.0035347679
  333X    -3.8267002922    -0.0026404554
  333Y     7.6292005826     0.0089758252
  333Z    -1.0578000808     0.0049205794
  334X    -4.2326003232    -0.0029454850
  334Y     8.9148006808    -0.0012111530
  334Z    -1.7467001334     0.0083563474
  335X    -4.0893003123     0.0045438693
  335Y    -6.3870004877    -0.0073495619
  335Z     3.6189002764    -0.0077289410
  336X    -3.0062002296    -0.0097692359
  336Y    -7.3085005581     0.0031905025
  336Z     3.0996002367     0.0008166737
  337X     1.5266001166    -0.0149312915
  337Y     9.2760007084     0.0134270284
  337Z    -1.0288000786    -0.0067235779
  338X     0.2834000216     0.0055466593
  338Y    10.1393007743    -0.0027388795
  338Z    -1.0627000812    -0.0014905055
  339X     1.0949000836    -0.0031917266
  339Y    -3.7779002885     0.0078725831
  339Z     8.2158006274     0.0073161366
  340X     1.1937000912    -0.0042839050
  340Y    -2.7042002065    -0.0022358113
  340Z     9.2784007085    -0.0077299066
  341X    -3.7023002827    -0.0016204127
  341Y    -6.2576004779     0.0091718921
  341Z     5.7883004420    -0.0029965020
  342X    -3.5951002745     0.0013060240
  342Y    -4.9535003783    -0.0056335845
  342Z     6.5496005002    -0.0078605710
  343X    -7.2412005530     0.0061882105
  343Y    -5.2753004028    -0.0000300182
  343Z    -1.3369001021     0.0045478919
  344X    -6.9396005299     0.0015077716
  344Y    -6.0301004605     0.0076457900
  344Z    -0.0597000046    -0.0038263562
  345X    -2.7359002089     0.0110903476
  345Y     7.2260005518     0.0027064037
  345Z    -6.3728004867     0.0057766372
  346X    -1.6049001226    -0.0061517079
  346Y     8.1697006239    -0.0082548537
  346Z    -6.7223005133     0.0060467770
  347X    -0.1277000098    -0.0021913376
  347Y     2.7767002120    -0.0053824274
  347Z    -8.7967006717    -0.0056345348
  348X     0.9056000692    -0.0093013243
  348Y     1.7269001319     0.0045715595
  348Z    -9.1461006984    -0.0039652070
  349X     9.2878007093     0.0043947362
  349Y     0.6660000509    -0.0088744830
  349Z    -3.3225002537    -0.0009804724
  350X     8.4598006460     0.0118381075
  350Y    -0.5563000425     0.0056832671
  350Z    -3.6576002793    -0.0023964464
  351X     3.9930003049     0.0133885073
  351Y    -7.1251005441     0.0021449808
  351Z     4.0440003088     0.0010277618
  352X     5.4962004197    -0.0104303652
  352Y    -7.1042005425     0.0046594610
  352Z     3.8659002952     0.0024145284
  353X     7.8007005957     0.0053040017
  353Y     2.1234001622    -0.0004688768
  353Z    -6.4709004941     0.0058897492
  354X     7.6155005815     0.0064764667
  354Y     1.7029001300     0.0018821628
  354Z    -5.0284003840    -0.0046061216
  355X     5.0604003864     0.0017710065
  355Y    -4.7026003591    -0.0000010109
  355Z     7.0085005352    -0.0066551752
  356X     5.2546004013     0.0022764986
  356Y    -5.4383004153     0.0085848326
  356Z     5.6997004353     0.0077089285
  357X     6.9986005344     0.0029048037
  357Y    -2.8090002145    -0.0016895947
  357Z    -6.8130005203     0.0090332326
  358X     8.1797006246    -0.0125836742
  358Y    -2.9059002219     0.0009480279
  358Z    -5.8710004483    -0.0022537704
  359X     8.7436006677     0.0145706772
  359Y     4.1743003188     0.0137884099
  359Z     0.1621000124    -0.0168089802
  360X    10.1770007772    -0.0075636025
  360Y     4.6506003551    -0.0032978359
  360Z     0.0599000046    -0.0026180611
----------------------------------------

 @ End Gradient Calculation

  Skipping one-electron property calculation.

 @ Output Timing Information

------------- TIMING ---------------
| INITIAL GUESS TIME  =    23.643771000(  3.14%)
| DFT GRID OPERATIONS =     2.902459000(  0.38%)
| TOTAL SCF TIME      =   597.923098000( 79.29%)
|       TOTAL OP TIME      =   592.703479000( 78.60%)
|             TOTAL 1e TIME      =     1.345154000(  0.18%)
|             TOTAL 2e TIME      =   575.940360000( 76.38%)
|             TOTAL EXC TIME     =    13.224247000(  1.75%)
|       TOTAL DII TIME      =     4.957068000(  0.66%)
|             TOTAL DIAG TIME    =     1.125542000(  0.15%)
| TOTAL GRADIENT TIME      =   128.392591000( 17.03%)
|       TOTAL 1e GRADIENT TIME      =    13.782058000( 2.08%)
|       TOTAL 2e GRADIENT TIME      =    98.881366000(13.11%)
|       TOTAL EXC GRADIENT TIME     =    13.823859000(  1.83%)
| TOTAL TIME          =   754.070575000
------------------------------------
| Job cpu time:  0 days  0 hours 12 minutes 34.1 seconds.

 @ Finish Output Timing Information

| Normal Termination. Task Finished on: Wed Jul  1 05:50:55 2026
