| *********************************************************************************************************
| **                                                                                                     **
| **           888888888888                                                                              **
| **         8888888888888888                                                                            **
| **      888888888888888888                                                                             **
| **     888888888888888888                                                                              **
| **    888888888888888                                                                                  **
| **   88888888888888888888                               88888                       8888:              **
| **   8888888888888888888888Z                            88888                       8888:              **
| **   888888888888888888888888?                          88888                       8888:              **
| **   8888888888888      8888888                                        888888       8888:              **
| **    88888888888         888888     8888:     88888    88888        888888888I     8888:    888888    **
| **    8888888888           88888:    8888:     88888    88888      $888888888888    8888:   888888     **
| **    I8Z 88888             88888    8888:     88888    88888    .888888     8888   8888: 888888       **
| **    .8Z 88888             88888    8888:     88888    88888    $88888             8888:88888         **
| **     8I 88888      .=88. .88888    8888:     88888    88888    88888              8888888888         **
| **    :8  88888      888888$8888$    8888:     88888    88888    8888O              88888888888        **
| **   ,7   +88888.     8888888888.    8888:     88888    88888    888888             88888O888888       **
| **         $888888:.   .8888888      88888....888888    88888     888888     8888   8888:  888888      **
| **          I8888888888888888888     888888888888888    88888     O888888888888O    8888:   888888     **
| **            O888888888888888888     88888888888888    88888       88888888888$    8888:    888888    **
| **               8888888Z     888      .8888I  88888    88888         8888888       8888:     888888   **
| **                                                                                                     **
| **                                                                                                     **
| **                                         Copyright (c) 2026                                          **
| **                          Regents of the University of California San Diego                          **
| **                                    & Michigan State University                                      **
| **                                        All Rights Reserved.                                         **
| **                                                                                                     **
| **             This software is subject to the terms of the Mozilla Public License, v. 2.0.            **
| **                                                                                                     **
| *********************************************************************************************************
|                                                                                                          
| Cite this work as:                                                                                       
| Manathunga, M.; O'Hearn, K. A.; Shajan, A.; Smith, J.; Miao, Y.; He, X.; Ayers, K.;                      
| Brothers, E.; Palos, E.; Tripathy, V.; Goetz, A.W.; Merz, K.M. QUICK-26.03.                              
| University of California,San Diego, CA and                                                               
| Michigan State University, East Lansing, MI, 2026                                                        
|                                                                                                          
| If you have any comments or queries, please reach out to us on GitHub issues or discussion sections:     
| https://github.com/merzlab/QUICK.                                                                        
|                                                                                                          
| TASK STARTS ON: Wed Jul  1 06:14:52 2026
| INPUT FILE :    water90.in
| OUTPUT FILE:    water90.out
| BASIS SET PATH: /projects/bdit/vtripathy/QUICK/install/basis

|------------ GPU INFORMATION ---------------
| CUDA ENABLED DEVICE         :        1
| CUDA DEVICE IN USE          :        0
| CUDA DEVICE NAME            : NVIDIA A100-SXM4-40GB
| CUDA DEVICE PM              :      108
| CUDA DEVICE CORE FREQ(GHZ)  :     1.41
| CUDA DEVICE MEMORY SIZE (MB):    40442
| SUPPORTING CUDA VERSION     :      8.0
|--------------------------------------------

 @ Read Job And Atom

  KEYWORD=B3LYP BASIS=6-31G** CUTOFF=1.0E-7 DENSERMS=1.0E-6 GRADIENT
 ============== JOB CARD =============
 METHOD = DENSITY FUNCTIONAL THEORY
 DENSITY FUNCTIONAL = B3LYP
 DIRECT SCF 
 SAD INITAL GUESS 
 USE DIIS SCF
 PRINT ENERGY EVERY CYCLE
 READ SAD GUESS FROM FILE
 STANDARD GRID = SG1
 Level shifting allowed after cycle    3
 DIIS error must exceed 0.100 for level shifting
 Max HOMO-LUMO gap to allow level shifting = 0.200
 GRADIENT CALCULATION
 MAX SCF CYCLES =    200
 MAX DIIS CYCLES =   10
 DELTA DENSITY START CYCLE =    3
 COMPUTATIONAL CUTOFF: 
      TWO-e INTEGRAL         =  0.100E-06
      BASIS SET PRIME        =  0.100E-07
      MATRIX ELEMENTS        =  0.100E-09
      BASIS FUNCTION         =  0.100E-05
      NEAR-LINEAR DEPENDENCY =  0.100E-04
      GRADIENT CUTOFF  =  0.100E-06
 DENSITY MATRIX MAXIMUM RMS FOR CONVERGENCE  =  0.100E-05
 BASIS SET = 6-31G**,  TYPE = CARTESIAN
| BASIS FILE = /projects/bdit/vtripathy/QUICK/install/basis/6-31GDP.BAS
| DATA FILE  =    water90.dat

 @ Finish reading job


 @ Begin SAD initial guess

 For Atom Kind =    1
 ELEMENT = O 
 BASIS FUNCTIONS =   15
 For Atom Kind =    2
 ELEMENT = H 
 BASIS FUNCTIONS =    5

 @ Finish SAD initial guess


 @ Begin Reading Molecular Information


 =========== Molecule Input ==========
 TOTAL MOLECULAR CHARGE  =    0    MULTIPLICITY                =    1
 TOTAL ATOM NUMBER       =  270    NUMBER OF ATOM TYPES        =    2
 NUMBER OF HYDROGEN ATOM =  180    NUMBER OF NON-HYDROGEN ATOM =   90
 NUMBER OF ELECTRONS     =  900

 -- INPUT GEOMETRY -- :
    O           2.4900       1.5638       0.4372
    O          -0.1574       2.8999       0.4788
    O           1.1729      -0.7388       1.9442
    O          -0.3076      -2.1409      -0.0774
    O           2.6045       0.4976      -2.4173
    O          -2.2620       1.1408       0.8445
    O           3.3029      -1.4064      -0.5440
    O           0.8698       2.3130      -3.3426
    O           1.1571      -2.4733      -2.3559
    O          -2.7864      -1.0664      -0.6537
    O          -3.1746       1.0735      -2.3862
    O          -0.0836       3.6710       3.1044
    O           1.9147       1.6031       4.0308
    O          -2.3140      -2.1910       2.2880
    O           4.2872       2.1295       2.5710
    O          -3.4115       3.3227      -0.8980
    O          -2.6723       0.7834       3.5333
    O           4.5270       3.7712       0.1629
    O          -1.8845      -2.5413      -3.3005
    O          -0.2745      -1.0570      -5.1250
    O           2.8593       4.2836      -3.5422
    O           0.3480       6.1485       0.4754
    O           3.3777      -1.6862      -4.4072
    O           2.8426       5.5099       1.3970
    O           2.8982      -2.3096       3.9726
    O           1.9324       0.9700      -5.6923
    O          -0.6444      -4.7995       0.8108
    O          -1.0519       5.8780      -1.9524
    O           5.4975      -0.3614       2.8475
    O          -2.6999       1.0085      -5.0779
    O          -1.1196      -0.7508       5.2940
    O          -2.2438       3.6760      -4.5258
    O           6.6066       1.1454      -0.7136
    O           5.4828       3.5437      -2.6582
    O          -5.5662       0.5608      -0.1355
    O           3.5389      -4.6324      -1.5270
    O          -3.0445       3.7609       3.9907
    O          -0.9043      -4.9496      -2.9174
    O           4.9720       1.8217      -4.8223
    O          -5.2049      -1.5704      -1.9855
    O           1.6753       6.5396      -2.7832
    O          -4.7392       4.0375       1.7668
    O           0.2999       6.4533       3.4875
    O          -5.5668       1.4819       2.7038
    O          -3.3831      -4.7655       1.1697
    O          -1.7728      -3.6571       4.6321
    O           1.2919      -1.0029       6.5276
    O           3.8704       0.5539       5.9711
    O           0.0152       5.3524      -5.3857
    O           6.5153      -2.9236      -1.3738
    O           2.6715       5.6301       4.3194
    O           4.6589      -4.2449       2.8522
    O           5.9018       4.3480       2.7815
    O           3.5500      -5.6989       0.9959
    O          -3.8875      -1.9021      -5.1466
    O          -5.0672      -0.9613       3.8548
    O           7.4073      -1.4180       0.8644
    O           6.5057      -1.4726      -3.8884
    O           1.8773       3.6391      -6.7841
    O           1.1816      -4.5237       4.9160
    O           0.7275      -6.1550       2.8250
    O           7.7455       2.7146       1.1486
    O          -5.0440       2.5885      -4.8201
    O           3.0089      -4.3204      -5.4564
    O          -3.9900       5.9381      -3.3566
    O          -5.3646      -3.4525       2.4146
    O           3.0550       7.9982      -0.7054
    O          -6.6920       1.8182      -2.5312
    O           4.9956       6.5774      -2.7379
    O          -3.5555      -5.7814      -1.5093
    O           4.8476       4.2133       5.3532
    O           1.2536      -2.0430      -7.5882
    O           5.7287       6.6711       0.1751
    O           2.2989      -6.6794      -2.9662
    O          -2.4752       6.4330       4.7044
    O           3.4956       8.0338       1.9384
    O          -1.7877       1.6322       7.5652
    O          -6.1968       4.8868      -2.1295
    O           1.3127       3.6869       7.4183
    O           4.6536       3.5327      -6.8152
    O           7.1898      -3.3557       2.7615
    O           6.1860      -1.1814       5.6320
    O           0.8058       8.8228       1.3780
    O           0.7250      -6.0546      -5.1258
    O          -2.5905      -0.4147      -7.8463
    O           6.4810       1.8670       5.6255
    O           2.1792       0.8144      -8.4349
    O          -3.1417      -1.0642       7.0983
    O           5.8901      -5.7371      -2.1581
    O          -1.8503       8.0971      -3.6760
    H           3.2128       2.1047       0.7553
    H           2.7625       1.2901      -0.4386
    H           0.7675       2.7680       0.2706
    H          -0.1798       2.9792       1.4324
    H           1.5327      -0.1399       1.2899
    H           1.0321      -0.1928       2.7177
    H           0.1684      -1.6626       0.6015
    H           0.3131      -2.2091      -0.8029
    H           3.1528       0.3164      -3.1806
    H           2.6700      -0.2930      -1.8816
    H          -2.5747       1.2335       1.7444
    H          -1.5008       1.7189       0.7942
    H           4.1042      -1.0852      -0.1304
    H           2.7881      -1.7669       0.1780
    H           0.1557       2.5127      -2.7373
    H           1.2893       1.5370      -2.9711
    H           1.2662      -3.4138      -2.4964
    H           0.5051      -2.2078      -3.0046
    H          -1.9939      -1.5615      -0.8611
    H          -2.4931      -0.3874      -0.0461
    H          -2.8500       0.3425      -1.8604
    H          -3.1389       0.7549      -3.2881
    H          -0.8784       3.6055       3.6337
    H           0.1208       4.6060       3.0930
    H           2.6726       1.7160       3.4572
    H           1.4524       2.4400       3.9851
    H          -2.5999      -2.6045       1.4735
    H          -2.5121      -1.2622       2.1681
    H           4.8165       1.3425       2.4418
    H           4.9201       2.8086       2.8045
    H          -2.5345       3.3311      -0.5146
    H          -3.3994       2.5858      -1.5088
    H          -2.4772       1.6818       3.8001
    H          -3.4593       0.5521       4.0266
    H           4.8296       3.7779      -0.7452
    H           5.2665       3.4210       0.6597
    H          -2.4843      -2.4820      -4.0441
    H          -1.7551      -3.4808      -3.1708
    H          -0.7686      -0.6601      -5.8423
    H          -0.8831      -1.6821      -4.7312
    H           2.4657       5.1311      -3.3349
    H           2.1712       3.6463      -3.3514
    H           0.2655       7.0915       0.6169
    H          -0.0037       6.0060      -0.4034
    H           2.7837      -1.8177      -3.6682
    H           3.3701      -2.5224      -4.8730
    H           3.5518       5.0882       0.9117
    H           2.1266       5.5774       0.7653
    H           2.3729      -1.9288       3.2688
    H           2.8226      -1.6845       4.6936
    H           1.5839       1.4264      -4.9265
    H           1.6012       0.0757      -5.6101
    H          -1.4751      -4.7318       1.2815
    H          -0.4672      -3.9091       0.5075
    H          -1.6675       6.3860      -2.4809
    H          -1.3722       4.9778      -2.0098
    H           6.2294      -0.6454       2.2999
    H           5.7568      -0.6000       3.7375
    H          -2.0627       1.6220      -4.7120
    H          -2.5524       1.0446      -6.0230
    H          -0.9444      -1.4371       4.6501
    H          -1.8175      -0.2261       4.9017
    H          -2.7464       4.4165      -4.1864
    H          -1.4281       4.0644      -4.8421
    H           6.3250       1.6488      -1.4775
    H           6.9885       0.3476      -1.0794
    H           5.3885       2.9258      -3.3831
    H           4.9026       4.2703      -2.8852
    H          -5.6797       0.8802       0.7596
    H          -4.7493       0.9620      -0.4318
    H           3.4958      -5.0031      -0.6456
    H           3.6700      -3.6947      -1.3868
    H          -3.6731       3.8655       3.2765
    H          -3.5393       3.9806       4.7800
    H          -0.7780      -5.1884      -3.8357
    H          -0.8621      -5.7811      -2.4452
    H           4.9739       2.3390      -5.6277
    H           4.1425       1.3448      -4.8453
    H          -4.2528      -1.6546      -2.0355
    H          -5.3521      -0.9062      -1.3121
    H           0.7809       6.5062      -2.4438
    H           2.2150       6.7382      -2.0181
    H          -4.3207       3.8506       0.9265
    H          -5.0456       3.1854       2.0771
    H          -0.6037       6.7163       3.3127
    H           0.7839       6.7244       2.7075
    H          -5.2866       0.6387       3.0598
    H          -6.3402       1.7142       3.2177
    H          -3.6093      -5.4824       1.7622
    H          -3.7734      -5.0142       0.3319
    H          -2.4152      -4.3116       4.9065
    H          -2.1597      -3.2516       3.8561
    H           1.1241      -1.6358       7.2258
    H           0.4254      -0.7970       6.1770
    H           3.7419       0.5457       6.9196
    H           3.0466       0.8922       5.6202
    H          -0.6896       5.7406      -5.9042
    H           0.2809       6.0474      -4.7836
    H           6.4868      -2.5193      -2.2410
    H           6.3518      -3.8526      -1.5367
    H           1.7832       5.9717       4.2174
    H           2.9556       5.4301       3.4275
    H           4.0298      -3.7764       3.4008
    H           4.7737      -5.0900       3.2868
    H           6.7509       4.7851       2.7155
    H           5.5349       4.6601       3.6087
    H           3.9875      -5.1560       1.6517
    H           4.0348      -6.5242       1.0055
    H          -4.3645      -1.0949      -5.3393
    H          -4.5714      -2.5542      -4.9939
    H          -5.2271      -1.2510       4.7530
    H          -5.2325      -1.7373       3.3193
    H           8.2002      -1.1291       0.4125
    H           6.8878      -1.8488       0.1856
    H           5.9678      -0.7480      -4.2076
    H           6.7591      -1.9496      -4.6787
    H           1.6976       2.7417      -6.5038
    H           1.4753       4.1863      -6.1094
    H           0.2556      -4.2816       4.9065
    H           1.6473      -3.6962       4.7944
    H           0.3503      -5.6663       2.0935
    H           0.9848      -5.4825       3.4557
    H           7.3977       2.0370       0.5688
    H           7.9468       2.2536       1.9629
    H          -5.3726       1.7736      -5.1999
    H          -4.0957       2.5454      -4.9435
    H           2.2823      -4.9398      -5.5238
    H           3.0698      -3.9263      -6.3266
    H          -4.8406       5.6387      -3.0356
    H          -4.1498       6.1823      -4.2682
    H          -6.0580      -3.4548       1.7548
    H          -4.6223      -3.8766       1.9840
    H           3.0955       7.6996       0.2031
    H           3.9096       8.3990      -0.8646
    H          -6.0779       2.1361      -3.1931
    H          -6.1470       1.3330      -1.9116
    H           4.4652       6.0865      -3.3656
    H           5.6644       7.0059      -3.2721
    H          -2.8146      -5.4439      -2.0126
    H          -4.3183      -5.6122      -2.0623
    H           4.9543       5.1136       5.6601
    H           3.9369       4.1651       5.0627
    H           0.8167      -1.8629      -6.7558
    H           1.8214      -1.2855      -7.7301
    H           5.5276       5.8079       0.5365
    H           5.5579       6.5845      -0.7627
    H           1.9144      -7.3201      -2.3679
    H           2.6102      -5.9758      -2.3968
    H          -1.9793       6.2001       5.4893
    H          -2.6736       5.5942       4.2881
    H           3.5760       7.0865       2.0501
    H           4.3876       8.3645       2.0444
    H          -1.8489       0.6883       7.4183
    H          -1.0085       1.7402       8.1105
    H          -6.8853       4.2249      -2.1945
    H          -5.4762       4.4406      -1.6847
    H           1.0274       3.3225       8.2562
    H           1.2506       2.9550       6.8046
    H           4.9952       4.3769      -7.1098
    H           3.7151       3.6811      -6.6987
    H           7.1808      -2.6227       2.1460
    H           6.2696      -3.6025       2.8542
    H           6.0103      -2.0979       5.4188
    H           5.3316      -0.8227       5.8718
    H           1.6752       9.1053       1.6616
    H           0.3148       9.6364       1.2629
    H           0.8881      -6.5241      -5.9439
    H           1.1903      -6.5622      -4.4609
    H          -3.0502       0.3369      -8.2205
    H          -3.2193      -1.1340      -7.9048
    H           5.8513       1.1658       5.7925
    H           5.9415       2.6274       5.4088
    H           2.8269       0.2641      -8.8753
    H           2.5994       1.0687      -7.6133
    H          -2.5458      -1.3858       6.4217
    H          -2.8839      -1.5370       7.8896
    H           4.9930      -5.5131      -1.9107
    H           5.9154      -5.6136      -3.1069
    H          -2.0817       7.8684      -4.5762
    H          -1.5898       9.0171      -3.7215

============== BASIS INFOS ==============
 BASIS FUNCTIONS = 2250
 NSHELL =  900 NPRIM  = 3780
 JSHELL =  900 JBASIS = 1890


 @ End Reading Molecular Information 


 @ Begin XC Quadrature Formation

 OCTAGO: OCTree Algorithm for Grid Operations 
   PRUNING CUTOFF       = 0.100E-06
   INITIAL GRID POINTS  =     1018800
|   FINAL GRID POINTS    =      649004
|   SIGNIFICANT NUMBER OF BASIS FUNCTIONS     =      858252
|   SIGNIFICANT NUMBER OF PRIMITIVE FUNCTIONS =      927460

 @ End XC Quadrature Formation


 @ Begin Energy Calculation

| condition number of overlap matrix:    6.642E+02
| Smallest eigenvalue of overlap matrix:    8.631E-03

                                         SCF ENERGY
| ------------------------------------------------------------------------------------------------------------------------
| NCYC       ENERGY         DELTA_E      SCF_TIME  DII_CYC   DII_TIME   O_TIME  DIAG_TIME    MAX_ERR    RMS_CHG    MAX_CHG
| ------------------------------------------------------------------------------------------------------------------------
|  1  -6879.903014857      ------        26.492     1        0.26     26.22      0.07    0.1898E+01  0.5998E-02  0.4192E+00
|  2  -6874.411674367  -.549134E+01      40.671     2        0.27     40.39      0.07    0.2760E+00  0.3449E-02  0.4092E+00
|  3  -6872.237756371  -.217392E+01      39.436     3        0.33     39.09      0.07    0.3266E+00  0.1573E-02  0.1960E+00
|   ***  Level shifting applied  ( HOMO-LUMO gap =  0.054 au ) ***
|  4  -6879.068970204  0.683121E+01      37.070     4        0.28     36.77      0.07    0.4276E-01  0.3743E-03  0.4033E-01
|  5  -6879.178634276  0.109664E+00      33.336     5        0.30     33.03      0.07    0.1354E-01  0.4470E-04  0.9978E-02
|  6  -6879.180429868  0.179559E-02      27.589     6        0.30     27.27      0.07    0.6991E-02  0.1719E-04  0.3988E-02
|  7  -6879.180777355  0.347487E-03      26.639     7        0.32     26.31      0.07    0.8830E-03  0.2813E-05  0.6700E-03
| -------------- 2E-INT CUTOFF CHANGE TO 0.1000E-08 ------------
|  8  -6879.180782513  0.515817E-05      32.171     8        0.33     31.83      0.07    0.4218E-03  0.1117E-05  0.2420E-03
|  9  -6879.180783335  0.821521E-06      29.544     9        0.33     29.20      0.07    0.4995E-04  0.2019E-06  0.3812E-04
| ------------------------------------------------------------------------------------------------------------------------
| REACH CONVERGENCE AFTER   9 CYCLES
| MAX ERROR = 0.499545E-04   RMS CHANGE = 0.201922E-06   MAX CHANGE = 0.381227E-04
| -----------------------------------------------
 ALPHA ELECTRON DENSITY    =   449.9998503481
 BETA ELECTRON DENSITY     =   449.9998503481
 ELECTRONIC ENERGY    = -35802.328771652
 CORE_CORE REPULSION  =  28923.147988318
 TOTAL ENERGY         =  -6879.180783335

 @ End Energy calculation


 @ Begin Gradient Calculation

 ANALYTICAL GRADIENT: 
----------------------------------------
 COORDINATE    XYZ            GRADIENT
----------------------------------------
    1X     2.4900001901     0.0221287802
    1Y     1.5638001194     0.0106857327
    1Z     0.4372000334     0.0015485249
    2X    -0.1574000120     0.0212280339
    2Y     2.8999002214     0.0018822411
    2Z     0.4788000366     0.0205456724
    3X     1.1729000896     0.0022439486
    3Y    -0.7388000564     0.0242314149
    3Z     1.9442001485     0.0031799654
    4X    -0.3076000235     0.0111646573
    4Y    -2.1409001635     0.0077409438
    4Z    -0.0774000059    -0.0017045356
    5X     2.6045001989     0.0068054076
    5Y     0.4976000380    -0.0150467883
    5Z    -2.4173001846     0.0045962624
    6X    -2.2620001727     0.0138612131
    6Y     1.1408000871     0.0090558863
    6Z     0.8445000645     0.0060645918
    7X     3.3029002522     0.0017052271
    7Y    -1.4064001074     0.0051152890
    7Z    -0.5440000415     0.0103939092
    8X     0.8698000664     0.0078439509
    8Y     2.3130001766    -0.0132140422
    8Z    -3.3426002553     0.0138533718
    9X     1.1571000884    -0.0108239106
    9Y    -2.4733001889    -0.0073336118
    9Z    -2.3559001799    -0.0030108664
   10X    -2.7864002128     0.0163901973
   10Y    -1.0664000814     0.0078095126
   10Z    -0.6537000499     0.0112260703
   11X    -3.1746002424     0.0025053506
   11Y     1.0735000820    -0.0153848603
   11Z    -2.3862001822    -0.0005613952
   12X    -0.0836000064    -0.0037412005
   12Y     3.6710002803     0.0253242875
   12Z     3.1044002371     0.0001652465
   13X     1.9147001462     0.0122547899
   13Y     1.6031001224     0.0192798537
   13Z     4.0308003078    -0.0169418353
   14X    -2.3140001767    -0.0027456985
   14Y    -2.1910001673     0.0051898912
   14Z     2.2880001747    -0.0125292767
   15X     4.2872003274     0.0224526414
   15Y     2.1295001626    -0.0041718209
   15Z     2.5710001963     0.0055201719
   16X    -3.4115002605     0.0108442760
   16Y     3.3227002537    -0.0249981192
   16Z    -0.8980000686    -0.0110958511
   17X    -2.6723002041    -0.0071864951
   17Y     0.7834000598     0.0103787394
   17Z     3.5333002698    -0.0007935154
   18X     4.5270003457     0.0085927649
   18Y     3.7712002880    -0.0048920890
   18Z     0.1629000124    -0.0031181177
   19X    -1.8845001439    -0.0088119874
   19Y    -2.5413001941    -0.0122438573
   19Z    -3.3005002520     0.0001638375
   20X    -0.2745000210    -0.0192421394
   20Y    -1.0570000807    -0.0057685567
   20Z    -5.1250003914     0.0080305219
   21X     2.8593002183    -0.0253704830
   21Y     4.2836003271     0.0018645444
   21Z    -3.5422002705     0.0130439055
   22X     0.3480000266    -0.0076449158
   22Y     6.1485004695     0.0107267073
   22Z     0.4754000363    -0.0085662617
   23X     3.3777002579    -0.0068206807
   23Y    -1.6862001288    -0.0234281576
   23Z    -4.4072003366     0.0021306557
   24X     2.8426002171    -0.0054457859
   24Y     5.5099004208    -0.0040156624
   24Z     1.3970001067    -0.0189232892
   25X     2.8982002213    -0.0032660024
   25Y    -2.3096001764     0.0169953470
   25Z     3.9726003034    -0.0038002159
   26X     1.9324001476    -0.0130554419
   26Y     0.9700000741    -0.0059415273
   26Z    -5.6923004347     0.0051263245
   27X    -0.6444000492    -0.0063971726
   27Y    -4.7995003665     0.0182322616
   27Z     0.8108000619     0.0044831893
   28X    -1.0519000803    -0.0134598382
   28Y     5.8780004489     0.0031610447
   28Z    -1.9524001491    -0.0006286263
   29X     5.4975004198     0.0147808525
   29Y    -0.3614000276    -0.0042046029
   29Z     2.8475002174     0.0144114367
   30X    -2.6999002062     0.0042374446
   30Y     1.0085000770     0.0109882028
   30Z    -5.0779003878     0.0023065794
   31X    -1.1196000855    -0.0057983950
   31Y    -0.7508000573     0.0087741556
   31Z     5.2940004043    -0.0125604747
   32X    -2.2438001713    -0.0010511175
   32Y     3.6760002807     0.0116102076
   32Z    -4.5258003456     0.0031762948
   33X     6.6066005045     0.0058739786
   33Y     1.1454000875     0.0076874910
   33Z    -0.7136000545    -0.0038248971
   34X     5.4828004187    -0.0179476384
   34Y     3.5437002706    -0.0038613112
   34Z    -2.6582002030    -0.0232176046
   35X    -5.5662004251     0.0023232333
   35Y     0.5608000428     0.0063681258
   35Z    -0.1355000103     0.0109133202
   36X     3.5389002702     0.0090714389
   36Y    -4.6324003537     0.0013126496
   36Z    -1.5270001166     0.0221525164
   37X    -3.0445002325    -0.0207663452
   37Y     3.7609002872     0.0096201162
   37Z     3.9907003047    -0.0147269391
   38X    -0.9043000691     0.0050752955
   38Y    -4.9496003780    -0.0017908306
   38Z    -2.9174002228    -0.0053731166
   39X     4.9720003797    -0.0108716073
   39Y     1.8217001391     0.0205659220
   39Z    -4.8223003682    -0.0237622106
   40X    -5.2049003975     0.0105350929
   40Y    -1.5704001199     0.0149447192
   40Z    -1.9855001516     0.0192322597
   41X     1.6753001279     0.0019350288
   41Y     6.5396004994     0.0000146630
   41Z    -2.7832002125     0.0187322989
   42X    -4.7392003619    -0.0016863262
   42Y     4.0375003083    -0.0137450096
   42Z     1.7668001349    -0.0182261847
   43X     0.2999000229    -0.0006512463
   43Y     6.4533004928     0.0074321183
   43Z     3.4875002663    -0.0012854470
   44X    -5.5668004251     0.0000254740
   44Y     1.4819001132    -0.0182549995
   44Z     2.7038002065     0.0112889371
   45X    -3.3831002583     0.0021954349
   45Y    -4.7655003639    -0.0096876895
   45Z     1.1697000893    -0.0159639543
   46X    -1.7728001354    -0.0089500977
   46Y    -3.6571002793     0.0012996297
   46Z     4.6321003537    -0.0136231641
   47X     1.2919000987    -0.0187371848
   47Y    -1.0029000766    -0.0007452427
   47Z     6.5276004985    -0.0021698746
   48X     3.8704002956    -0.0146401688
   48Y     0.5539000423     0.0094048706
   48Z     5.9711004560    -0.0047959920
   49X     0.0152000012     0.0033174321
   49Y     5.3524004087     0.0087482829
   49Z    -5.3857004113     0.0009466365
   50X     6.5153004975     0.0012965391
   50Y    -2.9236002233    -0.0131774722
   50Z    -1.3738001049    -0.0150096062
   51X     2.6715002040    -0.0210838564
   51Y     5.6301004299     0.0075213522
   51Z     4.3194003298    -0.0141008625
   52X     4.6589003558    -0.0044318070
   52Y    -4.2449003242     0.0078068363
   52Z     2.8522002178     0.0050289683
   53X     5.9018004507     0.0030927509
   53Y     4.3480003320    -0.0048679679
   53Z     2.7815002124     0.0124900848
   54X     3.5500002711     0.0125715922
   54Y    -5.6989004352     0.0120237519
   54Z     0.9959000761     0.0249784137
   55X    -3.8875002969    -0.0078666460
   55Y    -1.9021001453     0.0080807980
   55Z    -5.1466003930     0.0087486543
   56X    -5.0672003870    -0.0044187617
   56Y    -0.9613000734    -0.0193930388
   56Z     3.8548002944    -0.0074883746
   57X     7.4073005656     0.0031243662
   57Y    -1.4180001083    -0.0167844712
   57Z     0.8644000660    -0.0081455260
   58X     6.5057004968    -0.0073140679
   58Y    -1.4726001125     0.0027865034
   58Z    -3.8884002969    -0.0094831773
   59X     1.8773001434    -0.0092935865
   59Y     3.6391002779    -0.0051043225
   59Z    -6.7841005181     0.0106874211
   60X     1.1816000902    -0.0049949650
   60Y    -4.5237003454     0.0070685593
   60Z     4.9160003754    -0.0103084380
   61X     0.7275000556     0.0008022946
   61Y    -6.1550004700     0.0206104545
   61Z     2.8250002157     0.0007922916
   62X     7.7455005915    -0.0057474714
   62Y     2.7146002073    -0.0164746568
   62Z     1.1486000877    -0.0061996169
   63X    -5.0440003852     0.0156250199
   63Y     2.5885001977    -0.0106013907
   63Z    -4.8201003681    -0.0012839810
   64X     3.0089002298    -0.0176669987
   64Y    -4.3204003299    -0.0073107395
   64Z    -5.4564004167    -0.0025803779
   65X    -3.9900003047    -0.0303249515
   65Y     5.9381004535    -0.0035968077
   65Z    -3.3566002563     0.0082971800
   66X    -5.3646004097     0.0173773241
   66Y    -3.4525002636    -0.0115521933
   66Z     2.4146001844    -0.0198385692
   67X     3.0550002333     0.0155501178
   67Y     7.9982006108     0.0002713189
   67Z    -0.7054000539     0.0239442130
   68X    -6.6920005110     0.0142222964
   68Y     1.8182001388    -0.0072092235
   68Z    -2.5312001933     0.0003602085
   69X     4.9956003815    -0.0007067200
   69Y     6.5774005023    -0.0036413643
   69Z    -2.7379002091    -0.0082748963
   70X    -3.5555002715     0.0064243494
   70Y    -5.7814004415     0.0055720197
   70Z    -1.5093001153    -0.0116192040
   71X     4.8476003702    -0.0148516792
   71Y     4.2133003217     0.0050157418
   71Z     5.3532004088     0.0036106976
   72X     1.2536000957    -0.0054733617
   72Y    -2.0430001560     0.0169518848
   72Z    -7.5882005795     0.0055670297
   73X     5.7287004375    -0.0056609301
   73Y     6.6711005094    -0.0137894979
   73Z     0.1751000134    -0.0111984756
   74X     2.2989001756     0.0098916321
   74Y    -6.6794005101     0.0151770100
   74Z    -2.9662002265     0.0133683057
   75X    -2.4752001890     0.0014163223
   75Y     6.4330004912    -0.0164756075
   75Z     4.7044003592     0.0028934657
   76X     3.4956002669     0.0034784941
   76Y     8.0338006135    -0.0211715214
   76Z     1.9384001480    -0.0092457919
   77X    -1.7877001365     0.0021206814
   77Y     1.6322001246    -0.0110331214
   77Z     7.5652005777     0.0037324899
   78X    -6.1968004732    -0.0023656497
   78Y     4.8868003732    -0.0165673465
   78Z    -2.1295001626     0.0013206052
   79X     1.3127001002    -0.0010306755
   79Y     3.6869002815    -0.0085278499
   79Z     7.4183005665     0.0014052393
   80X     4.6536003554    -0.0173605377
   80Y     3.5327002698     0.0059898299
   80Z    -6.8152005204     0.0053849120
   81X     7.1898005490    -0.0119884186
   81Y    -3.3557002563     0.0065016786
   81Z     2.7615002109    -0.0132325816
   82X     6.1860004724    -0.0095045988
   82Y    -1.1814000902    -0.0007648137
   82Z     5.6320004301     0.0034821642
   83X     0.8058000615     0.0118368312
   83Y     8.8228006737     0.0041572973
   83Z     1.3780001052    -0.0004467357
   84X     0.7250000554     0.0130641879
   84Y    -6.0546004624    -0.0115540860
   84Z    -5.1258003914     0.0107190620
   85X    -2.5905001978    -0.0085926447
   85Y    -0.4147000317    -0.0046488804
   85Z    -7.8463005992    -0.0074997948
   86X     6.4810004949    -0.0170014448
   86Y     1.8670001426     0.0026817228
   86Z     5.6255004296    -0.0000796604
   87X     2.1792001664     0.0080364152
   87Y     0.8144000622     0.0066092798
   87Z    -8.4349006441     0.0059830699
   88X    -3.1417002399     0.0137158672
   88Y    -1.0642000813    -0.0084648424
   88Z     7.0983005421    -0.0041979105
   89X     5.8901004498    -0.0244490836
   89Y    -5.7371004381     0.0045771204
   89Z    -2.1581001648    -0.0048008122
   90X    -1.8503001413    -0.0021322696
   90Y     8.0971006183     0.0087299015
   90Z    -3.6760002807    -0.0032857449
   91X     3.2128002453    -0.0141023016
   91Y     2.1047001607    -0.0116921612
   91Z     0.7553000577    -0.0130627602
   92X     2.7625002110    -0.0028350942
   92Y     1.2901000985     0.0002222446
   92Z    -0.4386000335     0.0133408105
   93X     0.7675000586    -0.0163372768
   93Y     2.7680002114     0.0094967956
   93Z     0.2706000207     0.0010394632
   94X    -0.1798000137    -0.0057904418
   94Y     2.9792002275    -0.0143339311
   94Z     1.4324001094    -0.0214847358
   95X     1.5327001170    -0.0124915309
   95Y    -0.1399000107    -0.0198646710
   95Z     1.2899000985     0.0061019057
   96X     1.0321000788     0.0014228995
   96Y    -0.1928000147    -0.0140622100
   96Z     2.7177002075    -0.0106817238
   97X     0.1684000129     0.0005628230
   97Y    -1.6626001270    -0.0091622182
   97Z     0.6015000459    -0.0203992035
   98X     0.3131000239    -0.0098010637
   98Y    -2.2091001687     0.0038160461
   98Z    -0.8029000613     0.0197270101
   99X     3.1528002408    -0.0078500163
   99Y     0.3164000242     0.0019110229
   99Z    -3.1806002429     0.0072748809
  100X     2.6700002039     0.0001993838
  100Y    -0.2930000224     0.0173606568
  100Z    -1.8816001437    -0.0137786383
  101X    -2.5747001966     0.0077910829
  101Y     1.2335000942     0.0048976263
  101Z     1.7444001332    -0.0103097411
  102X    -1.5008001146    -0.0220603134
  102Y     1.7189001313    -0.0065281177
  102Z     0.7942000606     0.0118876181
  103X     4.1042003134    -0.0103297406
  103Y    -1.0852000829    -0.0047801789
  103Z    -0.1304000100    -0.0049749088
  104X     2.7881002129     0.0060625007
  104Y    -1.7669001349     0.0024097071
  104Z     0.1780000136    -0.0082398845
  105X     0.1557000119     0.0097300494
  105Y     2.5127001919    -0.0027760382
  105Z    -2.7373002090    -0.0026146679
  106X     1.2893000985    -0.0144706406
  106Y     1.5370001174     0.0180805388
  106Z    -2.9711002269    -0.0147714913
  107X     1.2662000967    -0.0015737413
  107Y    -3.4138002607     0.0128183509
  107Z    -2.4964001906    -0.0000933172
  108X     0.5051000386     0.0117585951
  108Y    -2.2078001686    -0.0049337757
  108Z    -3.0046002294     0.0071678047
  109X    -1.9939001523    -0.0145239606
  109Y    -1.5615001192     0.0071173545
  109Z    -0.8611000658    -0.0004308836
  110X    -2.4931001904    -0.0064204957
  110Y    -0.3874000296    -0.0168363616
  110Z    -0.0461000035    -0.0151558186
  111X    -2.8500002176    -0.0033898284
  111Y     0.3425000262     0.0172949318
  111Z    -1.8604001421    -0.0138127978
  112X    -3.1389002397     0.0064262990
  112Y     0.7549000576     0.0011012045
  112Z    -3.2881002511     0.0102711740
  113X    -0.8784000671     0.0105904905
  113Y     3.6055002753    -0.0015553111
  113Z     3.6337002775    -0.0058369455
  114X     0.1208000092    -0.0064108329
  114Y     4.6060003517    -0.0217224911
  114Z     3.0930002362     0.0011336144
  115X     2.6726002041    -0.0234179841
  115Y     1.7160001310    -0.0049039050
  115Z     3.4572002640     0.0125433109
  116X     1.4524001109     0.0102376465
  116Y     2.4400001863    -0.0122375722
  116Z     3.9851003043     0.0046117615
  117X    -2.5999001985     0.0018973084
  117Y    -2.6045001989     0.0034434480
  117Z     1.4735001125     0.0095840540
  118X    -2.5121001918     0.0004861870
  118Y    -1.2622000964    -0.0097354899
  118Z     2.1681001656    -0.0003109695
  119X     4.8165003678    -0.0099823219
  119Y     1.3425001025     0.0226721271
  119Z     2.4418001865    -0.0060050376
  120X     4.9201003757    -0.0110405027
  120Y     2.8086002145    -0.0113516240
  120Z     2.8045002142    -0.0033855095
  121X    -2.5345001935    -0.0093254956
  121Y     3.3311002544     0.0014652085
  121Z    -0.5146000393    -0.0056019765
  122X    -3.3994002596    -0.0014769340
  122Y     2.5858001975     0.0183369924
  122Z    -1.5088001152     0.0151146523
  123X    -2.4772001892    -0.0011218623
  123Y     1.6818001284    -0.0185978936
  123Z     3.8001002902    -0.0064156341
  124X    -3.4593002642     0.0151063351
  124Y     0.5521000422     0.0051031386
  124Z     4.0266003075     0.0001489785
  125X     4.8296003688    -0.0039940722
  125Y     3.7779002885     0.0034279807
  125Z    -0.7452000569     0.0213967156
  126X     5.2665004022    -0.0101359871
  126Y     3.4210002612     0.0034912573
  126Z     0.6597000504    -0.0121120021
  127X    -2.4843001897     0.0179438169
  127Y    -2.4820001895    -0.0103463108
  127Z    -4.0441003088     0.0079390645
  128X    -1.7551001340    -0.0053125549
  128Y    -3.4808002658     0.0111391596
  128Z    -3.1708002421    -0.0104405208
  129X    -0.7686000587     0.0079101446
  129Y    -0.6601000504    -0.0059541319
  129Z    -5.8423004461     0.0068437030
  130X    -0.8831000674     0.0077194872
  130Y    -1.6821001285     0.0089500324
  130Z    -4.7312003613    -0.0117137826
  131X     2.4657001883     0.0147809279
  131Y     5.1311003918    -0.0148569928
  131Z    -3.3349002547    -0.0049536598
  132X     2.1712001658     0.0075941357
  132Y     3.6463002784     0.0128967954
  132Z    -3.3514002559    -0.0036118600
  133X     0.2655000203    -0.0043722569
  133Y     7.0915005415    -0.0172237168
  133Z     0.6169000471    -0.0015072967
  134X    -0.0037000003     0.0109780811
  134Y     6.0060004586     0.0040589239
  134Z    -0.4034000308     0.0098083117
  135X     2.7837002126     0.0081208775
  135Y    -1.8177001388     0.0066811558
  135Z    -3.6682002801    -0.0077819807
  136X     3.3701002574     0.0027966302
  136Y    -2.5224001926     0.0145863937
  136Z    -4.8730003721     0.0006514122
  137X     3.5518002712    -0.0151489200
  137Y     5.0882003886     0.0153428850
  137Z     0.9117000696     0.0060878671
  138X     2.1266001624     0.0222964686
  138Y     5.5774004259    -0.0063365331
  138Z     0.7653000584     0.0041322313
  139X     2.3729001812     0.0055918488
  139Y    -1.9288001473    -0.0073208778
  139Z     3.2688002496     0.0142620828
  140X     2.8226002155    -0.0013053296
  140Y    -1.6845001286    -0.0097409421
  140Z     4.6936003584    -0.0126433753
  141X     1.5839001210     0.0086958108
  141Y     1.4264001089    -0.0081677132
  141Z    -4.9265003762    -0.0109087098
  142X     1.6012001223     0.0035947202
  142Y     0.0757000058     0.0120921916
  142Z    -5.6101004284    -0.0024070643
  143X    -1.4751001126     0.0074262916
  143Y    -4.7318003613    -0.0003235745
  143Z     1.2815000979    -0.0012007456
  144X    -0.4672000357    -0.0038537457
  144Y    -3.9091002985    -0.0186738890
  144Z     0.5075000388     0.0042371497
  145X    -1.6675001273     0.0111378956
  145Y     6.3860004877    -0.0139963755
  145Z    -2.4809001895     0.0035992614
  146X    -1.3722001048     0.0049867289
  146Y     4.9778003801     0.0091622094
  146Z    -2.0098001535    -0.0011438868
  147X     6.2294004757    -0.0112580164
  147Y    -0.6454000493     0.0018992410
  147Z     2.2999001756     0.0082208338
  148X     5.7568004396    -0.0057441016
  148Y    -0.6000000458    -0.0000865469
  148Z     3.7375002854    -0.0183487371
  149X    -2.0627001575    -0.0059280686
  149Y     1.6220001239    -0.0132961757
  149Z    -4.7120003598    -0.0069612834
  150X    -2.5524001949    -0.0012828720
  150Y     1.0446000798     0.0064917764
  150Z    -6.0230004599     0.0104697774
  151X    -0.9444000721    -0.0005208350
  151Y    -1.4371001097     0.0100308938
  151Z     4.6501003551     0.0067265110
  152X    -1.8175001388     0.0023240335
  152Y    -0.2261000173    -0.0149562503
  152Z     4.9017003743     0.0122421647
  153X    -2.7464002097     0.0143361157
  153Y     4.4165003373    -0.0091654974
  153Z    -4.1864003197    -0.0126969845
  154X    -1.4281001091    -0.0152733141
  154Y     4.0644003104    -0.0052555879
  154Z    -4.8421003698     0.0020393713
  155X     6.3250004830     0.0040310510
  155Y     1.6488001259    -0.0133821106
  155Z    -1.4775001128     0.0076946915
  156X     6.9885005337    -0.0035534190
  156Y     0.3476000265     0.0074380591
  156Z    -1.0794000824     0.0011420153
  157X     5.3885004115     0.0089324803
  157Y     2.9258002234     0.0123632997
  157Z    -3.3831002583     0.0162607061
  158X     4.9026003744     0.0094424139
  158Y     4.2703003261     0.0000720066
  158Z    -2.8852002203     0.0020189999
  159X    -5.6797004337     0.0048524989
  159Y     0.8802000672    -0.0052493697
  159Z     0.7596000580    -0.0141197288
  160X    -4.7493003627    -0.0125936352
  160Y     0.9620000735    -0.0046691618
  160Z    -0.4318000330     0.0013453035
  161X     3.4958002670     0.0019682592
  161Y    -5.0031003821     0.0112338012
  161Z    -0.6456000493    -0.0340831682
  162X     3.6700002803    -0.0038212647
  162Y    -3.6947002821    -0.0151806996
  162Z    -1.3868001059     0.0021871181
  163X    -3.6731002805     0.0144523360
  163Y     3.8655002952    -0.0063662599
  163Z     3.2765002502     0.0300792414
  164X    -3.5393002703     0.0042761858
  164Y     3.9806003040     0.0021988895
  164Z     4.7800003650    -0.0109776599
  165X    -0.7780000594    -0.0091995892
  165Y    -5.1884003962     0.0073579648
  165Z    -3.8357002929     0.0166651141
  166X    -0.8621000658    -0.0052570697
  166Y    -5.7811004415     0.0062508808
  166Z    -2.4452001867    -0.0096025291
  167X     4.9739003798    -0.0029974065
  167Y     2.3390001786    -0.0171835877
  167Z    -5.6277004298     0.0168467588
  168X     4.1425003163     0.0103758312
  168Y     1.3448001027     0.0021976747
  168Z    -4.8453003700     0.0034705654
  169X    -4.2528003248    -0.0073320010
  169Y    -1.6546001264    -0.0031127090
  169Z    -2.0355001554    -0.0055034017
  170X    -5.3521004087     0.0010782066
  170Y    -0.9062000692    -0.0056662123
  170Z    -1.3121001002    -0.0102997864
  171X     0.7809000596     0.0147053316
  171Y     6.5062004968     0.0049185241
  171Z    -2.4438001866    -0.0044519198
  172X     2.2150001691    -0.0146639222
  172Y     6.7382005146    -0.0158959927
  172Z    -2.0181001541    -0.0157297309
  173X    -4.3207003299    -0.0077152143
  173Y     3.8506002940     0.0036354827
  173Z     0.9265000708     0.0166598647
  174X    -5.0456003853     0.0077078863
  174Y     3.1854002432     0.0158434772
  174Z     2.0771001586     0.0016566113
  175X    -0.6037000461     0.0146971587
  175Y     6.7163005129    -0.0049098489
  175Z     3.3127002530    -0.0064793491
  176X     0.7839000599    -0.0042764619
  176Y     6.7244005135    -0.0060082902
  176Z     2.7075002068     0.0117654434
  177X    -5.2866004037    -0.0037209390
  177Y     0.6387000488     0.0210968841
  177Z     3.0598002337    -0.0079037256
  178X    -6.3402004842     0.0093549630
  178Y     1.7142001309    -0.0011268227
  178Z     3.2177002457    -0.0022250108
  179X    -3.6093002756    -0.0020312182
  179Y    -5.4824004187     0.0114270909
  179Z     1.7622001346    -0.0056508408
  180X    -3.7734002882    -0.0031552993
  180Y    -5.0142003829     0.0068968992
  180Z     0.3319000253     0.0253018786
  181X    -2.4152001844     0.0026593936
  181Y    -4.3116003293     0.0062632524
  181Z     4.9065003747    -0.0044804427
  182X    -2.1597001649     0.0034171536
  182Y    -3.2516002483    -0.0106795782
  182Z     3.8561002945     0.0198043998
  183X     1.1241000858    -0.0003141936
  183Y    -1.6358001249     0.0065854397
  183Z     7.2258005518    -0.0045882577
  184X     0.4254000325     0.0137317761
  184Y    -0.7970000609    -0.0074413960
  184Z     6.1770004717     0.0073187238
  185X     3.7419002857     0.0025219659
  185Y     0.5457000417     0.0002583467
  185Z     6.9196005284    -0.0080958991
  186X     3.0466002327     0.0135306023
  186Y     0.8922000681    -0.0057184764
  186Z     5.6202004292     0.0146657150
  187X    -0.6896000527     0.0029657261
  187Y     5.7406004384    -0.0034964395
  187Z    -5.9042004509     0.0096327592
  188X     0.2809000215    -0.0073554299
  188Y     6.0474004618    -0.0064810652
  188Z    -4.7836003653    -0.0125117916
  189X     6.4868004954     0.0013042070
  189Y    -2.5193001924    -0.0104910776
  189Z    -2.2410001711     0.0142006749
  190X     6.3518004850    -0.0003266988
  190Y    -3.8526002942     0.0199900232
  190Z    -1.5367001173    -0.0002766963
  191X     1.7832001362     0.0103559011
  191Y     5.9717004560    -0.0020825590
  191Z     4.2174003221    -0.0054537457
  192X     2.9556002257     0.0021290594
  192Y     5.4301004147     0.0030009553
  192Z     3.4275002617     0.0156223590
  193X     4.0298003077     0.0159520941
  193Y    -3.7764002884    -0.0181339598
  193Z     3.4008002597    -0.0093517671
  194X     4.7737003645    -0.0047888371
  194Y    -5.0900003887     0.0083098501
  194Z     3.2868002510    -0.0098857585
  195X     6.7509005155    -0.0100080528
  195Y     4.7851003654     0.0039153731
  195Z     2.7155002074     0.0057078049
  196X     5.5349004227     0.0070269604
  196Y     4.6601003559     0.0008860930
  196Z     3.6087002756    -0.0175832118
  197X     3.9875003045    -0.0042527178
  197Y    -5.1560003937    -0.0189084123
  197Z     1.6517001261    -0.0095029775
  198X     4.0348003081    -0.0016919372
  198Y    -6.5242004982     0.0083985393
  198Z     1.0055000768     0.0016538189
  199X    -4.3645003333    -0.0008191411
  199Y    -1.0949000836    -0.0097880349
  199Z    -5.3393004077    -0.0047625024
  200X    -4.5714003491     0.0083416742
  200Y    -2.5542001950     0.0039093660
  200Z    -4.9939003814    -0.0043970802
  201X    -5.2271003992     0.0005983635
  201Y    -1.2510000955     0.0000829592
  201Z     4.7530003630    -0.0096847258
  202X    -5.2325003996    -0.0017482425
  202Y    -1.7373001327     0.0211131461
  202Z     3.3193002535     0.0173616639
  203X     8.2002006262    -0.0087549517
  203Y    -1.1291000862     0.0001205259
  203Z     0.4125000315    -0.0005493268
  204X     6.8878005260     0.0071176100
  204Y    -1.8488001412     0.0162982862
  204Z     0.1856000142     0.0175303792
  205X     5.9678004557     0.0093882776
  205Y    -0.7480000571    -0.0074156062
  205Z    -4.2076003213     0.0022676055
  206X     6.7591005162    -0.0017957309
  206Y    -1.9496001489     0.0035625955
  206Z    -4.6787003573     0.0055608029
  207X     1.6976001296     0.0030851661
  207Y     2.7417002094     0.0125452861
  207Z    -6.5038004967     0.0005592804
  208X     1.4753001127     0.0046280337
  208Y     4.1863003197    -0.0093136633
  208Z    -6.1094004665    -0.0095336684
  209X     0.2556000195     0.0159759282
  209Y    -4.2816003270    -0.0021531237
  209Z     4.9065003747     0.0011341043
  210X     1.6473001258    -0.0096401767
  210Y    -3.6962002823    -0.0126925240
  210Z     4.7944003661     0.0047343898
  211X     0.3503000268     0.0030331414
  211Y    -5.6663004327    -0.0058218800
  211Z     2.0935001599     0.0131270358
  212X     0.9848000752    -0.0064456659
  212Y    -5.4825004187    -0.0057539415
  212Z     3.4557002639    -0.0100480059
  213X     7.3977005649     0.0046991382
  213Y     2.0370001556     0.0098228775
  213Z     0.5688000434     0.0124177060
  214X     7.9468006068     0.0009059758
  214Y     2.2536001721     0.0023421881
  214Z     1.9629001499    -0.0090465476
  215X    -5.3726004103     0.0016919868
  215Y     1.7736001354     0.0059168581
  215Z    -5.1999003971     0.0020892465
  216X    -4.0957003128    -0.0134789224
  216Y     2.5454001944     0.0029674470
  216Z    -4.9435003775    -0.0022164057
  217X     2.2823001743     0.0153944415
  217Y    -4.9398003772     0.0058453060
  217Z    -5.5238004218    -0.0063999029
  218X     3.0698002344     0.0034811341
  218Y    -3.9263002998    -0.0037836699
  218Z    -6.3266004831     0.0113334320
  219X    -4.8406003696     0.0215053330
  219Y     5.6387004306     0.0095997393
  219Z    -3.0356002318    -0.0066681449
  220X    -4.1498003169     0.0054910050
  220Y     6.1823004721    -0.0035189721
  220Z    -4.2682003259     0.0059099000
  221X    -6.0580004626     0.0065694240
  221Y    -3.4548002638    -0.0021120157
  221Z     1.7548001340     0.0051839607
  222X    -4.6223003530    -0.0174005115
  222Y    -3.8766002960     0.0005860260
  222Z     1.9840001515     0.0095680445
  223X     3.0955002364    -0.0047993470
  223Y     7.6996005880    -0.0007560987
  223Z     0.2031000155    -0.0146008005
  224X     3.9096002986    -0.0066021019
  224Y     8.3990006414     0.0027494765
  224Z    -0.8646000660     0.0011436326
  225X    -6.0779004641    -0.0107525684
  225Y     2.1361001631    -0.0055948266
  225Z    -3.1931002438     0.0104702045
  226X    -6.1470004694    -0.0006289342
  226Y     1.3330001018     0.0062481070
  226Z    -1.9116001460    -0.0096660040
  227X     4.4652003410     0.0087451755
  227Y     6.0865004648     0.0041352960
  227Z    -3.3656002570     0.0052732112
  228X     5.6644004326    -0.0073478027
  228Y     7.0059005350    -0.0023418141
  228Z    -3.2721002499     0.0040898028
  229X    -2.8146002149    -0.0095061756
  229Y    -5.4439004157    -0.0078577772
  229Z    -2.0126001537     0.0032301605
  230X    -4.3183003298     0.0072682395
  230Y    -5.6122004286    -0.0016352019
  230Z    -2.0623001575     0.0049416201
  231X     4.9543003783     0.0041403377
  231Y     5.1136003905    -0.0070198026
  231Z     5.6601004322    -0.0062963550
  232X     3.9369003006     0.0174666443
  232Y     4.1651003181    -0.0049654703
  232Z     5.0627003866     0.0003473248
  233X     0.8167000624     0.0060098364
  233Y    -1.8629001423    -0.0019799723
  233Z    -6.7558005159    -0.0118081066
  234X     1.8214001391    -0.0001219298
  234Y    -1.2855000982    -0.0128244147
  234Z    -7.7301005903     0.0034920174
  235X     5.5276004221     0.0006692158
  235Y     5.8079004435     0.0107458218
  235Z     0.5365000410    -0.0021625823
  236X     5.5579004244     0.0043149327
  236Y     6.5845005028     0.0035905577
  236Z    -0.7627000582     0.0124177112
  237X     1.9144001462     0.0009516249
  237Y    -7.3201005590     0.0069619902
  237Z    -2.3679001808    -0.0064099086
  238X     2.6102001993    -0.0073811267
  238Y    -5.9758004563    -0.0197961932
  238Z    -2.3968001830    -0.0042641982
  239X    -1.9793001511    -0.0064368429
  239Y     6.2001004735     0.0011674852
  239Z     5.4893004192    -0.0061966034
  240X    -2.6736002042    -0.0010233352
  240Y     5.5942004272     0.0105262935
  240Z     4.2881003275     0.0070485064
  241X     3.5760002731     0.0066454678
  241Y     7.0865005412     0.0189798392
  241Z     2.0501001566     0.0014114673
  242X     4.3876003351    -0.0083149629
  242Y     8.3645006387    -0.0034855665
  242Z     2.0444001561     0.0022501452
  243X    -1.8489001412     0.0066847569
  243Y     0.6883000526     0.0127482580
  243Z     7.4183005665     0.0017998902
  244X    -1.0085000770    -0.0060390440
  244Y     1.7402001329    -0.0016037632
  244Z     8.1105006193    -0.0034164895
  245X    -6.8853005258     0.0036717415
  245Y     4.2249003226     0.0132386218
  245Z    -2.1945001676     0.0039178464
  246X    -5.4762004182    -0.0066579404
  246Y     4.4406003391     0.0094437455
  246Z    -1.6847001287    -0.0096035640
  247X     1.0274000785     0.0011389900
  247Y     3.3225002537     0.0029408669
  247Z     8.2562006305    -0.0070140782
  248X     1.2506000955     0.0002343484
  248Y     2.9550002257     0.0067563498
  248Z     6.8046005196     0.0066358079
  249X     4.9952003815    -0.0055606614
  249Y     4.3769003342    -0.0039317433
  249Z    -7.1098005429     0.0011108315
  250X     3.7151002837     0.0275352485
  250Y     3.6811002811    -0.0020860156
  250Z    -6.6987005115    -0.0016980167
  251X     7.1808005484    -0.0068537853
  251Y    -2.6227002003    -0.0054911168
  251Z     2.1460001639     0.0054918612
  252X     6.2696004788     0.0073938148
  252Y    -3.6025002751     0.0011383692
  252Z     2.8542002180     0.0008160245
  253X     6.0103004590    -0.0017357365
  253Y    -2.0979001602     0.0094865170
  253Z     5.4188004138     0.0040833076
  254X     5.3316004071     0.0144377506
  254Y    -0.8227000628    -0.0060825914
  254Z     5.8718004484    -0.0015450710
  255X     1.6752001279    -0.0160106536
  255Y     9.1053006953     0.0066078698
  255Z     1.6616001269    -0.0017091760
  256X     0.3148000240     0.0064170693
  256Y     9.6364007359    -0.0048011406
  256Z     1.2629000964     0.0014904561
  257X     0.8881000678     0.0035610706
  257Y    -6.5241004982     0.0050387233
  257Z    -5.9439004539     0.0092611533
  258X     1.1903000909    -0.0163376197
  258Y    -6.5622005011     0.0031224976
  258Z    -4.4609003407    -0.0211816182
  259X    -3.0502002329     0.0032265095
  259Y     0.3369000257    -0.0060074668
  259Z    -8.2205006277     0.0075253243
  260X    -3.2193002458     0.0044952513
  260Y    -1.1340000866     0.0077323101
  260Z    -7.9048006036    -0.0024542624
  261X     5.8513004468     0.0056885869
  261Y     1.1658000890     0.0004771690
  261Z     5.7925004423     0.0016651380
  262X     5.9415004537     0.0071132418
  262Y     2.6274002006    -0.0075681894
  262Z     5.4088004130     0.0001737336
  263X     2.8269002159    -0.0074313663
  263Y     0.2641000202     0.0012188363
  263Z    -8.8753006778     0.0072646157
  264X     2.5994001985    -0.0029788260
  264Y     1.0687000816    -0.0048092975
  264Z    -7.6133005814    -0.0104247808
  265X    -2.5458001944    -0.0133789585
  265Y    -1.3858001058     0.0052041689
  265Z     6.4217004904     0.0102171761
  266X    -2.8839002202    -0.0003972518
  266Y    -1.5370001174     0.0044523427
  266Z     7.8896006025    -0.0069993017
  267X     4.9930003813     0.0167268983
  267Y    -5.5131004210    -0.0068189962
  267Z    -1.9107001459    -0.0004378200
  268X     5.9154004517     0.0014422288
  268Y    -5.6136004287    -0.0003651816
  268Z    -3.1069002373     0.0082172733
  269X    -2.0817001590     0.0039324901
  269Y     7.8684006009     0.0001023730
  269Z    -4.5762003495     0.0062147134
  270X    -1.5898001214    -0.0031411100
  270Y     9.0171006886    -0.0078663423
  270Z    -3.7215002842    -0.0018347849
----------------------------------------

 @ End Gradient Calculation

  Skipping one-electron property calculation.

 @ Output Timing Information

------------- TIMING ---------------
| INITIAL GUESS TIME  =    11.382521000(  3.03%)
| DFT GRID OPERATIONS =     1.735476000(  0.46%)
| TOTAL SCF TIME      =   293.817551000( 78.13%)
|       TOTAL OP TIME      =   290.973266000( 77.38%)
|             TOTAL 1e TIME      =     0.869971000(  0.23%)
|             TOTAL 2e TIME      =   278.908822000( 74.17%)
|             TOTAL EXC TIME     =     9.845183000(  2.62%)
|       TOTAL DII TIME      =     2.713074000(  0.72%)
|             TOTAL DIAG TIME    =     0.607817000(  0.16%)
| TOTAL GRADIENT TIME      =    68.363242000( 18.18%)
|       TOTAL 1e GRADIENT TIME      =     7.419023000( 2.24%)
|       TOTAL 2e GRADIENT TIME      =    53.460868000(14.22%)
|       TOTAL EXC GRADIENT TIME     =     6.491912000(  1.73%)
| TOTAL TIME          =   376.047098000
------------------------------------
| Job cpu time:  0 days  0 hours  6 minutes 16.0 seconds.

 @ Finish Output Timing Information

| Normal Termination. Task Finished on: Wed Jul  1 06:21:08 2026
