| *********************************************************************************************************
| **                                                                                                     **
| **           888888888888                                                                              **
| **         8888888888888888                                                                            **
| **      888888888888888888                                                                             **
| **     888888888888888888                                                                              **
| **    888888888888888                                                                                  **
| **   88888888888888888888                               88888                       8888:              **
| **   8888888888888888888888Z                            88888                       8888:              **
| **   888888888888888888888888?                          88888                       8888:              **
| **   8888888888888      8888888                                        888888       8888:              **
| **    88888888888         888888     8888:     88888    88888        888888888I     8888:    888888    **
| **    8888888888           88888:    8888:     88888    88888      $888888888888    8888:   888888     **
| **    I8Z 88888             88888    8888:     88888    88888    .888888     8888   8888: 888888       **
| **    .8Z 88888             88888    8888:     88888    88888    $88888             8888:88888         **
| **     8I 88888      .=88. .88888    8888:     88888    88888    88888              8888888888         **
| **    :8  88888      888888$8888$    8888:     88888    88888    8888O              88888888888        **
| **   ,7   +88888.     8888888888.    8888:     88888    88888    888888             88888O888888       **
| **         $888888:.   .8888888      88888....888888    88888     888888     8888   8888:  888888      **
| **          I8888888888888888888     888888888888888    88888     O888888888888O    8888:   888888     **
| **            O888888888888888888     88888888888888    88888       88888888888$    8888:    888888    **
| **               8888888Z     888      .8888I  88888    88888         8888888       8888:     888888   **
| **                                                                                                     **
| **                                                                                                     **
| **                                         Copyright (c) 2026                                          **
| **                          Regents of the University of California San Diego                          **
| **                                    & Michigan State University                                      **
| **                                        All Rights Reserved.                                         **
| **                                                                                                     **
| **             This software is subject to the terms of the Mozilla Public License, v. 2.0.            **
| **                                                                                                     **
| *********************************************************************************************************
|                                                                                                          
| Cite this work as:                                                                                       
| Manathunga, M.; O'Hearn, K. A.; Shajan, A.; Smith, J.; Miao, Y.; He, X.; Ayers, K.;                      
| Brothers, E.; Palos, E.; Tripathy, V.; Goetz, A.W.; Merz, K.M. QUICK-26.03.                              
| University of California,San Diego, CA and                                                               
| Michigan State University, East Lansing, MI, 2026                                                        
|                                                                                                          
| If you have any comments or queries, please reach out to us on GitHub issues or discussion sections:     
| https://github.com/merzlab/QUICK.                                                                        
|                                                                                                          
| TASK STARTS ON: Wed Jul  1 02:06:55 2026
| INPUT FILE :    1m2c.in
| OUTPUT FILE:    1m2c.out
| BASIS SET PATH: /projects/bdit/vtripathy/QUICK/install_h200/basis

|------------ GPU INFORMATION ---------------
| CUDA ENABLED DEVICE         :        1
| CUDA DEVICE IN USE          :        0
| CUDA DEVICE NAME            : NVIDIA H200
| CUDA DEVICE PM              :      132
| CUDA DEVICE CORE FREQ(GHZ)  :     1.98
| CUDA DEVICE MEMORY SIZE (MB):   143166
| SUPPORTING CUDA VERSION     :      9.0
|--------------------------------------------

 @ Read Job And Atom

  KEYWORD=DFT B3LYP BASIS=6-31G** CUTOFF=1.0E-7 DENSERMS=1.0E-6 GRADIENT
 ============== JOB CARD =============
 METHOD = DENSITY FUNCTIONAL THEORY
 DENSITY FUNCTIONAL = B3LYP
 DIRECT SCF 
 SAD INITAL GUESS 
 USE DIIS SCF
 PRINT ENERGY EVERY CYCLE
 READ SAD GUESS FROM FILE
 STANDARD GRID = SG1
 Level shifting allowed after cycle    3
 DIIS error must exceed 0.100 for level shifting
 Max HOMO-LUMO gap to allow level shifting = 0.200
 GRADIENT CALCULATION
 MAX SCF CYCLES =    200
 MAX DIIS CYCLES =   10
 DELTA DENSITY START CYCLE =    3
 COMPUTATIONAL CUTOFF: 
      TWO-e INTEGRAL         =  0.100E-06
      BASIS SET PRIME        =  0.100E-07
      MATRIX ELEMENTS        =  0.100E-09
      BASIS FUNCTION         =  0.100E-05
      NEAR-LINEAR DEPENDENCY =  0.100E-04
      GRADIENT CUTOFF  =  0.100E-06
 DENSITY MATRIX MAXIMUM RMS FOR CONVERGENCE  =  0.100E-05
 BASIS SET = 6-31G**,  TYPE = CARTESIAN
| BASIS FILE = /projects/bdit/vtripathy/QUICK/install_h200/basis/6-31GDP.BAS
| DATA FILE  =    1m2c.dat

 @ Finish reading job


 @ Begin SAD initial guess

 For Atom Kind =    1
 ELEMENT = N 
 BASIS FUNCTIONS =   15
 For Atom Kind =    2
 ELEMENT = C 
 BASIS FUNCTIONS =   15
 For Atom Kind =    3
 ELEMENT = O 
 BASIS FUNCTIONS =   15
 For Atom Kind =    4
 ELEMENT = S 
 BASIS FUNCTIONS =   19
 For Atom Kind =    5
 ELEMENT = H 
 BASIS FUNCTIONS =    5

 @ Finish SAD initial guess


 @ Begin Reading Molecular Information


 =========== Molecule Input ==========
 TOTAL MOLECULAR CHARGE  =    0    MULTIPLICITY                =    1
 TOTAL ATOM NUMBER       =  220    NUMBER OF ATOM TYPES        =    5
 NUMBER OF HYDROGEN ATOM =  104    NUMBER OF NON-HYDROGEN ATOM =  116
 NUMBER OF ELECTRONS     =  908

 -- INPUT GEOMETRY -- :
    N          15.6340      14.6160     -13.0350
    C          16.3740      15.8230     -12.5520
    C          16.6010      16.9570     -13.5650
    O          16.4070      16.7720     -14.7600
    N          17.0440      18.1640     -13.2170
    C          17.2600      18.6750     -11.8320
    C          18.3710      19.7330     -11.9340
    S          19.2810      19.9410     -10.3820
    C          15.9660      19.0900     -11.0490
    O          15.5930      18.3820     -10.1130
    N          15.2430      20.1390     -11.4830
    C          13.8720      20.5230     -10.9940
    C          13.4380      21.5510     -12.0710
    S          11.9020      22.4460     -11.7180
    C          12.7950      19.3830     -10.7990
    O          11.9860      19.4550      -9.8710
    N          12.8200      18.3270     -11.6330
    C          11.9860      17.1110     -11.5030
    C          11.9360      16.5800     -12.9560
    O          13.2090      16.2590     -13.5390
    C          12.4080      16.0160     -10.4570
    O          11.5760      15.1930     -10.0770
    N          13.6480      16.0190      -9.9340
    C          13.9640      15.3960      -8.6310
    C          15.4670      15.0270      -8.6490
    C          15.8110      13.6980      -9.2800
    O          16.1140      13.5570     -10.4570
    N          15.8220      12.7170      -8.4340
    C          13.7550      16.4340      -7.4810
    O          14.3390      17.5170      -7.5780
    N          13.0550      16.1530      -6.3510
    C          12.9510      17.1260      -5.2230
    C          12.4450      14.8380      -6.0650
    C          11.8670      16.4770      -4.3600
    C          11.9760      14.9700      -4.6130
    C          14.2660      17.5840      -4.5060
    O          14.3670      18.7160      -4.0400
    N          15.2970      16.7450      -4.5390
    C          16.6590      17.0360      -4.0170
    C          17.2690      15.6390      -3.6220
    C          18.7940      15.6390      -3.3510
    C          16.6150      15.0330      -2.3550
    C          17.5100      17.9150      -4.9750
    O          17.9480      19.0010      -4.5840
    N          17.7230      17.4960      -6.2340
    C          18.4260      18.3310      -7.2410
    C          18.8320      17.4340      -8.4350
    S          19.9890      18.2280      -9.5900
    C          17.8100      19.6970      -7.6330
    O          18.4960      20.7030      -7.8290
    N          16.4900      19.7300      -7.5770
    C          15.6720      20.9540      -7.5200
    N          11.7430      20.8710      -7.3430
    N          11.6650      22.9700      -6.2860
    C          11.0610      22.0270      -7.0660
    C          12.9330      22.4190      -6.2070
    C          12.9880      21.1780      -6.8370
    C          14.2120      20.4410      -7.3720
    C          16.1160      21.9460      -6.4080
    O          16.1520      23.1430      -6.6490
    N          16.3480      21.4420      -5.1990
    C          16.5430      22.3060      -3.9820
    C          15.7960      21.7020      -2.7640
    C          14.2480      21.7050      -2.8660
    C          13.6320      20.8940      -1.7190
    C          13.6340      23.1200      -2.8480
    C          18.0030      22.7490      -3.6770
    O          18.2470      23.9150      -3.3620
    N          18.9740      21.8670      -3.9200
    C          20.3660      22.2220      -4.2680
    C          20.8550      20.9060      -4.9190
    C          21.2680      19.7440      -3.9800
    C          21.6270      18.4330      -4.6860
    O          21.6530      18.2900      -5.9060
    O          21.8980      17.4380      -3.7950
    C          20.6370      23.4480      -5.2020
    O          21.6140      24.1770      -5.0200
    N          19.7980      23.6330      -6.2260
    C          19.7860      24.8670      -7.0400
    N          22.7840      23.3220      -8.0900
    N          24.2310      25.1080      -7.5570
    C          24.0150      23.7560      -7.6670
    C          22.9650      25.5940      -7.8760
    C          22.1010      24.5230      -8.1820
    C          20.5820      24.6090      -8.3330
    C          18.3090      25.2900      -7.2700
    O          17.7260      25.0560      -8.3280
    N          17.6970      25.8820      -6.2360
    C          16.2630      26.2710      -6.2490
    C          15.7560      26.3840      -4.7930
    O          14.3320      26.2720      -4.7520
    C          15.8320      27.4660      -7.1480
    O          14.7590      27.4600      -7.7480
    N          16.7730      28.3830      -7.3410
    C          16.9010      29.1900      -8.5910
    C          18.2640      29.9350      -8.5160
    C          19.5770      29.1390      -8.6820
    O          19.8140      28.0950      -8.0800
    N          20.4720      29.6000      -9.5170
    C          16.7180      28.4750      -9.9750
    O          16.1030      29.0230     -10.8890
    N          17.2690      27.2620     -10.1020
    C          17.1170      26.4200     -11.3230
    C          18.4280      25.6230     -11.5760
    C          19.7550      26.4180     -11.7230
    C          20.9200      25.4470     -11.9520
    C          19.7300      27.4430     -12.8690
    C          15.8500      25.4940     -11.3960
    O          15.6000      24.9030     -12.4500
    N          15.0320      25.3670     -10.3330
    C          13.6050      24.9850     -10.4830
    C          13.2680      24.0010      -9.3580
    S          11.8020      23.0530      -9.8080
    C          12.5910      26.1760     -10.5210
    O          11.7070      26.2240     -11.3680
    O          12.6080      26.9360      -9.5140
    H          16.1490      14.1880     -13.8180
    H          15.5490      13.9350     -12.2670
    H          14.6950      14.8930     -13.3530
    H          15.8440      16.2700     -11.6940
    H          17.3840      15.5500     -12.1930
    H          17.2810      18.7120     -14.0410
    H          17.7450      17.8750     -11.2490
    H          19.1430      19.3970     -12.6490
    H          17.9960      20.6980     -12.3220
    H          15.5860      20.5030     -12.3760
    H          13.9610      21.0720     -10.0170
    H          14.2090      22.3360     -12.2160
    H          13.3170      21.0740     -13.0630
    H          13.5710      18.2890     -12.3200
    H          10.9560      17.4050     -11.2200
    H          11.3110      15.6860     -12.9640
    H          11.3950      17.3010     -13.6040
    H          13.0780      16.3300     -14.4970
    H          14.2220      16.8190     -10.2060
    H          13.3480      14.4970      -8.4330
    H          16.1000      15.8320      -9.0650
    H          15.8140      14.9780      -7.6110
    H          16.3670      11.9110      -8.7320
    H          15.7070      13.0880      -7.4870
    H          12.5240      18.0590      -5.5840
    H          13.1530      13.9990      -6.1680
    H          11.6410      14.6190      -6.7880
    H          11.9660      16.7770      -3.3060
    H          10.8660      16.8310      -4.6790
    H          12.7100      14.5200      -3.9240
    H          11.0340      14.4320      -4.4170
    H          15.0930      15.9280      -5.1100
    H          16.5670      17.7030      -3.1490
    H          17.0680      14.9400      -4.4730
    H          19.0700      16.3170      -2.5200
    H          19.1710      14.6330      -3.0800
    H          19.3830      15.9540      -4.2330
    H          15.5200      14.9200      -2.4580
    H          17.0070      14.0240      -2.1200
    H          16.7840      15.6580      -1.4560
    H          17.3550      16.5750      -6.4220
    H          19.2590      18.6700      -6.6590
    H          19.3250      16.5100      -8.0740
    H          17.9400      17.1120      -8.9970
    H          16.1220      18.7990      -7.3870
    H          15.7920      21.4440      -8.4700
    H          11.5560      20.2090      -8.1160
    H          11.2880      23.8370      -5.8760
    H          10.3500      22.3800      -7.8070
    H          13.8330      22.9480      -5.9870
    H          13.9640      19.8040      -8.2300
    H          14.3100      19.7470      -6.5140
    H          16.6390      20.4460      -5.3250
    H          16.0610      23.2770      -4.1720
    H          16.1600      20.6680      -2.6010
    H          16.0850      22.2440      -1.8410
    H          13.9770      21.1990      -3.8140
    H          14.0090      19.8550      -1.7060
    H          13.8530      21.3340      -0.7290
    H          12.5320      20.8260      -1.8110
    H          13.8840      23.6670      -1.9190
    H          13.9760      23.7500      -3.6870
    H          12.5300      23.0890      -2.9160
    H          18.7370      20.8660      -3.8610
    H          20.9340      22.4220      -3.3570
    H          20.1420      20.5450      -5.6880
    H          21.7130      21.1690      -5.5150
    H          22.1180      20.0500      -3.3420
    H          20.4330      19.5380      -3.2930
    H          22.1100      16.6180      -4.2410
    H          18.9600      23.0460      -6.1470
    H          20.2700      25.7070      -6.5170
    H          22.3910      22.3750      -8.0640
    H          25.0900      25.6200      -7.3080
    H          24.7680      23.0400      -7.3340
    H          22.6390      26.6260      -7.7820
    H          20.1640      23.6860      -8.7730
    H          20.3510      25.4260      -9.0360
    H          18.0360      25.4460      -5.3950
    H          15.7960      25.4120      -6.7070
    H          16.1910      25.5990      -4.1420
    H          16.0820      27.3460      -4.3460
    H          14.0160      26.8670      -4.0590
    H          17.5880      27.9670      -6.8780
    H          16.1010      29.9530      -8.5590
    H          18.2190      30.7280      -9.2820
    H          18.3320      30.4630      -7.5510
    H          21.3240      29.0440      -9.6010
    H          20.2140      30.4320     -10.0570
    H          17.5880      26.8930      -9.1950
    H          16.9990      27.1010     -12.1770
    H          18.5330      24.8720     -10.7720
    H          18.2840      25.0240     -12.4970
    H          19.9430      26.9700     -10.7820
    H          20.9780      24.6710     -11.1700
    H          20.8240      24.9210     -12.9210
    H          21.8900      25.9770     -11.9600
    H          19.5020      26.9780     -13.8470
    H          18.9700      28.2290     -12.7010
    H          20.6960      27.9710     -12.9780
    H          15.3800      25.8540      -9.4980
    H          13.4610      24.4470     -11.4370
    H          14.0200      23.2240      -9.1930
    H          13.2150      24.5520      -8.3990

============== BASIS INFOS ==============
 BASIS FUNCTIONS = 2276
 NSHELL =  780 NPRIM  = 4072
 JSHELL =  780 JBASIS = 1820


 @ End Reading Molecular Information 


 @ Begin XC Quadrature Formation

 OCTAGO: OCTree Algorithm for Grid Operations 
   PRUNING CUTOFF       = 0.100E-06
   INITIAL GRID POINTS  =      832640
|   FINAL GRID POINTS    =      518957
|   SIGNIFICANT NUMBER OF BASIS FUNCTIONS     =     1070261
|   SIGNIFICANT NUMBER OF PRIMITIVE FUNCTIONS =     1165821

 @ End XC Quadrature Formation


 @ Begin Energy Calculation

| condition number of overlap matrix:    6.049E+03
| Smallest eigenvalue of overlap matrix:    1.310E-03

                                         SCF ENERGY
| ------------------------------------------------------------------------------------------------------------------------
| NCYC       ENERGY         DELTA_E      SCF_TIME  DII_CYC   DII_TIME   O_TIME  DIAG_TIME    MAX_ERR    RMS_CHG    MAX_CHG
| ------------------------------------------------------------------------------------------------------------------------
|  1  -7167.879098532      ------         6.933     1        0.24      6.67      0.04    0.2473E+01  0.7214E-02  0.6143E+00
|  2  -7139.408201678  -.284709E+02       9.097     2        0.25      8.83      0.04    0.2991E+00  0.1646E-01  0.6229E+01
|  3  -7028.682752792  -.110725E+03       9.059     3        0.30      8.74      0.04    0.1030E+01  0.1760E-01  0.6154E+01
|   ***  Level shifting applied  ( HOMO-LUMO gap =  0.002 au ) ***
|  4  -7098.783103263  0.701004E+02       9.097     4        0.31      8.77      0.04    0.8468E+00  0.7330E-02  0.2034E+01
|   ***  Level shifting applied  ( HOMO-LUMO gap =  0.004 au ) ***
|  5  -7141.388015266  0.426049E+02       8.571     5        0.32      8.24      0.04    0.2487E+00  0.2043E-02  0.5103E+00
|   ***  Level shifting applied  ( HOMO-LUMO gap =  0.024 au ) ***
|  6  -7142.432144386  0.104413E+01       8.057     6        0.33      7.71      0.04    0.1883E+00  0.1654E-02  0.6017E+00
|   ***  Level shifting applied  ( HOMO-LUMO gap =  0.005 au ) ***
|  7  -7142.271916398  -.160228E+00       7.674     7        0.33      7.33      0.04    0.1855E+00  0.5648E-03  0.1128E+00
|   ***  Level shifting applied  ( HOMO-LUMO gap =  0.024 au ) ***
|  8  -7142.674328506  0.402412E+00       7.237     8        0.30      6.93      0.04    0.8406E-01  0.5763E-02  0.1499E+01
|  9  -7133.424230923  -.925010E+01       8.003     9        0.35      7.63      0.04    0.5383E+00  0.9940E-04  0.2608E-01
|   ***  Level shifting applied  ( HOMO-LUMO gap =  0.008 au ) ***
| 10  -7133.624106895  0.199876E+00       6.397    10        0.37      6.01      0.04    0.5212E+00  0.2202E-03  0.1022E+00
|   ***  Level shifting applied  ( HOMO-LUMO gap =  0.169 au ) ***
| 11  -7133.795273458  0.171167E+00       6.383     1        0.47      5.90      0.04    0.5147E+00  0.3672E-04  0.1721E-01
|   ***  Level shifting applied  ( HOMO-LUMO gap =  0.007 au ) ***
| 12  -7133.823874956  0.286015E-01       5.602     2        0.47      5.12      0.04    0.5135E+00  0.2048E-03  0.1165E+00
|   ***  Level shifting applied  ( HOMO-LUMO gap =  0.167 au ) ***
| 13  -7133.919176861  0.953019E-01       6.513     3        0.47      6.03      0.04    0.5051E+00  0.1001E-03  0.1157E-01
|   ***  Level shifting applied  ( HOMO-LUMO gap =  0.006 au ) ***
| 14  -7133.927415666  0.823880E-02       6.598     4        0.47      6.11      0.04    0.5093E+00  0.3986E-02  0.1022E+01
|   ***  Level shifting applied  ( HOMO-LUMO gap =  0.172 au ) ***
| 15  -7141.512984906  0.758557E+01       7.542     5        0.47      7.05      0.04    0.2828E+00  0.1949E-03  0.2963E-01
|   ***  Level shifting applied  ( HOMO-LUMO gap =  0.002 au ) ***
| 16  -7141.538949181  0.259643E-01       6.906     6        0.47      6.42      0.04    0.2534E+00  0.4056E-02  0.8564E+00
|   ***  Level shifting applied  ( HOMO-LUMO gap =  0.173 au ) ***
| 17  -7139.555521244  -.198343E+01       8.035     7        0.51      7.51      0.04    0.3042E+00  0.1460E-02  0.5514E+00
|   ***  Level shifting applied  ( HOMO-LUMO gap =  0.017 au ) ***
| 18  -7142.460396416  0.290488E+01       7.591     8        0.49      7.08      0.04    0.2187E+00  0.1688E-02  0.6187E+00
|   ***  Level shifting applied  ( HOMO-LUMO gap =  0.048 au ) ***
| 19  -7141.948836752  -.511560E+00       7.849     9        0.47      7.36      0.04    0.2623E+00  0.6552E-03  0.1476E+00
|   ***  Level shifting applied  ( HOMO-LUMO gap =  0.116 au ) ***
| 20  -7142.553533330  0.604697E+00       7.523    10        0.50      7.01      0.04    0.1241E+00  0.4471E-03  0.1014E+00
|   ***  Level shifting applied  ( HOMO-LUMO gap =  0.076 au ) ***
| 21  -7142.724402991  0.170870E+00       7.133     1        0.43      6.69      0.04    0.9608E-01  0.1730E-02  0.5648E+00
| 22  -7142.557897115  -.166506E+00       7.379     2        0.48      6.89      0.04    0.1697E+00  0.5587E-04  0.9409E-02
|   ***  Level shifting applied  ( HOMO-LUMO gap =  0.021 au ) ***
| 23  -7142.579432337  0.215352E-01       6.398     3        0.47      5.91      0.04    0.1616E+00  0.2660E-02  0.6128E+00
|   ***  Level shifting applied  ( HOMO-LUMO gap =  0.183 au ) ***
| 24  -7142.716980287  0.137548E+00       7.175     4        0.46      6.70      0.05    0.8004E-01  0.1822E-03  0.3253E-01
| 25  -7142.746877136  0.298968E-01       6.207     5        0.43      5.76      0.04    0.7214E-01  0.2552E-02  0.4748E+00
| 26  -7142.875795792  0.128919E+00       7.053     6        0.43      6.61      0.04    0.6211E-01  0.2906E-02  0.5575E+00
| 27  -7138.593179055  -.428262E+01       7.429     7        0.48      6.93      0.04    0.4437E+00  0.1114E-03  0.2256E-01
|   ***  Level shifting applied  ( HOMO-LUMO gap =  0.000 au ) ***
| 28  -7138.736917002  0.143738E+00       6.560     8        0.48      6.06      0.04    0.4208E+00  0.2511E-02  0.7211E+00
|   ***  Level shifting applied  ( HOMO-LUMO gap =  0.157 au ) ***
| 29  -7141.523177570  0.278626E+01       7.059     9        0.48      6.56      0.04    0.3064E+00  0.1882E-03  0.2810E-01
|   ***  Level shifting applied  ( HOMO-LUMO gap =  0.003 au ) ***
| 30  -7141.644087327  0.120910E+00       6.592    10        0.48      6.09      0.04    0.3046E+00  0.2434E-02  0.3902E+00
|   ***  Level shifting applied  ( HOMO-LUMO gap =  0.160 au ) ***
| 31  -7142.723806430  0.107972E+01       7.194     1        0.47      6.70      0.04    0.1351E+00  0.3981E-03  0.7804E-01
|   ***  Level shifting applied  ( HOMO-LUMO gap =  0.002 au ) ***
| 32  -7142.753213521  0.294071E-01       7.167     2        0.47      6.68      0.04    0.1231E+00  0.1518E-03  0.2586E-01
|   ***  Level shifting applied  ( HOMO-LUMO gap =  0.066 au ) ***
| 33  -7142.761719161  0.850564E-02       6.737     3        0.47      6.25      0.04    0.1253E+00  0.8785E-04  0.8674E-02
|   ***  Level shifting applied  ( HOMO-LUMO gap =  0.060 au ) ***
| 34  -7142.752121408  -.959775E-02       6.398     4        0.47      5.91      0.04    0.1314E+00  0.1374E-03  0.1870E-01
|   ***  Level shifting applied  ( HOMO-LUMO gap =  0.084 au ) ***
| 35  -7142.757388705  0.526730E-02       6.440     5        0.47      5.96      0.04    0.1290E+00  0.1902E-03  0.2516E-01
|   ***  Level shifting applied  ( HOMO-LUMO gap =  0.062 au ) ***
| 36  -7142.773368707  0.159800E-01       6.571     6        0.48      6.08      0.05    0.1249E+00  0.2333E-02  0.6335E+00
|   ***  Level shifting applied  ( HOMO-LUMO gap =  0.082 au ) ***
| 37  -7140.479221419  -.229415E+01       7.965     7        0.48      7.47      0.04    0.3401E+00  0.5110E-03  0.1453E+00
|   ***  Level shifting applied  ( HOMO-LUMO gap =  0.003 au ) ***
| 38  -7141.254581520  0.775360E+00       7.390     8        0.47      6.90      0.04    0.2214E+00  0.1014E-02  0.1211E+00
|   ***  Level shifting applied  ( HOMO-LUMO gap =  0.075 au ) ***
| 39  -7142.460931924  0.120635E+01       7.187     9        0.47      6.70      0.04    0.1391E+00  0.3216E-03  0.3536E-01
|   ***  Level shifting applied  ( HOMO-LUMO gap =  0.024 au ) ***
| 40  -7142.667723772  0.206792E+00       6.788    10        0.50      6.28      0.04    0.1189E+00  0.7847E-03  0.9353E-01
|   ***  Level shifting applied  ( HOMO-LUMO gap =  0.154 au ) ***
| 41  -7142.894229999  0.226506E+00       7.097     1        0.42      6.66      0.04    0.8328E-01  0.1836E-02  0.4458E+00
| 42  -7142.949976356  0.557464E-01       7.387     2        0.42      6.95      0.04    0.6396E-01  0.2395E-02  0.4563E+00
| 43  -7142.931450329  -.185260E-01       7.436     3        0.43      6.99      0.04    0.3882E-01  0.2189E-02  0.3727E+00
| 44  -7142.689012562  -.242438E+00       7.387     4        0.48      6.90      0.04    0.1261E+00  0.7034E-04  0.1114E-01
|   ***  Level shifting applied  ( HOMO-LUMO gap =  0.003 au ) ***
| 45  -7142.719151740  0.301392E-01       6.383     5        0.47      5.90      0.04    0.1151E+00  0.1605E-02  0.5346E+00
|   ***  Level shifting applied  ( HOMO-LUMO gap =  0.177 au ) ***
| 46  -7142.647769548  -.713822E-01       7.107     6        0.47      6.62      0.04    0.1645E+00  0.6727E-04  0.1102E-01
|   ***  Level shifting applied  ( HOMO-LUMO gap =  0.020 au ) ***
| 47  -7142.667749911  0.199804E-01       6.456     7        0.47      5.97      0.04    0.1563E+00  0.2298E-02  0.5407E+00
|   ***  Level shifting applied  ( HOMO-LUMO gap =  0.190 au ) ***
| 48  -7142.975479906  0.307730E+00       7.304     8        0.42      6.87      0.04    0.4191E-01  0.1174E-02  0.1842E+00
| 49  -7142.978880684  0.340078E-02       6.901     9        0.42      6.46      0.04    0.3805E-01  0.2481E-02  0.5494E+00
| 50  -7142.677193738  -.301687E+00       7.294    10        0.48      6.80      0.04    0.1525E+00  0.1490E-04  0.2098E-02
|   ***  Level shifting applied  ( HOMO-LUMO gap =  0.008 au ) ***
| 51  -7142.680397238  0.320350E-02       5.780     1        0.47      5.29      0.04    0.1513E+00  0.1433E-02  0.3698E+00
|   ***  Level shifting applied  ( HOMO-LUMO gap =  0.197 au ) ***
| 52  -7143.031212557  0.350815E+00       7.060     2        0.43      6.61      0.04    0.3133E-01  0.5813E-03  0.1218E+00
| 53  -7143.055619733  0.244072E-01       6.605     3        0.42      6.17      0.04    0.1493E-01  0.5576E-03  0.1146E+00
| 54  -7143.026550405  -.290693E-01       6.542     4        0.43      6.10      0.04    0.4246E-01  0.2327E-03  0.6165E-01
| 55  -7143.053987069  0.274367E-01       6.285     5        0.43      5.84      0.04    0.2245E-01  0.3840E-03  0.8222E-01
| 56  -7143.011620826  -.423662E-01       6.592     6        0.42      6.15      0.04    0.4854E-01  0.7351E-04  0.1449E-01
| 57  -7143.021356793  0.973597E-02       5.786     7        0.43      5.34      0.04    0.4333E-01  0.3425E-03  0.8005E-01
| 58  -7143.058490375  0.371336E-01       6.393     8        0.43      5.95      0.04    0.1774E-01  0.3449E-03  0.6687E-01
| 59  -7143.065524865  0.703449E-02       6.430     9        0.43      5.99      0.04    0.4494E-02  0.2816E-03  0.4766E-01
| 60  -7143.066287311  0.762447E-03       6.283    10        0.44      5.82      0.04    0.5124E-02  0.9978E-04  0.1443E-01
| 61  -7143.066941298  0.653987E-03       5.869     1        0.42      5.43      0.04    0.3410E-02  0.9148E-04  0.2070E-01
| 62  -7143.067035001  0.937031E-04       5.818     2        0.42      5.38      0.04    0.2808E-02  0.2979E-04  0.6178E-02
| 63  -7143.067216605  0.181604E-03       5.407     3        0.42      4.97      0.04    0.8185E-03  0.1113E-04  0.1724E-02
| 64  -7143.067519012  0.302407E-03       5.164     4        0.43      4.72      0.04    0.3006E-03  0.8161E-05  0.1225E-02
| -------------- 2E-INT CUTOFF CHANGE TO 0.1000E-08 ------------
| 65  -7143.067524125  0.511360E-05       7.010     5        0.42      6.57      0.04    0.2191E-03  0.1830E-04  0.2173E-02
| 66  -7143.067523539  -.585969E-06       7.655     6        0.42      7.22      0.04    0.3972E-03  0.1151E-04  0.1804E-02
| 67  -7143.067526857  0.331807E-05       7.311     7        0.43      6.86      0.04    0.1783E-03  0.9827E-05  0.1222E-02
| 68  -7143.067528974  0.211701E-05       6.852     8        0.42      6.41      0.04    0.1115E-03  0.9444E-05  0.1160E-02
| 69  -7143.067531237  0.226274E-05       6.895     9        0.42      6.46      0.04    0.8795E-04  0.4439E-05  0.6499E-03
| 70  -7143.067529377  -.185997E-05       6.997    10        0.46      6.52      0.06    0.1722E-03  0.1927E-04  0.2241E-02
| 71  -7143.067532297  0.291931E-05       7.272     1        0.43      6.83      0.04    0.4482E-04  0.7989E-05  0.9307E-03
| 72  -7143.067532560  0.263528E-06       6.623     2        0.43      6.18      0.04    0.3112E-04  0.1806E-05  0.1445E-03
| 73  -7143.067533278  0.718290E-06       6.080     3        0.43      5.64      0.04    0.1971E-04  0.4767E-05  0.5419E-03
| 74  -7143.067533319  0.407454E-07       6.467     4        0.43      6.02      0.04    0.3913E-04  0.5966E-06  0.1134E-03
| -------------- 2E-INT CUTOFF CHANGE TO 0.1000E-09 ------------
| 75  -7143.067533405  0.860309E-07       6.776     5        0.43      6.33      0.05    0.5252E-05  0.5488E-06  0.6754E-04
| ------------------------------------------------------------------------------------------------------------------------
| REACH CONVERGENCE AFTER  75 CYCLES
| MAX ERROR = 0.525244E-05   RMS CHANGE = 0.548800E-06   MAX CHANGE = 0.675372E-04
| -----------------------------------------------
 ALPHA ELECTRON DENSITY    =   454.0001531137
 BETA ELECTRON DENSITY     =   454.0001531137
 ELECTRONIC ENERGY    = -40181.612220869
 CORE_CORE REPULSION  =  33038.544687464
 TOTAL ENERGY         =  -7143.067533405

 @ End Energy calculation


 @ Begin Gradient Calculation

 ANALYTICAL GRADIENT: 
----------------------------------------
 COORDINATE    XYZ            GRADIENT
----------------------------------------
    1X    15.6340011939    -0.0107873053
    1Y    14.6160011161    -0.0114386042
    1Z   -13.0350009954     0.0159551839
    2X    16.3740012504    -0.0168296176
    2Y    15.8230012083    -0.0333841946
    2Z   -12.5520009585    -0.0259668288
    3X    16.6010012677     0.0148913587
    3Y    16.9570012949     0.0242558831
    3Z   -13.5650010359     0.0238538180
    4X    16.4070012529     0.0103283043
    4Y    16.7720012808     0.0264969919
    4Z   -14.7600011271     0.0275612174
    5X    17.0440013015    -0.0028021137
    5Y    18.1640013871    -0.0161290876
    5Z   -13.2170010093    -0.0430749607
    6X    17.2600013180    -0.0115689945
    6Y    18.6750014261    -0.0042361785
    6Z   -11.8320009035     0.0115900956
    7X    18.3710014029    -0.0061979449
    7Y    19.7330015069     0.0092119221
    7Z   -11.9340009113     0.0205552231
    8X    19.2810014724     0.0120155765
    8Y    19.9410015228    -0.0567494994
    8Z   -10.3820007928     0.0011972272
    9X    15.9660012192    -0.0145844016
    9Y    19.0900014578     0.0142364201
    9Z   -11.0490008437     0.0087580958
   10X    15.5930011907     0.0039503632
   10Y    18.3820014037     0.0146580317
   10Z   -10.1130007723    -0.0137859498
   11X    15.2430011640     0.0050920156
   11Y    20.1390015379     0.0024196413
   11Z   -11.4830008769     0.0112427488
   12X    13.8720010593    -0.0132138341
   12Y    20.5230015672    -0.0122734512
   12Z   -10.9940008395     0.0134678597
   13X    13.4380010262    -0.0062543608
   13Y    21.5510016457    -0.0049223426
   13Z   -12.0710009218    -0.0044874474
   14X    11.9020009089     0.0161538124
   14Y    22.4460017141    -0.0034740925
   14Z   -11.7180008948     0.0389679261
   15X    12.7950009771    -0.0124519390
   15Y    19.3830014802    -0.0127483753
   15Z   -10.7990008247    -0.0241262351
   16X    11.9860009153    -0.0009361776
   16Y    19.4550014857     0.0025313209
   16Z    -9.8710007538     0.0041801342
   17X    12.8200009790    -0.0096030978
   17Y    18.3270013995     0.0134016588
   17Z   -11.6330008883     0.0049723720
   18X    11.9860009153    -0.0159977048
   18Y    17.1110013067    -0.0114688963
   18Z   -11.5030008784     0.0220378735
   19X    11.9360009115     0.0315892276
   19Y    16.5800012661     0.0122480085
   19Z   -12.9560009894     0.0016333565
   20X    13.2090010087    -0.0049345512
   20Y    16.2590012416    -0.0047329844
   20Z   -13.5390010339    -0.0024015234
   21X    12.4080009475     0.0203444750
   21Y    16.0160012230     0.0072010099
   21Z   -10.4570007985    -0.0141141596
   22X    11.5760008840     0.0085840266
   22Y    15.1930011602    -0.0043831208
   22Z   -10.0770007695     0.0115960980
   23X    13.6480010422    -0.0134280932
   23Y    16.0190012233    -0.0110847319
   23Z    -9.9340007586     0.0022019879
   24X    13.9640010663     0.0032723830
   24Y    15.3960011757    -0.0061980681
   24Z    -8.6310006591    -0.0050112069
   25X    15.4670011811    -0.0068376670
   25Y    15.0270011475    -0.0002084886
   25Z    -8.6490006605     0.0014981798
   26X    15.8110012074     0.0118932981
   26Y    13.6980010460    -0.0684797542
   26Z    -9.2800007087     0.0151246180
   27X    16.1140012305    -0.0126241299
   27Y    13.5570010353     0.0044106835
   27Z   -10.4570007985     0.0564921943
   28X    15.8220012082     0.0055760969
   28Y    12.7170009711     0.0427569538
   28Z    -8.4340006441    -0.0463043680
   29X    13.7550010504    -0.0020028528
   29Y    16.4340012550    -0.0139900938
   29Z    -7.4810005713     0.0155781323
   30X    14.3390010950    -0.0058929468
   30Y    17.5170013377    -0.0020106145
   30Z    -7.5780005787     0.0000894172
   31X    13.0550009969    -0.0099840708
   31Y    16.1530012335     0.0166295375
   31Z    -6.3510004850    -0.0115666438
   32X    12.9510009890     0.0090539705
   32Y    17.1260013078    -0.0025890819
   32Z    -5.2230003988     0.0110088093
   33X    12.4450009503     0.0034239065
   33Y    14.8380011331     0.0052609665
   33Z    -6.0650004631     0.0033996640
   34X    11.8670009062     0.0114104707
   34Y    16.4770012582    -0.0022309822
   34Z    -4.3600003329    -0.0121739117
   35X    11.9760009145     0.0033512648
   35Y    14.9700011432     0.0102250358
   35Z    -4.6130003523    -0.0129848267
   36X    14.2660010894     0.0059773432
   36Y    17.5840013428    -0.0219850152
   36Z    -4.5060003441     0.0106247937
   37X    14.3670010971     0.0114365852
   37Y    18.7160014292     0.0004467240
   37Z    -4.0400003085    -0.0048334698
   38X    15.2970011681    -0.0124396711
   38Y    16.7450012787     0.0195865028
   38Z    -4.5390003466     0.0014002242
   39X    16.6590012721     0.0054474206
   39Y    17.0360013009     0.0139463487
   39Z    -4.0170003068     0.0018624276
   40X    17.2690013187    -0.0110614095
   40Y    15.6390011943     0.0084416244
   40Z    -3.6220002766    -0.0080383355
   41X    18.7940014352    -0.0105225530
   41Y    15.6390011943    -0.0069536207
   41Z    -3.3510002559     0.0073805305
   42X    16.6150012688     0.0148874937
   42Y    15.0330011480     0.0006355617
   42Z    -2.3550001798    -0.0046031197
   43X    17.5100013371     0.0023073188
   43Y    17.9150013681     0.0041154918
   43Z    -4.9750003799    -0.0072021042
   44X    17.9480013706    -0.0043611396
   44Y    19.0010014510    -0.0121528087
   44Z    -4.5840003501    -0.0087027990
   45X    17.7230013534     0.0136737437
   45Y    17.4960013361     0.0025581179
   45Z    -6.2340004761     0.0104210960
   46X    18.4260014071    -0.0106208281
   46Y    18.3310013998     0.0169598613
   46Z    -7.2410005530    -0.0028600090
   47X    18.8320014381     0.0149818607
   47Y    17.4340013313    -0.0018694388
   47Z    -8.4350006441    -0.0093464635
   48X    19.9890015264    -0.0319413254
   48Y    18.2280013920     0.0395158442
   48Z    -9.5900007323    -0.0002209652
   49X    17.8100013600    -0.0088282436
   49Y    19.6970015041    -0.0209005045
   49Z    -7.6330005829    -0.0112812197
   50X    18.4960014124    -0.0061575240
   50Y    20.7030015810     0.0084773718
   50Z    -7.8290005979    -0.0122596129
   51X    16.4900012592     0.0207406710
   51Y    19.7300015067     0.0155151466
   51Z    -7.5770005786    -0.0141718984
   52X    15.6720011968     0.0076702102
   52Y    20.9540016001     0.0069675460
   52Z    -7.5200005743     0.0030504104
   53X    11.7430008967    -0.0048843429
   53Y    20.8710015938    -0.0370168421
   53Z    -7.3430005607    -0.0241516053
   54X    11.6650008908    -0.0250729854
   54Y    22.9700017541     0.0424553063
   54Z    -6.2860004800     0.0146218872
   55X    11.0610008447     0.0924445707
   55Y    22.0270016821    -0.0083545423
   55Z    -7.0660005396     0.0297470664
   56X    12.9330009876    -0.0342299624
   56Y    22.4190017120     0.0226451168
   56Z    -6.2070004740     0.0011399406
   57X    12.9880009918    -0.0419077395
   57Y    21.1780016172    -0.0412478565
   57Z    -6.8370005221     0.0193612105
   58X    14.2120010853     0.0063737826
   58Y    20.4410015610     0.0288454186
   58Z    -7.3720005630    -0.0492912838
   59X    16.1160012307     0.0031055002
   59Y    21.9460016759    -0.0128460128
   59Z    -6.4080004893     0.0192478989
   60X    16.1520012334     0.0066160138
   60Y    23.1430017673    -0.0159296914
   60Z    -6.6490005077     0.0063697657
   61X    16.3480012484    -0.0132251418
   61Y    21.4420016374     0.0257141805
   61Z    -5.1990003970    -0.0153309714
   62X    16.5430012633     0.0107975285
   62Y    22.3060017034     0.0057272962
   62Z    -3.9820003041    -0.0015568150
   63X    15.7960012062    -0.0055781791
   63Y    21.7020016572     0.0076407186
   63Z    -2.7640002111    -0.0095639653
   64X    14.2480010880     0.0040451207
   64Y    21.7050016575     0.0017475658
   64Z    -2.8660002189     0.0037122586
   65X    13.6320010410     0.0006116761
   65Y    20.8940015955     0.0119674980
   65Z    -1.7190001313    -0.0067255058
   66X    13.6340010411    -0.0018464249
   66Y    23.1200017655    -0.0082517743
   66Z    -2.8480002175     0.0046373493
   67X    18.0030013748     0.0144519176
   67Y    22.7490017372    -0.0138861864
   67Z    -3.6770002808     0.0036258678
   68X    18.2470013934     0.0044724702
   68Y    23.9150018262    -0.0049349121
   68Z    -3.3620002567     0.0033147711
   69X    18.9740014489    -0.0063597205
   69Y    21.8670016698     0.0148388782
   69Z    -3.9200002993     0.0046242999
   70X    20.3660015552     0.0055310339
   70Y    22.2220016970     0.0279720254
   70Z    -4.2680003259    -0.0114392479
   71X    20.8550015926    -0.0172610551
   71Y    20.9060015965     0.0083869501
   71Z    -4.9190003756     0.0213699317
   72X    21.2680016241     0.0066773297
   72Y    19.7440015077    -0.0076111664
   72Z    -3.9800003039    -0.0078420538
   73X    21.6270016515     0.0031627668
   73Y    18.4330014076    -0.0056100518
   73Z    -4.6860003578     0.0232354800
   74X    21.6530016535    -0.0010784397
   74Y    18.2900013967     0.0029883702
   74Z    -5.9060004510    -0.0289976774
   75X    21.8980016722     0.0051417689
   75Y    17.4380013316    -0.0202638645
   75Z    -3.7950002898    -0.0077830276
   76X    20.6370015759    -0.0153365379
   76Y    23.4480017906    -0.0118479948
   76Z    -5.2020003972    -0.0175819299
   77X    21.6140016505     0.0020210891
   77Y    24.1770018462     0.0136565741
   77Z    -5.0200003833    -0.0070722954
   78X    19.7980015119     0.0292701365
   78Y    23.6330018047     0.0054694362
   78Z    -6.2260004754    -0.0050240112
   79X    19.7860015109    -0.0057947876
   79Y    24.8670018989     0.0019679443
   79Z    -7.0400005376    -0.0065407587
   80X    22.7840017399    -0.0098628302
   80Y    23.3220017810    -0.0445220526
   80Z    -8.0900006178    -0.0072180736
   81X    24.2310018504     0.0397315380
   81Y    25.1080019173     0.0099360947
   81Z    -7.5570005771     0.0094217830
   82X    24.0150018339    -0.0774558894
   82Y    23.7560018141     0.0672593317
   82Z    -7.6670005855    -0.0182385355
   83X    22.9650017537     0.0366492212
   83Y    25.5940019545     0.0081094635
   83Z    -7.8760006014     0.0111001363
   84X    22.1010016877     0.0240464245
   84Y    24.5230018727    -0.0386259396
   84Z    -8.1820006248    -0.0128687541
   85X    20.5820015717     0.0023665397
   85Y    24.6090018792    -0.0042857327
   85Z    -8.3330006363     0.0193876879
   86X    18.3090013981     0.0049117489
   86Y    25.2900019312     0.0222133851
   86Z    -7.2700005552     0.0361636631
   87X    17.7260013536    -0.0103388547
   87Y    25.0560019134    -0.0084403200
   87Z    -8.3280006360     0.0056332447
   88X    17.6970013514    -0.0011915500
   88Y    25.8820019764    -0.0235414934
   88Z    -6.2360004762    -0.0234588470
   89X    16.2630012419     0.0083091470
   89Y    26.2710020062     0.0230066909
   89Z    -6.2490004772    -0.0081458661
   90X    15.7560012032    -0.0016677362
   90Y    26.3840020148    -0.0052260536
   90Z    -4.7930003660    -0.0122053258
   91X    14.3320010944    -0.0043686113
   91Y    26.2720020062    -0.0009486515
   91Z    -4.7520003629     0.0024640728
   92X    15.8320012090     0.0402249734
   92Y    27.4660020974     0.0249407999
   92Z    -7.1480005458     0.0246682701
   93X    14.7590011271    -0.0107230444
   93Y    27.4600020970     0.0044616650
   93Z    -7.7480005917    -0.0183583238
   94X    16.7730012809    -0.0429800372
   94Y    28.3830021674    -0.0041491141
   94Z    -7.3410005606    -0.0003520527
   95X    16.9010012906    -0.0041141417
   95Y    29.1900022291    -0.0025059413
   95Z    -8.5910006560    -0.0174276231
   96X    18.2640013947    -0.0020077986
   96Y    29.9350022860    -0.0152261052
   96Z    -8.5160006503     0.0077198186
   97X    19.5770014950     0.0376760151
   97Y    29.1390022252     0.0237056009
   97Z    -8.6820006630    -0.0228191972
   98X    19.8140015131     0.0052033874
   98Y    28.0950021454     0.0155840279
   98Z    -8.0800006170    -0.0182744412
   99X    20.4720015633    -0.0170610224
   99Y    29.6000022604    -0.0361450428
   99Z    -9.5170007268     0.0320573573
  100X    16.7180012767     0.0263384117
  100Y    28.4750021745    -0.0105184471
  100Z    -9.9750007617     0.0137982914
  101X    16.1030012297    -0.0105278092
  101Y    29.0230022163    -0.0102673841
  101Z   -10.8890008315    -0.0111273751
  102X    17.2690013187    -0.0077524584
  102Y    27.2620020818     0.0179889185
  102Z   -10.1020007714    -0.0131189603
  103X    17.1170013071    -0.0116591604
  103Y    26.4200020175    -0.0013320678
  103Z   -11.3230008647    -0.0067954504
  104X    18.4280014072     0.0024445334
  104Y    25.6230019567     0.0132913099
  104Z   -11.5760008840     0.0015676545
  105X    19.7550015086     0.0032467753
  105Y    26.4180020174    -0.0018227215
  105Z   -11.7230008952     0.0000128752
  106X    20.9200015975    -0.0066552759
  106Y    25.4470019432     0.0070151182
  106Z   -11.9520009127    -0.0004945530
  107X    19.7300015067     0.0062345818
  107Y    27.4430020957    -0.0111394247
  107Z   -12.8690009827     0.0038374339
  108X    15.8500012104     0.0096926782
  108Y    25.4940019468     0.0087478394
  108Z   -11.3960008702     0.0042742865
  109X    15.6000011913    -0.0146580914
  109Y    24.9030019017    -0.0013450598
  109Z   -12.4500009507     0.0133611148
  110X    15.0320011479    -0.0122368424
  110Y    25.3670019371    -0.0184805171
  110Z   -10.3330007891    -0.0095485248
  111X    13.6050010389    -0.0134774280
  111Y    24.9850019080     0.0102929822
  111Z   -10.4830008005     0.0090548857
  112X    13.2680010132    -0.0188176231
  112Y    24.0010018328    -0.0111291189
  112Z    -9.3580007146     0.0063323105
  113X    11.8020009012     0.0215825975
  113Y    23.0530017604     0.0055588134
  113Z    -9.8080007490    -0.0350972182
  114X    12.5910009615     0.0180227824
  114Y    26.1760019989    -0.0319310724
  114Z   -10.5210008034    -0.0536814816
  115X    11.7070008940     0.0098364959
  115Y    26.2240020026     0.0232718496
  115Z   -11.3680008681     0.0489385888
  116X    12.6080009628    -0.0241746791
  116Y    26.9360020569     0.0078842334
  116Z    -9.5140007265    -0.0086417661
  117X    16.1490012332     0.0052856273
  117Y    14.1880010835    -0.0032829047
  117Z   -13.8180010552    -0.0007525473
  118X    15.5490011874    -0.0045870269
  118Y    13.9350010641     0.0009967689
  118Z   -12.2670009368    -0.0160267145
  119X    14.6950011222     0.0043264274
  119Y    14.8930011373    -0.0046146853
  119Z   -13.3530010197     0.0007344459
  120X    15.8440012099    -0.0016287301
  120Y    16.2700012424     0.0124109385
  120Z   -11.6940008930     0.0014908809
  121X    17.3840013275     0.0117767804
  121Y    15.5500011875     0.0089516763
  121Z   -12.1930009311     0.0001575282
  122X    17.2810013196     0.0024820912
  122Y    18.7120014289    -0.0037912053
  122Z   -14.0410010722    -0.0059430664
  123X    17.7450013551     0.0123441725
  123Y    17.8750013650     0.0011488397
  123Z   -11.2490008590     0.0024819046
  124X    19.1430014618     0.0108666093
  124Y    19.3970014812     0.0017836496
  124Z   -12.6490009659     0.0029401711
  125X    17.9960013742    -0.0032828829
  125Y    20.6980015806     0.0014667719
  125Z   -12.3220009410    -0.0106537868
  126X    15.5860011902     0.0116680038
  126Y    20.5030015657    -0.0075636427
  126Z   -12.3760009451    -0.0093137243
  127X    13.9610010661     0.0026826726
  127Y    21.0720016091     0.0151658021
  127Z   -10.0170007649     0.0167117328
  128X    14.2090010851     0.0000654709
  128Y    22.3360017057     0.0087909675
  128Z   -12.2160009329    -0.0060771750
  129X    13.3170010169     0.0049535518
  129Y    21.0740016093    -0.0006766963
  129Z   -13.0630009975    -0.0075004120
  130X    13.5710010363     0.0052853422
  130Y    18.2890013966     0.0010743132
  130Z   -12.3200009408    -0.0027810167
  131X    10.9560008366    -0.0104307559
  131Y    17.4050013291     0.0033318657
  131Z   -11.2200008568     0.0013602452
  132X    11.3110008638     0.0015310147
  132Y    15.6860011978     0.0057487105
  132Z   -12.9640009900    -0.0028653039
  133X    11.3950008702    -0.0087300107
  133Y    17.3010013212    -0.0002869518
  133Z   -13.6040010389    -0.0083597667
  134X    13.0780009987    -0.0051817697
  134Y    16.3300012470    -0.0008702076
  134Z   -14.4970011070    -0.0030388322
  135X    14.2220010860    -0.0038426187
  135Y    16.8190012844    -0.0002625486
  135Z   -10.2060007794    -0.0124722280
  136X    13.3480010193    -0.0045423196
  136Y    14.4970011070    -0.0099285195
  136Z    -8.4330006440     0.0130771633
  137X    16.1000012295     0.0117470995
  137Y    15.8320012090     0.0020543008
  137Z    -9.0650006922     0.0052418445
  138X    15.8140012076    -0.0001653320
  138Y    14.9780011438     0.0008793556
  138Z    -7.6110005812    -0.0136768658
  139X    16.3670012498     0.0040021690
  139Y    11.9110009096     0.0025956622
  139Z    -8.7320006668    -0.0124394855
  140X    15.7070011994    -0.0112087303
  140Y    13.0880009994     0.0251721274
  140Z    -7.4870005717    -0.0051759337
  141X    12.5240009564    -0.0059263256
  141Y    18.0590013791    -0.0040769739
  141Z    -5.5840004264     0.0056634802
  142X    13.1530010044    -0.0015837052
  142Y    13.9990010690    -0.0057661325
  142Z    -6.1680004710    -0.0006891239
  143X    11.6410008890     0.0011546373
  143Y    14.6190011164    -0.0048712347
  143Z    -6.7880005184    -0.0053062631
  144X    11.9660009138    -0.0000695433
  144Y    16.7770012812     0.0047253072
  144Z    -3.3060002525     0.0032279889
  145X    10.8660008298    -0.0091210707
  145Y    16.8310012853     0.0009380594
  145Z    -4.6790003573     0.0002529774
  146X    12.7100009706    -0.0000390356
  146Y    14.5200011088    -0.0024821520
  146Z    -3.9240002997     0.0045084400
  147X    11.0340008426    -0.0034934749
  147Y    14.4320011021    -0.0042250075
  147Z    -4.4170003373     0.0030616841
  148X    15.0930011526    -0.0146631861
  148Y    15.9280012163     0.0040599944
  148Z    -5.1100003902    -0.0036333204
  149X    16.5670012651     0.0040940852
  149Y    17.7030013519     0.0070339660
  149Z    -3.1490002405     0.0011685944
  150X    17.0680013034    -0.0020584492
  150Y    14.9400011409    -0.0067467775
  150Z    -4.4730003416    -0.0051167693
  151X    19.0700014563     0.0039079895
  151Y    16.3170012460     0.0040602356
  151Z    -2.5200001924     0.0058739190
  152X    19.1710014640     0.0077054618
  152Y    14.6330011174    -0.0061466208
  152Z    -3.0800002352     0.0016328806
  153X    19.3830014802     0.0049059906
  153Y    15.9540012183    -0.0001059955
  153Z    -4.2330003232    -0.0050486087
  154X    15.5200011852    -0.0058954169
  154Y    14.9200011393    -0.0022773728
  154Z    -2.4580001877     0.0006278137
  155X    17.0070012987    -0.0000949667
  155Y    14.0240010709    -0.0083439624
  155Z    -2.1200001619     0.0052935698
  156X    16.7840012817    -0.0008014040
  156Y    15.6580011957     0.0023223866
  156Z    -1.4560001112     0.0081167314
  157X    17.3550013253     0.0029581752
  157Y    16.5750012657     0.0016627763
  157Z    -6.4220004904     0.0138772444
  158X    19.2590014707    -0.0223497587
  158Y    18.6700014257    -0.0009061848
  158Z    -6.6590005085     0.0045833682
  159X    19.3250014757    -0.0008542288
  159Y    16.5100012608    -0.0095203620
  159Z    -8.0740006166     0.0029215303
  160X    17.9400013700     0.0002782752
  160Y    17.1120013067    -0.0032153019
  160Z    -8.9970006870    -0.0055574429
  161X    16.1220012311     0.0204379023
  161Y    18.7990014356    -0.0095654494
  161Z    -7.3870005641     0.0034123270
  162X    15.7920012059    -0.0035310618
  162Y    21.4440016375    -0.0137217816
  162Z    -8.4700006468     0.0055441499
  163X    11.5560008825    -0.0037507883
  163Y    20.2090015432    -0.0154861913
  163Z    -8.1160006198    -0.0030470201
  164X    11.2880008620    -0.0065970882
  164Y    23.8370018203     0.0159534470
  164Z    -5.8760004487     0.0128702409
  165X    10.3500007904     0.0141773592
  165Y    22.3800017090     0.0069698095
  165Z    -7.8070005962    -0.0108897150
  166X    13.8330010563    -0.0010457695
  166Y    22.9480017524    -0.0101342234
  166Z    -5.9870004572    -0.0126759445
  167X    13.9640010663     0.0008187794
  167Y    19.8040015123    -0.0073289545
  167Z    -8.2300006285    -0.0046740776
  168X    14.3100010928    -0.0060228766
  168Y    19.7470015080     0.0085315542
  168Z    -6.5140004974     0.0118966376
  169X    16.6390012706     0.0056426539
  169Y    20.4460015613    -0.0185686833
  169Z    -5.3250004066    -0.0308503087
  170X    16.0610012265    -0.0026515115
  170Y    23.2770017775     0.0083279895
  170Z    -4.1720003186     0.0084676280
  171X    16.1600012340     0.0048697718
  171Y    20.6680015783    -0.0046570751
  171Z    -2.6010001986     0.0034617122
  172X    16.0850012283    -0.0003139017
  172Y    22.2440016986    -0.0013764871
  172Z    -1.8410001406     0.0078550260
  173X    13.9770010673    -0.0012160511
  173Y    21.1990016188    -0.0048453779
  173Z    -3.8140002913    -0.0075980037
  174X    14.0090010698     0.0014334863
  174Y    19.8550015162    -0.0066888036
  174Z    -1.7060001303     0.0014394318
  175X    13.8530010579     0.0007863401
  175Y    21.3340016291    -0.0001272241
  175Z    -0.7290000557     0.0053347603
  176X    12.5320009570    -0.0065596172
  176Y    20.8260015904    -0.0024905841
  176Z    -1.8110001383     0.0004368730
  177X    13.8840010602     0.0005351640
  177Y    23.6670018073     0.0046786398
  177Z    -1.9190001465     0.0038183682
  178X    13.9760010673     0.0014538409
  178Y    23.7500018136     0.0020962083
  178Z    -3.6870002816    -0.0048370886
  179X    12.5300009568    -0.0070322852
  179Y    23.0890017632     0.0026325101
  179Z    -2.9160002227    -0.0007710076
  180X    18.7370014308    -0.0017027368
  180Y    20.8660015934    -0.0125110874
  180Z    -3.8610002948     0.0121034872
  181X    20.9340015986    -0.0032491910
  181Y    22.4220017122    -0.0045465756
  181Z    -3.3570002564     0.0004696157
  182X    20.1420015381    -0.0009086657
  182Y    20.5450015689    -0.0058251922
  182Z    -5.6880004344    -0.0110384931
  183X    21.7130016581    -0.0145502754
  183Y    21.1690016165    -0.0005143678
  183Z    -5.5150004211     0.0052239133
  184X    22.1180016890     0.0040638212
  184Y    20.0500015311     0.0034317467
  184Z    -3.3420002552     0.0030000067
  185X    20.4330015603    -0.0043359083
  185Y    19.5380014920     0.0044796497
  185Z    -3.2930002515    -0.0002846481
  186X    22.1100016884    -0.0026690118
  186Y    16.6180012690     0.0073856697
  186Z    -4.2410003239     0.0130321436
  187X    18.9600014479    -0.0032954339
  187Y    23.0460017599    -0.0084104784
  187Z    -6.1470004694     0.0155354031
  188X    20.2700015479     0.0012546946
  188Y    25.7070019631     0.0103004350
  188Z    -6.5170004977    -0.0057896366
  189X    22.3910017099    -0.0076177214
  189Y    22.3750017086    -0.0139784622
  189Z    -8.0640006158    -0.0021219880
  190X    25.0900019160     0.0182150441
  190Y    25.6200019564     0.0148665227
  190Z    -7.3080005581     0.0048677813
  191X    24.7680018914     0.0039659121
  191Y    23.0400017594    -0.0056563503
  191Z    -7.3340005601     0.0050327233
  192X    22.6390017288    -0.0052740198
  192Y    26.6260020333     0.0035546341
  192Z    -7.7820005943     0.0026342242
  193X    20.1640015398    -0.0063237831
  193Y    23.6860018088    -0.0049323569
  193Z    -8.7730006699     0.0009030125
  194X    20.3510015541    -0.0009480255
  194Y    25.4260019416     0.0045265982
  194Z    -9.0360006900    -0.0043281111
  195X    18.0360013773    -0.0003427683
  195Y    25.4460019432    -0.0094448889
  195Z    -5.3950004120    -0.0202873649
  196X    15.7960012062     0.0146109192
  196Y    25.4120019406     0.0033835608
  196Z    -6.7070005122     0.0020920362
  197X    16.1910012364    -0.0025312867
  197Y    25.5990019548    -0.0018818749
  197Z    -4.1420003163     0.0084940925
  198X    16.0820012281     0.0010339455
  198Y    27.3460020882     0.0037968915
  198Z    -4.3460003319     0.0050327221
  199X    14.0160010703    -0.0000101322
  199Y    26.8670020517     0.0014410988
  199Z    -4.0590003100     0.0030869364
  200X    17.5880013431    -0.0151017093
  200Y    27.9670021357    -0.0236862946
  200Z    -6.8780005252     0.0145988257
  201X    16.1010012295    -0.0068387592
  201Y    29.9530022873     0.0067346050
  201Z    -8.5590006536     0.0030979710
  202X    18.2190013913    -0.0010275612
  202Y    30.7280023465     0.0032639884
  202Z    -9.2820007088    -0.0025954194
  203X    18.3320013999     0.0011902361
  203Y    30.4630023263     0.0036534679
  203Z    -7.5510005766     0.0017796226
  204X    21.3240016284     0.0065580748
  204Y    29.0440022179    -0.0120888900
  204Z    -9.6010007332     0.0066703483
  205X    20.2140015436    -0.0178432980
  205Y    30.4320023239     0.0126518757
  205Z   -10.0570007680     0.0002425061
  206X    17.5880013431    -0.0005547672
  206Y    26.8930020537     0.0116659999
  206Z    -9.1950007022     0.0227790881
  207X    16.9990012981     0.0048931962
  207Y    27.1010020695    -0.0015323146
  207Z   -12.1770009299    -0.0077317124
  208X    18.5330014153    -0.0013918605
  208Y    24.8720018993    -0.0061235255
  208Z   -10.7720008226     0.0021274462
  209X    18.2840013962     0.0025827317
  209Y    25.0240019109    -0.0060212120
  209Z   -12.4970009543    -0.0044622677
  210X    19.9430015229     0.0016977970
  210Y    26.9700020595     0.0030249780
  210Z   -10.7820008234     0.0045088873
  211X    20.9780016020     0.0006550549
  211Y    24.6710018840    -0.0037559129
  211Z   -11.1700008530     0.0037627600
  212X    20.8240015902     0.0003846880
  212Y    24.9210019031    -0.0036853127
  212Z   -12.9210009867    -0.0051403312
  213X    21.8900016716     0.0049887338
  213Y    25.9770019837     0.0023396104
  213Z   -11.9600009133     0.0006201999
  214X    19.5020014892    -0.0013647435
  214Y    26.9780020601    -0.0005902716
  214Z   -13.8470010574    -0.0067500503
  215X    18.9700014486    -0.0034358542
  215Y    28.2290021557     0.0059155854
  215Z   -12.7010009699     0.0006916651
  216X    20.6960015804     0.0036342500
  216Y    27.9710021360     0.0050946395
  216Z   -12.9780009910    -0.0018612619
  217X    15.3800011745     0.0213504616
  217Y    25.8540019743     0.0021188426
  217Z    -9.4980007253     0.0055948445
  218X    13.4610010279    -0.0136487199
  218Y    24.4470018669    -0.0082675175
  218Z   -11.4370008734    -0.0049834435
  219X    14.0200010706    -0.0091756734
  219Y    23.2240017735    -0.0059720739
  219Z    -9.1930007020     0.0036231368
  220X    13.2150010091     0.0160340376
  220Y    24.5520018749     0.0027577780
  220Z    -8.3990006414     0.0077862463
----------------------------------------

 @ End Gradient Calculation

  Skipping one-electron property calculation.

 @ Output Timing Information

------------- TIMING ---------------
| INITIAL GUESS TIME  =    12.409555000(  1.85%)
| DFT GRID OPERATIONS =     1.274990000(  0.19%)
| TOTAL SCF TIME      =   522.856742000( 78.14%)
|       TOTAL OP TIME      =   489.151421000( 73.10%)
|             TOTAL 1e TIME      =     0.658544000(  0.10%)
|             TOTAL 2e TIME      =   351.633802000( 52.55%)
|             TOTAL EXC TIME     =   130.932281000( 19.57%)
|       TOTAL DII TIME      =    32.493741000(  4.86%)
|             TOTAL DIAG TIME    =     3.158247000(  0.47%)
| TOTAL GRADIENT TIME      =   131.275198000( 19.62%)
|       TOTAL 1e GRADIENT TIME      =     7.426618000( 1.18%)
|       TOTAL 2e GRADIENT TIME      =   119.222459000(17.82%)
|       TOTAL EXC GRADIENT TIME     =     4.143918000(  0.62%)
| TOTAL TIME          =   669.115027000
------------------------------------
| Job cpu time:  0 days  0 hours 11 minutes  9.1 seconds.

 @ Finish Output Timing Information

| Normal Termination. Task Finished on: Wed Jul  1 02:18:04 2026
