| *********************************************************************************************************
| **                                                                                                     **
| **           888888888888                                                                              **
| **         8888888888888888                                                                            **
| **      888888888888888888                                                                             **
| **     888888888888888888                                                                              **
| **    888888888888888                                                                                  **
| **   88888888888888888888                               88888                       8888:              **
| **   8888888888888888888888Z                            88888                       8888:              **
| **   888888888888888888888888?                          88888                       8888:              **
| **   8888888888888      8888888                                        888888       8888:              **
| **    88888888888         888888     8888:     88888    88888        888888888I     8888:    888888    **
| **    8888888888           88888:    8888:     88888    88888      $888888888888    8888:   888888     **
| **    I8Z 88888             88888    8888:     88888    88888    .888888     8888   8888: 888888       **
| **    .8Z 88888             88888    8888:     88888    88888    $88888             8888:88888         **
| **     8I 88888      .=88. .88888    8888:     88888    88888    88888              8888888888         **
| **    :8  88888      888888$8888$    8888:     88888    88888    8888O              88888888888        **
| **   ,7   +88888.     8888888888.    8888:     88888    88888    888888             88888O888888       **
| **         $888888:.   .8888888      88888....888888    88888     888888     8888   8888:  888888      **
| **          I8888888888888888888     888888888888888    88888     O888888888888O    8888:   888888     **
| **            O888888888888888888     88888888888888    88888       88888888888$    8888:    888888    **
| **               8888888Z     888      .8888I  88888    88888         8888888       8888:     888888   **
| **                                                                                                     **
| **                                                                                                     **
| **                                         Copyright (c) 2026                                          **
| **                          Regents of the University of California San Diego                          **
| **                                    & Michigan State University                                      **
| **                                        All Rights Reserved.                                         **
| **                                                                                                     **
| **             This software is subject to the terms of the Mozilla Public License, v. 2.0.            **
| **                                                                                                     **
| *********************************************************************************************************
|                                                                                                          
| Cite this work as:                                                                                       
| Manathunga, M.; O'Hearn, K. A.; Shajan, A.; Smith, J.; Miao, Y.; He, X.; Ayers, K.;                      
| Brothers, E.; Palos, E.; Tripathy, V.; Goetz, A.W.; Merz, K.M. QUICK-26.03.                              
| University of California,San Diego, CA and                                                               
| Michigan State University, East Lansing, MI, 2026                                                        
|                                                                                                          
| If you have any comments or queries, please reach out to us on GitHub issues or discussion sections:     
| https://github.com/merzlab/QUICK.                                                                        
|                                                                                                          
| TASK STARTS ON: Wed Jul  1 02:18:05 2026
| INPUT FILE :    3_10_helix.in
| OUTPUT FILE:    3_10_helix.out
| BASIS SET PATH: /projects/bdit/vtripathy/QUICK/install_h200/basis

|------------ GPU INFORMATION ---------------
| CUDA ENABLED DEVICE         :        1
| CUDA DEVICE IN USE          :        0
| CUDA DEVICE NAME            : NVIDIA H200
| CUDA DEVICE PM              :      132
| CUDA DEVICE CORE FREQ(GHZ)  :     1.98
| CUDA DEVICE MEMORY SIZE (MB):   143166
| SUPPORTING CUDA VERSION     :      9.0
|--------------------------------------------

 @ Read Job And Atom

  KEYWORD=B3LYP BASIS=6-31G** CUTOFF=1.0E-7 DENSERMS=1.0E-6 GRADIENT
 ============== JOB CARD =============
 METHOD = DENSITY FUNCTIONAL THEORY
 DENSITY FUNCTIONAL = B3LYP
 DIRECT SCF 
 SAD INITAL GUESS 
 USE DIIS SCF
 PRINT ENERGY EVERY CYCLE
 READ SAD GUESS FROM FILE
 STANDARD GRID = SG1
 Level shifting allowed after cycle    3
 DIIS error must exceed 0.100 for level shifting
 Max HOMO-LUMO gap to allow level shifting = 0.200
 GRADIENT CALCULATION
 MAX SCF CYCLES =    200
 MAX DIIS CYCLES =   10
 DELTA DENSITY START CYCLE =    3
 COMPUTATIONAL CUTOFF: 
      TWO-e INTEGRAL         =  0.100E-06
      BASIS SET PRIME        =  0.100E-07
      MATRIX ELEMENTS        =  0.100E-09
      BASIS FUNCTION         =  0.100E-05
      NEAR-LINEAR DEPENDENCY =  0.100E-04
      GRADIENT CUTOFF  =  0.100E-06
 DENSITY MATRIX MAXIMUM RMS FOR CONVERGENCE  =  0.100E-05
 BASIS SET = 6-31G**,  TYPE = CARTESIAN
| BASIS FILE = /projects/bdit/vtripathy/QUICK/install_h200/basis/6-31GDP.BAS
| DATA FILE  =    3_10_helix.dat

 @ Finish reading job


 @ Begin SAD initial guess

 For Atom Kind =    1
 ELEMENT = C 
 BASIS FUNCTIONS =   15
 For Atom Kind =    2
 ELEMENT = H 
 BASIS FUNCTIONS =    5
 For Atom Kind =    3
 ELEMENT = O 
 BASIS FUNCTIONS =   15
 For Atom Kind =    4
 ELEMENT = N 
 BASIS FUNCTIONS =   15

 @ Finish SAD initial guess


 @ Begin Reading Molecular Information


 =========== Molecule Input ==========
 TOTAL MOLECULAR CHARGE  =    0    MULTIPLICITY                =    1
 TOTAL ATOM NUMBER       =  189    NUMBER OF ATOM TYPES        =    4
 NUMBER OF HYDROGEN ATOM =   95    NUMBER OF NON-HYDROGEN ATOM =   94
 NUMBER OF ELECTRONS     =  716

 -- INPUT GEOMETRY -- :
    C         -18.5659      -1.1344      -1.5564
    H         -18.6956      -2.0206      -0.9357
    C         -17.4220      -0.2956      -1.0090
    O         -16.3032      -0.8000      -0.9440
    H         -18.3374      -1.4368      -2.5778
    N         -17.6770       0.9552      -0.6194
    H         -18.6195       1.3114      -0.6990
    C         -16.6418       1.8185      -0.0869
    H         -16.3328       2.4752      -0.9002
    C         -15.4537       1.0067       0.4096
    O         -14.3459       1.1473      -0.1014
    C         -17.1640       2.6443       1.0831
    H         -16.3662       3.2823       1.4628
    H         -17.9957       3.2635       0.7487
    H         -17.5038       1.9774       1.8762
    N         -15.6896       0.1540       1.4104
    H         -16.6235       0.0854       1.7860
    C         -14.6416      -0.6753       1.9712
    H         -14.3142      -0.1880       2.8898
    C         -13.4729      -0.8101       1.0057
    O         -12.3580      -0.3952       1.3147
    C         -15.1567      -2.0779       2.2776
    H         -14.3502      -2.6779       2.6972
    H         -15.9746      -2.0160       2.9950
    H         -15.5141      -2.5422       1.3584
    N         -13.7304      -1.3920      -0.1677
    H         -14.6688      -1.7108      -0.3611
    C         -12.7028      -1.5787      -1.1722
    H         -12.3734      -2.6142      -1.0939
    C         -11.5297      -0.6374      -0.9369
    O         -10.4095      -1.0840      -0.7008
    C         -13.2457      -1.3055      -2.5705
    H         -12.4528      -1.4531      -3.3039
    H         -14.0676      -1.9899      -2.7809
    H         -13.6050      -0.2780      -2.6266
    N         -11.7905       0.6700      -1.0022
    H         -12.7330       0.9734      -1.2002
    C         -10.7583       1.6672      -0.7971
    H         -10.4486       2.0052      -1.7862
    C          -9.5702       1.0803      -0.0491
    O          -8.4596       1.0407      -0.5751
    C         -11.2868       2.8433       0.0172
    H         -10.4918       3.5760       0.1553
    H         -12.1194       3.3076      -0.5124
    H         -11.6270       2.4887       0.9904
    N          -9.8055       0.6229       1.1830
    H         -10.7412       0.6846       1.5580
    C          -8.7573       0.0414       1.9970
    H          -8.4342       0.8160       2.6919
    C          -7.5848      -0.4124       1.1382
    O          -6.4723       0.0873       1.2887
    C          -9.2690      -1.1721       2.7657
    H          -8.4611      -1.5885       3.3679
    H         -10.0898      -0.8702       3.4167
    H          -9.6225      -1.9257       2.0620
    N          -7.8377      -1.3638       0.2359
    H          -8.7751      -1.7336       0.1630
    C          -6.8068      -1.8804      -0.6400
    H          -6.4739      -2.8250      -0.2105
    C          -5.6368      -0.9121      -0.7412
    O          -4.5157      -1.2459      -0.3639
    C          -7.3468      -2.1075      -2.0488
    H          -6.5508      -2.4951      -2.6848
    H          -8.1646      -2.8254      -2.0126
    H          -7.7089      -1.1636      -2.4555
    N          -5.9008       0.2923      -1.2532
    H          -6.8435       0.5059      -1.5446
    C          -4.8729       1.3034      -1.4017
    H          -4.5608       1.2823      -2.4461
    C          -3.6841       1.0139      -0.4949
    O          -2.5728       0.8006      -0.9730
    C          -5.4067       2.6864      -1.0428
    H          -4.6141       3.4240      -1.1628
    H          -6.2387       2.9359      -1.6999
    H          -5.7485       2.6863      -0.0074
    N          -3.9225       1.0071       0.8186
    H          -4.8596       1.1907       1.1479
    C          -2.8754       0.7454       1.7853
    H          -2.5565       1.7124       2.1724
    C          -1.6989       0.0278       1.1376
    O          -0.5878       0.5531       1.1079
    C          -3.3853      -0.1318       2.9235
    H          -2.5786      -0.3122       3.6335
    H          -4.2084       0.3726       3.4299
    H          -3.7357      -1.0827       2.5210
    N          -1.9464      -1.1762       0.6164
    H          -2.8817      -1.5520       0.6728
    C          -0.9113      -1.9592      -0.0270
    H          -0.5769      -2.6967       0.7027
    C           0.2559      -1.0798      -0.4526
    O           1.3771      -1.2591       0.0189
    C          -1.4456      -2.6585      -1.2719
    H          -0.6472      -3.2383      -1.7342
    H          -2.2631      -3.3238      -0.9927
    H          -1.8097      -1.9132      -1.9799
    N          -0.0096      -0.1255      -1.3482
    H          -0.9517      -0.0293      -1.6969
    C           1.0155       0.7761      -1.8332
    H           1.3312       0.3982      -2.8055
    C           2.2023       0.8204      -0.8804
    O           3.3159       0.4588      -1.2537
    C           0.4769       2.1956      -1.9726
    H           1.2680       2.8502      -2.3380
    H          -0.3539       2.2011      -2.6779
    H           0.1315       2.5502      -1.0012
    N           1.9600       1.2654       0.3546
    H           1.0219       1.5470       0.5999
    C           3.0056       1.3542       1.3543
    H           3.3209       2.3979       1.3861
    C           4.1861       0.4634       0.9948
    O           5.2955       0.9500       0.7888
    C           2.4946       0.9212       2.7243
    H           3.2992       0.9986       3.4540
    H           1.6680       1.5662       3.0249
    H           2.1492      -0.1111       2.6729
    N           3.9436      -0.8476       0.9204
    H           3.0087      -1.1842       1.1005
    C           4.9832      -1.8001       0.5864
    H           5.3170      -2.2404       1.5263
    C           6.1494      -1.1164      -0.1138
    O           7.2688      -1.1184       0.3936
    C           4.4543      -2.8866      -0.3428
    H           5.2557      -3.5872      -0.5758
    H           3.6386      -3.4186       0.1469
    H           4.0900      -2.4316      -1.2640
    N           5.8828      -0.5293      -1.2826
    H           4.9417      -0.5630      -1.6448
    C           6.9072       0.1548      -2.0465
    H           7.2259      -0.5336      -2.8294
    C           8.0905       0.5283      -1.1646
    O           9.2062       0.0641      -1.3896
    C           6.3645       1.4373      -2.6664
    H           7.1551       1.9295      -3.2336
    H           5.5354       1.1966      -3.3323
    H           6.0160       2.1035      -1.8768
    N           7.8441       1.3699      -0.1579
    H           6.9041       1.7152      -0.0270
    C           8.8862       1.8015       0.7510
    H           9.1976       2.7925       0.4222
    C          10.0699       0.8454       0.7220
    O          11.1780       1.2354       0.3634
    C           8.3712       1.8630       2.1858
    H           9.1744       2.1907       2.8455
    H           7.5425       2.5690       2.2445
    H           8.0298       0.8750       2.4920
    N           9.8316      -0.4124       1.1020
    H           8.8976      -0.6703       1.3859
    C          10.8741      -1.4179       1.1187
    H          11.2069      -1.5076       2.1532
    C          12.0410      -1.0118       0.2282
    O          13.1596      -0.8358       0.7070
    C          10.3519      -2.7598       0.6190
    H          11.1561      -3.4950       0.6421
    H           9.5358      -3.0941       1.2599
    H           9.9891      -2.6509      -0.4033
    N          11.7765      -0.8645      -1.0719
    H          10.8357      -1.0238      -1.4028
    C          12.8013      -0.4804      -2.0223
    H          13.1245      -1.3946      -2.5198
    C          13.9807       0.1773      -1.3208
    O          15.0982      -0.3302      -1.3706
    C          12.2567       0.5086      -3.0463
    H          13.0472       0.7782      -3.7472
    H          11.4305       0.0511      -3.5909
    H          11.9033       1.4039      -2.5347
    N          13.7287       1.3133      -0.6654
    H          12.7869       1.6796      -0.6631
    C          14.7666       2.0349       0.0414
    H          15.0759       2.8542      -0.6075
    C          15.9531       1.1316       0.3459
    O          17.0618       1.3794      -0.1234
    C          14.2476       2.5846       1.3664
    H          15.0477       3.1219       1.8752
    H          13.4168       3.2651       1.1773
    H          13.9079       1.7609       1.9929
    N          15.7175       0.0813       1.1347
    H          14.7832      -0.0677       1.4882
    C          16.7638      -0.8543       1.4972
    H          17.0936      -0.5812       2.5004
    C          17.9307      -0.7746       0.5241
    O          19.0479      -0.4405       0.9147
    C          16.2462      -2.2884       1.4885
    H          17.0527      -2.9675       1.7653
    H          15.4287      -2.3841       2.2038
    H          15.8861      -2.5388       0.4905
    N          17.6708      -1.0839      -0.7479
    H          16.7313      -1.3507      -1.0056
    H          18.3788      -1.0585      -1.4536
    H         -19.4666      -0.5569      -1.5480

============== BASIS INFOS ==============
 BASIS FUNCTIONS = 1885
 NSHELL =  661 NPRIM  = 3297
 JSHELL =  661 JBASIS = 1509


 @ End Reading Molecular Information 


 @ Begin XC Quadrature Formation

 OCTAGO: OCTree Algorithm for Grid Operations 
   PRUNING CUTOFF       = 0.100E-06
   INITIAL GRID POINTS  =      715144
|   FINAL GRID POINTS    =      448648
|   SIGNIFICANT NUMBER OF BASIS FUNCTIONS     =      810022
|   SIGNIFICANT NUMBER OF PRIMITIVE FUNCTIONS =      883192

 @ End XC Quadrature Formation


 @ Begin Energy Calculation

| condition number of overlap matrix:    5.005E+03
| Smallest eigenvalue of overlap matrix:    1.572E-03

                                         SCF ENERGY
| ------------------------------------------------------------------------------------------------------------------------
| NCYC       ENERGY         DELTA_E      SCF_TIME  DII_CYC   DII_TIME   O_TIME  DIAG_TIME    MAX_ERR    RMS_CHG    MAX_CHG
| ------------------------------------------------------------------------------------------------------------------------
|  1  -4683.453111713      ------         4.192     1        0.16      4.02      0.03    0.2412E+01  0.7927E-02  0.6198E+00
|  2  -4657.961443077  -.254917E+02       5.166     2        0.17      4.98      0.03    0.3407E+00  0.1028E-01  0.4835E+01
|  3  -4640.491968039  -.174695E+02       5.126     3        0.21      4.90      0.03    0.8656E+00  0.9533E-02  0.4734E+01
|   ***  Level shifting applied  ( HOMO-LUMO gap =  0.005 au ) ***
|  4  -4647.291165662  0.679920E+01       5.011     4        0.22      4.78      0.03    0.6354E+00  0.3136E-02  0.6946E+00
|   ***  Level shifting applied  ( HOMO-LUMO gap =  0.050 au ) ***
|  5  -4660.607642648  0.133165E+02       4.750     5        0.23      4.51      0.03    0.2081E+00  0.1035E-02  0.2417E+00
|   ***  Level shifting applied  ( HOMO-LUMO gap =  0.190 au ) ***
|  6  -4660.920669364  0.313027E+00       4.550     6        0.25      4.28      0.03    0.1504E+00  0.4410E-03  0.1122E+00
|   ***  Level shifting applied  ( HOMO-LUMO gap =  0.190 au ) ***
|  7  -4660.979932302  0.592629E-01       4.363     7        0.22      4.13      0.03    0.4632E-01  0.1948E-03  0.4227E-01
|  8  -4661.002500295  0.225680E-01       4.160     8        0.23      3.92      0.03    0.2426E-01  0.6518E-04  0.8486E-02
|  9  -4661.005044656  0.254436E-02       3.912     9        0.25      3.65      0.03    0.1317E-01  0.5237E-04  0.5605E-02
| 10  -4661.006195850  0.115119E-02       3.849    10        0.25      3.59      0.03    0.7638E-02  0.4284E-04  0.5002E-02
| 11  -4661.006737017  0.541167E-03       3.843     1        0.33      3.50      0.03    0.2395E-02  0.1593E-04  0.1943E-02
| 12  -4661.006817550  0.805329E-04       3.659     2        0.33      3.32      0.03    0.6852E-03  0.5159E-05  0.6405E-03
| -------------- 2E-INT CUTOFF CHANGE TO 0.1000E-08 ------------
| 13  -4661.006826239  0.868938E-05       4.510     3        0.33      4.17      0.03    0.3679E-03  0.1917E-05  0.3109E-03
| 14  -4661.006827410  0.117119E-05       4.201     4        0.33      3.86      0.03    0.1530E-03  0.8109E-06  0.1329E-03
| -------------- 2E-INT CUTOFF CHANGE TO 0.1000E-09 ------------
| 15  -4661.006827721  0.310756E-06       4.594     5        0.33      4.25      0.03    0.2674E-04  0.2525E-06  0.2870E-04
| ------------------------------------------------------------------------------------------------------------------------
| REACH CONVERGENCE AFTER  15 CYCLES
| MAX ERROR = 0.267398E-04   RMS CHANGE = 0.252452E-06   MAX CHANGE = 0.286984E-04
| -----------------------------------------------
 ALPHA ELECTRON DENSITY    =   357.9982099048
 BETA ELECTRON DENSITY     =   357.9982099048
 ELECTRONIC ENERGY    = -22703.561581157
 CORE_CORE REPULSION  =  18042.554753435
 TOTAL ENERGY         =  -4661.006827721

 @ End Energy calculation


 @ Begin Gradient Calculation

 ANALYTICAL GRADIENT: 
----------------------------------------
 COORDINATE    XYZ            GRADIENT
----------------------------------------
    1X   -18.5658774178    -0.0058150273
    1Y    -1.1344190866    -0.0095275232
    1Z    -1.5564091189    -0.0051578248
    2X   -18.6956024277    -0.0007593003
    2Y    -2.0205541543     0.0018352552
    2Z    -0.9356800715     0.0001382744
    3X   -17.4220283304     0.0016494731
    3Y    -0.2955910226     0.0366371141
    3Z    -1.0089940771     0.0184525877
    4X   -16.3032042450    -0.0003190467
    4Y    -0.7999790611     0.0035387184
    4Z    -0.9440030721     0.0095139320
    5X   -18.3374434003    -0.0012555980
    5Y    -1.4367611097     0.0013418891
    5Z    -2.5778441969     0.0005247276
    6X   -17.6770483499     0.0127020911
    6Y     0.9551620729    -0.0063068780
    6Z    -0.6194190473    -0.0092720332
    7X   -18.6195474219    -0.0008614747
    7Y     1.3114181001    -0.0012382788
    7Z    -0.6989940534    -0.0000509061
    8X   -16.6417822708     0.0044571957
    8Y     1.8184751389    -0.0067798352
    8Z    -0.0868750066    -0.0032749759
    9X   -16.3327572472    -0.0107421897
    9Y     2.4751861890    -0.0016407048
    9Z    -0.9001540687    -0.0016915869
   10X   -15.4536871801    -0.0093801563
   10Y     1.0066500769    -0.0054751132
   10Z     0.4096000313     0.0243883021
   11X   -14.3459090955     0.0052875101
   11Y     1.1472870876    -0.0214232369
   11Z    -0.1014360077    -0.0051390418
   12X   -17.1639873107     0.0040648459
   12Y     2.6443192019    -0.0012164130
   12Z     1.0830670827     0.0050895295
   13X   -16.3662392498     0.0006234695
   13Y     3.2822792506    -0.0023466121
   13Z     1.4628151117    -0.0016728045
   14X   -17.9957013742     0.0028540933
   14Y     3.2635172492    -0.0039813193
   14Z     0.7486830572    -0.0030523722
   15X   -17.5037733367     0.0028275884
   15Y     1.9774301510    -0.0036300282
   15Z     1.8761671433    -0.0035706413
   16X   -15.6895551981     0.0044206140
   16Y     0.1540180118    -0.0028913705
   16Z     1.4103791077    -0.0146624513
   17X   -16.6235372694    -0.0005252449
   17Y     0.0853950065     0.0028801194
   17Z     1.7859791364    -0.0004218801
   18X   -14.6415911181     0.0054782403
   18Y    -0.6753430516     0.0059106765
   18Z     1.9711781505    -0.0037164240
   19X   -14.3141990931    -0.0109364350
   19Y    -0.1879700144     0.0026166374
   19Z     2.8897982207    -0.0008751265
   20X   -13.4729140288    -0.0086375388
   20Y    -0.8100980619    -0.0145393048
   20Z     1.0057350768    -0.0074724629
   21X   -12.3579769437     0.0013671424
   21Y    -0.3952240302     0.0096722571
   21Z     1.3146891004    -0.0203951926
   22X   -15.1567041574     0.0045252631
   22Y    -2.0779311587    -0.0038050147
   22Z     2.2775691739    -0.0024160493
   23X   -14.3502310958     0.0001618130
   23Y    -2.6779062045     0.0023838816
   23Z     2.6971792060    -0.0018661961
   24X   -15.9746192199     0.0028276317
   24Y    -2.0160341540     0.0042090575
   24Z     2.9950242287    -0.0028722622
   25X   -15.5140731847     0.0026286593
   25Y    -2.5421941941     0.0037228915
   25Z     1.3583991037    -0.0018679281
   26X   -13.7303770485     0.0006343923
   26Y    -1.3920161063     0.0166925310
   26Z    -0.1677440128    -0.0025711575
   27X   -14.6687661202     0.0007811307
   27Y    -1.7107901306    -0.0054653761
   27Z    -0.3611230276     0.0055564213
   28X   -12.7027719700     0.0055736039
   28Y    -1.5786641206    -0.0018578898
   28Z    -1.1721560895     0.0036947641
   29X   -12.3733759449    -0.0113127271
   29Y    -2.6141951996     0.0005202797
   29Z    -1.0939360835     0.0032129467
   30X   -11.5297018805    -0.0059797089
   30Y    -0.6373640487     0.0155939845
   30Z    -0.9368810715    -0.0097013145
   31X   -10.4095377949    -0.0008204276
   31Y    -1.0840160828     0.0141889807
   31Z    -0.7008140535     0.0163928597
   32X   -13.2456820115     0.0045949173
   32Y    -1.3054560997     0.0045090746
   32Z    -2.5705351963    -0.0010106003
   33X   -12.4528049509    -0.0000457452
   33Y    -1.4531271110     0.0007608650
   33Z    -3.3038902523     0.0025808344
   34X   -14.0676290743     0.0027037786
   34Y    -1.9898531520    -0.0003533629
   34Z    -2.7808512124     0.0044460836
   35X   -13.6049800389     0.0032676516
   35Y    -0.2780240212     0.0008719427
   35Z    -2.6265912006     0.0037516255
   36X   -11.7904589004    -0.0002340556
   36Y     0.6699730512    -0.0061014337
   36Z    -1.0022470765     0.0161377761
   37X   -12.7329939723     0.0004575125
   37Y     0.9733890743    -0.0022699528
   37Z    -1.2001690916    -0.0068634378
   38X   -10.7583088215     0.0069363101
   38Y     1.6671861273    -0.0023702847
   38Z    -0.7970650609    -0.0026490498
   39X   -10.4485647979    -0.0114435649
   39Y     2.0052041531    -0.0031292090
   39Z    -1.7862021364    -0.0010704530
   40X    -9.5702017308    -0.0060210451
   40Y     1.0802670825     0.0039909339
   40Z    -0.0490590037     0.0179019874
   41X    -8.4595516460    -0.0006962720
   41Y     1.0406780795    -0.0210455288
   41Z    -0.5750670439     0.0063381920
   42X   -11.2867668619     0.0046512779
   42Y     2.8433372171    -0.0009327740
   42Z     0.0171750013     0.0043570220
   43X   -10.4917998012    -0.0002824206
   43Y     3.5759592731    -0.0027836467
   43Z     0.1552940119    -0.0004254921
   44X   -12.1194089255     0.0026261833
   44Y     3.3075772526    -0.0037440721
   44Z    -0.5123820391    -0.0021681310
   45X   -11.6269838879     0.0033157926
   45Y     2.4887361900    -0.0036789352
   45Z     0.9903610756    -0.0004217970
   46X    -9.8055217488    -0.0005637689
   46Y     0.6229370476    -0.0135552653
   46Z     1.1829990903    -0.0117315184
   47X   -10.7411568202     0.0011787095
   47Y     0.6846480523     0.0080412748
   47Z     1.5579761190     0.0006088907
   48X    -8.7572556687     0.0071718348
   48Y     0.0414430032     0.0039200002
   48Z     1.9969841525    -0.0002097236
   49X    -8.4342496441    -0.0117056932
   49Y     0.8160190623     0.0017488717
   49Z     2.6919072056    -0.0025841292
   50X    -7.5848445792    -0.0045081270
   50Y    -0.4124030315    -0.0173584222
   50Z     1.1381660869    -0.0031985370
   51X    -6.4723494943    -0.0026269239
   51Y     0.0872620067     0.0019684288
   51Z     1.2886510984    -0.0217558019
   52X    -9.2689897078     0.0041091373
   52Y    -1.1720690895    -0.0036743968
   52Z     2.7657212112    -0.0025199333
   53X    -8.4611256461    -0.0001168439
   53Y    -1.5885301213     0.0013772657
   53Z     3.3679222572    -0.0024836901
   54X   -10.0897897705     0.0027492273
   54Y    -0.8702440665     0.0033348714
   54Z     3.4166692609    -0.0025463989
   55X    -9.6225067348     0.0033309382
   55Y    -1.9257221471     0.0020422394
   55Z     2.0620061575    -0.0034129096
   56X    -7.8377275985    -0.0005217689
   56Y    -1.3637821041     0.0155029334
   56Z     0.2359190180    -0.0082257882
   57X    -8.7751346701     0.0015930061
   57Y    -1.7336271324    -0.0036033182
   57Z     0.1630380125     0.0072150163
   58X    -6.8068445198     0.0071480377
   58Y    -1.8804101436    -0.0004841467
   58Z    -0.6400230489     0.0037504458
   59X    -6.4738684944    -0.0116067514
   59Y    -2.8250052157     0.0015748211
   59Z    -0.2105300161     0.0029076996
   60X    -5.6367874304    -0.0043945465
   60Y    -0.9120860697     0.0094383061
   60Z    -0.7412500566    -0.0145929112
   61X    -4.5157153448    -0.0028490916
   61Y    -1.2458920951     0.0194538820
   61Z    -0.3638680278     0.0104648394
   62X    -7.3467915610     0.0033738382
   62Y    -2.1075291609     0.0033655936
   62Z    -2.0487661565    -0.0022918448
   63X    -6.5507605002    -0.0002846877
   63Y    -2.4950861905     0.0016279594
   63Z    -2.6848262050     0.0022200587
   64X    -8.1646246235     0.0035648886
   64Y    -2.8253752158     0.0013961466
   64Z    -2.0125501537     0.0038882006
   65X    -7.7088525887     0.0035068845
   65Y    -1.1635540889     0.0020696630
   65Z    -2.4554631875     0.0030579868
   66X    -5.9007814506    -0.0015748080
   66Y     0.2922780223     0.0004489397
   66Z    -1.2532340957     0.0178512578
   67X    -6.8435295226     0.0023375523
   67Y     0.5058730386    -0.0051275669
   67Z    -1.5446341180    -0.0065840710
   68X    -4.8729023721     0.0069935826
   68Y     1.3033960995    -0.0022314639
   68Z    -1.4017391070    -0.0026414258
   69X    -4.5607573483    -0.0114839600
   69Y     1.2822550979    -0.0033353412
   69Z    -2.4460621868     0.0002952547
   70X    -3.6841502813    -0.0030156951
   70Y     1.0138610774     0.0093688010
   70Z    -0.4948760378     0.0151656677
   71X    -2.5728261965    -0.0032100186
   71Y     0.8006090611    -0.0169267582
   71Z    -0.9730310743     0.0137452018
   72X    -5.4067234129     0.0043227600
   72Y     2.6864102051     0.0010874156
   72Z    -1.0427850796     0.0035823659
   73X    -4.6140773523    -0.0006040575
   73Y     3.4239822615    -0.0032040683
   73Z    -1.1628020888     0.0007786141
   74X    -6.2387374764     0.0033027574
   74Y     2.9359282242    -0.0042177333
   74Z    -1.6999501298    -0.0005081440
   75X    -5.7484884390     0.0033898950
   75Y     2.6862702051    -0.0034634282
   75Z    -0.0073980006     0.0010878683
   76X    -3.9225362995    -0.0010868209
   76Y     1.0071410769    -0.0168704139
   76Z     0.8186180625    -0.0066197826
   77X    -4.8596243711     0.0019380482
   77Y     1.1906710909     0.0082564718
   77Z     1.1479000877    -0.0019923531
   78X    -2.8753762196     0.0068838506
   78Y     0.7454060569     0.0040135096
   78Z     1.7852721363    -0.0013501006
   79X    -2.5564571952    -0.0117851409
   79Y     1.7123681308     0.0005344236
   79Z     2.1724421659    -0.0031129998
   80X    -1.6989071297    -0.0038976689
   80Y     0.0277800021    -0.0180829689
   80Z     1.1376490869     0.0034044544
   81X    -0.5877960449    -0.0027481691
   81Y     0.5531190422    -0.0053357864
   81Z     1.1079120846    -0.0212116931
   82X    -3.3853262585     0.0048327276
   82Y    -0.1318200101    -0.0040059793
   82Z     2.9235302233    -0.0011028382
   83X    -2.5785551969    -0.0005936281
   83Y    -0.3121750238     0.0005940265
   83Z     3.6335012775    -0.0028660271
   84X    -4.2084003214     0.0028372700
   84Y     0.3726090285     0.0023444236
   84Z     3.4298732619    -0.0035808733
   85X    -3.7356582853     0.0033221544
   85Y    -1.0826880827     0.0003303176
   85Z     2.5210221925    -0.0037231556
   86X    -1.9464341486    -0.0020029561
   86Y    -1.1762010898     0.0124026955
   86Z     0.6164380471    -0.0132033634
   87X    -2.8816832201     0.0026928689
   87Y    -1.5519831185    -0.0012003495
   87Z     0.6727510514     0.0084355072
   88X    -0.9112740696     0.0073990676
   88Y    -1.9592371496    -0.0003023134
   88Z    -0.0270010021     0.0032358650
   89X    -0.5769300441    -0.0116507279
   89Y    -2.6966912059     0.0024999096
   89Z     0.7026910537     0.0022804272
   90X     0.2559270195    -0.0048810885
   90Y    -1.0797920825     0.0038488331
   90Z    -0.4525500346    -0.0173147898
   91X     1.3770961052    -0.0026830691
   91Y    -1.2590960961     0.0218543589
   91Z     0.0188700014     0.0031448640
   92X    -1.4456421104     0.0046169653
   92Y    -2.6585022030     0.0026038397
   92Z    -1.2718850971    -0.0031183817
   93X    -0.6471630494    -0.0005236628
   93Y    -3.2383082473     0.0026100520
   93Z    -1.7341891324     0.0017430105
   94X    -2.2631031728     0.0028142108
   94Y    -3.3237812538     0.0021224374
   94Z    -0.9926670758     0.0034708204
   95X    -1.8096751382     0.0033967063
   95Y    -1.9132191461     0.0034488180
   95Z    -1.9798921512     0.0016827319
   96X    -0.0095820007    -0.0018404599
   96Y    -0.1255080096     0.0071126935
   96Z    -1.3482101030     0.0159637927
   97X    -0.9517110727     0.0029620647
   97Y    -0.0293480022    -0.0072772866
   97Z    -1.6969391296    -0.0038800434
   98X     1.0154940775     0.0075758224
   98Y     0.7760870593    -0.0028167525
   98Z    -1.8331571400    -0.0014117368
   99X     1.3311971017    -0.0116762340
   99Y     0.3981540304    -0.0030426366
   99Z    -2.8054882142     0.0016077525
  100X     2.2022991682    -0.0035763763
  100Y     0.8203760626     0.0141722228
  100Z    -0.8804310672     0.0106174187
  101X     3.3159242532    -0.0031873092
  101Y     0.4588220350    -0.0114340808
  101Z    -1.2537470957     0.0190308565
  102X     0.4768560364     0.0043551287
  102Y     2.1955931677     0.0017119723
  102Z    -1.9726461506     0.0035057813
  103X     1.2680230968    -0.0004909403
  103Y     2.8501602176    -0.0024530882
  103Z    -2.3379501785     0.0015520482
  104X    -0.3538590270     0.0031563011
  104Y     2.2011311681    -0.0039403029
  104Z    -2.6778742045     0.0006816280
  105X     0.1315320100     0.0034764865
  105Y     2.5502291947    -0.0029525433
  105Z    -1.0011930765     0.0021784016
  106X     1.9600441497    -0.0019881956
  106Y     1.2654320966    -0.0178164603
  106Z     0.3545750271    -0.0005294118
  107X     1.0218570780     0.0025017830
  107Y     1.5469631181     0.0068485149
  107Z     0.5999310458    -0.0049252297
  108X     3.0056462295     0.0077218694
  108Y     1.3542051034     0.0015078632
  108Z     1.3542691034    -0.0022526494
  109X     3.3208922536    -0.0115304841
  109Y     2.3978571831     0.0001850400
  109Z     1.3860991058    -0.0030929180
  110X     4.1861103197    -0.0038300070
  110Y     0.4633790354    -0.0150437737
  110Z     0.9947550760     0.0088482939
  111X     5.2955244044    -0.0028426384
  111Y     0.9500430725    -0.0126236995
  111Z     0.7887870602    -0.0178449881
  112X     2.4946361905     0.0052919792
  112Y     0.9212220703    -0.0043064725
  112Z     2.7242712080     0.0003505347
  113X     3.2992022519    -0.0010105557
  113Y     0.9985710763    -0.0005792475
  113Z     3.4539712638    -0.0033402173
  114X     1.6680131274     0.0025638281
  114Y     1.5661651196     0.0013110248
  114Z     3.0249152310    -0.0036506669
  115X     2.1491511641     0.0034153433
  115Y    -0.1110610085    -0.0005370211
  115Z     2.6729412041    -0.0035383938
  116X     3.9436313012    -0.0018851394
  116Y    -0.8476420647     0.0070220204
  116Z     0.9204420703    -0.0163634179
  117X     3.0086832298     0.0026037504
  117Y    -1.1841730904     0.0016567746
  117Z     1.1005100840     0.0084050752
  118X     4.9831703805     0.0073097610
  118Y    -1.8001021375     0.0012202601
  118Z     0.5864110448     0.0028857253
  119X     5.3169964060    -0.0116738963
  119Y    -2.2403711711     0.0030554560
  119Z     1.5262881166     0.0014726708
  120X     6.1493784696    -0.0042415346
  120Y    -1.1163620852    -0.0020487051
  120Z    -0.1137630087    -0.0181260904
  121X     7.2687755551    -0.0026533508
  121Y    -1.1184020854     0.0215241128
  121Z     0.3936050301    -0.0041364226
  122X     4.4542843401     0.0046389002
  122Y    -2.8865892204     0.0015887618
  122Z    -0.3427920262    -0.0039642421
  123X     5.2556874013    -0.0006565511
  123Y    -3.5871712739     0.0028946769
  123Z    -0.5758400440     0.0007803437
  124X     3.6386442779     0.0029792924
  124Y    -3.4186242611     0.0033022024
  124Z     0.1468850112     0.0024626117
  125X     4.0899963123     0.0033695248
  125Y    -2.4316021857     0.0036325562
  125Z    -1.2639750965     0.0005340598
  126X     5.8827754492    -0.0026031962
  126Y    -0.5293140404     0.0119944087
  126Z    -1.2825710979     0.0134064925
  127X     4.9416813774     0.0032283987
  127Y    -0.5630260430    -0.0084579724
  127Z    -1.6448331256    -0.0015985411
  128X     6.9071655275     0.0078183926
  128Y     0.1548470118    -0.0026825755
  128Z    -2.0464671563    -0.0004686757
  129X     7.2258995518    -0.0116446627
  129Y    -0.5335890407    -0.0025088763
  129Z    -2.8293552161     0.0024208901
  130X     8.0905226178    -0.0051649056
  130Y     0.5282760403     0.0174903568
  130Z    -1.1645900889     0.0056252020
  131X     9.2061847030    -0.0016838506
  131Y     0.0641140049    -0.0043888820
  131Z    -1.3896071061     0.0217975942
  132X     6.3645134860     0.0044804543
  132Y     1.4372871098     0.0024376952
  132Z    -2.6664292036     0.0030079468
  133X     7.1551045464    -0.0001948061
  133Y     1.9295331473    -0.0016661905
  133Z    -3.2335882469     0.0022500836
  134X     5.5354244227     0.0029087858
  134Y     1.1966350914    -0.0036527941
  134Z    -3.3322842545     0.0019034559
  135X     6.0160394594     0.0033422642
  135Y     2.1035331606    -0.0018346444
  135Z    -1.8768181433     0.0029689417
  136X     7.8440685990    -0.0009462264
  136Y     1.3698801046    -0.0168525381
  136Z    -0.1579180121     0.0058679648
  137X     6.9040605272     0.0020901704
  137Y     1.7151671310     0.0046431289
  137Z    -0.0270300021    -0.0069348548
  138X     8.8862196786     0.0084240532
  138Y     1.8015091376     0.0015563473
  138Z     0.7510290574    -0.0035378752
  139X     9.1975707024    -0.0119007479
  139Y     2.7924932132    -0.0015964983
  139Z     0.4221820322    -0.0029351152
  140X    10.0698757690    -0.0050579251
  140Y     0.8453700646    -0.0114520761
  140Z     0.7220290551     0.0135554548
  141X    11.1780328536    -0.0021130405
  141Y     1.2354260943    -0.0186486159
  141Z     0.3634230278    -0.0125250315
  142X     8.3712316393     0.0041900880
  142Y     1.8630321423    -0.0044851511
  142Z     2.1857851669     0.0020599947
  143X     9.1744377006    -0.0005913279
  143Y     2.1907321673    -0.0013632167
  143Z     2.8455072173    -0.0025620425
  144X     7.5425115760     0.0028655559
  144Y     2.5690311962    -0.0003070229
  144Z     2.2444521714    -0.0040265254
  145X     8.0297916132     0.0035519945
  145Y     0.8749720668    -0.0014204764
  145Z     2.4920241903    -0.0031707939
  146X     9.8316147508    -0.0010731847
  146Y    -0.4123700315     0.0017194192
  146Z     1.1019960842    -0.0179411114
  147X     8.8976236795     0.0024825531
  147Y    -0.6703310512     0.0043617615
  147Z     1.3858801058     0.0068711839
  148X    10.8741258304     0.0072008418
  148Y    -1.4179201083     0.0016397609
  148Z     1.1186650854     0.0019543023
  149X    11.2069318558    -0.0116251658
  149Y    -1.5075941151     0.0032044339
  149Z     2.1531581644     0.0004092009
  150X    12.0410509195    -0.0076299743
  150Y    -1.0118100773    -0.0079373562
  150Z     0.2282190174    -0.0172605627
  151X    13.1596180049     0.0009842760
  151Y    -0.8357780638     0.0195861294
  151Z     0.7069570540    -0.0110357839
  152X    10.3519107905     0.0048547201
  152Y    -2.7597762107     0.0003282706
  152Z     0.6189500473    -0.0042023058
  153X    11.1560608519    -0.0006703983
  153Y    -3.4950042669     0.0028805260
  153Z     0.6420630490    -0.0002907473
  154X     9.5358157282     0.0029959676
  154Y    -3.0940822363     0.0037582934
  154Z     1.2599040962     0.0012315730
  155X     9.9890687628     0.0031905117
  155Y    -2.6508742024     0.0036800117
  155Z    -0.4032900308    -0.0005699432
  156X    11.7764768993    -0.0008501110
  156Y    -0.8644900660     0.0159656577
  156Z    -1.0719210819     0.0093316178
  157X    10.8356808275     0.0023302978
  157Y    -1.0237640782    -0.0083454872
  157Z    -1.4028281071     0.0009796923
  158X    12.8012619776     0.0078223447
  158Y    -0.4804420367    -0.0030589932
  158Z    -2.0222861544     0.0008230215
  159X    13.1245220022    -0.0115823341
  159Y    -1.3945861065    -0.0013161193
  159Z    -2.5197891924     0.0032776863
  160X    13.9806970676    -0.0091784833
  160Y     0.1772810135     0.0180072838
  160Z    -1.3207781009    -0.0006608732
  161X    15.0981881530     0.0023372496
  161Y    -0.3302280252     0.0035655804
  161Z    -1.3706191047     0.0225807874
  162X    12.2567459360     0.0048553021
  162Y     0.5086200388     0.0038475166
  162Z    -3.0463222326     0.0020640772
  163X    13.0471799963    -0.0004699709
  163Y     0.7781870594    -0.0009057526
  163Z    -3.7471782861     0.0024440318
  164X    11.4304658729     0.0031517683
  164Y     0.0510970039    -0.0026119919
  164Z    -3.5908772742     0.0031334077
  165X    11.9032559090     0.0031226514
  165Y     1.4038811072    -0.0007378606
  165Z    -2.5346921936     0.0033962373
  166X    13.7287480484     0.0015426547
  166Y     1.3132511003    -0.0146001170
  166Z    -0.6654490508     0.0110652283
  167X    12.7869379765     0.0011482609
  167Y     1.6796221283     0.0025756871
  167Z    -0.6630650506    -0.0079179239
  168X    14.7666431276     0.0073804916
  168Y     2.0349271554    -0.0001263499
  168Z     0.0413630032    -0.0042925734
  169X    15.0758651513    -0.0118693608
  169Y     2.8542202180    -0.0021166872
  169Z    -0.6074740464    -0.0024276065
  170X    15.9530982182    -0.0210801866
  170Y     1.1315960864    -0.0130907033
  170Z     0.3458960264     0.0232004438
  171X    17.0618383029     0.0043352152
  171Y     1.3794471053    -0.0200184362
  171Z    -0.1234010094    -0.0074231257
  172X    14.2475970880     0.0050186617
  172Y     2.5845801974    -0.0034684966
  172Z     1.3664001043     0.0036641728
  173X    15.0477031491    -0.0007510415
  173Y     3.1219252384    -0.0020279063
  173Z     1.8752131432    -0.0017538968
  174X    13.4168070246     0.0031489359
  174Y     3.2650762493    -0.0019620618
  174Z     1.1773010899    -0.0039403156
  175X    13.9078670621     0.0033467329
  175Y     1.7608801345    -0.0021606297
  175Z     1.9929041522    -0.0024788390
  176X    15.7175432003     0.0033832976
  176Y     0.0812960062     0.0024437679
  176Z     1.1347270867    -0.0218585051
  177X    14.7832191289     0.0007421225
  177Y    -0.0676540052     0.0065653632
  177Z     1.4882281136     0.0049645196
  178X    16.7637982801     0.0093893093
  178Y    -0.8542650652     0.0022164857
  178Z     1.4971751143     0.0016780221
  179X    17.0936463053    -0.0122033773
  179Y    -0.5811580444     0.0034015546
  179Z     2.5003921909    -0.0003098970
  180X    17.9306923693    -0.0334945947
  180Y    -0.7746450592    -0.0246053998
  180Z     0.5241060400    -0.0106221183
  181X    19.0479364546    -0.0034745526
  181Y    -0.4404660336     0.0094756168
  181Z     0.9147420699    -0.0046275367
  182X    16.2461992406     0.0052282344
  182Y    -2.2883931748    -0.0017927153
  182Z     1.4885141137    -0.0041466322
  183X    17.0527013022    -0.0007201374
  183Y    -2.9674952266     0.0026503338
  183Z     1.7653241348    -0.0011982552
  184X    15.4287131782     0.0030594160
  184Y    -2.3841421821     0.0044136880
  184Z     2.2038481683    -0.0004358674
  185X    15.8860882131     0.0031114338
  185Y    -2.5388411939     0.0030639082
  185Z     0.4904660375    -0.0017154629
  186X    17.6707563494     0.0148152201
  186Y    -1.0838900828     0.0330929876
  186Z    -0.7478890571     0.0082924237
  187X    16.7313282777    -0.0011927705
  187Y    -1.3507191031    -0.0079879795
  187Z    -1.0055780768     0.0068983204
  188X    18.3787614035    -0.0066375409
  188Y    -1.0584950808    -0.0042966471
  188Z    -1.4536401110    -0.0005004053
  189X   -19.4665984865     0.0184496352
  189Y    -0.5568970425    -0.0035496369
  189Z    -1.5480151182     0.0027430694
----------------------------------------

 @ End Gradient Calculation

  Skipping one-electron property calculation.

 @ Output Timing Information

------------- TIMING ---------------
| INITIAL GUESS TIME  =     5.503687000(  3.68%)
| DFT GRID OPERATIONS =     1.068923000(  0.71%)
| TOTAL SCF TIME      =    66.395244000( 44.41%)
|       TOTAL OP TIME      =    62.365974000( 41.71%)
|             TOTAL 1e TIME      =     0.507954000(  0.34%)
|             TOTAL 2e TIME      =    41.890939000( 28.02%)
|             TOTAL EXC TIME     =    18.697107000( 12.50%)
|       TOTAL DII TIME      =     3.821326000(  2.56%)
|             TOTAL DIAG TIME    =     0.444776000(  0.30%)
| TOTAL GRADIENT TIME      =    75.726265000( 50.65%)
|       TOTAL 1e GRADIENT TIME      =     4.256386000( 3.03%)
|       TOTAL 2e GRADIENT TIME      =    68.626966000(45.90%)
|       TOTAL EXC GRADIENT TIME     =     2.568113000(  1.72%)
| TOTAL TIME          =   149.517532000
------------------------------------
| Job cpu time:  0 days  0 hours  2 minutes 29.5 seconds.

 @ Finish Output Timing Information

| Normal Termination. Task Finished on: Wed Jul  1 02:20:35 2026
