| *********************************************************************************************************
| **                                                                                                     **
| **           888888888888                                                                              **
| **         8888888888888888                                                                            **
| **      888888888888888888                                                                             **
| **     888888888888888888                                                                              **
| **    888888888888888                                                                                  **
| **   88888888888888888888                               88888                       8888:              **
| **   8888888888888888888888Z                            88888                       8888:              **
| **   888888888888888888888888?                          88888                       8888:              **
| **   8888888888888      8888888                                        888888       8888:              **
| **    88888888888         888888     8888:     88888    88888        888888888I     8888:    888888    **
| **    8888888888           88888:    8888:     88888    88888      $888888888888    8888:   888888     **
| **    I8Z 88888             88888    8888:     88888    88888    .888888     8888   8888: 888888       **
| **    .8Z 88888             88888    8888:     88888    88888    $88888             8888:88888         **
| **     8I 88888      .=88. .88888    8888:     88888    88888    88888              8888888888         **
| **    :8  88888      888888$8888$    8888:     88888    88888    8888O              88888888888        **
| **   ,7   +88888.     8888888888.    8888:     88888    88888    888888             88888O888888       **
| **         $888888:.   .8888888      88888....888888    88888     888888     8888   8888:  888888      **
| **          I8888888888888888888     888888888888888    88888     O888888888888O    8888:   888888     **
| **            O888888888888888888     88888888888888    88888       88888888888$    8888:    888888    **
| **               8888888Z     888      .8888I  88888    88888         8888888       8888:     888888   **
| **                                                                                                     **
| **                                                                                                     **
| **                                         Copyright (c) 2026                                          **
| **                          Regents of the University of California San Diego                          **
| **                                    & Michigan State University                                      **
| **                                        All Rights Reserved.                                         **
| **                                                                                                     **
| **             This software is subject to the terms of the Mozilla Public License, v. 2.0.            **
| **                                                                                                     **
| *********************************************************************************************************
|                                                                                                          
| Cite this work as:                                                                                       
| Manathunga, M.; O'Hearn, K. A.; Shajan, A.; Smith, J.; Miao, Y.; He, X.; Ayers, K.;                      
| Brothers, E.; Palos, E.; Tripathy, V.; Goetz, A.W.; Merz, K.M. QUICK-26.03.                              
| University of California,San Diego, CA and                                                               
| Michigan State University, East Lansing, MI, 2026                                                        
|                                                                                                          
| If you have any comments or queries, please reach out to us on GitHub issues or discussion sections:     
| https://github.com/merzlab/QUICK.                                                                        
|                                                                                                          
| TASK STARTS ON: Wed Jul  1 02:20:35 2026
| INPUT FILE :    alpha_helix.in
| OUTPUT FILE:    alpha_helix.out
| BASIS SET PATH: /projects/bdit/vtripathy/QUICK/install_h200/basis

|------------ GPU INFORMATION ---------------
| CUDA ENABLED DEVICE         :        1
| CUDA DEVICE IN USE          :        0
| CUDA DEVICE NAME            : NVIDIA H200
| CUDA DEVICE PM              :      132
| CUDA DEVICE CORE FREQ(GHZ)  :     1.98
| CUDA DEVICE MEMORY SIZE (MB):   143166
| SUPPORTING CUDA VERSION     :      9.0
|--------------------------------------------

 @ Read Job And Atom

  KEYWORD=B3LYP BASIS=6-31G** CUTOFF=1.0E-7 DENSERMS=1.0E-6 GRADIENT
 ============== JOB CARD =============
 METHOD = DENSITY FUNCTIONAL THEORY
 DENSITY FUNCTIONAL = B3LYP
 DIRECT SCF 
 SAD INITAL GUESS 
 USE DIIS SCF
 PRINT ENERGY EVERY CYCLE
 READ SAD GUESS FROM FILE
 STANDARD GRID = SG1
 Level shifting allowed after cycle    3
 DIIS error must exceed 0.100 for level shifting
 Max HOMO-LUMO gap to allow level shifting = 0.200
 GRADIENT CALCULATION
 MAX SCF CYCLES =    200
 MAX DIIS CYCLES =   10
 DELTA DENSITY START CYCLE =    3
 COMPUTATIONAL CUTOFF: 
      TWO-e INTEGRAL         =  0.100E-06
      BASIS SET PRIME        =  0.100E-07
      MATRIX ELEMENTS        =  0.100E-09
      BASIS FUNCTION         =  0.100E-05
      NEAR-LINEAR DEPENDENCY =  0.100E-04
      GRADIENT CUTOFF  =  0.100E-06
 DENSITY MATRIX MAXIMUM RMS FOR CONVERGENCE  =  0.100E-05
 BASIS SET = 6-31G**,  TYPE = CARTESIAN
| BASIS FILE = /projects/bdit/vtripathy/QUICK/install_h200/basis/6-31GDP.BAS
| DATA FILE  =    alpha_helix.dat

 @ Finish reading job


 @ Begin SAD initial guess

 For Atom Kind =    1
 ELEMENT = C 
 BASIS FUNCTIONS =   15
 For Atom Kind =    2
 ELEMENT = N 
 BASIS FUNCTIONS =   15
 For Atom Kind =    3
 ELEMENT = O 
 BASIS FUNCTIONS =   15
 For Atom Kind =    4
 ELEMENT = H 
 BASIS FUNCTIONS =    5

 @ Finish SAD initial guess


 @ Begin Reading Molecular Information


 =========== Molecule Input ==========
 TOTAL MOLECULAR CHARGE  =    0    MULTIPLICITY                =    1
 TOTAL ATOM NUMBER       =  189    NUMBER OF ATOM TYPES        =    4
 NUMBER OF HYDROGEN ATOM =   95    NUMBER OF NON-HYDROGEN ATOM =   94
 NUMBER OF ELECTRONS     =  716

 -- INPUT GEOMETRY -- :
    C          12.9868      -0.5131      -1.8171
    C          11.8720      -1.0221      -0.8703
    N          12.2459      -1.3829       0.3825
    C          11.2466      -1.8667       1.3564
    C          10.1920      -0.7859       1.7291
    N          10.6248       0.4986       1.7597
    C           9.6793       1.6112       1.9864
    C           8.6532       1.7485       0.8290
    N           9.1572       1.6429      -0.4241
    C           8.2676       1.6326      -1.6021
    C           7.2306       0.4753      -1.5368
    N           7.7143      -0.7356      -1.1765
    C           6.8163      -1.8970      -1.0227
    C           5.7177      -1.6507       0.0486
    N           6.1298      -1.1027       1.2122
    C           5.1652      -0.7663       2.2765
    C           4.0913       0.2476       1.7937
    N           4.5443       1.2992       1.0781
    C           3.6112       2.2913       0.5132
    C           2.5971       1.6491      -0.4737
    N           3.1074       0.7708      -1.3631
    C           2.2306       0.0435      -2.2989
    C           1.1722      -0.8205      -1.5586
    N           1.6248      -1.5473      -0.5149
    C           0.7009      -2.3474       0.3089
    C          -0.3972      -1.4730       0.9765
    N           0.0242      -0.3224       1.5420
    C          -0.9326       0.6276       2.1381
    C          -1.9793       1.1331       1.1067
    N          -1.4963       1.4942      -0.1009
    C          -2.4009       1.9228      -1.1824
    C          -3.4216       0.8163      -1.5709
    N          -2.9226      -0.4328      -1.6841
    C          -3.7985      -1.5817      -1.9746
    C          -4.8864      -1.7870      -0.8836
    N          -4.4705      -1.6865       0.3968
    C          -5.4297      -1.7832       1.5114
    C          -6.5042      -0.6596       1.4652
    N          -6.0509       0.5778       1.1692
    C          -6.9841       1.7092       1.0324
    C          -8.0219       1.4849      -0.1017
    N          -7.5393       0.9916      -1.2638
    C          -8.4508       0.7259      -2.3898
    C          -9.4556      -0.4253      -2.0984
    N          -8.9561      -1.4941      -1.4357
    C          -9.8074      -2.6589      -1.1473
    C         -10.8792      -2.4052      -0.0484
    N         -10.5480      -1.4923       0.9076
    C         -11.4636      -1.2103       2.0210
    C         -12.3776       0.0326       1.8139
    N         -11.9482       0.9578       0.9060
    C         -12.6598       2.2295       0.7236
    C         -13.1702       2.4816      -0.7210
    N         -12.8562       1.5485      -1.6569
    O          10.7092      -1.0964      -1.2742
    O           9.0397      -1.1299       2.0052
    O           7.4568       1.9360       1.0663
    O           6.0431       0.6870      -1.8017
    O           4.5421      -1.9532      -0.1865
    O           2.8992       0.0713       2.0730
    O           1.3983       1.9508      -0.4190
    O          -0.0066      -0.8210      -1.9352
    O          -1.5781      -1.8439       0.9696
    O          -3.1774       1.1908       1.4119
    O          -4.6104       1.1039      -1.7607
    O          -6.0551      -2.0324      -1.2074
    O          -7.6916      -0.9167       1.6957
    O          -9.2135       1.7648       0.0745
    O         -10.6272      -0.3475      -2.4851
    O         -11.9392      -3.0299      -0.0736
    O         -13.4206       0.1301       2.4626
    O         -13.8425       3.4864      -0.9684
    N          14.0230       0.2723      -1.1077
    H          12.4624       0.1365      -2.5305
    H          13.2186      -1.2983       0.6503
    H          10.6626      -2.6690       0.8891
    H          11.5234       0.7291       1.3472
    H           9.0757       1.3786       2.8703
    H          10.1532       1.4962      -0.5530
    H           7.6597       2.5456      -1.6037
    H           8.7174      -0.8665      -1.0626
    H           6.2573      -2.0540      -1.9540
    H           7.1217      -0.9486       1.3859
    H           4.5915      -1.6616       2.5485
    H           5.5449       1.4274       0.9335
    H           2.9853       2.7038       1.3149
    H           4.1135       0.6115      -1.4056
    H           1.6372       0.7613      -2.8798
    H           2.6200      -1.5580      -0.2921
    H           0.1416      -3.0393      -0.3339
    H           1.0203      -0.1042       1.5778
    H          -1.5310       0.1165       2.9034
    H          -0.4900       1.4960      -0.2705
    H          -3.0250       2.7553      -0.8322
    H          -1.9196      -0.5926      -1.5877
    H          -4.3687      -1.3870      -2.8921
    H          -3.4797      -1.5607       0.6054
    H          -6.0059      -2.7129       1.4196
    H          -5.0504       0.7498       1.0713
    H          -7.5916       1.7966       1.9422
    H          -6.5355       0.8615      -1.3897
    H          -9.0864       1.6052      -2.5537
    H          -7.9603      -1.5490      -1.2244
    H         -10.3984      -2.8969      -2.0406
    H          -9.5841      -1.1712       0.9778
    H         -12.1637      -2.0511       2.0917
    H         -10.9835       0.9201       0.5820
    H         -13.5606       2.1701       1.3470
    H         -12.2097       0.7835      -1.4992
    H         -13.1379       1.7401      -2.6082
    C          13.6774       1.4438      -0.4768
    O          12.4979       1.7488      -0.2590
    H          14.9928       0.1518      -1.3797
    C          14.8032       2.3309      -0.0245
    H          14.3825       3.1779       0.5723
    H          15.5325       1.7711       0.6101
    H          15.3412       2.7512      -0.9097
    C          13.5722      -1.6847      -2.5604
    H          12.7448      -2.2462      -3.0632
    H          14.1079      -2.3864      -1.8752
    H          14.2890      -1.3404      -3.3463
    C          11.8780      -2.3890       2.6189
    H          11.0684      -2.7308       3.3123
    H          12.5453      -3.2588       2.4009
    H          12.4772      -1.6030       3.1404
    C          10.3878       2.9243       2.1849
    H           9.6278       3.7393       2.2795
    H          11.0014       2.9039       3.1188
    H          11.0618       3.1623       1.3230
    C           9.0390       1.5381      -2.8917
    H           8.3192       1.4788      -3.7456
    H           9.6820       2.4410      -3.0349
    H           9.6926       0.6290      -2.9128
    C           7.5745      -3.1511      -0.6742
    H           6.8493      -3.9904      -0.5336
    H           8.2815      -3.4272      -1.4948
    H           8.1617      -3.0253       0.2709
    C           5.8511      -0.2158       3.4994
    H           5.0806       0.0476       4.2651
    H           6.5456      -0.9742       3.9381
    H           6.4434       0.7028       3.2558
    C           4.3386       3.4104      -0.1854
    H           3.5914       4.1146      -0.6273
    H           4.9786       3.9760       0.5357
    H           4.9936       3.0206      -1.0059
    C           3.0175      -0.8360      -3.2353
    H           2.3099      -1.3959      -3.8951
    H           3.6944      -0.2215      -3.8784
    H           3.6431      -1.5741      -2.6712
    C           1.4296      -3.1238       1.3746
    H           0.6864      -3.6809       1.9963
    H           2.1336      -3.8602       0.9146
    H           2.0189      -2.4441       2.0420
    C          -0.2339       1.8129       2.7522
    H          -0.9982       2.5218       3.1552
    H           0.4300       1.4885       3.5909
    H           0.3934       2.3516       1.9965
    C          -1.6410       2.3441      -2.4134
    H          -2.3673       2.6229      -3.2158
    H          -0.9935       3.2284      -2.1942
    H          -0.9881       1.5160      -2.7910
    C          -3.0121      -2.8578      -2.1298
    H          -3.7183      -3.7046      -2.3118
    H          -2.3093      -2.7854      -2.9959
    H          -2.4131      -3.0799      -1.2097
    C          -4.7390      -1.7451       2.8499
    H          -5.5076      -1.7827       3.6605
    H          -4.0537      -2.6204       2.9660
    H          -4.1362      -0.8088       2.9692
    C          -6.2580       3.0058       0.7816
    H          -7.0057       3.8256       0.6481
    H          -5.5969       3.2612       1.6459
    H          -5.6231       2.9441      -0.1391
    C          -7.7025       0.3999      -3.6568
    H          -8.4377       0.1826      -4.4702
    H          -7.0643       1.2615      -3.9720
    H          -7.0430      -0.4940      -3.5213
    C          -8.9986      -3.8668      -0.7473
    H          -9.6937      -4.7141      -0.5275
    H          -8.3081      -4.1712      -1.5717
    H          -8.3826      -3.6615       0.1635
    C         -10.7486      -1.0472       3.3394
    H         -11.4850      -0.7335       4.1199
    H         -10.2834      -2.0133       3.6532
    H          -9.9386      -0.2786       3.2760
    C         -11.8557       3.4367       1.1432
    H         -12.4247       4.3642       0.8860
    H         -11.6736       3.4216       2.2451
    H         -10.8649       3.4650       0.6242

============== BASIS INFOS ==============
 BASIS FUNCTIONS = 1885
 NSHELL =  661 NPRIM  = 3297
 JSHELL =  661 JBASIS = 1509


 @ End Reading Molecular Information 


 @ Begin XC Quadrature Formation

 OCTAGO: OCTree Algorithm for Grid Operations 
   PRUNING CUTOFF       = 0.100E-06
   INITIAL GRID POINTS  =      715144
|   FINAL GRID POINTS    =      449061
|   SIGNIFICANT NUMBER OF BASIS FUNCTIONS     =      832437
|   SIGNIFICANT NUMBER OF PRIMITIVE FUNCTIONS =      904396

 @ End XC Quadrature Formation


 @ Begin Energy Calculation

| condition number of overlap matrix:    4.577E+03
| Smallest eigenvalue of overlap matrix:    1.664E-03

                                         SCF ENERGY
| ------------------------------------------------------------------------------------------------------------------------
| NCYC       ENERGY         DELTA_E      SCF_TIME  DII_CYC   DII_TIME   O_TIME  DIAG_TIME    MAX_ERR    RMS_CHG    MAX_CHG
| ------------------------------------------------------------------------------------------------------------------------
|  1  -4680.678466883      ------         4.196     1        0.16      4.02      0.03    0.2267E+01  0.7807E-02  0.6253E+00
|  2  -4658.139922534  -.225385E+02       5.305     2        0.17      5.12      0.03    0.3349E+00  0.8998E-02  0.3511E+01
|  3  -4639.673925261  -.184660E+02       5.288     3        0.22      5.06      0.03    0.8654E+00  0.8242E-02  0.3412E+01
|   ***  Level shifting applied  ( HOMO-LUMO gap =  0.003 au ) ***
|  4  -4647.642555178  0.796863E+01       5.200     4        0.23      4.96      0.03    0.6703E+00  0.3009E-02  0.7077E+00
|   ***  Level shifting applied  ( HOMO-LUMO gap =  0.002 au ) ***
|  5  -4661.004451220  0.133619E+02       4.836     5        0.20      4.62      0.03    0.1865E+00  0.1037E-02  0.2080E+00
|  6  -4661.226082659  0.221631E+00       4.691     6        0.25      4.43      0.03    0.1395E+00  0.4706E-03  0.9358E-01
|   ***  Level shifting applied  ( HOMO-LUMO gap =  0.165 au ) ***
|  7  -4661.320154476  0.940718E-01       4.394     7        0.21      4.17      0.03    0.4818E-01  0.1697E-03  0.2690E-01
|  8  -4661.339452382  0.192979E-01       4.160     8        0.23      3.92      0.03    0.1013E-01  0.5106E-04  0.6991E-02
|  9  -4661.340720339  0.126796E-02       3.863     9        0.24      3.61      0.03    0.1211E-01  0.2833E-04  0.5474E-02
| 10  -4661.341287839  0.567501E-03       3.680    10        0.25      3.41      0.03    0.5400E-02  0.2823E-04  0.4521E-02
| 11  -4661.341535658  0.247819E-03       3.756     1        0.32      3.42      0.03    0.3879E-02  0.1832E-04  0.2395E-02
| 12  -4661.341645013  0.109354E-03       3.683     2        0.32      3.35      0.03    0.5006E-03  0.5589E-05  0.5770E-03
| -------------- 2E-INT CUTOFF CHANGE TO 0.1000E-08 ------------
| 13  -4661.341649968  0.495584E-05       4.573     3        0.32      4.24      0.03    0.4264E-03  0.2475E-05  0.3724E-03
| 14  -4661.341652495  0.252686E-05       4.340     4        0.34      3.98      0.03    0.2295E-03  0.9570E-06  0.1570E-03
| -------------- 2E-INT CUTOFF CHANGE TO 0.1000E-09 ------------
| 15  -4661.341652895  0.399767E-06       4.724     5        0.33      4.38      0.03    0.3272E-04  0.2525E-06  0.3513E-04
| ------------------------------------------------------------------------------------------------------------------------
| REACH CONVERGENCE AFTER  15 CYCLES
| MAX ERROR = 0.327233E-04   RMS CHANGE = 0.252536E-06   MAX CHANGE = 0.351305E-04
| -----------------------------------------------
 ALPHA ELECTRON DENSITY    =   357.9975635671
 BETA ELECTRON DENSITY     =   357.9975635671
 ELECTRONIC ENERGY    = -24206.846910788
 CORE_CORE REPULSION  =  19545.505257893
 TOTAL ENERGY         =  -4661.341652895

 @ End Energy calculation


 @ Begin Gradient Calculation

 ANALYTICAL GRADIENT: 
----------------------------------------
 COORDINATE    XYZ            GRADIENT
----------------------------------------
    1X    12.9867759917     0.0062586294
    1Y    -0.5131450392    -0.0096241970
    1Z    -1.8170501388    -0.0081018210
    2X    11.8720199066    -0.0018897587
    2Y    -1.0221370781    -0.0068498786
    2Z    -0.8703230665    -0.0009856740
    3X    12.2458639351     0.0072290259
    3Y    -1.3829041056     0.0033135088
    3Z     0.3824670292    -0.0053785485
    4X    11.2466168588     0.0078536656
    4Y    -1.8667031425    -0.0064540599
    4Z     1.3563571036     0.0101720043
    5X    10.1919607783    -0.0002801987
    5Y    -0.7858880600    -0.0001782212
    5Z     1.7290861320     0.0072099696
    6X    10.6247718113     0.0057942587
    6Y     0.4985740381    -0.0060897772
    6Z     1.7597351344    -0.0021909810
    7X     9.6792947391     0.0085315266
    7Y     1.6112151230     0.0115876133
    7Z     1.9863991517     0.0041921405
    8X     8.6532266608    -0.0000595377
    8Y     1.7484951335     0.0062114592
    8Z     0.8290140633    -0.0016881948
    9X     9.1571756993     0.0056584696
    9Y     1.6428681255    -0.0002810590
    9Z    -0.4241120324     0.0076172634
   10X     8.2675586313     0.0093738486
   10Y     1.6325871247     0.0018663336
   10Z    -1.6021171223    -0.0119560978
   11X     7.2306195522     0.0001500923
   11Y     0.4752960363    -0.0032691000
   11Z    -1.5367791174    -0.0060327669
   12X     7.7143135891     0.0056954025
   12Y    -0.7356020562     0.0075574171
   12Z    -1.1765090898    -0.0007707961
   13X     6.8163415205     0.0084098363
   13Y    -1.8969741449    -0.0116615805
   13Z    -1.0227230781     0.0012527148
   14X     5.7176554366     0.0006817488
   14Y    -1.6507341261    -0.0053063027
   14Z     0.0485630037     0.0042005631
   15X     6.1298114681     0.0054048579
   15Y    -1.1026580842    -0.0018672111
   15Z     1.2122110926    -0.0072862653
   16X     5.1652283944     0.0086773791
   16Y    -0.7663500585     0.0026469223
   16Z     2.2764971738     0.0120946131
   17X     4.0913003124    -0.0000506450
   17Y     0.2476310189     0.0048259787
   17Z     1.7937251370     0.0045273026
   18X     4.5443213470     0.0056387086
   18Y     1.2992060992    -0.0066695376
   18Z     1.0780530823     0.0036244804
   19X     3.6111982758     0.0083218340
   19Y     2.2913381750     0.0114175995
   19Z     0.5131940392    -0.0046972265
   20X     2.5971401983     0.0005442470
   20Y     1.6490951259     0.0036436810
   20Z    -0.4737030362    -0.0055172766
   21X     3.1073792373     0.0049653329
   21Y     0.7708160589     0.0044967354
   21Z    -1.3630531041     0.0067932669
   22X     2.2305961703     0.0093003216
   22Y     0.0435350033    -0.0057611169
   22Z    -2.2989101756    -0.0100137318
   23X     1.1722160895     0.0005011606
   23Y    -0.8205270627    -0.0061500185
   23Z    -1.5585881190    -0.0025763736
   24X     1.6248421241     0.0054497059
   24Y    -1.5472751182     0.0058151425
   24Z    -0.5149150393    -0.0054966692
   25X     0.7009430535     0.0085186082
   25Y    -2.3473741793    -0.0086967586
   25Z     0.3089030236     0.0082546400
   26X    -0.3972160303     0.0003410171
   26Y    -1.4730461125    -0.0017186490
   26Z     0.9765440746     0.0067144798
   27X     0.0241960018     0.0052576922
   27Y    -0.3223590246    -0.0062385589
   27Z     1.5420111178    -0.0047448783
   28X    -0.9325690712     0.0088321780
   28Y     0.6275860479     0.0096416508
   28Z     2.1381501633     0.0079742220
   29X    -1.9793231511     0.0002372842
   29Y     1.1331050865     0.0067825456
   29Z     1.1066680845     0.0002583998
   30X    -1.4962551143     0.0050392257
   30Y     1.4942151141    -0.0034929132
   30Z    -0.1008890077     0.0074168494
   31X    -2.4008881833     0.0090003254
   31Y     1.9228441468     0.0062372221
   31Z    -1.1823700903    -0.0102633408
   32X    -3.4216022613     0.0007665837
   32Y     0.8162950623    -0.0010149191
   32Z    -1.5709191200    -0.0066834144
   33X    -2.9226222232     0.0049126375
   33Y    -0.4327860330     0.0081656490
   33Z    -1.6840531286     0.0023625781
   34X    -3.7984692901     0.0087760990
   34Y    -1.5817201208    -0.0112165065
   34Z    -1.9745941508    -0.0035581568
   35X    -4.8863933731     0.0015435776
   35Y    -1.7870281365    -0.0060390559
   35Z    -0.8836310675     0.0021387514
   36X    -4.4704803414     0.0051373666
   36Y    -1.6865141288     0.0014018915
   36Z     0.3967720303    -0.0079780404
   37X    -5.4297244146     0.0088144441
   37Y    -1.7831731362    -0.0023444475
   37Z     1.5114091154     0.0120381282
   38X    -6.5042144967     0.0008465131
   38Y    -0.6595930504     0.0030984912
   38Z     1.4651911119     0.0060724839
   39X    -6.0509174621     0.0053533063
   39Y     0.5777920441    -0.0082126641
   39Z     1.1692220893     0.0004548255
   40X    -6.9840595333     0.0078095445
   40Y     1.7091581305     0.0119718928
   40Z     1.0323600788    -0.0001793181
   41X    -8.0219246126     0.0012329447
   41Y     1.4848611134     0.0051150461
   41Z    -0.1017130078    -0.0045458046
   42X    -7.5393185757     0.0052354759
   42Y     0.9916070757     0.0008450810
   42Z    -1.2638380965     0.0080570156
   43X    -8.4508396453     0.0082785513
   43Y     0.7258830554    -0.0006173298
   43Z    -2.3898071825    -0.0112650573
   44X    -9.4555887221     0.0031103325
   44Y    -0.4252530325    -0.0047732033
   44Z    -2.0983941602    -0.0047248674
   45X    -8.9560966839     0.0040827763
   45Y    -1.4941011141     0.0087519117
   45Z    -1.4357221096    -0.0010679962
   46X    -9.8074137489     0.0093914287
   46Y    -2.6589192030    -0.0104336930
   46Z    -1.1472870876     0.0010617465
   47X   -10.8791828308     0.0035841748
   47Y    -2.4052251837    -0.0035043339
   47Z    -0.0483540037     0.0046351086
   48X   -10.5479558055     0.0043434417
   48Y    -1.4923281140     0.0004724112
   48Z     0.9076070693    -0.0090436126
   49X   -11.4635598754     0.0088934778
   49Y    -1.2102790924    -0.0016187915
   49Z     2.0209681543     0.0113436421
   50X   -12.3775819452     0.0033142074
   50Y     0.0326480025     0.0024100781
   50Z     1.8139461385     0.0047828579
   51X   -11.9481539124     0.0021760434
   51Y     0.9577760731    -0.0077482731
   51Z     0.9059910692    -0.0026485780
   52X   -12.6597909668     0.0091341420
   52Y     2.2295171703     0.0083933482
   52Z     0.7235690553     0.0074068357
   53X   -13.1702450057     0.0037735824
   53Y     2.4816251895     0.0035737274
   53Z    -0.7210350551     0.0023819757
   54X   -12.8562379818     0.0000348126
   54Y     1.5485221183    -0.0025536069
   54Z    -1.6568841265    -0.0016976262
   55X    10.7092498178    -0.0052165362
   55Y    -1.0963690837     0.0015544763
   55Z    -1.2741630973    -0.0008862196
   56X     9.0397286903    -0.0054826007
   56Y    -1.1299090863    -0.0011199433
   56Z     2.0051781531    -0.0005843092
   57X     7.4568165694    -0.0053769020
   57Y     1.9359571478    -0.0010143070
   57Z     1.0663440814     0.0007238845
   58X     6.0431144615    -0.0055817533
   58Y     0.6870010525     0.0011731064
   58Z    -1.8017081376     0.0007506115
   59X     4.5421403469    -0.0055513201
   59Y    -1.9532011492     0.0005918563
   59Z    -0.1865500142    -0.0013372990
   60X     2.8991902214    -0.0054479728
   60Y     0.0712750054    -0.0014893403
   60Z     2.0729971583    -0.0005137222
   61X     1.3982931068    -0.0058189023
   61Y     1.9508411490    -0.0003448952
   61Z    -0.4189810320     0.0012003593
   62X    -0.0066430005    -0.0056110756
   62Y    -0.8210390627     0.0012708317
   62Z    -1.9351981478    -0.0003332601
   63X    -1.5780941205    -0.0056649977
   63Y    -1.8438681408    -0.0004969330
   63Z     0.9696340740    -0.0016294543
   64X    -3.1773802426    -0.0058234960
   64Y     1.1908470909    -0.0013008170
   64Z     1.4119291078     0.0003535011
   65X    -4.6103613521    -0.0059685983
   65Y     1.1038590843     0.0009826766
   65Z    -1.7606751345     0.0007654186
   66X    -6.0550884624    -0.0061083555
   66Y    -2.0324141552    -0.0000182941
   66Z    -1.2074350922    -0.0008127421
   67X    -7.6916245874    -0.0064183936
   67Y    -0.9167070700    -0.0009504033
   67Z     1.6956811295     0.0000168213
   68X    -9.2134707036    -0.0067585915
   68Y     1.7647591348     0.0011177314
   68Z     0.0745360057     0.0020559568
   69X   -10.6272028115    -0.0063749255
   69Y    -0.3474730265     0.0010866878
   69Z    -2.4851181898    -0.0009982625
   70X   -11.9391579117    -0.0068906603
   70Y    -3.0298892314    -0.0026760019
   70Z    -0.0735960056    -0.0003060853
   71X   -13.4206450249    -0.0063544681
   71Y     0.1300580099     0.0000919096
   71Z     2.4625901881     0.0025538614
   72X   -13.8425020571    -0.0049397507
   72Y     3.4863712662     0.0058688218
   72Z    -0.9684260740    -0.0014851502
   73X    14.0229990708     0.0090954092
   73Y     0.2723090208    -0.0003786972
   73Z    -1.1077290846     0.0003877385
   74X    12.4624089517    -0.0008122251
   74Y     0.1364840104    -0.0000660868
   74Z    -2.5305291932    -0.0027805918
   75X    13.2186410094     0.0016645828
   75Y    -1.2983130991    -0.0000467868
   75Z     0.6502600497    -0.0000025116
   76X    10.6626368142    -0.0016298891
   76Y    -2.6689692038    -0.0028121478
   76Z     0.8890690679     0.0008652988
   77X    11.5234178800     0.0015915154
   77Y     0.7290570557     0.0002764602
   77Z     1.3471851029    -0.0002016502
   78X     9.0757136931    -0.0011963596
   78Y     1.3786311053     0.0016980184
   78Z     2.8703322192     0.0025686095
   79X    10.1532067753     0.0017415482
   79Y     1.4961891143     0.0005405435
   79Z    -0.5529730422     0.0003359850
   80X     7.6597205849    -0.0011584367
   80Y     2.5456121944     0.0020400133
   80Z    -1.6036691225    -0.0019936295
   81X     8.7174106657     0.0021477373
   81Y    -0.8664710662     0.0002044037
   81Z    -1.0625910811    -0.0010193654
   82X     6.2572674778    -0.0010250690
   82Y    -2.0539751568    -0.0022571616
   82Z    -1.9540281492    -0.0017950707
   83X     7.1216675438     0.0020345595
   83Y    -0.9486410724    -0.0008351019
   83Z     1.3859451058     0.0005960272
   84X     4.5915413506    -0.0013082241
   84Y    -1.6616181269    -0.0013237022
   84Z     2.5485431946     0.0023244443
   85X     5.5449344234     0.0023363484
   85Y     1.4274181090     0.0007225642
   85Z     0.9335000713     0.0007717986
   86X     2.9853122280    -0.0014158634
   86Y     2.7037832065     0.0025679414
   86Z     1.3149111004     0.0009105450
   87X     4.1135103141     0.0025196712
   87Y     0.6114770467     0.0007863105
   87Z    -1.4055651073    -0.0011220931
   88X     1.6371691250    -0.0013386525
   88Y     0.7612640581     0.0002653393
   88Z    -2.8798272199    -0.0027247695
   89X     2.6200302001     0.0024573208
   89Y    -1.5579581190    -0.0009095107
   89Z    -0.2921340223    -0.0005446185
   90X     0.1416120108    -0.0013165684
   90Y    -3.0392802321    -0.0026829997
   90Z    -0.3339150255    -0.0000288620
   91X     1.0202800779     0.0025512917
   91Y    -0.1041970080    -0.0004425448
   91Z     1.5778501205     0.0012276248
   92X    -1.5310031169    -0.0013199973
   92Y     0.1165160089     0.0004358032
   92Z     2.9034032217     0.0027207664
   93X    -0.4899660374     0.0024630062
   93Y     1.4960181142     0.0012892852
   93Z    -0.2705050207     0.0003477802
   94X    -3.0249632310    -0.0014533874
   94Y     2.7553062104     0.0025348747
   94Z    -0.8321940635    -0.0009949968
   95X    -1.9195691466     0.0026485896
   95Y    -0.5925610453     0.0000103066
   95Z    -1.5877201212    -0.0008845964
   96X    -4.3686633336    -0.0009876057
   96Y    -1.3870481059    -0.0014185623
   96Z    -2.8921072209    -0.0025037390
   97X    -3.4796672657     0.0025208895
   97Y    -1.5607371192    -0.0012583035
   97Z     0.6053900462     0.0002832197
   98X    -6.0058594586    -0.0012131141
   98Y    -2.7128972072    -0.0021351314
   98Z     1.4195641084     0.0015708402
   99X    -5.0503603857     0.0024192863
   99Y     0.7497560573     0.0002594418
   99Z     1.0713240818     0.0012379196
  100X    -7.5915535797    -0.0007945916
  100Y     1.7965601372     0.0020858721
  100Z     1.9421941483     0.0019062719
  101X    -6.5354804991     0.0023163185
  101Y     0.8614610658     0.0016411782
  101Z    -1.3896631061    -0.0004777368
  102X    -9.0863826939    -0.0008513619
  102Y     1.6051981226     0.0017651312
  102Z    -2.5537461950    -0.0024456046
  103X    -7.9602516079     0.0025611441
  103Y    -1.5490031183    -0.0006447085
  103Z    -1.2243670935    -0.0006939001
  104X   -10.3984387941    -0.0008319065
  104Y    -2.8968672212    -0.0025528475
  104Z    -2.0406421558    -0.0015715232
  105X    -9.5840647319     0.0023537468
  105Y    -1.1711870894    -0.0004838862
  105Z     0.9778390747     0.0012103083
  106X   -12.1636869289    -0.0013394353
  106Y    -2.0510901566    -0.0019993089
  106Z     2.0917111597     0.0024410504
  107X   -10.9834888387     0.0022705688
  107Y     0.9201310703     0.0006346585
  107Z     0.5820420444     0.0001163273
  108X   -13.5605960355    -0.0017655361
  108Y     2.1700531657     0.0023151382
  108Z     1.3469861029     0.0019863927
  109X   -12.2097389324     0.0014608266
  109Y     0.7834640598    -0.0013298097
  109Z    -1.4992281145     0.0004561618
  110X   -13.1378660033    -0.0007760381
  110Y     1.7401411329     0.0002921811
  110Z    -2.6082421992    -0.0018860167
  111X    13.6774090445     0.0054432496
  111Y     1.4438121103     0.0008393517
  111Z    -0.4767700364    -0.0016357443
  112X    12.4978559544    -0.0027733281
  112Y     1.7487761335     0.0064694247
  112Z    -0.2589500198     0.0045071538
  113X    14.9928341449     0.0026929752
  113Y     0.1518400116     0.0009607457
  113Z    -1.3796821054     0.0005948975
  114X    14.8032321304    -0.0129559062
  114Y     2.3309381780    -0.0131903118
  114Z    -0.0245110019    -0.0070502497
  115X    14.3824940983    -0.0065240134
  115Y     3.1778922427     0.0137332465
  115Z     0.5723370437     0.0099843631
  116X    15.5324901861     0.0072560696
  116Y     1.7710911352    -0.0072294670
  116Z     0.6100990466     0.0094255303
  117X    15.3412291715     0.0047677082
  117Y     2.7512432101     0.0054394947
  117Z    -0.9097250695    -0.0119847058
  118X    13.5721740364    -0.0115851731
  118Y    -1.6846621286     0.0189702503
  118Z    -2.5604031955     0.0137333358
  119X    12.7448129732    -0.0133830176
  119Y    -2.2462421715    -0.0076634794
  119Z    -3.0632142339    -0.0065495152
  120X    14.1078910773     0.0065821378
  120Y    -2.3864161822    -0.0081309982
  120Z    -1.8752321432     0.0089293458
  121X    14.2890300912     0.0090607472
  121Y    -1.3403791024     0.0057591334
  121Z    -3.3462532555    -0.0092411364
  122X    11.8779639070    -0.0126646692
  122Y    -2.3889601824     0.0112236848
  122Z     2.6188542000    -0.0203563303
  123X    11.0684078452    -0.0131010541
  123Y    -2.7307842085    -0.0048995395
  123Z     3.3122662529     0.0096920096
  124X    12.5453259580     0.0083631698
  124Y    -3.2587572489    -0.0107274619
  124Z     2.4008611833    -0.0040306659
  125X    12.4772159528     0.0074353556
  125Y    -1.6029581224     0.0096676389
  125Z     3.1404422398     0.0056271572
  126X    10.3877987933    -0.0155442434
  126Y     2.9242872233    -0.0222269077
  126Z     2.1849271668    -0.0043673411
  127X     9.6278457352    -0.0116548342
  127Y     3.7393162855     0.0106187457
  127Z     2.2794601741     0.0005741880
  128X    11.0013948401     0.0075340592
  128Y     2.9039082218    -0.0015355285
  128Z     3.1188172382     0.0118951264
  129X    11.0618468447     0.0096170528
  129Y     3.1623072415     0.0025905901
  129Z     1.3230421010    -0.0124437787
  130X     9.0390006903    -0.0164096049
  130Y     1.5381111175     0.0003790607
  130Z    -2.8917302208     0.0212401196
  131X     8.3192346353    -0.0111463343
  131Y     1.4788251129    -0.0014145721
  131Z    -3.7455532860    -0.0110303837
  132X     9.6820227394     0.0078050105
  132Y     2.4410481864     0.0114642674
  132Z    -3.0348842318    -0.0005186672
  133X     9.6925727402     0.0094019304
  133Y     0.6289920480    -0.0124751019
  133Z    -2.9128432224     0.0003983273
  134X     7.5744895784    -0.0161862449
  134Y    -3.1511062406     0.0204005668
  134Z    -0.6742010515    -0.0045670975
  135X     6.8492525230    -0.0111541627
  135Y    -3.9904493047    -0.0107886200
  135Z    -0.5336250407     0.0021601110
  136X     8.2814866324     0.0086920939
  136Y    -3.4272352617    -0.0022022509
  136Z    -1.4947841141    -0.0107441209
  137X     8.1616616233     0.0086567974
  137Y    -3.0253412310     0.0021181843
  137Z     0.2709240207     0.0125747035
  138X     5.8511424468    -0.0155721772
  138Y    -0.2158450165    -0.0079856353
  138Z     3.4993952672    -0.0207520260
  139X     5.0805693880    -0.0114681182
  139Y     0.0475820036     0.0036496748
  139Z     4.2651393257     0.0095946797
  140X     6.5456444999     0.0087384882
  140Y    -0.9741940744    -0.0104927404
  140Z     3.9381413007     0.0047291370
  141X     6.4434004920     0.0086795649
  141Y     0.7027620537     0.0126397071
  141Z     3.2558082486    -0.0036364098
  142X     4.3385683313    -0.0163503760
  142Y     3.4104252604    -0.0188881435
  142Z    -0.1854150142     0.0103957503
  143X     3.5913892743    -0.0110498759
  143Y     4.1146083142     0.0086774646
  143Z    -0.6273220479    -0.0060306746
  144X     4.9786133802     0.0079197476
  144Y     3.9760393036     0.0063456868
  144Z     0.5356580409     0.0100336373
  145X     4.9936453813     0.0096929336
  145Y     3.0205902307    -0.0058490017
  145Z    -1.0058520768    -0.0112253429
  146X     3.0174862304    -0.0168885678
  146Y    -0.8360090638     0.0132975639
  146Z    -3.2353362471     0.0155927822
  147X     2.3099091764    -0.0105240629
  147Y    -1.3958571066    -0.0074841490
  147Z    -3.8950512974    -0.0081223655
  148X     3.6944042821     0.0082479305
  148Y    -0.2215120169     0.0088497700
  148Z    -3.8784462962    -0.0072775312
  149X     3.6430762782     0.0088653865
  149Y    -1.5741031202    -0.0101967983
  149Z    -2.6711892040     0.0082290970
  150X     1.4296441092    -0.0165530281
  150Y    -3.1238142385     0.0132890197
  150Z     1.3746091050    -0.0170079266
  151X     0.6864160524    -0.0109022128
  151Y    -3.6808802811    -0.0067540374
  151Z     1.9963111524     0.0081575934
  152X     2.1336051629     0.0086275884
  152Y    -3.8601802948    -0.0089486542
  152Z     0.9146290698    -0.0068589242
  153X     2.0188981542     0.0088678390
  153Y    -2.4441031866     0.0097243938
  153Z     2.0419751559     0.0091448347
  154X    -0.2339050179    -0.0159459433
  154Y     1.8129151384    -0.0188179734
  154Z     2.7521892102    -0.0107712733
  155X    -0.9982190762    -0.0111594112
  155Y     2.5218031926     0.0090958078
  155Z     3.1551812409     0.0045496291
  156X     0.4299610328     0.0080704827
  156Y     1.4884921137    -0.0054216752
  156Z     3.5909502742     0.0102387350
  157X     0.3934010300     0.0093160347
  157Y     2.3516261796     0.0074126499
  157Z     1.9965261525    -0.0107796918
  158X    -1.6410091253    -0.0165793919
  158Y     2.3440571790    -0.0077492761
  158Z    -2.4133901843     0.0193558500
  159X    -2.3672641808    -0.0106115653
  159Y     2.6229432003     0.0030478304
  159Z    -3.2158002456    -0.0103121374
  160X    -0.9934820759     0.0077990159
  160Y     3.2283822465     0.0110612125
  160Z    -2.1941501676     0.0040387305
  161X    -0.9881150755     0.0094034243
  161Y     1.5159651158    -0.0117776282
  161Z    -2.7909712131    -0.0049594599
  162X    -3.0121432300    -0.0175154529
  162Y    -2.8577822182     0.0203790904
  162Z    -2.1297861626     0.0031963874
  163X    -3.7183312839    -0.0102459993
  163Y    -3.7045952829    -0.0108165874
  163Z    -2.3117791765    -0.0019370140
  164X    -2.3092751763     0.0084839389
  164Y    -2.7853622127     0.0020698609
  164Z    -2.9958842288    -0.0110461702
  165X    -2.4130681843     0.0090281235
  165Y    -3.0798722352    -0.0029508039
  165Z    -1.2096560924     0.0131227539
  166X    -4.7390503619    -0.0156078132
  166Y    -1.7451291333     0.0003068720
  166Z     2.8499362176    -0.0216274505
  167X    -5.5076074206    -0.0111819800
  167Y    -1.7826791361    -0.0001188010
  167Z     3.6604992795     0.0101961798
  168X    -4.0537403096     0.0082294387
  168Y    -2.6203772001    -0.0113603803
  168Z     2.9659522265     0.0002289342
  169X    -4.1362423159     0.0086804656
  169Y    -0.8087850618     0.0131298352
  169Z     2.9691842267     0.0013013075
  170X    -6.2580244779    -0.0162505259
  170Y     3.0057862295    -0.0209924083
  170Z     0.7815700597     0.0031737407
  171X    -7.0056805350    -0.0107070550
  171Y     3.8256002921     0.0102665264
  171Z     0.6481050495    -0.0021781097
  172X    -5.5968784274     0.0079513976
  172Y     3.2611882490     0.0020572526
  172Z     1.6458621257     0.0113658331
  173X    -5.6230734294     0.0094565051
  173Y     2.9440592248    -0.0010100333
  173Z    -0.1391280106    -0.0128962296
  174X    -7.7025085882    -0.0158795419
  174Y     0.3998750305     0.0035355756
  174Z    -3.6568172792     0.0202089894
  175X    -8.4376796443    -0.0107152924
  175Y     0.1825750139    -0.0029724230
  175Z    -4.4702323414    -0.0104052690
  176X    -7.0643465395     0.0073423133
  176Y     1.2615030963     0.0114209549
  176Z    -3.9720483033    -0.0027834912
  177X    -7.0429985378     0.0089763260
  177Y    -0.4940070377    -0.0118672650
  177Z    -3.5213422689     0.0019418941
  178X    -8.9985896872    -0.0162699578
  178Y    -3.8667952953     0.0195148256
  178Z    -0.7473180571    -0.0041560479
  179X    -9.6937457403    -0.0100821394
  179Y    -4.7141023600    -0.0115710363
  179Z    -0.5275370403     0.0028072162
  180X    -8.3080956344     0.0078218202
  180Y    -4.1711963185    -0.0028217918
  180Z    -1.5716611200    -0.0112483264
  181X    -8.3826226401     0.0079002376
  181Y    -3.6615402796     0.0029610611
  181Z     0.1634570125     0.0117391131
  182X   -10.7486448208    -0.0142703828
  182Y    -1.0471680800    -0.0000333656
  182Z     3.3394492550    -0.0222393790
  183X   -11.4850348770    -0.0106281403
  183Y    -0.7334980560     0.0045517939
  183Z     4.1198683146     0.0106294315
  184X   -10.2833997853     0.0043912046
  184Y    -2.0133481537    -0.0127876942
  184Z     3.6532302790     0.0029752714
  185X    -9.9386507590     0.0101610204
  185Y    -0.2785850213     0.0098652638
  185Z     3.2760342502    -0.0013263127
  186X   -11.8557109053    -0.0158871746
  186Y     3.4366752624    -0.0216989258
  186Z     1.1431840873    -0.0097844831
  187X   -12.4246519488    -0.0079380233
  187Y     4.3641773333     0.0133725598
  187Z     0.8859840677    -0.0039820260
  188X   -11.6735668914     0.0010132173
  188Y     3.4216092613    -0.0005004592
  188Z     2.2451011714     0.0132327953
  189X   -10.8648578297     0.0137314882
  189Y     3.4650272646     0.0002223836
  189Z     0.6242270477    -0.0077263524
----------------------------------------

 @ End Gradient Calculation

  Skipping one-electron property calculation.

 @ Output Timing Information

------------- TIMING ---------------
| INITIAL GUESS TIME  =     5.459436000(  3.65%)
| DFT GRID OPERATIONS =     0.932104000(  0.62%)
| TOTAL SCF TIME      =    67.153235000( 44.90%)
|       TOTAL OP TIME      =    63.149165000( 42.22%)
|             TOTAL 1e TIME      =     0.465285000(  0.31%)
|             TOTAL 2e TIME      =    43.515148000( 29.09%)
|             TOTAL EXC TIME     =    17.962450000( 12.01%)
|       TOTAL DII TIME      =     3.791142000(  2.53%)
|             TOTAL DIAG TIME    =     0.441517000(  0.30%)
| TOTAL GRADIENT TIME      =    75.350346000( 50.38%)
|       TOTAL 1e GRADIENT TIME      =     4.562864000( 3.24%)
|       TOTAL 2e GRADIENT TIME      =    67.964825000(45.44%)
|       TOTAL EXC GRADIENT TIME     =     2.531920000(  1.69%)
| TOTAL TIME          =   149.570877000
------------------------------------
| Job cpu time:  0 days  0 hours  2 minutes 29.6 seconds.

 @ Finish Output Timing Information

| Normal Termination. Task Finished on: Wed Jul  1 02:23:04 2026
