| *********************************************************************************************************
| **                                                                                                     **
| **           888888888888                                                                              **
| **         8888888888888888                                                                            **
| **      888888888888888888                                                                             **
| **     888888888888888888                                                                              **
| **    888888888888888                                                                                  **
| **   88888888888888888888                               88888                       8888:              **
| **   8888888888888888888888Z                            88888                       8888:              **
| **   888888888888888888888888?                          88888                       8888:              **
| **   8888888888888      8888888                                        888888       8888:              **
| **    88888888888         888888     8888:     88888    88888        888888888I     8888:    888888    **
| **    8888888888           88888:    8888:     88888    88888      $888888888888    8888:   888888     **
| **    I8Z 88888             88888    8888:     88888    88888    .888888     8888   8888: 888888       **
| **    .8Z 88888             88888    8888:     88888    88888    $88888             8888:88888         **
| **     8I 88888      .=88. .88888    8888:     88888    88888    88888              8888888888         **
| **    :8  88888      888888$8888$    8888:     88888    88888    8888O              88888888888        **
| **   ,7   +88888.     8888888888.    8888:     88888    88888    888888             88888O888888       **
| **         $888888:.   .8888888      88888....888888    88888     888888     8888   8888:  888888      **
| **          I8888888888888888888     888888888888888    88888     O888888888888O    8888:   888888     **
| **            O888888888888888888     88888888888888    88888       88888888888$    8888:    888888    **
| **               8888888Z     888      .8888I  88888    88888         8888888       8888:     888888   **
| **                                                                                                     **
| **                                                                                                     **
| **                                         Copyright (c) 2026                                          **
| **                          Regents of the University of California San Diego                          **
| **                                    & Michigan State University                                      **
| **                                        All Rights Reserved.                                         **
| **                                                                                                     **
| **             This software is subject to the terms of the Mozilla Public License, v. 2.0.            **
| **                                                                                                     **
| *********************************************************************************************************
|                                                                                                          
| Cite this work as:                                                                                       
| Manathunga, M.; O'Hearn, K. A.; Shajan, A.; Smith, J.; Miao, Y.; He, X.; Ayers, K.;                      
| Brothers, E.; Palos, E.; Tripathy, V.; Goetz, A.W.; Merz, K.M. QUICK-26.03.                              
| University of California,San Diego, CA and                                                               
| Michigan State University, East Lansing, MI, 2026                                                        
|                                                                                                          
| If you have any comments or queries, please reach out to us on GitHub issues or discussion sections:     
| https://github.com/merzlab/QUICK.                                                                        
|                                                                                                          
| TASK STARTS ON: Wed Jul  1 02:23:04 2026
| INPUT FILE :    beta_strand.in
| OUTPUT FILE:    beta_strand.out
| BASIS SET PATH: /projects/bdit/vtripathy/QUICK/install_h200/basis

|------------ GPU INFORMATION ---------------
| CUDA ENABLED DEVICE         :        1
| CUDA DEVICE IN USE          :        0
| CUDA DEVICE NAME            : NVIDIA H200
| CUDA DEVICE PM              :      132
| CUDA DEVICE CORE FREQ(GHZ)  :     1.98
| CUDA DEVICE MEMORY SIZE (MB):   143166
| SUPPORTING CUDA VERSION     :      9.0
|--------------------------------------------

 @ Read Job And Atom

  KEYWORD=B3LYP BASIS=6-31G** CUTOFF=1.0E-7 DENSERMS=1.0E-6 GRADIENT
 ============== JOB CARD =============
 METHOD = DENSITY FUNCTIONAL THEORY
 DENSITY FUNCTIONAL = B3LYP
 DIRECT SCF 
 SAD INITAL GUESS 
 USE DIIS SCF
 PRINT ENERGY EVERY CYCLE
 READ SAD GUESS FROM FILE
 STANDARD GRID = SG1
 Level shifting allowed after cycle    3
 DIIS error must exceed 0.100 for level shifting
 Max HOMO-LUMO gap to allow level shifting = 0.200
 GRADIENT CALCULATION
 MAX SCF CYCLES =    200
 MAX DIIS CYCLES =   10
 DELTA DENSITY START CYCLE =    3
 COMPUTATIONAL CUTOFF: 
      TWO-e INTEGRAL         =  0.100E-06
      BASIS SET PRIME        =  0.100E-07
      MATRIX ELEMENTS        =  0.100E-09
      BASIS FUNCTION         =  0.100E-05
      NEAR-LINEAR DEPENDENCY =  0.100E-04
      GRADIENT CUTOFF  =  0.100E-06
 DENSITY MATRIX MAXIMUM RMS FOR CONVERGENCE  =  0.100E-05
 BASIS SET = 6-31G**,  TYPE = CARTESIAN
| BASIS FILE = /projects/bdit/vtripathy/QUICK/install_h200/basis/6-31GDP.BAS
| DATA FILE  =    beta_strand.dat

 @ Finish reading job


 @ Begin SAD initial guess

 For Atom Kind =    1
 ELEMENT = C 
 BASIS FUNCTIONS =   15
 For Atom Kind =    2
 ELEMENT = O 
 BASIS FUNCTIONS =   15
 For Atom Kind =    3
 ELEMENT = N 
 BASIS FUNCTIONS =   15
 For Atom Kind =    4
 ELEMENT = H 
 BASIS FUNCTIONS =    5

 @ Finish SAD initial guess


 @ Begin Reading Molecular Information


 =========== Molecule Input ==========
 TOTAL MOLECULAR CHARGE  =    0    MULTIPLICITY                =    1
 TOTAL ATOM NUMBER       =  189    NUMBER OF ATOM TYPES        =    4
 NUMBER OF HYDROGEN ATOM =   95    NUMBER OF NON-HYDROGEN ATOM =   94
 NUMBER OF ELECTRONS     =  716

 -- INPUT GEOMETRY -- :
    C         -29.0934      -0.4739       0.2033
    O         -29.2824      -1.4840       0.8888
    N         -27.8717      -0.0753      -0.2212
    C         -26.6321      -0.7668       0.1354
    C         -25.4784       0.1813      -0.2880
    O         -25.6946       1.1833      -0.9778
    N         -24.2517      -0.1788       0.1505
    C         -23.0270       0.5464      -0.1931
    C         -21.8555      -0.3711       0.2505
    O         -22.0601      -1.3807       0.9331
    N         -20.6313       0.0222      -0.1632
    C         -19.3944      -0.6733       0.1987
    C         -18.2398       0.2738      -0.2278
    O         -18.4619       1.2822      -0.9070
    N         -17.0116      -0.0932       0.1967
    C         -15.7861       0.6300      -0.1502
    C         -14.6169      -0.2980       0.2795
    O         -14.8266      -1.3168       0.9472
    N         -13.3921       0.0962      -0.1291
    C         -12.1570      -0.6093       0.2207
    C         -11.0004       0.3415      -0.1929
    O         -11.2227       1.3640      -0.8508
    N          -9.7720      -0.0382       0.2184
    C          -8.5449       0.6868      -0.1196
    C          -7.3782      -0.2560       0.2844
    O          -7.5911      -1.2905       0.9267
    N          -6.1528       0.1430      -0.1170
    C          -4.9198      -0.5761       0.2123
    C          -3.7605       0.3822      -0.1762
    O          -3.9811       1.4249      -0.8023
    N          -2.5326      -0.0140       0.2201
    C          -1.3037       0.7163      -0.0996
    C          -0.1397      -0.2442       0.2690
    O          -0.3552      -1.2995       0.8755
    N           1.0864       0.1636      -0.1214
    C           2.3172      -0.5710       0.1806
    C           3.4793       0.3974      -0.1727
    O           3.2616       1.4639      -0.7583
    N           4.7064      -0.0175       0.2068
    C           5.9372       0.7207      -0.0870
    C           7.0987      -0.2576       0.2406
    O           6.8809      -1.3355       0.8049
    N           8.3254       0.1615      -0.1357
    C           9.5541      -0.5885       0.1355
    C          10.7190       0.3902      -0.1782
    O          10.5045       1.4800      -0.7204
    N          11.9450      -0.0429       0.1844
    C          13.1774       0.7035      -0.0799
    C          14.3368      -0.2895       0.2080
    O          14.1174      -1.3879       0.7303
    N          15.5643       0.1410      -0.1531
    C          16.7911      -0.6220       0.0887
    C          17.9586       0.3646      -0.1869
    O          17.7483       1.4737      -0.6900
    N          19.1833      -0.0842       0.1620
    C          20.4170       0.6697      -0.0730
    C          21.5751      -0.3334       0.1816
    O          21.3558      -1.4478       0.6685
    N          22.8035       0.1072      -0.1659
    C          24.0280      -0.6663       0.0515
    C          25.1988       0.3246      -0.1893
    O          24.9960       1.4476      -0.6625
    N          26.4217      -0.1372       0.1532
    C          27.6555       0.6245      -0.0532
    C          28.8145      -0.3821       0.1733
    O          28.6031      -1.5081       0.6347
    N          30.0435       0.0682      -0.1681
    C          31.2634      -0.7132       0.0371
    C          32.4416       0.2734      -0.1686
    O          32.2621       1.4048      -0.6119
    N          33.6687      -0.1991       0.1900
    N         -31.4910      -0.3008       0.0531
    C         -30.2667       0.4449      -0.2282
    C         -32.7212       0.1113      -0.3845
    O         -32.8950       1.1357      -1.0498
    C          31.4106      -1.9012      -0.8826
    C          27.8138       1.8214       0.8519
    C          24.1714      -1.8775      -0.8368
    C          20.5789       1.8943       0.7932
    C          16.9360      -1.8619      -0.7585
    C          13.3392       1.9583       0.7419
    C           9.7019      -1.8600      -0.6630
    C           6.0957       2.0078       0.6837
    C           2.4689      -1.8738      -0.5649
    C          -1.1513       2.0334       0.6201
    C          -4.7635      -1.9050      -0.4845
    C          -8.4009       2.0270       0.5580
    C         -11.9952      -1.9563      -0.4393
    C         -15.6513       1.9848       0.4998
    C         -19.2267      -2.0298      -0.4405
    C         -22.9018       1.9068       0.4478
    C         -26.4601      -2.1208      -0.5089
    C         -30.1635       1.7793       0.4713
    C         -33.8827      -0.7781      -0.0133
    H         -34.8186      -0.3430      -0.4413
    H         -27.7366       0.7550      -0.7939
    H         -24.0955      -1.0069       0.7221
    H         -20.4850       0.8567      -0.7284
    H         -16.8514      -0.9293       0.7560
    H         -13.2417       0.9402      -0.6792
    H          -9.6115      -0.8875       0.7575
    H          -5.9995       1.0015      -0.6436
    H          -2.3733      -0.8811       0.7306
    H           1.2424       1.0404      -0.6160
    H           4.8639      -0.9047       0.6820
    H           8.4837       1.0573      -0.5941
    H          12.1001      -0.9488       0.6238
    H          15.7241       1.0531      -0.5774
    H          19.3349      -1.0044       0.5713
    H          22.9633       1.0311      -0.5635
    H          26.5667      -1.0664       0.5429
    H          30.2000       1.0013      -0.5432
    H         -26.6042      -0.9066       1.2265
    H         -22.9881       0.6817      -1.2844
    H         -19.3679      -0.8076       1.2905
    H         -15.7533       0.7723      -1.2408
    H         -12.1295      -0.7599       1.3103
    H          -8.5169       0.8516      -1.2072
    H          -4.8919      -0.7563       1.2974
    H          -1.2794       0.9157      -1.1814
    H           2.3447      -0.7914       1.2582
    H           5.9596       0.9626      -1.1602
    H           9.5812      -0.8530       1.2032
    H          13.2001       0.9884      -1.1424
    H          16.8173      -0.9281       1.1453
    H          20.4419       0.9924      -1.1247
    H          24.0515      -1.0081       1.0972
    H          27.6829       0.9808      -1.0939
    H          31.2788      -1.0825       1.0737
    H         -30.2062       0.6298      -1.3114
    H          33.8067      -1.1456       0.5144
    H          34.4758       0.3855       0.0179
    H         -31.3735      -1.1301       0.6284
    H          30.5076      -2.5588      -0.8027
    H          32.3052      -2.5022      -0.5897
    H          31.5251      -1.5857      -1.9478
    H          26.9222       2.4920       0.7547
    H          28.7212       2.4038       0.5594
    H          27.9137       1.5182       1.9220
    H          23.2712      -2.5352      -0.7313
    H          25.0711      -2.4673      -0.5355
    H          24.2760      -1.5902      -1.9109
    H          19.6862       2.5610       0.6802
    H          21.4841       2.4681       0.4777
    H          20.6850       1.6247       1.8717
    H          16.0366      -2.5169      -0.6314
    H          17.8362      -2.4405      -0.4376
    H          17.0406      -1.6106      -1.8416
    H          12.4450       2.6190       0.6079
    H          14.2425       2.5223       0.4038
    H          13.4489       1.7272       1.8290
    H           8.8037      -2.5113      -0.5113
    H          10.6029      -2.4242      -0.3191
    H           9.8071      -1.6506      -1.7549
    H           5.1998       2.6603       0.5235
    H           6.9975       2.5602       0.3231
    H           6.2061       1.8208       1.7792
    H           1.5722      -2.5207      -0.3873
    H           3.3710      -2.4211      -0.1977
    H           2.5743      -1.7091      -1.6644
    H          -2.0489       2.6760       0.4320
    H          -0.2504       2.5740       0.2402
    H          -1.0432       1.8901       1.7223
    H          -5.6581      -2.5479      -0.2832
    H          -3.8596      -2.4353      -0.0971
    H          -4.6583      -1.7807      -1.5893
    H          -9.2999       2.6597       0.3451
    H          -7.5001       2.5585       0.1651
    H          -8.2976       1.9197       1.6648
    H         -12.8873      -2.5968      -0.2208
    H         -11.0893      -2.4721      -0.0373
    H         -11.8900      -1.8619      -1.5471
    H         -16.5515       2.6092       0.2681
    H         -14.7501       2.5113       0.1013
    H         -15.5544       1.9013       1.6092
    H         -20.1164      -2.6704      -0.2123
    H         -18.3189      -2.5354      -0.0304
    H         -19.1217      -1.9519      -1.5496
    H         -23.8023       2.5262       0.2040
    H         -21.9990       2.4331       0.0526
    H         -22.8137       1.8319       1.5585
    H         -27.3463      -2.7657      -0.2796
    H         -25.5483      -2.6234      -0.1039
    H         -26.3597      -2.0387      -1.6181
    H         -29.2491       2.3208       0.1273
    H         -30.1113       1.6596       1.5803
    H         -31.0573       2.4066       0.2232
    H         -33.9895      -0.8436       1.0962
    H         -33.7410      -1.8061      -0.4257

============== BASIS INFOS ==============
 BASIS FUNCTIONS = 1885
 NSHELL =  661 NPRIM  = 3297
 JSHELL =  661 JBASIS = 1509


 @ End Reading Molecular Information 


 @ Begin XC Quadrature Formation

 OCTAGO: OCTree Algorithm for Grid Operations 
   PRUNING CUTOFF       = 0.100E-06
   INITIAL GRID POINTS  =      715144
|   FINAL GRID POINTS    =      455370
|   SIGNIFICANT NUMBER OF BASIS FUNCTIONS     =      655934
|   SIGNIFICANT NUMBER OF PRIMITIVE FUNCTIONS =      727105

 @ End XC Quadrature Formation


 @ Begin Energy Calculation

| condition number of overlap matrix:    4.594E+03
| Smallest eigenvalue of overlap matrix:    1.626E-03

                                         SCF ENERGY
| ------------------------------------------------------------------------------------------------------------------------
| NCYC       ENERGY         DELTA_E      SCF_TIME  DII_CYC   DII_TIME   O_TIME  DIAG_TIME    MAX_ERR    RMS_CHG    MAX_CHG
| ------------------------------------------------------------------------------------------------------------------------
|  1  -4678.166364474      ------         2.501     1        0.16      2.33      0.03    0.2084E+01  0.7729E-02  0.6011E+00
|  2  -4659.316183138  -.188502E+02       2.924     2        0.17      2.74      0.03    0.1923E+00  0.3360E-02  0.2706E+00
|  3  -4658.118258197  -.119792E+01       2.864     3        0.21      2.64      0.03    0.3036E+00  0.1821E-02  0.1877E+00
|   ***  Level shifting applied  ( HOMO-LUMO gap =  0.131 au ) ***
|  4  -4661.184853234  0.306660E+01       2.756     4        0.18      2.56      0.03    0.4493E-01  0.4281E-03  0.4104E-01
|  5  -4661.260774224  0.759210E-01       2.604     5        0.20      2.39      0.03    0.2207E-01  0.1572E-03  0.1814E-01
|  6  -4661.274668525  0.138943E-01       2.479     6        0.21      2.26      0.03    0.7207E-02  0.4865E-04  0.5567E-02
|  7  -4661.276124922  0.145640E-02       2.363     7        0.21      2.14      0.03    0.1546E-02  0.1588E-04  0.1534E-02
|  8  -4661.276208906  0.839838E-04       2.271     8        0.23      2.03      0.03    0.1038E-02  0.7025E-05  0.8531E-03
| -------------- 2E-INT CUTOFF CHANGE TO 0.1000E-08 ------------
|  9  -4661.276241420  0.325139E-04       2.674     9        0.24      2.42      0.03    0.2488E-03  0.1655E-05  0.1839E-03
| 10  -4661.276243253  0.183306E-05       2.509    10        0.25      2.25      0.03    0.7509E-04  0.5262E-06  0.4927E-04
| ------------------------------------------------------------------------------------------------------------------------
| REACH CONVERGENCE AFTER  10 CYCLES
| MAX ERROR = 0.750888E-04   RMS CHANGE = 0.526174E-06   MAX CHANGE = 0.492739E-04
| -----------------------------------------------
 ALPHA ELECTRON DENSITY    =   357.9991142766
 BETA ELECTRON DENSITY     =   357.9991142766
 ELECTRONIC ENERGY    = -17658.758925424
 CORE_CORE REPULSION  =  12997.482682171
 TOTAL ENERGY         =  -4661.276243253

 @ End Energy calculation


 @ Begin Gradient Calculation

 ANALYTICAL GRADIENT: 
----------------------------------------
 COORDINATE    XYZ            GRADIENT
----------------------------------------
    1X   -29.0934522217     0.0021221482
    1Y    -0.4739300362     0.0021194604
    1Z     0.2032760155     0.0038489022
    2X   -29.2824232361    -0.0014167625
    2Y    -1.4839941133    -0.0045201141
    2Z     0.8887970679     0.0014297643
    3X   -27.8717401284    -0.0039353542
    3Y    -0.0752760057     0.0053805413
    3Z    -0.2211770169     0.0001143025
    4X   -26.6321320337    -0.0000212588
    4Y    -0.7668030586    -0.0165027792
    4Z     0.1353580103    -0.0056908877
    5X   -25.4783679456     0.0024698703
    5Y     0.1813360138    -0.0028047968
    5Z    -0.2880440220    -0.0034298128
    6X   -25.6946299621    -0.0016839790
    6Y     1.1832730904     0.0044519225
    6Z    -0.9778380747    -0.0014296499
    7X   -24.2516978520    -0.0034951548
    7Y    -0.1788410137    -0.0051759389
    7Z     0.1505400115    -0.0002728827
    8X   -23.0270267584    -0.0006569622
    8Y     0.5464250417     0.0164578406
    8Z    -0.1931020147     0.0057155048
    9X   -21.8554556690     0.0022464930
    9Y    -0.3710930283     0.0028836273
    9Z     0.2504730191     0.0035259153
   10X   -22.0601216846    -0.0015577521
   10Y    -1.3807401054    -0.0044265929
   10Z     0.9331290713     0.0013274079
   11X   -20.6313195755    -0.0035344537
   11Y     0.0222230017     0.0050065072
   11Z    -0.1632160125     0.0001310893
   12X   -19.3943524810    -0.0002148595
   12Y    -0.6733280514    -0.0163645939
   12Z     0.1986880152    -0.0057036931
   13X   -18.2397603929     0.0024194192
   13Y     0.2738150209    -0.0027856170
   13Z    -0.2278330174    -0.0034935825
   14X   -18.4619354098    -0.0017065684
   14Y     1.2821660979     0.0043552001
   14Z    -0.9069820693    -0.0012993361
   15X   -17.0116032991    -0.0034437870
   15Y    -0.0932310071    -0.0050684372
   15Z     0.1966510150    -0.0002421601
   16X   -15.7860642055    -0.0005903072
   16Y     0.6299640481     0.0163681780
   16Z    -0.1501820115     0.0058532408
   17X   -14.6168921162     0.0022805030
   17Y    -0.2979760228     0.0028395813
   17Z     0.2795390213     0.0036252567
   18X   -14.8265991322    -0.0016110829
   18Y    -1.3167941006    -0.0043830537
   18Z     0.9471620723     0.0011783721
   19X   -13.3920540227    -0.0035166352
   19Y     0.0961800073     0.0049773486
   19Z    -0.1291210099     0.0001832497
   20X   -12.1569609284    -0.0002968087
   20Y    -0.6093100465    -0.0162971128
   20Z     0.2207400169    -0.0059600898
   21X   -11.0003628400     0.0023874909
   21Y     0.3415040261    -0.0027571909
   21Z    -0.1929030147    -0.0036713983
   22X   -11.2227458570    -0.0017114791
   22Y     1.3639681042     0.0043595329
   22Z    -0.8507510650    -0.0011200471
   23X    -9.7719627462    -0.0034809789
   23Y    -0.0381910029    -0.0050040227
   23Z     0.2183780167    -0.0002536166
   24X    -8.5448526525    -0.0004789543
   24Y     0.6867920524     0.0162267664
   24Z    -0.1196220091     0.0061836060
   25X    -7.3782215634     0.0023089611
   25Y    -0.2560360196     0.0028303027
   25Z     0.2844460217     0.0038094598
   26X    -7.5911075797    -0.0016587097
   26Y    -1.2904740985    -0.0044172333
   26Z     0.9266690708     0.0009761991
   27X    -6.1528174699    -0.0035487127
   27Y     0.1430280109     0.0049585371
   27Z    -0.1170150089     0.0002604871
   28X    -4.9198123757    -0.0003218415
   28Y    -0.5760500440    -0.0161142284
   28Z     0.2122980162    -0.0063822715
   29X    -3.7605412872     0.0023519315
   29Y     0.3822290292    -0.0028132362
   29Z    -0.1762050135    -0.0038973760
   30X    -3.9810573040    -0.0017180665
   30Y     1.4248551088     0.0044456810
   30Z    -0.8023460613    -0.0008937350
   31X    -2.5325701934    -0.0035679683
   31Y    -0.0139820011    -0.0049351095
   31Z     0.2201240168    -0.0003114342
   32X    -1.3036520996    -0.0003488772
   32Y     0.7163150547     0.0159856827
   32Z    -0.0996240076     0.0066265794
   33X    -0.1396540107     0.0023144819
   33Y    -0.2442160186     0.0028964044
   33Z     0.2689910205     0.0039829990
   34X    -0.3551840271    -0.0016927664
   34Y    -1.2994590992    -0.0045528524
   34Z     0.8755240669     0.0008046829
   35X     1.0863650830    -0.0036047377
   35Y     0.1636250125     0.0049354022
   35Z    -0.1214470093     0.0004122872
   36X     2.3172051770    -0.0003414555
   36Y    -0.5710430436    -0.0158280615
   36Z     0.1805800138    -0.0068753242
   37X     3.4793132657     0.0023112377
   37Y     0.3974020303    -0.0029387909
   37Z    -0.1726930132    -0.0040474365
   38X     3.2615832491    -0.0017012420
   38Y     1.4638921118     0.0046521489
   38Z    -0.7583160579    -0.0007607072
   39X     4.7064403594    -0.0036493491
   39Y    -0.0174540013    -0.0048891015
   39Z     0.2067900158    -0.0004832228
   40X     5.9371764534    -0.0002470173
   40Y     0.7206980550     0.0156486990
   40Z    -0.0870010066     0.0071212249
   41X     7.0986585421     0.0022909488
   41Y    -0.2575510197     0.0029560056
   41Z     0.2405770184     0.0040891362
   42X     6.8808755254    -0.0016977518
   42Y    -1.3354881020    -0.0047149673
   42Z     0.8048990615     0.0007071004
   43X     8.3253676358    -0.0036335034
   43Y     0.1614640123     0.0049377043
   43Z    -0.1357480104     0.0006456829
   44X     9.5541507296    -0.0003843916
   44Y    -0.5885030449    -0.0154733381
   44Z     0.1354850103    -0.0074060120
   45X    10.7189798185     0.0022623685
   45Y     0.3901600298    -0.0029476079
   45Z    -0.1782040136    -0.0041438729
   46X    10.5045338022    -0.0016630532
   46Y     1.4799691130     0.0047992542
   46Z    -0.7204250550    -0.0006575480
   47X    11.9450189122    -0.0036874926
   47Y    -0.0429290033    -0.0049116505
   47Z     0.1843770141    -0.0007229638
   48X    13.1774310063    -0.0002166186
   48Y     0.7035360537     0.0153317089
   48Z    -0.0798530061     0.0076595873
   49X    14.3367810948     0.0022428285
   49Y    -0.2894520221     0.0028267569
   49Z     0.2079890159     0.0042118038
   50X    14.1173850781    -0.0016736206
   50Y    -1.3879461060    -0.0047444678
   50Z     0.7303460558     0.0005685377
   51X    15.5643031885    -0.0036056477
   51Y     0.1409860108     0.0049812164
   51Z    -0.1530840117     0.0008832607
   52X    16.7911462822    -0.0004657913
   52Y    -0.6220150475    -0.0151529932
   52Z     0.0887160068    -0.0079568289
   53X    17.9586303714     0.0022026695
   53Y     0.3646250278    -0.0027867309
   53Z    -0.1869230143    -0.0042533668
   54X    17.7483513553    -0.0016057483
   54Y     1.4736831125     0.0048303620
   54Z    -0.6900440527    -0.0004989902
   55X    19.1833114649    -0.0036566554
   55Y    -0.0841510064    -0.0049812511
   55Z     0.1620230124    -0.0009588716
   56X    20.4170375591    -0.0002647011
   56Y     0.6697090511     0.0150961960
   56Z    -0.0730450056     0.0082131930
   57X    21.5750536476     0.0021806271
   57Y    -0.3333550255     0.0026245297
   57Z     0.1815590139     0.0043387836
   58X    21.3558166308    -0.0016296073
   58Y    -1.4478141106    -0.0047655934
   58Z     0.6684800510     0.0004023015
   59X    22.8034657414    -0.0035251051
   59Y     0.1072340082     0.0050427437
   59Z    -0.1659420127     0.0010764459
   60X    24.0280408349    -0.0005567860
   60Y    -0.6663220509    -0.0148899090
   60Z     0.0515180039    -0.0084960148
   61X    25.1988399243     0.0020713561
   61Y     0.3246300248    -0.0025032992
   61Z    -0.1893360145    -0.0043798268
   62X    24.9960099088    -0.0015238136
   62Y     1.4476381105     0.0047861425
   62Z    -0.6624720506    -0.0003269663
   63X    26.4216560177    -0.0034865743
   63Y    -0.1371620105    -0.0050607349
   63Z     0.1532420117    -0.0011577618
   64X    27.6554581119    -0.0003707648
   64Y     0.6244820477     0.0148727695
   64Z    -0.0532500041     0.0087499472
   65X    28.8144692004     0.0017752986
   65Y    -0.3821270292     0.0022593957
   65Z     0.1732710132     0.0045578694
   66X    28.6031051842    -0.0014746523
   66Y    -1.5080891152    -0.0046747583
   66Z     0.6346540485     0.0002508924
   67X    30.0434942942    -0.0033301336
   67Y     0.0682050052     0.0050607117
   67Z    -0.1681490128     0.0011709590
   68X    31.2634463874    -0.0010531667
   68Y    -0.7131640545    -0.0144040314
   68Z     0.0370540028    -0.0090271927
   69X    32.4415764774     0.0004762087
   69Y     0.2733660209    -0.0035763986
   69Z    -0.1685660129    -0.0049319580
   70X    32.2621294637    -0.0011275232
   70Y     1.4048231073     0.0055987451
   70Z    -0.6118720467    -0.0008745452
   71X    33.6686865711     0.0035871437
   71Y    -0.1991130152    -0.0005238661
   71Z     0.1900280145     0.0019195890
   72X   -31.4909974048     0.0030353330
   72Y    -0.3008020230    -0.0076989816
   72Z     0.0530600041     0.0007101281
   73X   -30.2666613113    -0.0006091352
   73Y     0.4448720340     0.0176948098
   73Z    -0.2282050174     0.0051764389
   74X   -32.7211714987    -0.0034941673
   74Y     0.1113400085    -0.0086880583
   74Z    -0.3845180294     0.0053973079
   75X   -32.8950425120    -0.0064486862
   75Y     1.1356550867     0.0048122623
   75Z    -1.0497960802    -0.0033775247
   76X    31.4105703986     0.0044978708
   76Y    -1.9012231452     0.0232835519
   76Z    -0.8825960674     0.0173534614
   77X    27.8137811240     0.0036620292
   77Y     1.8213501391    -0.0241983793
   77Z     0.8518750651    -0.0167437956
   78X    24.1713518458     0.0040021542
   78Y    -1.8774691434     0.0243076066
   78Z    -0.8367900639     0.0163529162
   79X    20.5788575715     0.0035747921
   79Y     1.8942911447    -0.0247422518
   79Z     0.7931970606    -0.0159518899
   80X    16.9359822933     0.0039058782
   80Y    -1.8619061422     0.0249133813
   80Z    -0.7585450579     0.0155137856
   81X    13.3392160186     0.0035186169
   81Y     1.9583071495    -0.0253356329
   81Z     0.7419350567    -0.0150987349
   82X     9.7019377409     0.0037876707
   82Y    -1.8600021420     0.0255748059
   82Z    -0.6629520506     0.0145976900
   83X     6.0957354655     0.0035321268
   83Y     2.0078391533    -0.0259503063
   83Z     0.6837240522    -0.0141475188
   84X     2.4688631885     0.0036633439
   84Y    -1.8738221431     0.0262365390
   84Z    -0.5649420431     0.0136332144
   85X    -1.1512900879     0.0036327675
   85Y     2.0334001553    -0.0264946238
   85Z     0.6200710474    -0.0131585723
   86X    -4.7635393638     0.0035574202
   86Y    -1.9050091455     0.0267721142
   86Z    -0.4845030370     0.0126932715
   87X    -8.4008626415     0.0038066651
   87Y     2.0269591548    -0.0268707851
   87Z     0.5580070426    -0.0122613865
   88X   -11.9951829160     0.0034642829
   88Y    -1.9562931494     0.0271221788
   88Z    -0.4393220335     0.0119293514
   89X   -15.6513081952     0.0040178648
   89Y     1.9847771516    -0.0270787796
   89Z     0.4998240382    -0.0116118554
   90X   -19.2267424682     0.0033869972
   90Y    -2.0297651550     0.0272922160
   90Z    -0.4405220336     0.0114764855
   91X   -22.9017707489     0.0042728635
   91Y     1.9067611456    -0.0271410442
   91Z     0.4477720342    -0.0112844306
   92X   -26.4600820206     0.0033731335
   92Y    -2.1208401620     0.0272213102
   92Z    -0.5089470389     0.0115196251
   93X   -30.1634873034     0.0045111882
   93Y     1.7793321359    -0.0266275534
   93Z     0.4713110360    -0.0120841775
   94X   -33.8827215874     0.0157160535
   94Y    -0.7780550594     0.0100464504
   94Z    -0.0133330010    -0.0037057835
   95X   -34.8186366589    -0.0148176248
   95Y    -0.3430430262     0.0063400218
   95Z    -0.4412850337    -0.0065658287
   96X   -27.7365761181     0.0000105650
   96Y     0.7549660577     0.0018345461
   96Z    -0.7939400606    -0.0017176008
   97X   -24.0955168400     0.0000432866
   97Y    -1.0068590769    -0.0019315836
   97Z     0.7221140551     0.0017615115
   98X   -20.4849785643     0.0000698002
   98Y     0.8567290654     0.0019627557
   98Z    -0.7283710556    -0.0017230100
   99X   -16.8513572868     0.0000976359
   99Y    -0.9292620710    -0.0019903144
   99Z     0.7560020577     0.0017234131
  100X   -13.2416870112     0.0001068454
  100Y     0.9401970718     0.0020146387
  100Z    -0.6792470519    -0.0016795520
  101X    -9.6115207340     0.0001381069
  101Y    -0.8875010678    -0.0020551872
  101Z     0.7575200578     0.0016497675
  102X    -5.9994644581     0.0001445804
  102Y     1.0014970765     0.0020871118
  102Z    -0.6435580491    -0.0016013224
  103X    -2.3732861812     0.0001750540
  103Y    -0.8810930673    -0.0021423196
  103Z     0.7305680558     0.0015604421
  104X     1.2424310949     0.0001847160
  104Y     1.0404310795     0.0021768177
  104Z    -0.6160170470    -0.0015252662
  105X     4.8639013714     0.0001924880
  105Y    -0.9046640691    -0.0022180458
  105Z     0.6820140521     0.0014879979
  106X     8.4837176478     0.0001942074
  106Y     1.0573080807     0.0022305238
  106Z    -0.5940850454    -0.0014654270
  107X    12.1000609240     0.0001726556
  107Y    -0.9487590725    -0.0022258118
  107Z     0.6238030476     0.0014222662
  108X    15.7241312008     0.0001664700
  108Y     1.0530960804     0.0022169497
  108Z    -0.5773870441    -0.0014066595
  109X    19.3349354765     0.0001250458
  109Y    -1.0044150767    -0.0021949625
  109Z     0.5712880436     0.0013541214
  110X    22.9632707536     0.0001125241
  110Y     1.0310640787     0.0021879261
  110Z    -0.5635330430    -0.0013490969
  111X    26.5667070287     0.0000399173
  111Y    -1.0664080814    -0.0021664781
  111Z     0.5428980415     0.0013097518
  112X    30.2000183062    -0.0000748000
  112Y     1.0013230765     0.0021515956
  112Z    -0.5432060415    -0.0012988147
  113X   -26.6042140316     0.0007627816
  113Y    -0.9066110692    -0.0021782981
  113Z     1.2265380937     0.0015061773
  114X   -22.9881087555     0.0007290617
  114Y     0.6816790521     0.0021895697
  114Z    -1.2844320981    -0.0015156011
  115X   -19.3679094790     0.0007845920
  115Y    -0.8076410617    -0.0021882149
  115Z     1.2904810985     0.0015158478
  116X   -15.7533412030     0.0007486326
  116Y     0.7722530590     0.0021980731
  116Z    -1.2407740948    -0.0015034095
  117X   -12.1295019263     0.0007844191
  117Y    -0.7599300580    -0.0022003316
  117Z     1.3103461001     0.0014876901
  118X    -8.5168756504     0.0007589059
  118Y     0.8515670650     0.0022170722
  118Z    -1.2071620922    -0.0014620204
  119X    -4.8919443736     0.0007796022
  119Y    -0.7563330578    -0.0022389396
  119Z     1.2973630991     0.0014260073
  120X    -1.2793700977     0.0007637357
  120Y     0.9157180699     0.0022769059
  120Z    -1.1814320902    -0.0013838292
  121X     2.3447421791     0.0007641254
  121Y    -0.7913680604    -0.0023279701
  121Z     1.2582300961     0.0013246473
  122X     5.9595504551     0.0007566601
  122Y     0.9625740735     0.0023799740
  122Z    -1.1601530886    -0.0012636555
  123X     9.5811617317     0.0007448413
  123Y    -0.8530500651    -0.0024384911
  123Z     1.2031580919     0.0012011564
  124X    13.2001000080     0.0007548082
  124Y     0.9884050755     0.0024559020
  124Z    -1.1424030872    -0.0011449155
  125X    16.8172552842     0.0007402931
  125Y    -0.9280870709    -0.0024846119
  125Z     1.1452660875     0.0011026243
  126X    20.4418755610     0.0007668272
  126Y     0.9924190758     0.0024758839
  126Z    -1.1246860859    -0.0010675076
  127X    24.0514628367     0.0007448297
  127Y    -1.0081110770    -0.0024927397
  127Z     1.0971510838     0.0010389928
  128X    27.6829331140     0.0007824070
  128Y     0.9808420749     0.0025010649
  128Z    -1.0939200835    -0.0010070246
  129X    31.2787973886     0.0008556152
  129Y    -1.0825270827    -0.0024540774
  129Z     1.0737490820     0.0010658862
  130X   -30.2062503067     0.0005225570
  130Y     0.6298280481     0.0022424043
  130Z    -1.3113531001    -0.0013405846
  131X    33.8067145816    -0.0003391711
  131Y    -1.1456140875    -0.0030249043
  131Z     0.5143920393     0.0007393518
  132X    34.4758256327     0.0017842949
  132Y     0.3854820294     0.0013571505
  132Z     0.0178550014    -0.0004651066
  133X   -31.3735353958    -0.0011958984
  133Y    -1.1301090863    -0.0018200230
  133Z     0.6283560480     0.0020245247
  134X    30.5075953297    -0.0143630276
  134Y    -2.5587621954    -0.0096058394
  134Z    -0.8027320613     0.0005862901
  135X    32.3052244670     0.0114473873
  135Y    -2.5022121911    -0.0057644387
  135Z    -0.5896580450     0.0056809380
  136X    31.5251424074     0.0010480603
  136Y    -1.5856761211     0.0041233043
  136Z    -1.9477511487    -0.0131558843
  137X    26.9222430559    -0.0140433672
  137Y     2.4920121903     0.0097736810
  137Z     0.7547340576    -0.0010268759
  138X    28.7211821933     0.0118873494
  138Y     2.4038321836     0.0060932049
  138Z     0.5593630427    -0.0056553580
  139X    27.9136541316     0.0009525183
  139Y     1.5181931159    -0.0038598151
  139Z     1.9220421468     0.0130952588
  140X    23.2712317771    -0.0141216042
  140Y    -2.5352371936    -0.0095410742
  140Z    -0.7313380558     0.0011522354
  141X    25.0710559145     0.0117643474
  141Y    -2.4673251884    -0.0062181609
  141Z    -0.5354950409     0.0057391609
  142X    24.2759888538     0.0010127192
  142Y    -1.5902231214     0.0036778285
  142Z    -1.9108971459    -0.0131275394
  143X    19.6862365033    -0.0140097941
  143Y     2.5609711956     0.0096620563
  143Z     0.6801650519    -0.0012630109
  144X    21.4841306406     0.0118462108
  144Y     2.4680521885     0.0060489364
  144Z     0.4777280365    -0.0058854191
  145X    20.6849545796     0.0010229909
  145Y     1.6246541241    -0.0034742984
  145Z     1.8717091429     0.0131735835
  146X    16.0366452246    -0.0140978517
  146Y    -2.5168991922    -0.0094803688
  146Z    -0.6314160482     0.0014773877
  147X    17.8362393620     0.0118073540
  147Y    -2.4405051864    -0.0061032789
  147Z    -0.4375950334     0.0059429031
  148X    17.0405993013     0.0009915215
  148Y    -1.6105561230     0.0032611441
  148Z    -1.8416121406    -0.0132175268
  149X    12.4450299504    -0.0140129750
  149Y     2.6189572000     0.0095583639
  149Z     0.6079200464    -0.0015699855
  150X    14.2424830876     0.0118418462
  150Y     2.5222631926     0.0059270501
  150Z     0.4038060308    -0.0060997325
  151X    13.4488550270     0.0010403739
  151Y     1.7272351319    -0.0030135656
  151Z     1.8290121397     0.0132703689
  152X     8.8036826723    -0.0140793127
  152Y    -2.5112521918    -0.0094095528
  152Z    -0.5112960390     0.0018528305
  153X    10.6028988097     0.0118416563
  153Y    -2.4242001851    -0.0059069612
  153Z    -0.3191230244     0.0061416423
  154X     9.8070897489     0.0009609838
  154Y    -1.6506051260     0.0027446981
  154Z    -1.7548531340    -0.0133285689
  155X     5.1998163971    -0.0140297562
  155Y     2.6602512031     0.0094187138
  155Z     0.5235130400    -0.0019723232
  156X     6.9974765344     0.0118459199
  156Y     2.5601711955     0.0057436823
  156Z     0.3230710247    -0.0062896023
  157X     6.2061094739     0.0010078277
  157Y     1.8208491390    -0.0024550386
  157Z     1.7791711359     0.0133941294
  158X     1.5722061201    -0.0140575279
  158Y    -2.5206861925    -0.0093311890
  158Z    -0.3872560296     0.0022561779
  159X     3.3710372574     0.0118615578
  159Y    -2.4211101849    -0.0056637782
  159Z    -0.1977440151     0.0063288853
  160X     2.5742591966     0.0009272445
  160Y    -1.7090901305     0.0021698360
  160Z    -1.6644441271    -0.0134478035
  161X    -2.0488861565    -0.0140555585
  161Y     2.6759922043     0.0092483288
  161Z     0.4319790330    -0.0024151082
  162X    -0.2503530191     0.0118401152
  162Y     2.5740161966     0.0055512109
  162Z     0.2401730183    -0.0064446552
  163X    -1.0432000797     0.0009534729
  163Y     1.8901501443    -0.0018988166
  163Z     1.7223181315     0.0134979264
  164X    -5.6580954321    -0.0140320077
  164Y    -2.5478661946    -0.0092699583
  164Z    -0.2832160216     0.0026192055
  165X    -3.8596322947     0.0118546447
  165Y    -2.4352611860    -0.0054194025
  165Z    -0.0971330074     0.0065013365
  166X    -4.6583193557     0.0009087207
  166Y    -1.7806751360     0.0016588862
  166Z    -1.5893201214    -0.0135245335
  167X    -9.2999497102    -0.0140818531
  167Y     2.6596532031     0.0090819186
  167Z     0.3451050264    -0.0028119571
  168X    -7.5000655727     0.0118217054
  168Y     2.5584541954     0.0054027213
  168Z     0.1651420126    -0.0065481356
  169X    -8.2975516336     0.0008949597
  169Y     1.9196571466    -0.0014625616
  169Z     1.6647901271     0.0135465130
  170X   -12.8873419841    -0.0139997186
  170Y    -2.5968471983    -0.0092504816
  170Z    -0.2207740169     0.0028822952
  171X   -11.0893288468     0.0118283849
  171Y    -2.4720801888    -0.0052135503
  171Z    -0.0372740028     0.0066441180
  172X   -11.8899909080     0.0009089225
  172Y    -1.8618601422     0.0012944030
  172Z    -1.5470971181    -0.0135515482
  173X   -16.5515222639    -0.0141006815
  173Y     2.6092081992     0.0089586132
  173Z     0.2681040205    -0.0031117609
  174X   -14.7500801264     0.0118035487
  174Y     2.5112621918     0.0053115669
  174Z     0.1012870077    -0.0065839711
  175X   -15.5544371878     0.0008258430
  175Y     1.9012751452    -0.0011802703
  175Z     1.6092351229     0.0135564911
  176X   -20.1164375362    -0.0139551615
  176Y    -2.6703902039    -0.0092858020
  176Z    -0.2123420162     0.0030265016
  177X   -18.3188643989     0.0117850237
  177Y    -2.5354471936    -0.0050540401
  177Z    -0.0303630023     0.0067131791
  178X   -19.1216614602     0.0009096673
  178Y    -1.9519431491     0.0010849385
  178Z    -1.5495921183    -0.0135486301
  179X   -23.8022878176    -0.0140944841
  179Y     2.5261621929     0.0089263819
  179Z     0.2040120156    -0.0033255830
  180X   -21.9990426799     0.0117749922
  180Y     2.4331021858     0.0052822375
  180Z     0.0525820040    -0.0064974798
  181X   -22.8137447421     0.0007155612
  181Y     1.8318871399    -0.0010642376
  181Z     1.5585161190     0.0135020579
  182X   -27.3463500883    -0.0138341511
  182Y    -2.7657272112    -0.0094570018
  182Z    -0.2796040214     0.0030341910
  183X   -25.5483339510     0.0116835551
  183Y    -2.6234352003    -0.0049560384
  183Z    -0.1038830079     0.0066145111
  184X   -26.3597090129     0.0008408423
  184Y    -2.0387451557     0.0011027691
  184Z    -1.6181171236    -0.0134889308
  185X   -29.2490722336     0.0116219294
  185Y     2.3208271772     0.0052806545
  185Z     0.1272720097    -0.0058831987
  186X   -30.1112652994     0.0001969292
  186Y     1.6595561267    -0.0014237140
  186Z     1.5802631207     0.0132130656
  187X   -31.0573313717    -0.0138897770
  187Y     2.4065721838     0.0094205481
  187Z     0.2231620170    -0.0033004342
  188X   -33.9895035956    -0.0008615490
  188Y    -0.8435530644     0.0017143754
  188Z     1.0962350837     0.0130402627
  189X   -33.7410225766     0.0022860121
  189Y    -1.8060571379    -0.0110263770
  189Z    -0.4256770325    -0.0070960782
----------------------------------------

 @ End Gradient Calculation

  Skipping one-electron property calculation.

 @ Output Timing Information

------------- TIMING ---------------
| INITIAL GUESS TIME  =     4.101558000(  5.51%)
| DFT GRID OPERATIONS =     1.107186000(  1.49%)
| TOTAL SCF TIME      =    26.290597000( 35.30%)
|       TOTAL OP TIME      =    24.102511000( 32.36%)
|             TOTAL 1e TIME      =     0.344871000(  0.46%)
|             TOTAL 2e TIME      =    15.614809000( 20.96%)
|             TOTAL EXC TIME     =     7.323121000(  9.83%)
|       TOTAL DII TIME      =     2.052469000(  2.76%)
|             TOTAL DIAG TIME    =     0.294433000(  0.40%)
| TOTAL GRADIENT TIME      =    42.191526000( 56.65%)
|       TOTAL 1e GRADIENT TIME      =     3.184943000( 4.64%)
|       TOTAL 2e GRADIENT TIME      =    37.050509000(49.74%)
|       TOTAL EXC GRADIENT TIME     =     1.683531000(  2.26%)
| TOTAL TIME          =    74.481082000
------------------------------------
| Job cpu time:  0 days  0 hours  1 minutes 14.5 seconds.

 @ Finish Output Timing Information

| Normal Termination. Task Finished on: Wed Jul  1 02:24:19 2026
