| *********************************************************************************************************
| **                                                                                                     **
| **           888888888888                                                                              **
| **         8888888888888888                                                                            **
| **      888888888888888888                                                                             **
| **     888888888888888888                                                                              **
| **    888888888888888                                                                                  **
| **   88888888888888888888                               88888                       8888:              **
| **   8888888888888888888888Z                            88888                       8888:              **
| **   888888888888888888888888?                          88888                       8888:              **
| **   8888888888888      8888888                                        888888       8888:              **
| **    88888888888         888888     8888:     88888    88888        888888888I     8888:    888888    **
| **    8888888888           88888:    8888:     88888    88888      $888888888888    8888:   888888     **
| **    I8Z 88888             88888    8888:     88888    88888    .888888     8888   8888: 888888       **
| **    .8Z 88888             88888    8888:     88888    88888    $88888             8888:88888         **
| **     8I 88888      .=88. .88888    8888:     88888    88888    88888              8888888888         **
| **    :8  88888      888888$8888$    8888:     88888    88888    8888O              88888888888        **
| **   ,7   +88888.     8888888888.    8888:     88888    88888    888888             88888O888888       **
| **         $888888:.   .8888888      88888....888888    88888     888888     8888   8888:  888888      **
| **          I8888888888888888888     888888888888888    88888     O888888888888O    8888:   888888     **
| **            O888888888888888888     88888888888888    88888       88888888888$    8888:    888888    **
| **               8888888Z     888      .8888I  88888    88888         8888888       8888:     888888   **
| **                                                                                                     **
| **                                                                                                     **
| **                                         Copyright (c) 2026                                          **
| **                          Regents of the University of California San Diego                          **
| **                                    & Michigan State University                                      **
| **                                        All Rights Reserved.                                         **
| **                                                                                                     **
| **             This software is subject to the terms of the Mozilla Public License, v. 2.0.            **
| **                                                                                                     **
| *********************************************************************************************************
|                                                                                                          
| Cite this work as:                                                                                       
| Manathunga, M.; O'Hearn, K. A.; Shajan, A.; Smith, J.; Miao, Y.; He, X.; Ayers, K.;                      
| Brothers, E.; Palos, E.; Tripathy, V.; Goetz, A.W.; Merz, K.M. QUICK-26.03.                              
| University of California,San Diego, CA and                                                               
| Michigan State University, East Lansing, MI, 2026                                                        
|                                                                                                          
| If you have any comments or queries, please reach out to us on GitHub issues or discussion sections:     
| https://github.com/merzlab/QUICK.                                                                        
|                                                                                                          
| TASK STARTS ON: Wed Jul  1 02:31:40 2026
| INPUT FILE :    psb5.in
| OUTPUT FILE:    psb5.out
| BASIS SET PATH: /projects/bdit/vtripathy/QUICK/install_h200/basis

|------------ GPU INFORMATION ---------------
| CUDA ENABLED DEVICE         :        1
| CUDA DEVICE IN USE          :        0
| CUDA DEVICE NAME            : NVIDIA H200
| CUDA DEVICE PM              :      132
| CUDA DEVICE CORE FREQ(GHZ)  :     1.98
| CUDA DEVICE MEMORY SIZE (MB):   143166
| SUPPORTING CUDA VERSION     :      9.0
|--------------------------------------------

 @ Read Job And Atom

  KEYWORD=DFT B3LYP BASIS=6-31G** CUTOFF=1.0E-7 DENSERMS=1.0E-6 GRADIENT CHARGE=+1
 ============== JOB CARD =============
 METHOD = DENSITY FUNCTIONAL THEORY
 DENSITY FUNCTIONAL = B3LYP
 DIRECT SCF 
 SAD INITAL GUESS 
 USE DIIS SCF
 PRINT ENERGY EVERY CYCLE
 READ SAD GUESS FROM FILE
 STANDARD GRID = SG1
 Level shifting allowed after cycle    3
 DIIS error must exceed 0.100 for level shifting
 Max HOMO-LUMO gap to allow level shifting = 0.200
 GRADIENT CALCULATION
 MAX SCF CYCLES =    200
 MAX DIIS CYCLES =   10
 DELTA DENSITY START CYCLE =    3
 COMPUTATIONAL CUTOFF: 
      TWO-e INTEGRAL         =  0.100E-06
      BASIS SET PRIME        =  0.100E-07
      MATRIX ELEMENTS        =  0.100E-09
      BASIS FUNCTION         =  0.100E-05
      NEAR-LINEAR DEPENDENCY =  0.100E-04
      GRADIENT CUTOFF  =  0.100E-06
 DENSITY MATRIX MAXIMUM RMS FOR CONVERGENCE  =  0.100E-05
 BASIS SET = 6-31G**,  TYPE = CARTESIAN
| BASIS FILE = /projects/bdit/vtripathy/QUICK/install_h200/basis/6-31GDP.BAS
| DATA FILE  =    psb5.dat

 @ Finish reading job


 @ Begin SAD initial guess

 For Atom Kind =    1
 ELEMENT = C 
 BASIS FUNCTIONS =   15
 For Atom Kind =    2
 ELEMENT = H 
 BASIS FUNCTIONS =    5
 For Atom Kind =    3
 ELEMENT = N 
 BASIS FUNCTIONS =   15

 @ Finish SAD initial guess


 @ Begin Reading Molecular Information


 =========== Molecule Input ==========
 TOTAL MOLECULAR CHARGE  =    1    MULTIPLICITY                =    1
 TOTAL ATOM NUMBER       =   22    NUMBER OF ATOM TYPES        =    3
 NUMBER OF HYDROGEN ATOM =   12    NUMBER OF NON-HYDROGEN ATOM =   10
 NUMBER OF ELECTRONS     =   72

 -- INPUT GEOMETRY -- :
    C          -1.2017       0.4258       4.7428
    C          -1.3660       1.5848       3.9624
    C          -1.0189       1.5694       2.6313
    H          -1.7630       2.4740       4.4194
    C          -1.1391       2.6728       1.7501
    H          -0.6253       0.6539       2.2205
    C          -0.7721       2.5867       0.4327
    H          -1.5296       3.5978       2.1375
    C          -0.8671       3.6628      -0.5090
    H          -0.3836       1.6495       0.0686
    C          -0.4892       3.5324      -1.8110
    H          -1.2538       4.6045      -0.1581
    C          -0.5689       4.5978      -2.7957
    H          -0.1037       2.5843      -2.1493
    C          -0.1888       4.4471      -4.0794
    H          -0.9536       5.5467      -2.4621
    H           0.2001       3.5149      -4.4492
    H          -0.2604       5.2550      -4.7825
    N          -1.4957       0.3332       6.0016
    H          -0.8055      -0.4668       4.2930
    H          -1.8710       1.1073       6.5153
    H          -1.3586      -0.5173       6.5104

 -- DISTANCE MATRIX -- :
              1           2           3           4           5
      1     0.00000
      2     2.65858     0.00000
      3     4.55090     2.59972     0.00000
      4     4.05943     2.03269     4.03941     0.00000
      5     7.07302     4.67856     2.67818     5.19371     0.00000
      6     4.90838     3.98621     2.03687     5.80678     4.03592
      7     9.14742     7.02402     4.60176     7.76593     2.58956
      8     7.78162     5.14385     4.06145     4.82697     2.03359
      9    11.67523     9.36513     7.13773     9.72876     4.68921
     10     9.26071     7.58990     4.99178     8.76476     3.98443
     11    13.77186    11.63289     9.23232    12.18260     7.03096
     12    12.17120     9.65606     7.80252     9.58959     5.13568
     13    16.32562    14.06361    11.77500    14.39092     9.39083
     14    13.80485    11.94355     9.39594    12.80461     7.62603
     15    18.42151    16.28342    13.88711    16.75373    11.65435
     16    16.71058    14.28481    12.21273    14.32355     9.64254
     17    18.51555    16.57511    14.06606    17.27720    12.09045
     18    20.25975    18.04340    15.71141    18.38649    13.37783
     19     2.44893     4.52801     6.84331     5.05573     9.19495
     20     2.03181     4.06724     4.98277     5.84920     7.66084
     21     3.80488     4.99981     7.56478     4.73275     9.57875
     22     3.79745     6.24201     8.34831     6.93897    10.83664
              6           7           8           9          10
      6     0.00000
      7     4.98315     0.00000
      8     5.82180     4.00977     0.00000
      9     7.69042     2.70804     5.15678     0.00000
     10     4.50390     2.03693     5.79052     4.06204     0.00000
     11     9.36460     4.63214     7.71720     2.57390     5.03153
     12     8.79481     4.07607     4.76534     2.03488     5.83697
     13    12.05867     7.19784     9.68359     4.70246     7.77562
     14     9.08123     5.04004     8.74935     3.98034     4.57888
     15    13.92092     9.28854    12.12498     7.02595     9.46184
     16    12.81313     7.83137     9.50256     5.13071     8.84693
     17    13.80294     9.56869    12.86996     7.71932     9.30210
     18    15.84959    11.11250    13.65890     8.69415    11.42434
     19     7.35708    11.43471     9.55946    13.86960    11.67506
     20     4.46539     9.30140     8.80116    11.96893     8.96425
     21     8.49385    12.01049     9.53975    14.25189    12.54453
     22     8.51687    12.94386    11.35174    15.46634    12.97491
             11          12          13          14          15
     11     0.00000
     12     3.99365     0.00000
     13     2.74561     5.14967     0.00000
     14     2.03695     5.78417     4.09170     0.00000
     15     4.65673     7.68444     2.54597     5.07151     0.00000
     16     4.09551     4.73808     2.03501     5.85382     3.96828
     17     5.15291     8.80596     4.00788     4.72350     2.03260
     18     6.50508     9.02246     3.99744     7.09368     2.02853
     19    16.06648    14.17214    18.55756    16.19459    20.72313
     20    13.80307    12.77918    16.46938    13.53562    18.38222
     21    16.59498    14.28528    18.95135    16.94233    21.23161
     22    17.56540    15.89072    20.12268    17.54337    22.21181
             16          17          18          19          20
     16     0.00000
     17     5.79615     0.00000
     18     4.60951     3.45937     0.00000
     19    18.81282    20.89129    22.52241     0.00000
     20    17.09291    18.25235    20.30038     3.79617     0.00000
     21    19.00503    21.57156    22.94587     1.89351     5.52613
     22    20.47899    22.26350    24.05636     1.89061     4.31966
             21          22
     21     0.00000
     22     3.21904     0.00000

============== BASIS INFOS ==============
 BASIS FUNCTIONS =  210
 NSHELL =   76 NPRIM  =  364
 JSHELL =   76 JBASIS =  170


 @ End Reading Molecular Information 


 @ Begin XC Quadrature Formation

 OCTAGO: OCTree Algorithm for Grid Operations 
   PRUNING CUTOFF       = 0.100E-06
   INITIAL GRID POINTS  =       83184
|   FINAL GRID POINTS    =       53772
|   SIGNIFICANT NUMBER OF BASIS FUNCTIONS     =       55597
|   SIGNIFICANT NUMBER OF PRIMITIVE FUNCTIONS =       63599

 @ End XC Quadrature Formation


 @ Begin Energy Calculation

| condition number of overlap matrix:    4.799E+03
| Smallest eigenvalue of overlap matrix:    1.480E-03

                                         SCF ENERGY
| ------------------------------------------------------------------------------------------------------------------------
| NCYC       ENERGY         DELTA_E      SCF_TIME  DII_CYC   DII_TIME   O_TIME  DIAG_TIME    MAX_ERR    RMS_CHG    MAX_CHG
| ------------------------------------------------------------------------------------------------------------------------
|  1   -407.647651629      ------         0.104     1        0.01      0.10      0.00    0.2337E+01  0.2320E-01  0.5127E+00
|  2   -404.532934611  -.311472E+01       0.086     2        0.01      0.08      0.00    0.1371E+00  0.9062E-02  0.2415E+00
|  3   -404.353357282  -.179577E+00       0.086     3        0.01      0.08      0.00    0.2034E+00  0.4896E-02  0.1664E+00
|   ***  Level shifting applied  ( HOMO-LUMO gap =  0.058 au ) ***
|  4   -404.662062498  0.308705E+00       0.085     4        0.01      0.08      0.00    0.4791E-01  0.2465E-02  0.6646E-01
|  5   -404.676347799  0.142853E-01       0.085     5        0.01      0.08      0.00    0.2258E-01  0.1189E-02  0.3348E-01
|  6   -404.680439851  0.409205E-02       0.084     6        0.01      0.08      0.00    0.1178E-01  0.3133E-03  0.9962E-02
|  7   -404.681790602  0.135075E-02       0.082     7        0.01      0.08      0.00    0.4013E-02  0.2002E-03  0.5189E-02
|  8   -404.681956290  0.165689E-03       0.081     8        0.01      0.08      0.00    0.1979E-02  0.5855E-04  0.1919E-02
|  9   -404.681986358  0.300677E-04       0.081     9        0.01      0.07      0.00    0.3710E-03  0.1501E-04  0.3539E-03
| 10   -404.681988060  0.170217E-05       0.080    10        0.01      0.07      0.00    0.9862E-04  0.3953E-05  0.1845E-03
| -------------- 2E-INT CUTOFF CHANGE TO 0.1000E-08 ------------
| 11   -404.681988129  0.684298E-07       0.083     1        0.01      0.08      0.00    0.8247E-04  0.2175E-05  0.6463E-04
| 12   -404.681988164  0.350412E-07       0.082     2        0.01      0.08      0.00    0.1978E-04  0.7216E-06  0.1920E-04
| ------------------------------------------------------------------------------------------------------------------------
| REACH CONVERGENCE AFTER  12 CYCLES
| MAX ERROR = 0.197784E-04   RMS CHANGE = 0.721566E-06   MAX CHANGE = 0.192037E-04
| -----------------------------------------------
 ALPHA ELECTRON DENSITY    =    36.0001532529
 BETA ELECTRON DENSITY     =    36.0001532529
 ELECTRONIC ENERGY    =   -829.121800247
 CORE_CORE REPULSION  =    424.439812083
 TOTAL ENERGY         =   -404.681988164

 @ End Energy calculation


 @ Begin Gradient Calculation

 ANALYTICAL GRADIENT: 
----------------------------------------
 COORDINATE    XYZ            GRADIENT
----------------------------------------
    1X    -1.2017471418    -0.0022110154
    1Y     0.4258140325    -0.0173794951
    1Z     4.7428184122     0.0300948790
    2X    -1.3660225743    -0.0026401136
    2Y     1.5848010010     0.0156615681
    2Z     3.9624240526    -0.0092202576
    3X    -1.0188797978     0.0016894931
    3Y     1.5693751598    -0.0143378305
    3Z     2.6313203409     0.0112221020
    4X    -1.7630289046     0.0028907464
    4Y     2.4739650089    -0.0067167469
    4Z     4.4193730175    -0.0030673515
    5X    -1.1390552170    -0.0016588476
    5Y     2.6728435541     0.0123351502
    5Z     1.7501491136    -0.0088366930
    6X    -0.6253332978    -0.0030752367
    6Y     0.6538894299     0.0070262310
    6Z     2.2204718696     0.0033422441
    7X    -0.7721250790     0.0014074941
    7Y     2.5867125675    -0.0138221264
    7Z     0.4326645330     0.0115289560
    8X    -1.5295892868     0.0028443055
    8Y     3.5977876547    -0.0069313339
    8Z     2.1374653632    -0.0026219860
    9X    -0.8671050862    -0.0015493655
    9Y     3.6627775497     0.0123342597
    9Z    -0.5089509789    -0.0091308921
   10X    -0.3836050993    -0.0030280812
   10Y     1.6495149760     0.0072054263
   10Z     0.0685626452     0.0029700429
   11X    -0.4892029574     0.0013368425
   11Y     3.5324150897    -0.0123120996
   11Z    -1.8110139683     0.0098652573
   12X    -1.2537503457     0.0027679108
   12Y     4.6045303116    -0.0068930138
   12Z    -0.1580526621    -0.0023474119
   13X    -0.5689399234    -0.0023949613
   13Y     4.5977942211     0.0115978623
   13Z    -2.7956833435    -0.0048891100
   14X    -0.1037163679    -0.0029545957
   14Y     2.5843399974     0.0071810479
   14Z    -2.1492956741     0.0027397007
   15X    -0.1887872144     0.0018357782
   15Y     4.4471008796     0.0008543298
   15Z    -4.0793932015    -0.0080613111
   16X    -0.9535877828     0.0027584747
   16Y     5.5467141036    -0.0066325549
   16Z    -2.4621087080    -0.0026162434
   17X     0.2000541953    -0.0027521874
   17Y     3.5149141284     0.0068642785
   17Z    -4.4492072798     0.0023980154
   18X    -0.2604019099     0.0006113346
   18Y     5.2550442813    -0.0060849331
   18Z    -4.7825283352     0.0050318211
   19X    -1.4956714542     0.0050110035
   19Y     0.3332062754     0.0027827920
   19Z     6.0015643483    -0.0231243005
   20X    -0.8054972515    -0.0033728001
   20Y    -0.4667530856     0.0067384041
   20Z     4.2930020578     0.0048740113
   21X    -1.8709907329     0.0037385171
   21Y     1.1073003046    -0.0075717482
   21Z     6.5152999975    -0.0050595164
   22X    -1.3586199837    -0.0012546960
   22Y    -0.5172538995     0.0081005325
   22Z     6.5103605672    -0.0050919563
----------------------------------------

 @ End Gradient Calculation

  Skipping one-electron property calculation.

 @ Output Timing Information

------------- TIMING ---------------
| INITIAL GUESS TIME  =     1.410258000( 36.91%)
| DFT GRID OPERATIONS =     0.080732000(  2.11%)
| TOTAL SCF TIME      =     1.032458000( 27.02%)
|       TOTAL OP TIME      =     0.958584000( 25.09%)
|             TOTAL 1e TIME      =     0.014753000(  0.39%)
|             TOTAL 2e TIME      =     0.215473000(  5.64%)
|             TOTAL EXC TIME     =     0.708141000( 18.54%)
|       TOTAL DII TIME      =     0.072822000(  1.91%)
|             TOTAL DIAG TIME    =     0.038758000(  1.01%)
| TOTAL GRADIENT TIME      =     0.733237000( 19.19%)
|       TOTAL 1e GRADIENT TIME      =     0.116622000( 3.09%)
|       TOTAL 2e GRADIENT TIME      =     0.457666000(11.98%)
|       TOTAL EXC GRADIENT TIME     =     0.157604000(  4.13%)
| TOTAL TIME          =     3.820526000
------------------------------------
| Job cpu time:  0 days  0 hours  0 minutes  3.8 seconds.

 @ Finish Output Timing Information

| Normal Termination. Task Finished on: Wed Jul  1 02:31:44 2026
