| *********************************************************************************************************
| **                                                                                                     **
| **           888888888888                                                                              **
| **         8888888888888888                                                                            **
| **      888888888888888888                                                                             **
| **     888888888888888888                                                                              **
| **    888888888888888                                                                                  **
| **   88888888888888888888                               88888                       8888:              **
| **   8888888888888888888888Z                            88888                       8888:              **
| **   888888888888888888888888?                          88888                       8888:              **
| **   8888888888888      8888888                                        888888       8888:              **
| **    88888888888         888888     8888:     88888    88888        888888888I     8888:    888888    **
| **    8888888888           88888:    8888:     88888    88888      $888888888888    8888:   888888     **
| **    I8Z 88888             88888    8888:     88888    88888    .888888     8888   8888: 888888       **
| **    .8Z 88888             88888    8888:     88888    88888    $88888             8888:88888         **
| **     8I 88888      .=88. .88888    8888:     88888    88888    88888              8888888888         **
| **    :8  88888      888888$8888$    8888:     88888    88888    8888O              88888888888        **
| **   ,7   +88888.     8888888888.    8888:     88888    88888    888888             88888O888888       **
| **         $888888:.   .8888888      88888....888888    88888     888888     8888   8888:  888888      **
| **          I8888888888888888888     888888888888888    88888     O888888888888O    8888:   888888     **
| **            O888888888888888888     88888888888888    88888       88888888888$    8888:    888888    **
| **               8888888Z     888      .8888I  88888    88888         8888888       8888:     888888   **
| **                                                                                                     **
| **                                                                                                     **
| **                                         Copyright (c) 2026                                          **
| **                          Regents of the University of California San Diego                          **
| **                                    & Michigan State University                                      **
| **                                        All Rights Reserved.                                         **
| **                                                                                                     **
| **             This software is subject to the terms of the Mozilla Public License, v. 2.0.            **
| **                                                                                                     **
| *********************************************************************************************************
|                                                                                                          
| Cite this work as:                                                                                       
| Manathunga, M.; O'Hearn, K. A.; Shajan, A.; Smith, J.; Miao, Y.; He, X.; Ayers, K.;                      
| Brothers, E.; Palos, E.; Tripathy, V.; Goetz, A.W.; Merz, K.M. QUICK-26.03.                              
| University of California,San Diego, CA and                                                               
| Michigan State University, East Lansing, MI, 2026                                                        
|                                                                                                          
| If you have any comments or queries, please reach out to us on GitHub issues or discussion sections:     
| https://github.com/merzlab/QUICK.                                                                        
|                                                                                                          
| TASK STARTS ON: Wed Jul  1 02:36:50 2026
| INPUT FILE :    water150.in
| OUTPUT FILE:    water150.out
| BASIS SET PATH: /projects/bdit/vtripathy/QUICK/install_h200/basis

|------------ GPU INFORMATION ---------------
| CUDA ENABLED DEVICE         :        1
| CUDA DEVICE IN USE          :        0
| CUDA DEVICE NAME            : NVIDIA H200
| CUDA DEVICE PM              :      132
| CUDA DEVICE CORE FREQ(GHZ)  :     1.98
| CUDA DEVICE MEMORY SIZE (MB):   143166
| SUPPORTING CUDA VERSION     :      9.0
|--------------------------------------------

 @ Read Job And Atom

  KEYWORD=B3LYP BASIS=6-31G** CUTOFF=1.0E-7 DENSERMS=1.0E-6 GRADIENT
 ============== JOB CARD =============
 METHOD = DENSITY FUNCTIONAL THEORY
 DENSITY FUNCTIONAL = B3LYP
 DIRECT SCF 
 SAD INITAL GUESS 
 USE DIIS SCF
 PRINT ENERGY EVERY CYCLE
 READ SAD GUESS FROM FILE
 STANDARD GRID = SG1
 Level shifting allowed after cycle    3
 DIIS error must exceed 0.100 for level shifting
 Max HOMO-LUMO gap to allow level shifting = 0.200
 GRADIENT CALCULATION
 MAX SCF CYCLES =    200
 MAX DIIS CYCLES =   10
 DELTA DENSITY START CYCLE =    3
 COMPUTATIONAL CUTOFF: 
      TWO-e INTEGRAL         =  0.100E-06
      BASIS SET PRIME        =  0.100E-07
      MATRIX ELEMENTS        =  0.100E-09
      BASIS FUNCTION         =  0.100E-05
      NEAR-LINEAR DEPENDENCY =  0.100E-04
      GRADIENT CUTOFF  =  0.100E-06
 DENSITY MATRIX MAXIMUM RMS FOR CONVERGENCE  =  0.100E-05
 BASIS SET = 6-31G**,  TYPE = CARTESIAN
| BASIS FILE = /projects/bdit/vtripathy/QUICK/install_h200/basis/6-31GDP.BAS
| DATA FILE  =    water150.dat

 @ Finish reading job


 @ Begin SAD initial guess

 For Atom Kind =    1
 ELEMENT = O 
 BASIS FUNCTIONS =   15
 For Atom Kind =    2
 ELEMENT = H 
 BASIS FUNCTIONS =    5

 @ Finish SAD initial guess


 @ Begin Reading Molecular Information


 =========== Molecule Input ==========
 TOTAL MOLECULAR CHARGE  =    0    MULTIPLICITY                =    1
 TOTAL ATOM NUMBER       =  450    NUMBER OF ATOM TYPES        =    2
 NUMBER OF HYDROGEN ATOM =  300    NUMBER OF NON-HYDROGEN ATOM =  150
 NUMBER OF ELECTRONS     = 1500

 -- INPUT GEOMETRY -- :
    O           2.4900       1.5638       0.4372
    O          -0.1574       2.8999       0.4788
    O           1.1729      -0.7388       1.9442
    O          -0.3076      -2.1409      -0.0774
    O           2.6045       0.4976      -2.4173
    O          -2.2620       1.1408       0.8445
    O           3.3029      -1.4064      -0.5440
    O           0.8698       2.3130      -3.3426
    O           1.1571      -2.4733      -2.3559
    O          -2.7864      -1.0664      -0.6537
    O          -3.1746       1.0735      -2.3862
    O          -0.0836       3.6710       3.1044
    O           1.9147       1.6031       4.0308
    O          -2.3140      -2.1910       2.2880
    O           4.2872       2.1295       2.5710
    O          -3.4115       3.3227      -0.8980
    O          -2.6723       0.7834       3.5333
    O           4.5270       3.7712       0.1629
    O          -1.8845      -2.5413      -3.3005
    O          -0.2745      -1.0570      -5.1250
    O           2.8593       4.2836      -3.5422
    O           0.3480       6.1485       0.4754
    O           3.3777      -1.6862      -4.4072
    O           2.8426       5.5099       1.3970
    O           2.8982      -2.3096       3.9726
    O           1.9324       0.9700      -5.6923
    O          -0.6444      -4.7995       0.8108
    O          -1.0519       5.8780      -1.9524
    O           5.4975      -0.3614       2.8475
    O          -2.6999       1.0085      -5.0779
    O          -1.1196      -0.7508       5.2940
    O          -2.2438       3.6760      -4.5258
    O           6.6066       1.1454      -0.7136
    O           5.4828       3.5437      -2.6582
    O          -5.5662       0.5608      -0.1355
    O           3.5389      -4.6324      -1.5270
    O          -3.0445       3.7609       3.9907
    O          -0.9043      -4.9496      -2.9174
    O           4.9720       1.8217      -4.8223
    O          -5.2049      -1.5704      -1.9855
    O           1.6753       6.5396      -2.7832
    O          -4.7392       4.0375       1.7668
    O           0.2999       6.4533       3.4875
    O          -5.5668       1.4819       2.7038
    O          -3.3831      -4.7655       1.1697
    O          -1.7728      -3.6571       4.6321
    O           1.2919      -1.0029       6.5276
    O           3.8704       0.5539       5.9711
    O           0.0152       5.3524      -5.3857
    O           6.5153      -2.9236      -1.3738
    O           2.6715       5.6301       4.3194
    O           4.6589      -4.2449       2.8522
    O           5.9018       4.3480       2.7815
    O           3.5500      -5.6989       0.9959
    O          -3.8875      -1.9021      -5.1466
    O          -5.0672      -0.9613       3.8548
    O           7.4073      -1.4180       0.8644
    O           6.5057      -1.4726      -3.8884
    O           1.8773       3.6391      -6.7841
    O           1.1816      -4.5237       4.9160
    O           0.7275      -6.1550       2.8250
    O           7.7455       2.7146       1.1486
    O          -5.0440       2.5885      -4.8201
    O           3.0089      -4.3204      -5.4564
    O          -3.9900       5.9381      -3.3566
    O          -5.3646      -3.4525       2.4146
    O           3.0550       7.9982      -0.7054
    O          -6.6920       1.8182      -2.5312
    O           4.9956       6.5774      -2.7379
    O          -3.5555      -5.7814      -1.5093
    O           4.8476       4.2133       5.3532
    O           1.2536      -2.0430      -7.5882
    O           5.7287       6.6711       0.1751
    O           2.2989      -6.6794      -2.9662
    O          -2.4752       6.4330       4.7044
    O           3.4956       8.0338       1.9384
    O          -1.7877       1.6322       7.5652
    O          -6.1968       4.8868      -2.1295
    O           1.3127       3.6869       7.4183
    O           4.6536       3.5327      -6.8152
    O           7.1898      -3.3557       2.7615
    O           6.1860      -1.1814       5.6320
    O           0.8058       8.8228       1.3780
    O           0.7250      -6.0546      -5.1258
    O          -2.5905      -0.4147      -7.8463
    O           6.4810       1.8670       5.6255
    O           2.1792       0.8144      -8.4349
    O          -3.1417      -1.0642       7.0983
    O           5.8901      -5.7371      -2.1581
    O          -1.8503       8.0971      -3.6760
    O          -2.8015       8.2630       1.9039
    O          -1.1368      -7.7613       0.4715
    O          -2.4224      -3.8811      -6.9145
    O          -5.4549      -4.2509      -4.1249
    O           7.7582       5.2702      -2.3628
    O          -1.0464       5.0691       7.2382
    O           9.4202      -0.2934      -0.4778
    O          -5.0730       6.9518       2.4359
    O           8.6128       1.4714       3.5652
    O          -5.9512       0.3814      -6.2042
    O          -7.0426      -1.2468      -4.3479
    O          -4.2748       3.3357       6.8243
    O           5.4342      -5.3450      -4.8300
    O          -3.1993      -5.8161      -5.2029
    O           2.2950       8.8237      -4.0198
    O           9.4449       2.1612      -2.1704
    O          -4.4087       8.3840      -0.9699
    O          -3.8014      -6.8483       2.8311
    O           1.0227       9.8553      -1.6004
    O           0.7646      -2.9100       8.4479
    O          -3.5920      -5.3150       5.6633
    O          -6.6350      -5.2984      -0.5964
    O          -1.7862       7.2597      -6.4873
    O           0.1610       2.2065      -9.5092
    O           9.3619      -0.2375      -3.6298
    O           4.7668      -6.5848       4.2041
    O           8.2490       2.1010      -5.6255
    O           5.3608      -4.5791       6.1081
    O           7.2395      -3.0765      -5.9260
    O           9.4338       4.3671      -0.4725
    O          -1.1887      -8.0547       3.3142
    O           8.2099       5.8836       2.5331
    O          -0.9700       4.7213      -8.7864
    O          -5.7996      -1.8262       6.4895
    O           0.1610       2.2065       9.2651
    O          -7.7878       2.5798       4.1397
    O           1.0227      -8.9191      -1.6004
    O          -1.7241      -8.0546      -3.7935
    O          -6.4107       4.8052      -5.5925
    O           2.7904      -8.1342       3.5062
    O          -4.5775       6.8263      -5.8347
    O           2.4960       6.1352      -8.1759
    O           4.2424      -4.0704      -8.0434
    O           9.1483      -4.2017      -0.9561
    O           3.0305       8.5068       5.3022
    O           4.8009      -8.1731       1.2551
    O           9.9104      -1.0716       2.7672
    O           1.9138      -5.3960       7.5197
    O           5.4963       9.2821      -1.1359
    O          -9.3542      -0.2934      -0.4778
    O           4.2971      -0.5910       9.0418
    O           5.0429       6.3866      -7.1929
    O          -3.6516       2.0007      -9.2200
    O          -4.8865      -2.0366      -8.2000
    O           7.9251      -6.1977       0.7286
    O          -8.8639      -1.0716       2.7672
    O          -1.9490      -2.6841      -9.4043
    O          -8.0630       5.3576       2.0163
    O          -6.8950       7.4383      -1.2567
    O          -8.5986      -3.2928       1.4240
    H           3.2128       2.1047       0.7553
    H           2.7625       1.2901      -0.4386
    H           0.7675       2.7680       0.2706
    H          -0.1798       2.9792       1.4324
    H           1.5327      -0.1399       1.2899
    H           1.0321      -0.1928       2.7177
    H           0.1684      -1.6626       0.6015
    H           0.3131      -2.2091      -0.8029
    H           3.1528       0.3164      -3.1806
    H           2.6700      -0.2930      -1.8816
    H          -2.5747       1.2335       1.7444
    H          -1.5008       1.7189       0.7942
    H           4.1042      -1.0852      -0.1304
    H           2.7881      -1.7669       0.1780
    H           0.1557       2.5127      -2.7373
    H           1.2893       1.5370      -2.9711
    H           1.2662      -3.4138      -2.4964
    H           0.5051      -2.2078      -3.0046
    H          -1.9939      -1.5615      -0.8611
    H          -2.4931      -0.3874      -0.0461
    H          -2.8500       0.3425      -1.8604
    H          -3.1389       0.7549      -3.2881
    H          -0.8784       3.6055       3.6337
    H           0.1208       4.6060       3.0930
    H           2.6726       1.7160       3.4572
    H           1.4524       2.4400       3.9851
    H          -2.5999      -2.6045       1.4735
    H          -2.5121      -1.2622       2.1681
    H           4.8165       1.3425       2.4418
    H           4.9201       2.8086       2.8045
    H          -2.5345       3.3311      -0.5146
    H          -3.3994       2.5858      -1.5088
    H          -2.4772       1.6818       3.8001
    H          -3.4593       0.5521       4.0266
    H           4.8296       3.7779      -0.7452
    H           5.2665       3.4210       0.6597
    H          -2.4843      -2.4820      -4.0441
    H          -1.7551      -3.4808      -3.1708
    H          -0.7686      -0.6601      -5.8423
    H          -0.8831      -1.6821      -4.7312
    H           2.4657       5.1311      -3.3349
    H           2.1712       3.6463      -3.3514
    H           0.2655       7.0915       0.6169
    H          -0.0037       6.0060      -0.4034
    H           2.7837      -1.8177      -3.6682
    H           3.3701      -2.5224      -4.8730
    H           3.5518       5.0882       0.9117
    H           2.1266       5.5774       0.7653
    H           2.3729      -1.9288       3.2688
    H           2.8226      -1.6845       4.6936
    H           1.5839       1.4264      -4.9265
    H           1.6012       0.0757      -5.6101
    H          -1.4751      -4.7318       1.2815
    H          -0.4672      -3.9091       0.5075
    H          -1.6675       6.3860      -2.4809
    H          -1.3722       4.9778      -2.0098
    H           6.2294      -0.6454       2.2999
    H           5.7568      -0.6000       3.7375
    H          -2.0627       1.6220      -4.7120
    H          -2.5524       1.0446      -6.0230
    H          -0.9444      -1.4371       4.6501
    H          -1.8175      -0.2261       4.9017
    H          -2.7464       4.4165      -4.1864
    H          -1.4281       4.0644      -4.8421
    H           6.3250       1.6488      -1.4775
    H           6.9885       0.3476      -1.0794
    H           5.3885       2.9258      -3.3831
    H           4.9026       4.2703      -2.8852
    H          -5.6797       0.8802       0.7596
    H          -4.7493       0.9620      -0.4318
    H           3.4958      -5.0031      -0.6456
    H           3.6700      -3.6947      -1.3868
    H          -3.6731       3.8655       3.2765
    H          -3.5393       3.9806       4.7800
    H          -0.7780      -5.1884      -3.8357
    H          -0.8621      -5.7811      -2.4452
    H           4.9739       2.3390      -5.6277
    H           4.1425       1.3448      -4.8453
    H          -4.2528      -1.6546      -2.0355
    H          -5.3521      -0.9062      -1.3121
    H           0.7809       6.5062      -2.4438
    H           2.2150       6.7382      -2.0181
    H          -4.3207       3.8506       0.9265
    H          -5.0456       3.1854       2.0771
    H          -0.6037       6.7163       3.3127
    H           0.7839       6.7244       2.7075
    H          -5.2866       0.6387       3.0598
    H          -6.3402       1.7142       3.2177
    H          -3.6093      -5.4824       1.7622
    H          -3.7734      -5.0142       0.3319
    H          -2.4152      -4.3116       4.9065
    H          -2.1597      -3.2516       3.8561
    H           1.1241      -1.6358       7.2258
    H           0.4254      -0.7970       6.1770
    H           3.7419       0.5457       6.9196
    H           3.0466       0.8922       5.6202
    H          -0.6896       5.7406      -5.9042
    H           0.2809       6.0474      -4.7836
    H           6.4868      -2.5193      -2.2410
    H           6.3518      -3.8526      -1.5367
    H           1.7832       5.9717       4.2174
    H           2.9556       5.4301       3.4275
    H           4.0298      -3.7764       3.4008
    H           4.7737      -5.0900       3.2868
    H           6.7509       4.7851       2.7155
    H           5.5349       4.6601       3.6087
    H           3.9875      -5.1560       1.6517
    H           4.0348      -6.5242       1.0055
    H          -4.3645      -1.0949      -5.3393
    H          -4.5714      -2.5542      -4.9939
    H          -5.2271      -1.2510       4.7530
    H          -5.2325      -1.7373       3.3193
    H           8.2002      -1.1291       0.4125
    H           6.8878      -1.8488       0.1856
    H           5.9678      -0.7480      -4.2076
    H           6.7591      -1.9496      -4.6787
    H           1.6976       2.7417      -6.5038
    H           1.4753       4.1863      -6.1094
    H           0.2556      -4.2816       4.9065
    H           1.6473      -3.6962       4.7944
    H           0.3503      -5.6663       2.0935
    H           0.9848      -5.4825       3.4557
    H           7.3977       2.0370       0.5688
    H           7.9468       2.2536       1.9629
    H          -5.3726       1.7736      -5.1999
    H          -4.0957       2.5454      -4.9435
    H           2.2823      -4.9398      -5.5238
    H           3.0698      -3.9263      -6.3266
    H          -4.8406       5.6387      -3.0356
    H          -4.1498       6.1823      -4.2682
    H          -6.0580      -3.4548       1.7548
    H          -4.6223      -3.8766       1.9840
    H           3.0955       7.6996       0.2031
    H           3.9096       8.3990      -0.8646
    H          -6.0779       2.1361      -3.1931
    H          -6.1470       1.3330      -1.9116
    H           4.4652       6.0865      -3.3656
    H           5.6644       7.0059      -3.2721
    H          -2.8146      -5.4439      -2.0126
    H          -4.3183      -5.6122      -2.0623
    H           4.9543       5.1136       5.6601
    H           3.9369       4.1651       5.0627
    H           0.8167      -1.8629      -6.7558
    H           1.8214      -1.2855      -7.7301
    H           5.5276       5.8079       0.5365
    H           5.5579       6.5845      -0.7627
    H           1.9144      -7.3201      -2.3679
    H           2.6102      -5.9758      -2.3968
    H          -1.9793       6.2001       5.4893
    H          -2.6736       5.5942       4.2881
    H           3.5760       7.0865       2.0501
    H           4.3876       8.3645       2.0444
    H          -1.8489       0.6883       7.4183
    H          -1.0085       1.7402       8.1105
    H          -6.8853       4.2249      -2.1945
    H          -5.4762       4.4406      -1.6847
    H           1.0274       3.3225       8.2562
    H           1.2506       2.9550       6.8046
    H           4.9952       4.3769      -7.1098
    H           3.7151       3.6811      -6.6987
    H           7.1808      -2.6227       2.1460
    H           6.2696      -3.6025       2.8542
    H           6.0103      -2.0979       5.4188
    H           5.3316      -0.8227       5.8718
    H           1.6752       9.1053       1.6616
    H           0.3148       9.6364       1.2629
    H           0.8881      -6.5241      -5.9439
    H           1.1903      -6.5622      -4.4609
    H          -3.0502       0.3369      -8.2205
    H          -3.2193      -1.1340      -7.9048
    H           5.8513       1.1658       5.7925
    H           5.9415       2.6274       5.4088
    H           2.8269       0.2641      -8.8753
    H           2.5994       1.0687      -7.6133
    H          -2.5458      -1.3858       6.4217
    H          -2.8839      -1.5370       7.8896
    H           4.9930      -5.5131      -1.9107
    H           5.9154      -5.6136      -3.1069
    H          -2.0817       7.8684      -4.5762
    H          -1.5898       9.0171      -3.7215
    H          -2.8852       8.6944       1.0535
    H          -2.0821       8.7228       2.3366
    H          -0.8619      -6.8534       0.3434
    H          -1.3257      -7.8250       1.4077
    H          -3.1060      -3.2112      -6.9229
    H          -1.8829      -3.6830      -7.6801
    H          -5.1192      -3.6642      -3.4471
    H          -6.3748      -4.3816      -3.8952
    H           8.3482       4.9618      -1.6751
    H           6.9402       4.7982      -2.2069
    H          -1.1565       4.9147       8.1764
    H          -0.2857       4.5412       6.9957
    H          10.3469      -0.5290      -0.4342
    H           9.4052       0.5338      -0.9592
    H          -4.1850       7.2635       2.2610
    H          -5.1024       6.0790       2.0439
    H           7.9882       1.4674       4.2905
    H           8.5258       0.6045       3.1688
    H          -6.8252       0.7149      -6.4069
    H          -6.0601      -0.0913      -5.3790
    H          -6.5281      -1.3360      -3.5457
    H          -7.8857      -0.9008      -4.0551
    H          -3.4538       2.8454       6.8669
    H          -4.2414       3.9255       7.5775
    H           6.0516      -4.6699      -5.1116
    H           4.5735      -4.9362      -4.9213
    H          -4.0134      -5.3864      -4.9403
    H          -2.7919      -5.2042      -5.8160
    H           1.9365       9.4891      -3.4325
    H           2.0004       7.9920      -3.6485
    H           9.3838       2.7533      -1.4208
    H          10.3850       2.0538      -2.3154
    H          -3.8267       7.6292      -1.0578
    H          -4.2326       8.9148      -1.7467
    H          -4.0893      -6.3870       3.6189
    H          -3.0062      -7.3085       3.0996
    H           1.5266       9.2760      -1.0288
    H           0.2834      10.1393      -1.0627
    H           1.0949      -3.7779       8.2158
    H           1.1937      -2.7042       9.2784
    H          -3.7023      -6.2576       5.7883
    H          -3.5951      -4.9535       6.5496
    H          -7.2412      -5.2753      -1.3369
    H          -6.9396      -6.0301      -0.0597
    H          -2.7359       7.2260      -6.3728
    H          -1.6049       8.1697      -6.7223
    H          -0.1277       2.7767      -8.7967
    H           0.9056       1.7269      -9.1461
    H           9.2878       0.6660      -3.3225
    H           8.4598      -0.5563      -3.6576
    H           3.9930      -7.1251       4.0440
    H           5.4962      -7.1042       3.8659
    H           7.8007       2.1234      -6.4709
    H           7.6155       1.7029      -5.0284
    H           5.0604      -4.7026       7.0085
    H           5.2546      -5.4383       5.6997
    H           6.9986      -2.8090      -6.8130
    H           8.1797      -2.9059      -5.8710
    H           8.7436       4.1743       0.1621
    H          10.1770       4.6506       0.0599
    H          -0.4268      -7.4851       3.4202
    H          -1.1733      -8.6220       4.0851
    H           8.3311       5.8422       3.4817
    H           7.8247       6.7460       2.3778
    H          -1.9175       4.7552      -8.6548
    H          -0.6450       5.5351      -8.4014
    H          -5.3439      -2.6073       6.8033
    H          -5.4603      -1.1156       7.0336
    H          -0.1277       2.7767       9.9776
    H           0.9056       1.7269       9.6283
    H          -8.6013       2.0812       4.0642
    H          -7.9816       3.4197       3.7233
    H           1.5266      -9.4983      -1.0288
    H           0.2834      -8.6350      -1.0627
    H          -2.4493      -7.4617      -3.9905
    H          -1.1966      -8.0622      -4.5921
    H          -6.0426       3.9848      -5.2645
    H          -7.2708       4.8654      -5.1769
    H           2.1832      -7.3943       3.5157
    H           3.2653      -8.0442       2.6800
    H          -4.9904       7.6517      -5.5807
    H          -5.3099       6.2408      -6.0270
    H           3.1770       6.3990      -7.5571
    H           2.1808       5.2952      -7.8421
    H           4.5452      -4.9606      -8.2224
    H           4.9868      -3.5134      -8.2712
    H           8.8280      -4.9208      -0.4116
    H           8.4742      -3.5262      -0.8825
    H           2.9103       9.2330       4.6904
    H           2.7206       7.7371       4.8250
    H           5.5673      -8.2849       1.8176
    H           4.8784      -8.8693       0.6027
    H          10.8055      -0.7331       2.7891
    H           9.9422      -1.7937       2.1396
    H           1.5067      -5.2545       6.6651
    H           2.8051      -5.6800       7.3168
    H           5.1963       9.4278      -2.0331
    H           6.2674       8.7226      -1.2285
    H          -8.4274      -0.5290      -0.4342
    H          -9.3691       0.5338      -0.9592
    H           5.0333      -1.1395       9.3127
    H           4.6812       0.2746       8.9024
    H           5.5944       6.4962      -7.9676
    H           5.5573       6.7604      -6.4774
    H          -3.2108       1.9452     -10.0679
    H          -3.9208       2.9165      -9.1490
    H          -4.8738      -2.4404      -9.0678
    H          -5.4390      -1.2619      -8.3039
    H           7.8201      -6.8124       1.4547
    H           7.7575      -6.7211      -0.0551
    H          -7.9689      -0.7331       2.7891
    H          -8.8322      -1.7937       2.1396
    H          -1.8243      -1.8610      -8.9319
    H          -1.0825      -2.8951      -9.7518
    H          -9.0027       5.5189       2.1016
    H          -7.7447       6.0761       1.4699
    H          -6.5697       6.6046      -1.5965
    H          -6.1070       7.9611      -1.1088
    H          -8.4974      -3.4964       0.4942
    H          -9.4985      -3.5470       1.6288

============== BASIS INFOS ==============
 BASIS FUNCTIONS = 3750
 NSHELL = 1500 NPRIM  = 6300
 JSHELL = 1500 JBASIS = 3150


 @ End Reading Molecular Information 


 @ Begin XC Quadrature Formation

 OCTAGO: OCTree Algorithm for Grid Operations 
   PRUNING CUTOFF       = 0.100E-06
   INITIAL GRID POINTS  =     1698000
|   FINAL GRID POINTS    =     1077523
|   SIGNIFICANT NUMBER OF BASIS FUNCTIONS     =     1444773
|   SIGNIFICANT NUMBER OF PRIMITIVE FUNCTIONS =     1559504

 @ End XC Quadrature Formation


 @ Begin Energy Calculation

| condition number of overlap matrix:    7.445E+02
| Smallest eigenvalue of overlap matrix:    7.777E-03

                                         SCF ENERGY
| ------------------------------------------------------------------------------------------------------------------------
| NCYC       ENERGY         DELTA_E      SCF_TIME  DII_CYC   DII_TIME   O_TIME  DIAG_TIME    MAX_ERR    RMS_CHG    MAX_CHG
| ------------------------------------------------------------------------------------------------------------------------
|  1 -11467.435715590      ------         8.710     1        0.66      8.00      0.11    0.1900E+01  0.4673E-02  0.4197E+00
|  2 -11457.240490941  -.101952E+02       9.968     2        0.70      9.22      0.11    0.2876E+00  0.2693E-02  0.4042E+00
|  3 -11453.601763605  -.363873E+01       9.928     3        0.85      9.04      0.11    0.3307E+00  0.1180E-02  0.1852E+00
|   ***  Level shifting applied  ( HOMO-LUMO gap =  0.019 au ) ***
|  4 -11465.021369559  0.114196E+02       9.213     4        0.74      8.42      0.11    0.4984E-01  0.3540E-03  0.5152E-01
|  5 -11465.290983225  0.269614E+00       8.559     5        0.78      7.73      0.11    0.1561E-01  0.3667E-04  0.1194E-01
|  6 -11465.293845568  0.286234E-02       7.181     6        0.81      6.32      0.11    0.7619E-02  0.1540E-04  0.4408E-02
|  7 -11465.294531347  0.685779E-03       6.876     7        0.88      5.94      0.11    0.1003E-02  0.2448E-05  0.7882E-03
| -------------- 2E-INT CUTOFF CHANGE TO 0.1000E-08 ------------
|  8 -11465.294539648  0.830172E-05       8.444     8        0.90      7.50      0.11    0.5843E-03  0.1011E-05  0.3214E-03
|  9 -11465.294539948  0.299522E-06       7.839     9        0.92      6.86      0.11    0.7652E-04  0.2054E-06  0.5071E-04
| ------------------------------------------------------------------------------------------------------------------------
| REACH CONVERGENCE AFTER   9 CYCLES
| MAX ERROR = 0.765199E-04   RMS CHANGE = 0.205378E-06   MAX CHANGE = 0.507135E-04
| -----------------------------------------------
 ALPHA ELECTRON DENSITY    =   750.0002792191
 BETA ELECTRON DENSITY     =   750.0002792191
 ELECTRONIC ENERGY    = -79552.435536206
 CORE_CORE REPULSION  =  68087.140996258
 TOTAL ENERGY         = -11465.294539948

 @ End Energy calculation


 @ Begin Gradient Calculation

 ANALYTICAL GRADIENT: 
----------------------------------------
 COORDINATE    XYZ            GRADIENT
----------------------------------------
    1X     2.4900001901     0.0219823477
    1Y     1.5638001194     0.0089976006
    1Z     0.4372000334     0.0019675746
    2X    -0.1574000120     0.0202912313
    2Y     2.8999002214     0.0004223041
    2Z     0.4788000366     0.0218213361
    3X     1.1729000896     0.0021783239
    3Y    -0.7388000564     0.0238717275
    3Z     1.9442001485     0.0035941377
    4X    -0.3076000235     0.0116659493
    4Y    -2.1409001635     0.0094392112
    4Z    -0.0774000059    -0.0031543752
    5X     2.6045001989     0.0066496421
    5Y     0.4976000380    -0.0167845312
    5Z    -2.4173001846     0.0055302883
    6X    -2.2620001727     0.0130926776
    6Y     1.1408000871     0.0084028143
    6Z     0.8445000645     0.0089055897
    7X     3.3029002522     0.0025567566
    7Y    -1.4064001074     0.0032093547
    7Z    -0.5440000415     0.0106733819
    8X     0.8698000664     0.0066391516
    8Y     2.3130001766    -0.0140877403
    8Z    -3.3426002553     0.0138082885
    9X     1.1571000884    -0.0114681322
    9Y    -2.4733001889    -0.0091579440
    9Z    -2.3559001799    -0.0033147685
   10X    -2.7864002128     0.0185324635
   10Y    -1.0664000814     0.0071218798
   10Z    -0.6537000499     0.0145123672
   11X    -3.1746002424     0.0062654124
   11Y     1.0735000820    -0.0149728178
   11Z    -2.3862001822    -0.0010614465
   12X    -0.0836000064    -0.0068821724
   12Y     3.6710002803     0.0238448041
   12Z     3.1044002371     0.0004706166
   13X     1.9147001462     0.0111627068
   13Y     1.6031001224     0.0176964241
   13Z     4.0308003078    -0.0172281447
   14X    -2.3140001767    -0.0058583791
   14Y    -2.1910001673     0.0040459184
   14Z     2.2880001747    -0.0105415443
   15X     4.2872003274     0.0231133292
   15Y     2.1295001626    -0.0050006625
   15Z     2.5710001963     0.0051457632
   16X    -3.4115002605     0.0120031782
   16Y     3.3227002537    -0.0257167030
   16Z    -0.8980000686    -0.0089385120
   17X    -2.6723002041    -0.0103915657
   17Y     0.7834000598     0.0106783986
   17Z     3.5333002698    -0.0001831578
   18X     4.5270003457     0.0079835085
   18Y     3.7712002880    -0.0070775430
   18Z     0.1629000124    -0.0013219768
   19X    -1.8845001439    -0.0053898521
   19Y    -2.5413001941    -0.0172815189
   19Z    -3.3005002520    -0.0023479083
   20X    -0.2745000210    -0.0212263299
   20Y    -1.0570000807    -0.0079653534
   20Z    -5.1250003914     0.0088528149
   21X     2.8593002183    -0.0255867696
   21Y     4.2836003271    -0.0003763655
   21Z    -3.5422002705     0.0108282143
   22X     0.3480000266    -0.0095574001
   22Y     6.1485004695     0.0078854390
   22Z     0.4754000363    -0.0077478692
   23X     3.3777002579    -0.0071534260
   23Y    -1.6862001288    -0.0240172457
   23Z    -4.4072003366     0.0034075447
   24X     2.8426002171    -0.0054262282
   24Y     5.5099004208    -0.0060287205
   24Z     1.3970001067    -0.0194574988
   25X     2.8982002213     0.0012697214
   25Y    -2.3096001764     0.0194017826
   25Z     3.9726003034    -0.0042525291
   26X     1.9324001476    -0.0144095473
   26Y     0.9700000741    -0.0068748086
   26Z    -5.6923004347     0.0071506221
   27X    -0.6444000492    -0.0138700530
   27Y    -4.7995003665     0.0250916137
   27Z     0.8108000619    -0.0057098178
   28X    -1.0519000803    -0.0128977675
   28Y     5.8780004489     0.0012220375
   28Z    -1.9524001491    -0.0037890705
   29X     5.4975004198     0.0140988898
   29Y    -0.3614000276    -0.0082522741
   29Z     2.8475002174     0.0120328014
   30X    -2.6999002062     0.0041777901
   30Y     1.0085000770     0.0077951846
   30Z    -5.0779003878    -0.0016690200
   31X    -1.1196000855    -0.0033261057
   31Y    -0.7508000573     0.0084636928
   31Z     5.2940004043    -0.0132703708
   32X    -2.2438001713     0.0008493034
   32Y     3.6760002807     0.0128188373
   32Z    -4.5258003456     0.0009261285
   33X     6.6066005045     0.0073209026
   33Y     1.1454000875     0.0041477861
   33Z    -0.7136000545    -0.0019079294
   34X     5.4828004187    -0.0129168795
   34Y     3.5437002706    -0.0051787911
   34Z    -2.6582002030    -0.0264808556
   35X    -5.5662004251     0.0047701487
   35Y     0.5608000428     0.0086364516
   35Z    -0.1355000103     0.0195333780
   36X     3.5389002702     0.0106568071
   36Y    -4.6324003537    -0.0028993180
   36Z    -1.5270001166     0.0208819607
   37X    -3.0445002325    -0.0241817798
   37Y     3.7609002872     0.0097144701
   37Z     3.9907003047    -0.0060664848
   38X    -0.9043000691    -0.0000683316
   38Y    -4.9496003780    -0.0093932607
   38Z    -2.9174002228    -0.0089597792
   39X     4.9720003797    -0.0135272913
   39Y     1.8217001391     0.0207803929
   39Z    -4.8223003682    -0.0248965609
   40X    -5.2049003975     0.0176688739
   40Y    -1.5704001199     0.0153884219
   40Z    -1.9855001516     0.0246721344
   41X     1.6753001279     0.0026256748
   41Y     6.5396004994     0.0061062378
   41Z    -2.7832002125     0.0119878851
   42X    -4.7392003619    -0.0045587814
   42Y     4.0375003083    -0.0155403551
   42Z     1.7668001349    -0.0084467779
   43X     0.2999000229    -0.0066377746
   43Y     6.4533004928     0.0035505371
   43Z     3.4875002663     0.0002304453
   44X    -5.5668004251    -0.0078696573
   44Y     1.4819001132    -0.0109165139
   44Z     2.7038002065     0.0238874820
   45X    -3.3831002583    -0.0049115130
   45Y    -4.7655003639    -0.0253052616
   45Z     1.1697000893    -0.0051157531
   46X    -1.7728001354    -0.0200459147
   46Y    -3.6571002793    -0.0039082418
   46Z     4.6321003537    -0.0098583033
   47X     1.2919000987    -0.0180858793
   47Y    -1.0029000766    -0.0098688563
   47Z     6.5276004985     0.0091449263
   48X     3.8704002956    -0.0179658072
   48Y     0.5539000423     0.0032942575
   48Z     5.9711004560    -0.0049740271
   49X     0.0152000012    -0.0028635219
   49Y     5.3524004087     0.0171473332
   49Z    -5.3857004113    -0.0034007746
   50X     6.5153004975     0.0014381508
   50Y    -2.9236002233    -0.0145177358
   50Z    -1.3738001049    -0.0158794590
   51X     2.6715002040    -0.0207414493
   51Y     5.6301004299     0.0019206328
   51Z     4.3194003298    -0.0150168237
   52X     4.6589003558     0.0003594826
   52Y    -4.2449003242    -0.0050846992
   52Z     2.8522002178     0.0142636123
   53X     5.9018004507     0.0150538777
   53Y     4.3480003320    -0.0004945121
   53Z     2.7815002124     0.0080294002
   54X     3.5500002711     0.0206888892
   54Y    -5.6989004352     0.0104615514
   54Z     0.9959000761     0.0203519684
   55X    -3.8875002969    -0.0074654092
   55Y    -1.9021001453     0.0034026991
   55Z    -5.1466003930    -0.0012037682
   56X    -5.0672003870    -0.0081613725
   56Y    -0.9613000734    -0.0223926934
   56Z     3.8548002944     0.0047129937
   57X     7.4073005656     0.0168970979
   57Y    -1.4180001083    -0.0064924830
   57Z     0.8644000660    -0.0144494243
   58X     6.5057004968    -0.0057365458
   58Y    -1.4726001125    -0.0108079602
   58Z    -3.8884002969    -0.0178850206
   59X     1.8773001434    -0.0087412245
   59Y     3.6391002779    -0.0038255381
   59Z    -6.7841005181     0.0085863482
   60X     1.1816000902    -0.0023482828
   60Y    -4.5237003454     0.0181323072
   60Z     4.9160003754    -0.0081089717
   61X     0.7275000556    -0.0042264386
   61Y    -6.1550004700     0.0278150964
   61Z     2.8250002157    -0.0126409816
   62X     7.7455005915    -0.0002211200
   62Y     2.7146002073    -0.0223650877
   62Z     1.1486000877     0.0112253889
   63X    -5.0440003852     0.0166297457
   63Y     2.5885001977    -0.0174090270
   63Z    -4.8201003681    -0.0138520133
   64X     3.0089002298    -0.0095490843
   64Y    -4.3204003299    -0.0121674957
   64Z    -5.4564004167    -0.0055853731
   65X    -3.9900003047    -0.0261036745
   65Y     5.9381004535     0.0006010232
   65Z    -3.3566002563    -0.0122477550
   66X    -5.3646004097     0.0167917621
   66Y    -3.4525002636    -0.0123664812
   66Z     2.4146001844    -0.0191756983
   67X     3.0550002333     0.0304431090
   67Y     7.9982006108     0.0063003671
   67Z    -0.7054000539     0.0199164225
   68X    -6.6920005110     0.0183110273
   68Y     1.8182001388    -0.0034040767
   68Z    -2.5312001933     0.0026627990
   69X     4.9956003815     0.0020871780
   69Y     6.5774005023    -0.0035981971
   69Z    -2.7379002091    -0.0080164508
   70X    -3.5555002715     0.0062148988
   70Y    -5.7814004415     0.0017532529
   70Z    -1.5093001153    -0.0110527833
   71X     4.8476003702    -0.0144352043
   71Y     4.2133003217     0.0055668724
   71Z     5.3532004088     0.0015789455
   72X     1.2536000957    -0.0023470213
   72Y    -2.0430001560     0.0143751395
   72Z    -7.5882005795     0.0085182901
   73X     5.7287004375    -0.0057650383
   73Y     6.6711005094    -0.0118419596
   73Z     0.1751000134    -0.0129292178
   74X     2.2989001756     0.0043799389
   74Y    -6.6794005101     0.0050646672
   74Z    -2.9662002265     0.0144912644
   75X    -2.4752001890    -0.0039616719
   75Y     6.4330004912    -0.0191805312
   75Z     4.7044003592     0.0084184069
   76X     3.4956002669     0.0053444182
   76Y     8.0338006135    -0.0221340719
   76Z     1.9384001480    -0.0117816792
   77X    -1.7877001365     0.0106669369
   77Y     1.6322001246    -0.0066191318
   77Z     7.5652005777     0.0095615328
   78X    -6.1968004732    -0.0013768830
   78Y     4.8868003732    -0.0077631983
   78Z    -2.1295001626     0.0055934109
   79X     1.3127001002    -0.0099833536
   79Y     3.6869002815    -0.0164768677
   79Z     7.4183005665     0.0135509924
   80X     4.6536003554    -0.0152740146
   80Y     3.5327002698     0.0161823224
   80Z    -6.8152005204     0.0035999288
   81X     7.1898005490    -0.0143278996
   81Y    -3.3557002563     0.0073812445
   81Z     2.7615002109    -0.0137704945
   82X     6.1860004724    -0.0094578554
   82Y    -1.1814000902    -0.0053200455
   82Z     5.6320004301     0.0020997448
   83X     0.8058000615     0.0140258203
   83Y     8.8228006737     0.0023555189
   83Z     1.3780001052     0.0021092974
   84X     0.7250000554     0.0104799566
   84Y    -6.0546004624    -0.0133544909
   84Z    -5.1258003914     0.0153027786
   85X    -2.5905001978    -0.0210983392
   85Y    -0.4147000317    -0.0014369305
   85Z    -7.8463005992    -0.0091328744
   86X     6.4810004949    -0.0193149707
   86Y     1.8670001426     0.0026590164
   86Z     5.6255004296    -0.0024711164
   87X     2.1792001664    -0.0029910204
   87Y     0.8144000622     0.0133176167
   87Z    -8.4349006441     0.0006301058
   88X    -3.1417002399     0.0149361324
   88Y    -1.0642000813    -0.0063598378
   88Z     7.0983005421    -0.0114201928
   89X     5.8901004498    -0.0263323231
   89Y    -5.7371004381     0.0054152194
   89Z    -2.1581001648    -0.0242741680
   90X    -1.8503001413     0.0047007442
   90Y     8.0971006183     0.0013100841
   90Z    -3.6760002807    -0.0124053138
   91X    -2.8015002139    -0.0103868326
   91Y     8.2630006310     0.0010553146
   91Z     1.9039001454     0.0037830410
   92X    -1.1368000868    -0.0030614375
   92Y    -7.7613005927     0.0086965449
   92Z     0.4715000360     0.0157713821
   93X    -2.4224001850    -0.0031345040
   93Y    -3.8811002964     0.0058475786
   93Z    -6.9145005280    -0.0145733601
   94X    -5.4549004166    -0.0079638593
   94Y    -4.2509003246     0.0036898659
   94Z    -4.1249003150     0.0052240146
   95X     7.7582005924     0.0059072062
   95Y     5.2702004025    -0.0167608797
   95Z    -2.3628001804     0.0104742591
   96X    -1.0464000799     0.0207194727
   96Y     5.0691003871    -0.0118449839
   96Z     7.2382005527     0.0072394880
   97X     9.4202007194    -0.0009141947
   97Y    -0.2934000224     0.0071076049
   97Z    -0.4778000365    -0.0074062137
   98X    -5.0730003874     0.0152520104
   98Y     6.9518005309    -0.0005332809
   98Z     2.4359001860    -0.0019216679
   99X     8.6128006577    -0.0085277556
   99Y     1.4714001124    -0.0101257611
   99Z     3.5652002723     0.0134992151
  100X    -5.9512004545    -0.0182207776
  100Y     0.3814000291    -0.0122420896
  100Z    -6.2042004738     0.0166254082
  101X    -7.0426005378     0.0005074523
  101Y    -1.2468000952     0.0045970157
  101Z    -4.3479003320     0.0132428819
  102X    -4.2748003264     0.0104506676
  102Y     3.3357002547    -0.0015002922
  102Z     6.8243005211     0.0129030216
  103X     5.4342004150    -0.0183038747
  103Y    -5.3450004082     0.0133463007
  103Z    -4.8300003688    -0.0006485782
  104X    -3.1993002443    -0.0013522201
  104Y    -5.8161004441     0.0185837918
  104Z    -5.2029003973    -0.0169668946
  105X     2.2950001753    -0.0125536816
  105Y     8.8237006738    -0.0131836506
  105Z    -4.0198003070     0.0187080474
  106X     9.4449007212     0.0033517395
  106Y     2.1612001650     0.0200616073
  106Z    -2.1704001657     0.0061682626
  107X    -4.4087003367    -0.0066326932
  107Y     8.3840006402    -0.0114414702
  107Z    -0.9699000741    -0.0116291656
  108X    -3.8014002903     0.0157918089
  108Y    -6.8483005230    -0.0031085211
  108Z     2.8311002162     0.0026210212
  109X     1.0227000781     0.0080428317
  109Y     9.8553007526    -0.0099987853
  109Z    -1.6004001222     0.0106081515
  110X     0.7646000584     0.0147663575
  110Y    -2.9100002222    -0.0114333816
  110Z     8.4479006451    -0.0031882807
  111X    -3.5920002743     0.0060363830
  111Y    -5.3150004059     0.0016772135
  111Z     5.6633004325     0.0036859963
  112X    -6.6350005067    -0.0048849591
  112Y    -5.2984004046    -0.0112018966
  112Z    -0.5964000455    -0.0013112959
  113X    -1.7862001364    -0.0077256679
  113Y     7.2597005544     0.0026899338
  113Z    -6.4873004954    -0.0037594035
  114X     0.1610000123     0.0148515296
  114Y     2.2065001685     0.0015799114
  114Z    -9.5092007262     0.0115374972
  115X     9.3619007149    -0.0116943333
  115Y    -0.2375000181     0.0076108500
  115Z    -3.6298002772     0.0067739030
  116X     4.7668003640    -0.0266485536
  116Y    -6.5848005028    -0.0194139668
  116Z     4.2041003210    -0.0077878161
  117X     8.2490006299    -0.0101828830
  117Y     2.1010001604    -0.0026061494
  117Z    -5.6255004296    -0.0002045098
  118X     5.3608004094     0.0003951667
  118Y    -4.5791003497    -0.0119567003
  118Z     6.1081004664    -0.0030138220
  119X     7.2395005528     0.0055960579
  119Y    -3.0765002349     0.0037778606
  119Z    -5.9260004525    -0.0012377290
  120X     9.4338007204    -0.0098793903
  120Y     4.3671003335     0.0020367455
  120Z    -0.4725000361     0.0091264549
  121X    -1.1887000908     0.0218509782
  121Y    -8.0547006151     0.0089661226
  121Z     3.3142002531    -0.0039767539
  122X     8.2099006269    -0.0028896263
  122Y     5.8836004493     0.0059919842
  122Z     2.5331001934     0.0039938587
  123X    -0.9700000741    -0.0011732654
  123Y     4.7213003605     0.0067025490
  123Z    -8.7864006710     0.0014735158
  124X    -5.7996004429     0.0146799951
  124Y    -1.8262001395     0.0017383827
  124Z     6.4895004956     0.0096443112
  125X     0.1610000123    -0.0040272183
  125Y     2.2065001685    -0.0004550720
  125Z     9.2651007075    -0.0083451468
  126X    -7.7878005947    -0.0082646560
  126Y     2.5798001970     0.0069283442
  126Z     4.1397003161    -0.0040901221
  127X     1.0227000781    -0.0083017196
  127Y    -8.9191006811    -0.0038505366
  127Z    -1.6004001222     0.0125655090
  128X    -1.7241001317    -0.0066757235
  128Y    -8.0546006151     0.0067690086
  128Z    -3.7935002897    -0.0146917898
  129X    -6.4107004895     0.0095668237
  129Y     4.8052003669    -0.0204982423
  129Z    -5.5925004271     0.0133493360
  130X     2.7904002131    -0.0090318284
  130Y    -8.1342006212     0.0099488102
  130Z     3.5062002677    -0.0173904827
  131X    -4.5775003496    -0.0226154896
  131Y     6.8263005213    -0.0178465545
  131Z    -5.8347004456     0.0059919139
  132X     2.4960001906     0.0095374592
  132Y     6.1352004685    -0.0077101713
  132Z    -8.1759006243     0.0097536123
  133X     4.2424003240     0.0073403700
  133Y    -4.0704003108    -0.0054661723
  133Z    -8.0434006142    -0.0021487060
  134X     9.1483006986    -0.0161563175
  134Y    -4.2017003209    -0.0006261498
  134Z    -0.9561000730     0.0095663184
  135X     3.0305002314    -0.0052010421
  135Y     8.5068006496    -0.0057056954
  135Z     5.3022004049    -0.0103035562
  136X     4.8009003666     0.0041311103
  136Y    -8.1731006241    -0.0011928850
  136Z     1.2551000958    -0.0069168760
  137X     9.9104007568     0.0054214420
  137Y    -1.0716000818    -0.0042380846
  137Z     2.7672002113    -0.0030286061
  138X     1.9138001461     0.0044504993
  138Y    -5.3960004121     0.0023909085
  138Z     7.5197005742    -0.0211430883
  139X     5.4963004197     0.0042612554
  139Y     9.2821007088    -0.0078693198
  139Z    -1.1359000867    -0.0046231051
  140X    -9.3542007143     0.0089390814
  140Y    -0.2934000224     0.0101328204
  140Z    -0.4778000365     0.0006865850
  141X     4.2971003281     0.0141460099
  141Y    -0.5910000451    -0.0002911674
  141Z     9.0418006905    -0.0002821687
  142X     5.0429003851     0.0013236778
  142Y     6.3866004877     0.0054858241
  142Z    -7.1929005493    -0.0028503131
  143X    -3.6516002789     0.0042045138
  143Y     2.0007001528     0.0086851708
  143Z    -9.2200007041    -0.0054088686
  144X    -4.8865003732    -0.0049110123
  144Y    -2.0366001555     0.0035787007
  144Z    -8.2000006262    -0.0061762002
  145X     7.9251006052     0.0006334481
  145Y    -6.1977004733    -0.0027507261
  145Z     0.7286000556    -0.0002723631
  146X    -8.8639006769     0.0097563662
  146Y    -1.0716000818    -0.0168371029
  146Z     2.7672002113    -0.0147696716
  147X    -1.9490001488     0.0068326888
  147Y    -2.6841002050     0.0144448769
  147Z    -9.4043007181     0.0036540300
  148X    -8.0630006157     0.0005906741
  148Y     5.3576004091     0.0134722705
  148Z     2.0163001540    -0.0059922791
  149X    -6.8950005265     0.0233233930
  149Y     7.4383005680    -0.0053862150
  149Z    -1.2567000960     0.0009183936
  150X    -8.5986006566    -0.0071681676
  150Y    -3.2928002515     0.0082200383
  150Z     1.4240001087     0.0015101900
  151X     3.2128002453    -0.0139038916
  151Y     2.1047001607    -0.0105466496
  151Z     0.7553000577    -0.0134369852
  152X     2.7625002110    -0.0028840525
  152Y     1.2901000985     0.0010071807
  152Z    -0.4386000335     0.0130939788
  153X     0.7675000586    -0.0161532568
  153Y     2.7680002114     0.0101390589
  153Z     0.2706000207     0.0008297516
  154X    -0.1798000137    -0.0051722877
  154Y     2.9792002275    -0.0139946132
  154Z     1.4324001094    -0.0224414856
  155X     1.5327001170    -0.0124309648
  155Y    -0.1399000107    -0.0191669599
  155Z     1.2899000985     0.0059286937
  156X     1.0321000788     0.0018459918
  156Y    -0.1928000147    -0.0136747800
  156Z     2.7177002075    -0.0110221181
  157X     0.1684000129     0.0006995142
  157Y    -1.6626001270    -0.0095438223
  157Z     0.6015000459    -0.0205805010
  158X     0.3131000239    -0.0103208310
  158Y    -2.2091001687     0.0043142325
  158Z    -0.8029000613     0.0211997458
  159X     3.1528002408    -0.0076569310
  159Y     0.3164000242     0.0027771982
  159Z    -3.1806002429     0.0067616775
  160X     2.6700002039     0.0000802722
  160Y    -0.2930000224     0.0185729819
  160Z    -1.8816001437    -0.0146414250
  161X    -2.5747001966     0.0089224000
  161Y     1.2335000942     0.0055456928
  161Z     1.7444001332    -0.0127851689
  162X    -1.5008001146    -0.0211844773
  162Y     1.7189001313    -0.0056773509
  162Z     0.7942000606     0.0112151026
  163X     4.1042003134    -0.0110123661
  163Y    -1.0852000829    -0.0039403020
  163Z    -0.1304000100    -0.0052347381
  164X     2.7881002129     0.0054561420
  164Y    -1.7669001349     0.0029026221
  164Z     0.1780000136    -0.0079485101
  165X     0.1557000119     0.0100104030
  165Y     2.5127001919    -0.0024739514
  165Z    -2.7373002090    -0.0021743830
  166X     1.2893000985    -0.0144839139
  166Y     1.5370001174     0.0188129000
  166Z    -2.9711002269    -0.0151160821
  167X     1.2662000967    -0.0009325441
  167Y    -3.4138002607     0.0143584086
  167Z    -2.4964001906    -0.0000042802
  168X     0.5051000386     0.0124054238
  168Y    -2.2078001686    -0.0037731771
  168Z    -3.0046002294     0.0071474562
  169X    -1.9939001523    -0.0147781950
  169Y    -1.5615001192     0.0083337112
  169Z    -0.8611000658    -0.0000960621
  170X    -2.4931001904    -0.0061169000
  170Y    -0.3874000296    -0.0174449822
  170Z    -0.0461000035    -0.0166023014
  171X    -2.8500002176    -0.0051230691
  171Y     0.3425000262     0.0174385605
  171Z    -1.8604001421    -0.0146586984
  172X    -3.1389002397     0.0042936498
  172Y     0.7549000576     0.0009471413
  172Z    -3.2881002511     0.0125921487
  173X    -0.8784000671     0.0137251935
  173Y     3.6055002753    -0.0018027090
  173Z     3.6337002775    -0.0062302355
  174X     0.1208000092    -0.0042653881
  174Y     4.6060003517    -0.0196879481
  174Z     3.0930002362     0.0011425829
  175X     2.6726002041    -0.0230674094
  175Y     1.7160001310    -0.0043304747
  175Z     3.4572002640     0.0126735051
  176X     1.4524001109     0.0110515076
  176Y     2.4400001863    -0.0115148544
  176Z     3.9851003043     0.0050589578
  177X    -2.5999001985     0.0042433933
  177Y    -2.6045001989     0.0056391398
  177Z     1.4735001125     0.0085614996
  178X    -2.5121001918     0.0014256348
  178Y    -1.2622000964    -0.0095283331
  178Z     2.1681001656    -0.0018826760
  179X     4.8165003678    -0.0102614802
  179Y     1.3425001025     0.0240929614
  179Z     2.4418001865    -0.0057136193
  180X     4.9201003757    -0.0121243291
  180Y     2.8086002145    -0.0126141904
  180Z     2.8045002142    -0.0027169179
  181X    -2.5345001935    -0.0091721893
  181Y     3.3311002544     0.0020545524
  181Z    -0.5146000393    -0.0065401355
  182X    -3.3994002596    -0.0026895108
  182Y     2.5858001975     0.0182453897
  182Z    -1.5088001152     0.0148189110
  183X    -2.4772001892     0.0006911664
  183Y     1.6818001284    -0.0200112533
  183Z     3.8001002902    -0.0065743516
  184X    -3.4593002642     0.0178572293
  184Y     0.5521000422     0.0054472767
  184Z     4.0266003075     0.0012534996
  185X     4.8296003688    -0.0025845115
  185Y     3.7779002885     0.0042873973
  185Z    -0.7452000569     0.0198186506
  186X     5.2665004022    -0.0102790568
  186Y     3.4210002612     0.0043894336
  186Z     0.6597000504    -0.0136875848
  187X    -2.4843001897     0.0156127805
  187Y    -2.4820001895    -0.0077152825
  187Z    -4.0441003088     0.0105488097
  188X    -1.7551001340    -0.0070465150
  188Y    -3.4808002658     0.0165222880
  188Z    -3.1708002421    -0.0091101440
  189X    -0.7686000587     0.0092994589
  189Y    -0.6601000504    -0.0054427339
  189Z    -5.8423004461     0.0067854134
  190X    -0.8831000674     0.0084176088
  190Y    -1.6821001285     0.0112955625
  190Z    -4.7312003613    -0.0110961064
  191X     2.4657001883     0.0128663092
  191Y     5.1311003918    -0.0114928844
  191Z    -3.3349002547    -0.0024581428
  192X     2.1712001658     0.0086313739
  192Y     3.6463002784     0.0138314258
  192Z    -3.3514002559    -0.0034207816
  193X     0.2655000203    -0.0023002379
  193Y     7.0915005415    -0.0140961414
  193Z     0.6169000471    -0.0017517692
  194X    -0.0037000003     0.0118881430
  194Y     6.0060004586     0.0050371840
  194Z    -0.4034000308     0.0096682659
  195X     2.7837002126     0.0085065628
  195Y    -1.8177001388     0.0072945077
  195Z    -3.6682002801    -0.0084392553
  196X     3.3701002574     0.0032279092
  196Y    -2.5224001926     0.0137129276
  196Z    -4.8730003721     0.0004089838
  197X     3.5518002712    -0.0157747358
  197Y     5.0882003886     0.0165575319
  197Z     0.9117000696     0.0058724612
  198X     2.1266001624     0.0224308187
  198Y     5.5774004259    -0.0054637639
  198Z     0.7653000584     0.0036829847
  199X     2.3729001812     0.0050391313
  199Y    -1.9288001473    -0.0081948354
  199Z     3.2688002496     0.0141668689
  200X     2.8226002155    -0.0006138523
  200Y    -1.6845001286    -0.0102203880
  200Z     4.6936003584    -0.0143691358
  201X     1.5839001210     0.0093395690
  201Y     1.4264001089    -0.0080650507
  201Z    -4.9265003762    -0.0113236993
  202X     1.6012001223     0.0046049613
  202Y     0.0757000058     0.0129707332
  202Z    -5.6101004284    -0.0032130611
  203X    -1.4751001126     0.0177262317
  203Y    -4.7318003613    -0.0003767547
  203Z     1.2815000979    -0.0001258751
  204X    -0.4672000357    -0.0055001377
  204Y    -3.9091002985    -0.0212286487
  204Z     0.5075000388     0.0083464211
  205X    -1.6675001273     0.0095116062
  205Y     6.3860004877    -0.0134191632
  205Z    -2.4809001895     0.0077325315
  206X    -1.3722001048     0.0047516284
  206Y     4.9778003801     0.0097986306
  206Z    -2.0098001535    -0.0003756335
  207X     6.2294004757    -0.0122729997
  207Y    -0.6454000493     0.0044797009
  207Z     2.2999001756     0.0113186216
  208X     5.7568004396    -0.0045419736
  208Y    -0.6000000458     0.0025646785
  208Z     3.7375002854    -0.0176587272
  209X    -2.0627001575    -0.0062288427
  209Y     1.6220001239    -0.0125346033
  209Z    -4.7120003598    -0.0061112952
  210X    -2.5524001949     0.0008542185
  210Y     1.0446000798     0.0077069052
  210Z    -6.0230004599     0.0128577749
  211X    -0.9444000721     0.0001574257
  211Y    -1.4371001097     0.0100566142
  211Z     4.6501003551     0.0062631108
  212X    -1.8175001388     0.0031981600
  212Y    -0.2261000173    -0.0150875329
  212Z     4.9017003743     0.0137489442
  213X    -2.7464002097     0.0132348830
  213Y     4.4165003373    -0.0102711736
  213Z    -4.1864003197    -0.0114966127
  214X    -1.4281001091    -0.0160776374
  214Y     4.0644003104    -0.0068403826
  214Z    -4.8421003698     0.0034687124
  215X     6.3250004830     0.0030456313
  215Y     1.6488001259    -0.0111948059
  215Z    -1.4775001128     0.0072196131
  216X     6.9885005337    -0.0060394259
  216Y     0.3476000265     0.0091797195
  216Z    -1.0794000824    -0.0010974128
  217X     5.3885004115     0.0062251690
  217Y     2.9258002234     0.0131875990
  217Z    -3.3831002583     0.0181382349
  218X     4.9026003744     0.0117568942
  218Y     4.2703003261    -0.0004299277
  218Z    -2.8852002203     0.0033625553
  219X    -5.6797004337     0.0052206004
  219Y     0.8802000672    -0.0061830428
  219Z     0.7596000580    -0.0215685116
  220X    -4.7493003627    -0.0136755456
  220Y     0.9620000735    -0.0046739083
  220Z    -0.4318000330     0.0003328522
  221X     3.4958002670     0.0014527275
  221Y    -5.0031003821     0.0112190433
  221Z    -0.6456000493    -0.0326948860
  222X     3.6700002803    -0.0042976210
  222Y    -3.6947002821    -0.0137932250
  222Z    -1.3868001059     0.0014768431
  223X    -3.6731002805     0.0124070450
  223Y     3.8655002952    -0.0055624822
  223Z     3.2765002502     0.0238078525
  224X    -3.5393002703     0.0087916353
  224Y     3.9806003040     0.0033793842
  224Z     4.7800003650    -0.0201741684
  225X    -0.7780000594    -0.0031191955
  225Y    -5.1884003962     0.0101566508
  225Z    -3.8357002929     0.0158088864
  226X    -0.8621000658    -0.0022688920
  226Y    -5.7811004415     0.0117053384
  226Z    -2.4452001867    -0.0034928020
  227X     4.9739003798    -0.0019826770
  227Y     2.3390001786    -0.0215603687
  227Z    -5.6277004298     0.0192888589
  228X     4.1425003163     0.0102618894
  228Y     1.3448001027     0.0036244994
  228Z    -4.8453003700     0.0028177458
  229X    -4.2528003248    -0.0122825511
  229Y    -1.6546001264    -0.0032431863
  229Z    -2.0355001554    -0.0039022339
  230X    -5.3521004087     0.0013713916
  230Y    -0.9062000692    -0.0076641246
  230Z    -1.3121001002    -0.0161988959
  231X     0.7809000596     0.0188612399
  231Y     6.5062004968     0.0050659264
  231Z    -2.4438001866    -0.0034372795
  232X     2.2150001691    -0.0170379582
  232Y     6.7382005146    -0.0144453187
  232Z    -2.0181001541    -0.0185297997
  233X    -4.3207003299    -0.0073559063
  233Y     3.8506002940     0.0041817630
  233Z     0.9265000708     0.0146175347
  234X    -5.0456003853     0.0113072478
  234Y     3.1854002432     0.0179351842
  234Z     2.0771001586    -0.0039106983
  235X    -0.6037000461     0.0192246330
  235Y     6.7163005129    -0.0023940519
  235Z     3.3127002530    -0.0091347819
  236X     0.7839000599    -0.0031553356
  236Y     6.7244005135    -0.0036977700
  236Z     2.7075002068     0.0118870762
  237X    -5.2866004037    -0.0052579919
  237Y     0.6387000488     0.0200270067
  237Z     3.0598002337    -0.0089974777
  238X    -6.3402004842     0.0201451710
  238Y     1.7142001309    -0.0108263278
  238Z     3.2177002457    -0.0106554857
  239X    -3.6093002756    -0.0012739242
  239Y    -5.4824004187     0.0249031394
  239Z     1.7622001346    -0.0129594539
  240X    -3.7734002882    -0.0021215595
  240Y    -5.0142003829     0.0066681901
  240Z     0.3319000253     0.0240082346
  241X    -2.4152001844     0.0049050943
  241Y    -4.3116003293     0.0107228572
  241Z     4.9065003747    -0.0032920456
  242X    -2.1597001649     0.0028520899
  242Y    -3.2516002483    -0.0116941951
  242Z     3.8561002945     0.0189481369
  243X     1.1241000858    -0.0003791166
  243Y    -1.6358001249     0.0131345819
  243Z     7.2258005518    -0.0116673614
  244X     0.4254000325     0.0099173781
  244Y    -0.7970000609    -0.0070659354
  244Z     6.1770004717     0.0056901823
  245X     3.7419002857     0.0044826543
  245Y     0.5457000417     0.0069619360
  245Z     6.9196005284    -0.0075688485
  246X     3.0466002327     0.0143436817
  246Y     0.8922000681    -0.0040510288
  246Z     5.6202004292     0.0147588012
  247X    -0.6896000527     0.0048743943
  247Y     5.7406004384    -0.0103221703
  247Z    -5.9042004509     0.0110576984
  248X     0.2809000215    -0.0042151349
  248Y     6.0474004618    -0.0067545494
  248Z    -4.7836003653    -0.0072247550
  249X     6.4868004954    -0.0002157811
  249Y    -2.5193001924    -0.0098120507
  249Z    -2.2410001711     0.0144797377
  250X     6.3518004850     0.0016100884
  250Y    -3.8526002942     0.0247226628
  250Z    -1.5367001173     0.0018672490
  251X     1.7832001362     0.0166429305
  251Y     5.9717004560     0.0024991985
  251Z     4.2174003221    -0.0046114684
  252X     2.9556002257     0.0010371442
  252Y     5.4301004147     0.0036783303
  252Z     3.4275002617     0.0173213318
  253X     4.0298003077     0.0098410713
  253Y    -3.7764002884    -0.0164808177
  253Z     3.4008002597    -0.0090254007
  254X     4.7737003645    -0.0054993652
  254Y    -5.0900003887     0.0146736168
  254Z     3.2868002510    -0.0160475711
  255X     6.7509005155    -0.0179064463
  255Y     4.7851003654     0.0002425596
  255Z     2.7155002074     0.0103829955
  256X     5.5349004227     0.0071141720
  256Y     4.6601003559     0.0018414204
  256Z     3.6087002756    -0.0143109533
  257X     3.9875003045    -0.0071840640
  257Y    -5.1560003937    -0.0225903865
  257Z     1.6517001261    -0.0106285653
  258X     4.0348003081    -0.0060329625
  258Y    -6.5242004982     0.0086453205
  258Z     1.0055000768     0.0059495564
  259X    -4.3645003333    -0.0038165639
  259Y    -1.0949000836    -0.0080841356
  259Z    -5.3393004077     0.0041753553
  260X    -4.5714003491     0.0110774673
  260Y    -2.5542001950     0.0098177770
  260Z    -4.9939003814     0.0034979799
  261X    -5.2271003992     0.0076003829
  261Y    -1.2510000955     0.0045436573
  261Z     4.7530003630    -0.0193555938
  262X    -5.2325003996    -0.0018547343
  262Y    -1.7373001327     0.0199092713
  262Z     3.3193002535     0.0152172096
  263X     8.2002006262    -0.0174876052
  263Y    -1.1291000862    -0.0099458298
  263Z     0.4125000315     0.0045939622
  264X     6.8878005260     0.0069266178
  264Y    -1.8488001412     0.0135561571
  264Z     0.1856000142     0.0128399392
  265X     5.9678004557     0.0104468078
  265Y    -0.7480000571    -0.0066307288
  265Z    -4.2076003213    -0.0002443193
  266X     6.7591005162    -0.0016839433
  266Y    -1.9496001489     0.0122758949
  266Z    -4.6787003573     0.0114645464
  267X     1.6976001296     0.0035787172
  267Y     2.7417002094     0.0134209343
  267Z    -6.5038004967     0.0011215107
  268X     1.4753001127     0.0083808205
  268Y     4.1863003197    -0.0116018270
  268Z    -6.1094004665    -0.0117500770
  269X     0.2556000195     0.0232651372
  269Y    -4.2816003270    -0.0065901488
  269Z     4.9065003747     0.0012453711
  270X     1.6473001258    -0.0160763382
  270Y    -3.6962002823    -0.0185795552
  270Z     4.7944003661     0.0050081025
  271X     0.3503000268     0.0067555752
  271Y    -5.6663004327    -0.0092625666
  271Z     2.0935001599     0.0246033348
  272X     0.9848000752    -0.0054145980
  272Y    -5.4825004187    -0.0129811182
  272Z     3.4557002639    -0.0147802110
  273X     7.3977005649     0.0050463014
  273Y     2.0370001556     0.0102818094
  273Z     0.5688000434     0.0133944329
  274X     7.9468006068    -0.0079522818
  274Y     2.2536001721     0.0024043254
  274Z     1.9629001499    -0.0245827078
  275X    -5.3726004103     0.0026980966
  275Y     1.7736001354     0.0137482478
  275Z    -5.1999003971     0.0145355706
  276X    -4.0957003128    -0.0169511738
  276Y     2.5454001944     0.0003100160
  276Z    -4.9435003775    -0.0011706031
  277X     2.2823001743     0.0179541218
  277Y    -4.9398003772     0.0098436059
  277Z    -5.5238004218    -0.0097973672
  278X     3.0698002344    -0.0035880430
  278Y    -3.9263002998    -0.0028291580
  278Z    -6.3266004831     0.0173685912
  279X    -4.8406003696     0.0135912466
  279Y     5.6387004306     0.0078173288
  279Z    -3.0356002318    -0.0022152450
  280X    -4.1498003169     0.0039408415
  280Y     6.1823004721    -0.0063739473
  280Z    -4.2682003259     0.0136630156
  281X    -6.0580004626     0.0087077713
  281Y    -3.4548002638     0.0002890762
  281Z     1.7548001340     0.0037522679
  282X    -4.6223003530    -0.0186220985
  282Y    -3.8766002960     0.0029029719
  282Z     1.9840001515     0.0110006256
  283X     3.0955002364    -0.0043465120
  283Y     7.6996005880     0.0003374050
  283Z     0.2031000155    -0.0138502196
  284X     3.9096002986    -0.0171746997
  284Y     8.3990006414    -0.0045988298
  284Z    -0.8646000660     0.0014775566
  285X    -6.0779004641    -0.0131092706
  285Y     2.1361001631    -0.0050906044
  285Z    -3.1931002438     0.0110048104
  286X    -6.1470004694    -0.0028180512
  286Y     1.3330001018     0.0044182644
  286Z    -1.9116001460    -0.0127336710
  287X     4.4652003410     0.0090638294
  287Y     6.0865004648     0.0029939160
  287Z    -3.3656002570     0.0064612145
  288X     5.6644004326    -0.0101462756
  288Y     7.0059005350     0.0009760360
  288Z    -3.2721002499     0.0027190191
  289X    -2.8146002149    -0.0097300292
  289Y    -5.4439004157    -0.0042791691
  289Z    -2.0126001537     0.0060710231
  290X    -4.3183003298     0.0074460226
  290Y    -5.6122004286    -0.0000759411
  290Z    -2.0623001575     0.0047863502
  291X     4.9543003783     0.0042031220
  291Y     5.1136003905    -0.0074390368
  291Z     5.6601004322    -0.0065064407
  292X     3.9369003006     0.0163190526
  292Y     4.1651003181    -0.0035667205
  292Z     5.0627003866     0.0003326554
  293X     0.8167000624     0.0071316231
  293Y    -1.8629001423    -0.0012234581
  293Z    -6.7558005159    -0.0133965439
  294X     1.8214001391    -0.0000231983
  294Y    -1.2855000982    -0.0103531073
  294Z    -7.7301005903     0.0028021789
  295X     5.5276004221    -0.0006712837
  295Y     5.8079004435     0.0118018300
  295Z     0.5365000410    -0.0034361342
  296X     5.5579004244     0.0030125502
  296Y     6.5845005028     0.0034576070
  296Z    -0.7627000582     0.0127985927
  297X     1.9144001462     0.0073814506
  297Y    -7.3201005590     0.0181082465
  297Z    -2.3679001808    -0.0077556943
  298X     2.6102001993    -0.0060813064
  298Y    -5.9758004563    -0.0168344837
  298Z    -2.3968001830    -0.0007935788
  299X    -1.9793001511    -0.0063830948
  299Y     6.2001004735     0.0046332586
  299Z     5.4893004192    -0.0124844677
  300X    -2.6736002042     0.0022778477
  300Y     5.5942004272     0.0091934812
  300Z     4.2881003275     0.0055226252
  301X     3.5760002731     0.0065201315
  301Y     7.0865005412     0.0203444438
  301Z     2.0501001566     0.0025488524
  302X     4.3876003351    -0.0081455923
  302Y     8.3645006387    -0.0046463637
  302Z     2.0444001561     0.0033620014
  303X    -1.8489001412     0.0081068414
  303Y     0.6883000526     0.0105510939
  303Z     7.4183005665     0.0038871419
  304X    -1.0085000770    -0.0055508777
  304Y     1.7402001329    -0.0029115196
  304Z     8.1105006193    -0.0032755395
  305X    -6.8853005258     0.0060597855
  305Y     4.2249003226     0.0116911670
  305Z    -2.1945001676     0.0004121749
  306X    -5.4762004182    -0.0094934329
  306Y     4.4406003391     0.0088666068
  306Z    -1.6847001287    -0.0109371082
  307X     1.0274000785     0.0035323793
  307Y     3.3225002537     0.0072943761
  307Z     8.2562006305    -0.0048630978
  308X     1.2506000955    -0.0008647686
  308Y     2.9550002257     0.0085265087
  308Z     6.8046005196     0.0062522122
  309X     4.9952003815    -0.0041371469
  309Y     4.3769003342    -0.0111479416
  309Z    -7.1098005429    -0.0003747981
  310X     3.7151002837     0.0218870448
  310Y     3.6811002811    -0.0028718445
  310Z    -6.6987005115    -0.0012829926
  311X     7.1808005484    -0.0067041342
  311Y    -2.6227002003    -0.0066281362
  311Z     2.1460001639     0.0075410456
  312X     6.2696004788     0.0094596353
  312Y    -3.6025002751     0.0020675711
  312Z     2.8542002180     0.0000304377
  313X     6.0103004590    -0.0014436374
  313Y    -2.0979001602     0.0136600988
  313Z     5.4188004138     0.0032946368
  314X     5.3316004071     0.0149574686
  314Y    -0.8227000628    -0.0036367725
  314Z     5.8718004484    -0.0018673082
  315X     1.6752001279    -0.0178537014
  315Y     9.1053006953     0.0060977521
  315Z     1.6616001269    -0.0030031730
  316X     0.3148000240     0.0053861781
  316Y     9.6364007359    -0.0060592872
  316Z     1.2629000964    -0.0005007330
  317X     0.8881000678     0.0036572726
  317Y    -6.5241004982     0.0054067695
  317Z    -5.9439004539     0.0089133785
  318X     1.1903000909    -0.0165771695
  318Y    -6.5622005011     0.0051690374
  318Z    -4.4609003407    -0.0261018254
  319X    -3.0502002329     0.0036020771
  319Y     0.3369000257    -0.0143398517
  319Z    -8.2205006277     0.0097892757
  320X    -3.2193002458     0.0185631076
  320Y    -1.1340000866     0.0085460648
  320Z    -7.9048006036    -0.0045524230
  321X     5.8513004468     0.0069402100
  321Y     1.1658000890     0.0041178825
  321Z     5.7925004423     0.0031575186
  322X     5.9415004537     0.0070214021
  322Y     2.6274002006    -0.0097550816
  322Z     5.4088004130     0.0028165680
  323X     2.8269002159    -0.0057450499
  323Y     0.2641000202     0.0009288099
  323Z    -8.8753006778     0.0096896950
  324X     2.5994001985    -0.0016404782
  324Y     1.0687000816    -0.0066825362
  324Z    -7.6133005814    -0.0126321932
  325X    -2.5458001944    -0.0147363629
  325Y    -1.3858001058     0.0042309261
  325Z     6.4217004904     0.0140705686
  326X    -2.8839002202    -0.0045029184
  326Y    -1.5370001174     0.0030243441
  326Z     7.8896006025    -0.0074883674
  327X     4.9930003813     0.0129890184
  327Y    -5.5131004210    -0.0045558729
  327Z    -1.9107001459     0.0007657139
  328X     5.9154004517     0.0049569660
  328Y    -5.6136004287     0.0001889261
  328Z    -3.1069002373     0.0201225384
  329X    -2.0817001590    -0.0021628499
  329Y     7.8684006009     0.0064473755
  329Z    -4.5762003495     0.0097246156
  330X    -1.5898001214    -0.0074746313
  330Y     9.0171006886    -0.0066673106
  330Z    -3.7215002842    -0.0025580192
  331X    -2.8852002203     0.0079104657
  331Y     8.6944006639    -0.0028354791
  331Z     1.0535000804     0.0099776198
  332X    -2.0821001590    -0.0039973338
  332Y     8.7228006661    -0.0014867721
  332Z     2.3366001784    -0.0094031192
  333X    -0.8619000658    -0.0010823831
  333Y    -6.8534005234    -0.0138484227
  333Z     0.3434000262     0.0008935570
  334X    -1.3257001012    -0.0004236931
  334Y    -7.8250005975     0.0062562756
  334Z     1.4077001075    -0.0093658526
  335X    -3.1060002372     0.0082166399
  335Y    -3.2112002452    -0.0064483345
  335Z    -6.9229005287    -0.0019551817
  336X    -1.8829001438    -0.0030020702
  336Y    -3.6830002812    -0.0025299152
  336Z    -7.6801005865     0.0142056109
  337X    -5.1192003909    -0.0022102147
  337Y    -3.6642002798    -0.0073629128
  337Z    -3.4471002632    -0.0136869835
  338X    -6.3748004868     0.0085962662
  338Y    -4.3816003346    -0.0011043421
  338Z    -3.8952002975     0.0014394970
  339X     8.3482006375    -0.0111077426
  339Y     4.9618003789    -0.0020445588
  339Z    -1.6751001279    -0.0033345638
  340X     6.9402005300     0.0068661443
  340Y     4.7982003664     0.0089844854
  340Z    -2.2069001685     0.0046159256
  341X    -1.1565000883     0.0008681528
  341Y     4.9147003753    -0.0002814291
  341Z     8.1764006244    -0.0041999245
  342X    -0.2857000218    -0.0166949823
  342Y     4.5412003468     0.0067770375
  342Z     6.9957005342    -0.0005974747
  343X    10.3469007901    -0.0047842411
  343Y    -0.5290000404     0.0060299112
  343Z    -0.4342000332     0.0008956153
  344X     9.4052007182     0.0045452254
  344Y     0.5338000408    -0.0140034885
  344Z    -0.9592000732     0.0106900025
  345X    -4.1850003196    -0.0075838194
  345Y     7.2635005547    -0.0052142164
  345Z     2.2610001727    -0.0034795401
  346X    -5.1024003896     0.0022322433
  346Y     6.0790004642     0.0114744109
  346Z     2.0439001561     0.0005072459
  347X     7.9882006100     0.0159321369
  347Y     1.4674001121    -0.0029447337
  347Z     4.2905003276    -0.0147785025
  348X     8.5258006511    -0.0055235264
  348Y     0.6045000462     0.0150753336
  348Z     3.1688002420     0.0017480204
  349X    -6.8252005212     0.0084640942
  349Y     0.7149000546    -0.0003904238
  349Z    -6.4069004893     0.0016736475
  350X    -6.0601004628     0.0176910898
  350Y    -0.0913000070     0.0159111889
  350Z    -5.3790004108    -0.0151422117
  351X    -6.5281004985    -0.0154252230
  351Y    -1.3360001020     0.0009472461
  351Z    -3.5457002708    -0.0206851782
  352X    -7.8857006022     0.0067995292
  352Y    -0.9008000688    -0.0055989112
  352Z    -4.0551003097    -0.0032484486
  353X    -3.4538002637    -0.0147536073
  353Y     2.8454002173     0.0084749046
  353Z     6.8669005244    -0.0061430682
  354X    -4.2414003239    -0.0022036687
  354Y     3.9255002998    -0.0057819548
  354Z     7.5775005786    -0.0036549324
  355X     6.0516004621    -0.0081600416
  355Y    -4.6699003566    -0.0073164847
  355Z    -5.1116003903     0.0036562255
  356X     4.5735003492     0.0199379088
  356Y    -4.9362003769    -0.0044388810
  356Z    -4.9213003758     0.0016237098
  357X    -4.0134003065     0.0097370359
  357Y    -5.3864004113    -0.0026117931
  357Z    -4.9403003773    -0.0023890590
  358X    -2.7919002132    -0.0083369556
  358Y    -5.2042003974    -0.0102456635
  358Z    -5.8160004441     0.0149865250
  359X     1.9365001479     0.0052110928
  359Y     9.4891007246    -0.0039700768
  359Z    -3.4325002621    -0.0080404093
  360X     2.0004001528     0.0039065957
  360Y     7.9920006103     0.0082763516
  360Z    -3.6485002786    -0.0061587680
  361X     9.3838007166     0.0023860740
  361Y     2.7533002103    -0.0195587696
  361Z    -1.4208001085    -0.0126132945
  362X    10.3850007930    -0.0094376513
  362Y     2.0538001568    -0.0030307041
  362Z    -2.3154001768     0.0033266156
  363X    -3.8267002922    -0.0034057508
  363Y     7.6292005826     0.0110328252
  363Z    -1.0578000808     0.0043796625
  364X    -4.2326003232    -0.0038210834
  364Y     8.9148006808    -0.0023943177
  364Z    -1.7467001334     0.0089686699
  365X    -4.0893003123     0.0055031128
  365Y    -6.3870004877    -0.0071468821
  365Z     3.6189002764    -0.0058175058
  366X    -3.0062002296    -0.0212487426
  366Y    -7.3085005581     0.0079395910
  366Z     3.0996002367     0.0005385225
  367X     1.5266001166    -0.0166132590
  367Y     9.2760007084     0.0147670162
  367Z    -1.0288000786    -0.0072849208
  368X     0.2834000216     0.0054196528
  368Y    10.1393007743    -0.0027734042
  368Z    -1.0627000812    -0.0013643373
  369X     1.0949000836    -0.0115078337
  369Y    -3.7779002885     0.0166452488
  369Z     8.2158006274     0.0061670710
  370X     1.1937000912    -0.0050171411
  370Y    -2.7042002065    -0.0022069155
  370Z     9.2784007085    -0.0056895849
  371X    -3.7023002827    -0.0008999859
  371Y    -6.2576004779     0.0092393433
  371Z     5.7883004420    -0.0017345979
  372X    -3.5951002745     0.0005638673
  372Y    -4.9535003783    -0.0046215190
  372Z     6.5496005002    -0.0079264672
  373X    -7.2412005530     0.0052424874
  373Y    -5.2753004028     0.0015976440
  373Z    -1.3369001021     0.0062022433
  374X    -6.9396005299     0.0007754659
  374Y    -6.0301004605     0.0077538317
  374Z    -0.0597000046    -0.0051839646
  375X    -2.7359002089     0.0225481406
  375Y     7.2260005518     0.0087960268
  375Z    -6.3728004867     0.0032069969
  376X    -1.6049001226    -0.0077478954
  376Y     8.1697006239    -0.0070810364
  376Z    -6.7223005133     0.0059521768
  377X    -0.1277000098     0.0011045656
  377Y     2.7767002120    -0.0106266118
  377Z    -8.7967006717    -0.0022930335
  378X     0.9056000692    -0.0073180210
  378Y     1.7269001319     0.0040610987
  378Z    -9.1461006984    -0.0015999710
  379X     9.2878007093     0.0044578775
  379Y     0.6660000509    -0.0088104508
  379Z    -3.3225002537    -0.0012207461
  380X     8.4598006460     0.0116232893
  380Y    -0.5563000425     0.0058033108
  380Z    -3.6576002793    -0.0025181545
  381X     3.9930003049     0.0249080664
  381Y    -7.1251005441     0.0200263648
  381Z     4.0440003088    -0.0015215998
  382X     5.4962004197    -0.0083709931
  382Y    -7.1042005425     0.0023048988
  382Z     3.8659002952    -0.0016703043
  383X     7.8007005957     0.0056788085
  383Y     2.1234001622    -0.0002675268
  383Z    -6.4709004941     0.0057508209
  384X     7.6155005815     0.0065883594
  384Y     1.7029001300     0.0019709180
  384Z    -5.0284003840    -0.0046471215
  385X     5.0604003864     0.0005198174
  385Y    -4.7026003591    -0.0015906710
  385Z     7.0085005352    -0.0079864597
  386X     5.2546004013     0.0009382973
  386Y    -5.4383004153     0.0105175151
  386Z     5.6997004353     0.0106174323
  387X     6.9986005344     0.0027481415
  387Y    -2.8090002145    -0.0022643946
  387Z    -6.8130005203     0.0074598872
  388X     8.1797006246    -0.0130682688
  388Y    -2.9059002219     0.0009117881
  388Z    -5.8710004483    -0.0027471009
  389X     8.7436006677     0.0150704273
  389Y     4.1743003188     0.0130127140
  389Z     0.1621000124    -0.0200074285
  390X    10.1770007772    -0.0060018301
  390Y     4.6506003551    -0.0035092053
  390Z     0.0599000046    -0.0038223442
  391X    -0.4268000326    -0.0187497998
  391Y    -7.4851005716    -0.0231747498
  391Z     3.4202002612     0.0075202454
  392X    -1.1733000896     0.0012185324
  392Y    -8.6220006584     0.0094024602
  392Z     4.0851003120    -0.0032167622
  393X     8.3311006362    -0.0057526533
  393Y     5.8422004461     0.0004083857
  393Z     3.4817002659    -0.0099114007
  394X     7.8247005975     0.0050338614
  394Y     6.7460005152    -0.0081907616
  394Z     2.3778001816     0.0057994172
  395X    -1.9175001464     0.0072691146
  395Y     4.7552003631    -0.0011913045
  395Z    -8.6548006609    -0.0019054303
  396X    -0.6450000493    -0.0057588991
  396Y     5.5351004227    -0.0081637913
  396Z    -8.4014006416    -0.0030434643
  397X    -5.3439004081    -0.0056927295
  397Y    -2.6073001991     0.0029539353
  397Z     6.8033005195    -0.0009869035
  398X    -5.4603004170    -0.0087720815
  398Y    -1.1156000852    -0.0062068615
  398Z     7.0336005371    -0.0040542204
  399X    -0.1277000098     0.0073115252
  399Y     2.7767002120    -0.0049400271
  399Z     9.9776007619    -0.0085278469
  400X     0.9056000692    -0.0079908774
  400Y     1.7269001319     0.0097979215
  400Z     9.6283007353    -0.0024735486
  401X    -8.6013006568     0.0071770557
  401Y     2.0812001589     0.0067396764
  401Z     4.0642003104     0.0012156408
  402X    -7.9816006095    -0.0023754866
  402Y     3.4197002611    -0.0124870338
  402Z     3.7233002843     0.0077279537
  403X     1.5266001166    -0.0031822414
  403Y    -9.4983007253     0.0035366930
  403Z    -1.0288000786    -0.0049172119
  404X     0.2834000216     0.0151276556
  404Y    -8.6350006594    -0.0040195948
  404Z    -1.0627000812    -0.0108718131
  405X    -2.4493001870     0.0077016600
  405Y    -7.4617005698    -0.0100968068
  405Z    -3.9905003047     0.0082975531
  406X    -1.1966000914    -0.0023258745
  406Y    -8.0622006157    -0.0032125050
  406Z    -4.5921003507     0.0062741785
  407X    -6.0426004614    -0.0195561941
  407Y     3.9848003043     0.0190875945
  407Z    -5.2645004020    -0.0061878831
  408X    -7.2708005552     0.0060289911
  408Y     4.8654003715    -0.0047085197
  408Z    -5.1769003953    -0.0031851335
  409X     2.1832001667     0.0188496078
  409Y    -7.3943005647    -0.0106210976
  409Z     3.5157002685     0.0120332370
  410X     3.2653002494     0.0013537367
  410Y    -8.0442006143     0.0027996147
  410Z     2.6800002047     0.0194833490
  411X    -4.9904003811     0.0046134198
  411Y     7.6517005843    -0.0081093048
  411Z    -5.5807004262    -0.0035779972
  412X    -5.3099004055     0.0176870705
  412Y     6.2408004766     0.0241474348
  412Z    -6.0270004602     0.0012487571
  413X     3.1770002426    -0.0063436581
  413Y     6.3990004887    -0.0031258962
  413Z    -7.5571005771    -0.0049056183
  414X     2.1808001665     0.0023483133
  414Y     5.2952004044     0.0110689504
  414Z    -7.8421005989     0.0005955935
  415X     4.5452003471    -0.0024683752
  415Y    -4.9606003788     0.0087742027
  415Z    -8.2224006279    -0.0012693152
  416X     4.9868003808    -0.0045946719
  416Y    -3.5134002683    -0.0039782319
  416Z    -8.2712006316     0.0031090763
  417X     8.8280006741     0.0030098552
  417Y    -4.9208003758     0.0021079733
  417Z    -0.4116000314    -0.0100722324
  418X     8.4742006471     0.0099679954
  418Y    -3.5262002693    -0.0052443430
  418Z    -0.8825000674    -0.0001183099
  419X     2.9103002222     0.0014259028
  419Y     9.2330007051    -0.0040129742
  419Z     4.6904003582     0.0057954491
  420X     2.7206002078    -0.0002749640
  420Y     7.7371005908     0.0109880789
  420Z     4.8250003685     0.0047110029
  421X     5.5673004251    -0.0075675742
  421Y    -8.2849006327    -0.0001630934
  421Z     1.8176001388    -0.0028937622
  422X     4.8784003725     0.0019386989
  422Y    -8.8693006773     0.0053529439
  422Z     0.6027000460     0.0088003690
  423X    10.8055008251    -0.0062430382
  423Y    -0.7331000560    -0.0045876856
  423Z     2.7891002130    -0.0013213222
  424X     9.9422007592     0.0046771289
  424Y    -1.7937001370     0.0084164402
  424Z     2.1396001634     0.0039647697
  425X     1.5067001151     0.0035198012
  425Y    -5.2545004013    -0.0047903299
  425Z     6.6651005090     0.0211723408
  426X     2.8051002142    -0.0068811404
  426Y    -5.6800004337    -0.0013431504
  426Z     7.3168005587     0.0025560630
  427X     5.1963003968     0.0028917786
  427Y     9.4278007199    -0.0031025851
  427Z    -2.0331001553     0.0110421001
  428X     6.2674004786    -0.0064633885
  428Y     8.7226006661     0.0082141365
  428Z    -1.2285000938    -0.0033674036
  429X    -8.4274006435    -0.0089276868
  429Y    -0.5290000404    -0.0023342556
  429Z    -0.4342000332    -0.0025576261
  430X    -9.3691007155    -0.0027348980
  430Y     0.5338000408    -0.0080232492
  430Z    -0.9592000732     0.0028526141
  431X     5.0333003844    -0.0078426219
  431Y    -1.1395000870     0.0042213871
  431Z     9.3127007112     0.0009546360
  432X     4.6812003575    -0.0073416824
  432Y     0.2746000210    -0.0067751647
  432Z     8.9024006798    -0.0004490080
  433X     5.5944004272    -0.0022630798
  433Y     6.4962004961    -0.0024570376
  433Z    -7.9676006084     0.0098609032
  434X     5.5573004244    -0.0043467540
  434Y     6.7604005163    -0.0031094245
  434Z    -6.4774004946    -0.0078643273
  435X    -3.2108002452    -0.0089439192
  435Y     1.9452001485     0.0006552959
  435Z   -10.0679007688     0.0063141208
  436X    -3.9208002994     0.0022524036
  436Y     2.9165002227    -0.0059986555
  436Z    -9.1490006987    -0.0024078455
  437X    -4.8738003722    -0.0039310191
  437Y    -2.4404001864     0.0062668127
  437Z    -9.0678006925     0.0083540279
  438X    -5.4390004153     0.0061315689
  438Y    -1.2619000964    -0.0091710414
  438Z    -8.3039006341    -0.0045130974
  439X     7.8201005972    -0.0029214338
  439Y    -6.8124005202     0.0011801192
  439Z     1.4547001111    -0.0071695462
  440X     7.7575005924     0.0057351882
  440Y    -6.7211005132     0.0027202491
  440Z    -0.0551000042     0.0111235118
  441X    -7.9689006085    -0.0079623634
  441Y    -0.7331000560    -0.0007596048
  441Z     2.7891002130    -0.0011569959
  442X    -8.8322006745    -0.0048944015
  442Y    -1.7937001370     0.0021645860
  442Z     2.1396001634     0.0081959959
  443X    -1.8243001393    -0.0042551534
  443Y    -1.8610001421    -0.0184818570
  443Z    -8.9319006821    -0.0047651043
  444X    -1.0825000827    -0.0088670353
  444Y    -2.8951002211     0.0006018974
  444Z    -9.7518007447     0.0033619711
  445X    -9.0027006875     0.0068775582
  445Y     5.5189004214    -0.0037812102
  445Z     2.1016001605     0.0005667259
  446X    -7.7447005914    -0.0083112102
  446Y     6.0761004640    -0.0083435089
  446Z     1.4699001122     0.0051484413
  447X    -6.5697005017    -0.0014149009
  447Y     6.6046005044     0.0094613690
  447Z    -1.5965001219     0.0004261847
  448X    -6.1070004664    -0.0078614081
  448Y     7.9611006079    -0.0019021827
  448Z    -1.1088000847    -0.0065392287
  449X    -8.4974006489    -0.0035263324
  449Y    -3.4964002670     0.0013614891
  449Z     0.4942000377     0.0096743555
  450X    -9.4985007253     0.0088825236
  450Y    -3.5470002709     0.0041893228
  450Z     1.6288001244    -0.0039010843
----------------------------------------

 @ End Gradient Calculation

  Skipping one-electron property calculation.

 @ Output Timing Information

------------- TIMING ---------------
| INITIAL GUESS TIME  =    32.874206000( 13.81%)
| DFT GRID OPERATIONS =     3.800207000(  1.60%)
| TOTAL SCF TIME      =    78.006496000( 32.77%)
|       TOTAL OP TIME      =    70.319508000( 29.54%)
|             TOTAL 1e TIME      =     1.286973000(  0.54%)
|             TOTAL 2e TIME      =    55.369014000( 23.26%)
|             TOTAL EXC TIME     =    10.520685000(  4.42%)
|       TOTAL DII TIME      =     7.241873000(  3.04%)
|             TOTAL DIAG TIME    =     0.978216000(  0.41%)
| TOTAL GRADIENT TIME      =   121.871839000( 51.20%)
|       TOTAL 1e GRADIENT TIME      =    18.455545000( 8.63%)
|       TOTAL 2e GRADIENT TIME      =    87.315605000(36.68%)
|       TOTAL EXC GRADIENT TIME     =    14.016627000(  5.89%)
| TOTAL TIME          =   238.024092000
------------------------------------
| Job cpu time:  0 days  0 hours  3 minutes 58.0 seconds.

 @ Finish Output Timing Information

| Normal Termination. Task Finished on: Wed Jul  1 02:40:48 2026
