| *********************************************************************************************************
| **                                                                                                     **
| **           888888888888                                                                              **
| **         8888888888888888                                                                            **
| **      888888888888888888                                                                             **
| **     888888888888888888                                                                              **
| **    888888888888888                                                                                  **
| **   88888888888888888888                               88888                       8888:              **
| **   8888888888888888888888Z                            88888                       8888:              **
| **   888888888888888888888888?                          88888                       8888:              **
| **   8888888888888      8888888                                        888888       8888:              **
| **    88888888888         888888     8888:     88888    88888        888888888I     8888:    888888    **
| **    8888888888           88888:    8888:     88888    88888      $888888888888    8888:   888888     **
| **    I8Z 88888             88888    8888:     88888    88888    .888888     8888   8888: 888888       **
| **    .8Z 88888             88888    8888:     88888    88888    $88888             8888:88888         **
| **     8I 88888      .=88. .88888    8888:     88888    88888    88888              8888888888         **
| **    :8  88888      888888$8888$    8888:     88888    88888    8888O              88888888888        **
| **   ,7   +88888.     8888888888.    8888:     88888    88888    888888             88888O888888       **
| **         $888888:.   .8888888      88888....888888    88888     888888     8888   8888:  888888      **
| **          I8888888888888888888     888888888888888    88888     O888888888888O    8888:   888888     **
| **            O888888888888888888     88888888888888    88888       88888888888$    8888:    888888    **
| **               8888888Z     888      .8888I  88888    88888         8888888       8888:     888888   **
| **                                                                                                     **
| **                                                                                                     **
| **                                         Copyright (c) 2026                                          **
| **                          Regents of the University of California San Diego                          **
| **                                    & Michigan State University                                      **
| **                                        All Rights Reserved.                                         **
| **                                                                                                     **
| **             This software is subject to the terms of the Mozilla Public License, v. 2.0.            **
| **                                                                                                     **
| *********************************************************************************************************
|                                                                                                          
| Cite this work as:                                                                                       
| Manathunga, M.; O'Hearn, K. A.; Shajan, A.; Smith, J.; Miao, Y.; He, X.; Ayers, K.;                      
| Brothers, E.; Palos, E.; Tripathy, V.; Goetz, A.W.; Merz, K.M. QUICK-26.03.                              
| University of California,San Diego, CA and                                                               
| Michigan State University, East Lansing, MI, 2026                                                        
|                                                                                                          
| If you have any comments or queries, please reach out to us on GitHub issues or discussion sections:     
| https://github.com/merzlab/QUICK.                                                                        
|                                                                                                          
| TASK STARTS ON: Wed Jul  1 02:40:59 2026
| INPUT FILE :    water60.in
| OUTPUT FILE:    water60.out
| BASIS SET PATH: /projects/bdit/vtripathy/QUICK/install_h200/basis

|------------ GPU INFORMATION ---------------
| CUDA ENABLED DEVICE         :        1
| CUDA DEVICE IN USE          :        0
| CUDA DEVICE NAME            : NVIDIA H200
| CUDA DEVICE PM              :      132
| CUDA DEVICE CORE FREQ(GHZ)  :     1.98
| CUDA DEVICE MEMORY SIZE (MB):   143166
| SUPPORTING CUDA VERSION     :      9.0
|--------------------------------------------

 @ Read Job And Atom

  KEYWORD=B3LYP BASIS=6-31G** CUTOFF=1.0E-7 DENSERMS=1.0E-6 GRADIENT
 ============== JOB CARD =============
 METHOD = DENSITY FUNCTIONAL THEORY
 DENSITY FUNCTIONAL = B3LYP
 DIRECT SCF 
 SAD INITAL GUESS 
 USE DIIS SCF
 PRINT ENERGY EVERY CYCLE
 READ SAD GUESS FROM FILE
 STANDARD GRID = SG1
 Level shifting allowed after cycle    3
 DIIS error must exceed 0.100 for level shifting
 Max HOMO-LUMO gap to allow level shifting = 0.200
 GRADIENT CALCULATION
 MAX SCF CYCLES =    200
 MAX DIIS CYCLES =   10
 DELTA DENSITY START CYCLE =    3
 COMPUTATIONAL CUTOFF: 
      TWO-e INTEGRAL         =  0.100E-06
      BASIS SET PRIME        =  0.100E-07
      MATRIX ELEMENTS        =  0.100E-09
      BASIS FUNCTION         =  0.100E-05
      NEAR-LINEAR DEPENDENCY =  0.100E-04
      GRADIENT CUTOFF  =  0.100E-06
 DENSITY MATRIX MAXIMUM RMS FOR CONVERGENCE  =  0.100E-05
 BASIS SET = 6-31G**,  TYPE = CARTESIAN
| BASIS FILE = /projects/bdit/vtripathy/QUICK/install_h200/basis/6-31GDP.BAS
| DATA FILE  =    water60.dat

 @ Finish reading job


 @ Begin SAD initial guess

 For Atom Kind =    1
 ELEMENT = O 
 BASIS FUNCTIONS =   15
 For Atom Kind =    2
 ELEMENT = H 
 BASIS FUNCTIONS =    5

 @ Finish SAD initial guess


 @ Begin Reading Molecular Information


 =========== Molecule Input ==========
 TOTAL MOLECULAR CHARGE  =    0    MULTIPLICITY                =    1
 TOTAL ATOM NUMBER       =  180    NUMBER OF ATOM TYPES        =    2
 NUMBER OF HYDROGEN ATOM =  120    NUMBER OF NON-HYDROGEN ATOM =   60
 NUMBER OF ELECTRONS     =  600

 -- INPUT GEOMETRY -- :
    O           2.4900       1.5638       0.4372
    O          -0.1574       2.8999       0.4788
    O           1.1729      -0.7388       1.9442
    O          -0.3076      -2.1409      -0.0774
    O           2.6045       0.4976      -2.4173
    O          -2.2620       1.1408       0.8445
    O           3.3029      -1.4064      -0.5440
    O           0.8698       2.3130      -3.3426
    O           1.1571      -2.4733      -2.3559
    O          -2.7864      -1.0664      -0.6537
    O          -3.1746       1.0735      -2.3862
    O          -0.0836       3.6710       3.1044
    O           1.9147       1.6031       4.0308
    O          -2.3140      -2.1910       2.2880
    O           4.2872       2.1295       2.5710
    O          -3.4115       3.3227      -0.8980
    O          -2.6723       0.7834       3.5333
    O           4.5270       3.7712       0.1629
    O          -1.8845      -2.5413      -3.3005
    O          -0.2745      -1.0570      -5.1250
    O           2.8593       4.2836      -3.5422
    O           0.3480       6.1485       0.4754
    O           3.3777      -1.6862      -4.4072
    O           2.8426       5.5099       1.3970
    O           2.8982      -2.3096       3.9726
    O           1.9324       0.9700      -5.6923
    O          -0.6444      -4.7995       0.8108
    O          -1.0519       5.8780      -1.9524
    O           5.4975      -0.3614       2.8475
    O          -2.6999       1.0085      -5.0779
    O          -1.1196      -0.7508       5.2940
    O          -2.2438       3.6760      -4.5258
    O           6.6066       1.1454      -0.7136
    O           5.4828       3.5437      -2.6582
    O          -5.5662       0.5608      -0.1355
    O           3.5389      -4.6324      -1.5270
    O          -3.0445       3.7609       3.9907
    O          -0.9043      -4.9496      -2.9174
    O          -5.2049      -1.5704      -1.9855
    O           1.6753       6.5396      -2.7832
    O          -4.7392       4.0375       1.7668
    O           0.2999       6.4533       3.4875
    O          -5.5668       1.4819       2.7038
    O          -3.3831      -4.7655       1.1697
    O          -1.7728      -3.6571       4.6321
    O           0.0152       5.3524      -5.3857
    O           2.6715       5.6301       4.3194
    O           4.6589      -4.2449       2.8522
    O           5.9018       4.3480       2.7815
    O          -3.8875      -1.9021      -5.1466
    O           1.1816      -4.5237       4.9160
    O           0.7275      -6.1550       2.8250
    O           7.7455       2.7146       1.1486
    O          -5.0440       2.5885      -4.8201
    O           3.0089      -4.3204      -5.4564
    O          -3.9900       5.9381      -3.3566
    O          -5.3646      -3.4525       2.4146
    O           3.0550       7.9982      -0.7054
    O           4.9956       6.5774      -2.7379
    O          -3.5555      -5.7814      -1.5093
    H           3.2128       2.1047       0.7553
    H           2.7625       1.2901      -0.4386
    H           0.7675       2.7680       0.2706
    H          -0.1798       2.9792       1.4324
    H           1.5327      -0.1399       1.2899
    H           1.0321      -0.1928       2.7177
    H           0.1684      -1.6626       0.6015
    H           0.3131      -2.2091      -0.8029
    H           3.1528       0.3164      -3.1806
    H           2.6700      -0.2930      -1.8816
    H          -2.5747       1.2335       1.7444
    H          -1.5008       1.7189       0.7942
    H           4.1042      -1.0852      -0.1304
    H           2.7881      -1.7669       0.1780
    H           0.1557       2.5127      -2.7373
    H           1.2893       1.5370      -2.9711
    H           1.2662      -3.4138      -2.4964
    H           0.5051      -2.2078      -3.0046
    H          -1.9939      -1.5615      -0.8611
    H          -2.4931      -0.3874      -0.0461
    H          -2.8500       0.3425      -1.8604
    H          -3.1389       0.7549      -3.2881
    H          -0.8784       3.6055       3.6337
    H           0.1208       4.6060       3.0930
    H           2.6726       1.7160       3.4572
    H           1.4524       2.4400       3.9851
    H          -2.5999      -2.6045       1.4735
    H          -2.5121      -1.2622       2.1681
    H           4.8165       1.3425       2.4418
    H           4.9201       2.8086       2.8045
    H          -2.5345       3.3311      -0.5146
    H          -3.3994       2.5858      -1.5088
    H          -2.4772       1.6818       3.8001
    H          -3.4593       0.5521       4.0266
    H           4.8296       3.7779      -0.7452
    H           5.2665       3.4210       0.6597
    H          -2.4843      -2.4820      -4.0441
    H          -1.7551      -3.4808      -3.1708
    H          -0.7686      -0.6601      -5.8423
    H          -0.8831      -1.6821      -4.7312
    H           2.4657       5.1311      -3.3349
    H           2.1712       3.6463      -3.3514
    H           0.2655       7.0915       0.6169
    H          -0.0037       6.0060      -0.4034
    H           2.7837      -1.8177      -3.6682
    H           3.3701      -2.5224      -4.8730
    H           3.5518       5.0882       0.9117
    H           2.1266       5.5774       0.7653
    H           2.3729      -1.9288       3.2688
    H           2.8226      -1.6845       4.6936
    H           1.5839       1.4264      -4.9265
    H           1.6012       0.0757      -5.6101
    H          -1.4751      -4.7318       1.2815
    H          -0.4672      -3.9091       0.5075
    H          -1.6675       6.3860      -2.4809
    H          -1.3722       4.9778      -2.0098
    H           6.2294      -0.6454       2.2999
    H           5.7568      -0.6000       3.7375
    H          -2.0627       1.6220      -4.7120
    H          -2.5524       1.0446      -6.0230
    H          -0.9444      -1.4371       4.6501
    H          -1.8175      -0.2261       4.9017
    H          -2.7464       4.4165      -4.1864
    H          -1.4281       4.0644      -4.8421
    H           6.3250       1.6488      -1.4775
    H           6.9885       0.3476      -1.0794
    H           5.3885       2.9258      -3.3831
    H           4.9026       4.2703      -2.8852
    H          -5.6797       0.8802       0.7596
    H          -4.7493       0.9620      -0.4318
    H           3.4958      -5.0031      -0.6456
    H           3.6700      -3.6947      -1.3868
    H          -3.6731       3.8655       3.2765
    H          -3.5393       3.9806       4.7800
    H          -0.7780      -5.1884      -3.8357
    H          -0.8621      -5.7811      -2.4452
    H          -4.2528      -1.6546      -2.0355
    H          -5.3521      -0.9062      -1.3121
    H           0.7809       6.5062      -2.4438
    H           2.2150       6.7382      -2.0181
    H          -4.3207       3.8506       0.9265
    H          -5.0456       3.1854       2.0771
    H          -0.6037       6.7163       3.3127
    H           0.7839       6.7244       2.7075
    H          -5.2866       0.6387       3.0598
    H          -6.3402       1.7142       3.2177
    H          -3.6093      -5.4824       1.7622
    H          -3.7734      -5.0142       0.3319
    H          -2.4152      -4.3116       4.9065
    H          -2.1597      -3.2516       3.8561
    H          -0.6896       5.7406      -5.9042
    H           0.2809       6.0474      -4.7836
    H           1.7832       5.9717       4.2174
    H           2.9556       5.4301       3.4275
    H           4.0298      -3.7764       3.4008
    H           4.7737      -5.0900       3.2868
    H           6.7509       4.7851       2.7155
    H           5.5349       4.6601       3.6087
    H          -4.3645      -1.0949      -5.3393
    H          -4.5714      -2.5542      -4.9939
    H           0.2556      -4.2816       4.9065
    H           1.6473      -3.6962       4.7944
    H           0.3503      -5.6663       2.0935
    H           0.9848      -5.4825       3.4557
    H           7.3977       2.0370       0.5688
    H           7.9468       2.2536       1.9629
    H          -5.3726       1.7736      -5.1999
    H          -4.0957       2.5454      -4.9435
    H           2.2823      -4.9398      -5.5238
    H           3.0698      -3.9263      -6.3266
    H          -4.8406       5.6387      -3.0356
    H          -4.1498       6.1823      -4.2682
    H          -6.0580      -3.4548       1.7548
    H          -4.6223      -3.8766       1.9840
    H           3.0955       7.6996       0.2031
    H           3.9096       8.3990      -0.8646
    H           4.4652       6.0865      -3.3656
    H           5.6644       7.0059      -3.2721
    H          -2.8146      -5.4439      -2.0126
    H          -4.3183      -5.6122      -2.0623

============== BASIS INFOS ==============
 BASIS FUNCTIONS = 1500
 NSHELL =  600 NPRIM  = 2520
 JSHELL =  600 JBASIS = 1260


 @ End Reading Molecular Information 


 @ Begin XC Quadrature Formation

 OCTAGO: OCTree Algorithm for Grid Operations 
   PRUNING CUTOFF       = 0.100E-06
   INITIAL GRID POINTS  =      679200
|   FINAL GRID POINTS    =      435432
|   SIGNIFICANT NUMBER OF BASIS FUNCTIONS     =      522246
|   SIGNIFICANT NUMBER OF PRIMITIVE FUNCTIONS =      567832

 @ End XC Quadrature Formation


 @ Begin Energy Calculation

| condition number of overlap matrix:    6.444E+02
| Smallest eigenvalue of overlap matrix:    8.798E-03

                                         SCF ENERGY
| ------------------------------------------------------------------------------------------------------------------------
| NCYC       ENERGY         DELTA_E      SCF_TIME  DII_CYC   DII_TIME   O_TIME  DIAG_TIME    MAX_ERR    RMS_CHG    MAX_CHG
| ------------------------------------------------------------------------------------------------------------------------
|  1  -4586.558517222      ------         1.343     1        0.10      1.24      0.02    0.1849E+01  0.7367E-02  0.4186E+00
|  2  -4582.698041551  -.386048E+01       1.362     2        0.12      1.24      0.02    0.2725E+00  0.4289E-02  0.3787E+00
|  3  -4581.214831176  -.148321E+01       1.359     3        0.13      1.22      0.02    0.3362E+00  0.1940E-02  0.1785E+00
|   ***  Level shifting applied  ( HOMO-LUMO gap =  0.048 au ) ***
|  4  -4585.904973527  0.469014E+01       1.285     4        0.12      1.16      0.02    0.4550E-01  0.4877E-03  0.3914E-01
|  5  -4585.987485516  0.825120E-01       1.216     5        0.13      1.08      0.02    0.1115E-01  0.5278E-04  0.7877E-02
|  6  -4585.988542143  0.105663E-02       1.069     6        0.12      0.94      0.02    0.5886E-02  0.2122E-04  0.3019E-02
|  7  -4585.988854373  0.312231E-03       1.022     7        0.12      0.89      0.02    0.6938E-03  0.3291E-05  0.5132E-03
| -------------- 2E-INT CUTOFF CHANGE TO 0.1000E-08 ------------
|  8  -4585.988857490  0.311635E-05       1.206     8        0.16      1.04      0.02    0.4588E-03  0.1304E-05  0.2504E-03
|  9  -4585.988857915  0.424927E-06       1.113     9        0.14      0.97      0.02    0.4178E-04  0.2309E-06  0.2697E-04
| ------------------------------------------------------------------------------------------------------------------------
| REACH CONVERGENCE AFTER   9 CYCLES
| MAX ERROR = 0.417842E-04   RMS CHANGE = 0.230875E-06   MAX CHANGE = 0.269705E-04
| -----------------------------------------------
 ALPHA ELECTRON DENSITY    =   299.9997562271
 BETA ELECTRON DENSITY     =   299.9997562271
 ELECTRONIC ENERGY    = -18959.215573325
 CORE_CORE REPULSION  =  14373.226715410
 TOTAL ENERGY         =  -4585.988857915

 @ End Energy calculation


 @ Begin Gradient Calculation

 ANALYTICAL GRADIENT: 
----------------------------------------
 COORDINATE    XYZ            GRADIENT
----------------------------------------
    1X     2.4900001901     0.0195082318
    1Y     1.5638001194     0.0106582057
    1Z     0.4372000334     0.0006222378
    2X    -0.1574000120     0.0203391821
    2Y     2.8999002214    -0.0011837150
    2Z     0.4788000366     0.0212180839
    3X     1.1729000896    -0.0001771727
    3Y    -0.7388000564     0.0244691056
    3Z     1.9442001485     0.0052357735
    4X    -0.3076000235     0.0104201032
    4Y    -2.1409001635     0.0078597371
    4Z    -0.0774000059    -0.0007459250
    5X     2.6045001989     0.0031839544
    5Y     0.4976000380    -0.0143292787
    5Z    -2.4173001846    -0.0002285997
    6X    -2.2620001727     0.0138164936
    6Y     1.1408000871     0.0078289480
    6Z     0.8445000645     0.0053133103
    7X     3.3029002522    -0.0014081476
    7Y    -1.4064001074     0.0044530278
    7Z    -0.5440000415     0.0100982767
    8X     0.8698000664     0.0087250193
    8Y     2.3130001766    -0.0160749335
    8Z    -3.3426002553     0.0091596035
    9X     1.1571000884    -0.0095565644
    9Y    -2.4733001889    -0.0062249385
    9Z    -2.3559001799    -0.0019161537
   10X    -2.7864002128     0.0158693090
   10Y    -1.0664000814     0.0075583369
   10Z    -0.6537000499     0.0116598754
   11X    -3.1746002424    -0.0004874770
   11Y     1.0735000820    -0.0153332674
   11Z    -2.3862001822    -0.0000402407
   12X    -0.0836000064    -0.0031205736
   12Y     3.6710002803     0.0199699883
   12Z     3.1044002371     0.0026388594
   13X     1.9147001462     0.0096487481
   13Y     1.6031001224     0.0206471922
   13Z     4.0308003078    -0.0075187319
   14X    -2.3140001767    -0.0035798723
   14Y    -2.1910001673     0.0038333373
   14Z     2.2880001747    -0.0109499144
   15X     4.2872003274     0.0133298041
   15Y     2.1295001626     0.0000995788
   15Z     2.5710001963     0.0049689099
   16X    -3.4115002605     0.0066221317
   16Y     3.3227002537    -0.0298716227
   16Z    -0.8980000686    -0.0133261814
   17X    -2.6723002041     0.0012813412
   17Y     0.7834000598     0.0118371610
   17Z     3.5333002698     0.0059868000
   18X     4.5270003457     0.0085488698
   18Y     3.7712002880     0.0011068700
   18Z     0.1629000124    -0.0010993556
   19X    -1.8845001439    -0.0096400638
   19Y    -2.5413001941    -0.0090716466
   19Z    -3.3005002520     0.0000708097
   20X    -0.2745000210    -0.0145028994
   20Y    -1.0570000807    -0.0024618263
   20Z    -5.1250003914     0.0060219253
   21X     2.8593002183    -0.0301414807
   21Y     4.2836003271    -0.0006024641
   21Z    -3.5422002705     0.0069288163
   22X     0.3480000266    -0.0079173711
   22Y     6.1485004695     0.0009581721
   22Z     0.4754000363    -0.0142525109
   23X     3.3777002579    -0.0082147992
   23Y    -1.6862001288    -0.0178274939
   23Z    -4.4072003366     0.0005198419
   24X     2.8426002171     0.0012417996
   24Y     5.5099004208    -0.0189887633
   24Z     1.3970001067    -0.0128119722
   25X     2.8982002213    -0.0044247154
   25Y    -2.3096001764     0.0104313795
   25Z     3.9726003034    -0.0077551097
   26X     1.9324001476    -0.0087395526
   26Y     0.9700000741    -0.0028363086
   26Z    -5.6923004347     0.0109389858
   27X    -0.6444000492    -0.0075127356
   27Y    -4.7995003665     0.0182988389
   27Z     0.8108000619     0.0062028909
   28X    -1.0519000803    -0.0126660781
   28Y     5.8780004489    -0.0056800481
   28Z    -1.9524001491    -0.0005511732
   29X     5.4975004198     0.0039916512
   29Y    -0.3614000276    -0.0055261246
   29Z     2.8475002174     0.0075269374
   30X    -2.6999002062     0.0042221656
   30Y     1.0085000770     0.0160295330
   30Z    -5.0779003878     0.0063995325
   31X    -1.1196000855    -0.0082611162
   31Y    -0.7508000573    -0.0017176480
   31Z     5.2940004043    -0.0140986489
   32X    -2.2438001713     0.0006176971
   32Y     3.6760002807     0.0093447341
   32Z    -4.5258003456     0.0011140549
   33X     6.6066005045     0.0047859881
   33Y     1.1454000875     0.0090792693
   33Z    -0.7136000545    -0.0065169732
   34X     5.4828004187    -0.0205404420
   34Y     3.5437002706     0.0090312291
   34Z    -2.6582002030    -0.0122168596
   35X    -5.5662004251     0.0057775519
   35Y     0.5608000428     0.0047021058
   35Z    -0.1355000103     0.0058619678
   36X     3.5389002702     0.0047755226
   36Y    -4.6324003537     0.0049075562
   36Z    -1.5270001166     0.0118335983
   37X    -3.0445002325    -0.0197394616
   37Y     3.7609002872     0.0116293609
   37Z     3.9907003047    -0.0140698554
   38X    -0.9043000691    -0.0000223166
   38Y    -4.9496003780     0.0005571355
   38Z    -2.9174002228     0.0010090296
   39X    -5.2049003975     0.0106552040
   39Y    -1.5704001199     0.0168454949
   39Z    -1.9855001516     0.0204855397
   40X     1.6753001279     0.0030689774
   40Y     6.5396004994    -0.0039351421
   40Z    -2.7832002125     0.0141580230
   41X    -4.7392003619     0.0010526525
   41Y     4.0375003083    -0.0138232553
   41Z     1.7668001349    -0.0187009408
   42X     0.2999000229     0.0069309028
   42Y     6.4533004928    -0.0016921141
   42Z     3.4875002663    -0.0014007396
   43X    -5.5668004251    -0.0022512050
   43Y     1.4819001132    -0.0043518810
   43Z     2.7038002065     0.0013450774
   44X    -3.3831002583    -0.0016430030
   44Y    -4.7655003639    -0.0069094135
   44Z     1.1697000893    -0.0124008100
   45X    -1.7728001354    -0.0102869574
   45Y    -3.6571002793     0.0051568355
   45Z     4.6321003537    -0.0100257607
   46X     0.0152000012     0.0045671541
   46Y     5.3524004087     0.0105471330
   46Z    -5.3857004113     0.0014500702
   47X     2.6715002040    -0.0151204402
   47Y     5.6301004299     0.0028739472
   47Z     4.3194003298    -0.0153561591
   48X     4.6589003558    -0.0109309679
   48Y    -4.2449003242     0.0000303386
   48Z     2.8522002178     0.0116442366
   49X     5.9018004507     0.0035206621
   49Y     4.3480003320     0.0022332561
   49Z     2.7815002124    -0.0017954179
   50X    -3.8875002969    -0.0091138970
   50Y    -1.9021001453     0.0084156141
   50Z    -5.1466003930     0.0075384105
   51X     1.1816000902    -0.0062915678
   51Y    -4.5237003454     0.0075836802
   51Z     4.9160003754    -0.0088039566
   52X     0.7275000556    -0.0006578619
   52Y    -6.1550004700     0.0211296838
   52Z     2.8250002157     0.0031830866
   53X     7.7455005915    -0.0062798033
   53Y     2.7146002073    -0.0156349701
   53Z     1.1486000877    -0.0085792888
   54X    -5.0440003852     0.0131581500
   54Y     2.5885001977    -0.0139198175
   54Z    -4.8201003681    -0.0009711867
   55X     3.0089002298    -0.0060892241
   55Y    -4.3204003299    -0.0014399339
   55Z    -5.4564004167    -0.0046477737
   56X    -3.9900003047    -0.0168563958
   56Y     5.9381004535    -0.0042007179
   56Z    -3.3566002563     0.0001145325
   57X    -5.3646004097     0.0133876198
   57Y    -3.4525002636    -0.0081870805
   57Z     2.4146001844    -0.0177085287
   58X     3.0550002333     0.0128198793
   58Y     7.9982006108    -0.0030750607
   58Z    -0.7054000539     0.0033456060
   59X     4.9956003815     0.0008924558
   59Y     6.5774005023    -0.0013042921
   59Z    -2.7379002091    -0.0109360507
   60X    -3.5555002715     0.0051631894
   60Y    -5.7814004415     0.0063765182
   60Z    -1.5093001153    -0.0096848125
   61X     3.2128002453    -0.0123298884
   61Y     2.1047001607    -0.0125992641
   61Z     0.7553000577    -0.0117277028
   62X     2.7625002110    -0.0017546797
   62Y     1.2901000985     0.0003461258
   62Z    -0.4386000335     0.0144350097
   63X     0.7675000586    -0.0161553234
   63Y     2.7680002114     0.0103572610
   63Z     0.2706000207     0.0009094542
   64X    -0.1798000137    -0.0059246650
   64Y     2.9792002275    -0.0130281642
   64Z     1.4324001094    -0.0223768530
   65X     1.5327001170    -0.0110769770
   65Y    -0.1399000107    -0.0193159435
   65Z     1.2899000985     0.0053310610
   66X     1.0321000788     0.0027228466
   66Y    -0.1928000147    -0.0152633788
   66Z     2.7177002075    -0.0131960503
   67X     0.1684000129     0.0009932483
   67Y    -1.6626001270    -0.0090806496
   67Z     0.6015000459    -0.0210247254
   68X     0.3131000239    -0.0095176583
   68Y    -2.2091001687     0.0035905067
   68Z    -0.8029000613     0.0192022809
   69X     3.1528002408    -0.0055190328
   69Y     0.3164000242     0.0007605733
   69Z    -3.1806002429     0.0137206828
   70X     2.6700002039     0.0015667137
   70Y    -0.2930000224     0.0163687375
   70Z    -1.8816001437    -0.0119255322
   71X    -2.5747001966     0.0067907574
   71Y     1.2335000942     0.0049311172
   71Z     1.7444001332    -0.0094694481
   72X    -1.5008001146    -0.0212351433
   72Y     1.7189001313    -0.0057060772
   72Z     0.7942000606     0.0115843856
   73X     4.1042003134    -0.0071148390
   73Y    -1.0852000829    -0.0052090143
   73Z    -0.1304000100    -0.0055552722
   74X     2.7881002129     0.0067469375
   74Y    -1.7669001349     0.0033322550
   74Z     0.1780000136    -0.0084678233
   75X     0.1557000119     0.0093332698
   75Y     2.5127001919    -0.0017158200
   75Z    -2.7373002090    -0.0030409115
   76X     1.2893000985    -0.0135065845
   76Y     1.5370001174     0.0181027959
   76Z    -2.9711002269    -0.0120366354
   77X     1.2662000967    -0.0043417881
   77Y    -3.4138002607     0.0129438463
   77Z    -2.4964001906    -0.0027298097
   78X     0.5051000386     0.0114840065
   78Y    -2.2078001686    -0.0068951354
   78Z    -3.0046002294     0.0072211082
   79X    -1.9939001523    -0.0142313365
   79Y    -1.5615001192     0.0068199355
   79Z    -0.8611000658    -0.0010366532
   80X    -2.4931001904    -0.0060480549
   80Y    -0.3874000296    -0.0159305860
   80Z    -0.0461000035    -0.0147167592
   81X    -2.8500002176    -0.0031035280
   81Y     0.3425000262     0.0168837657
   81Z    -1.8604001421    -0.0133400454
   82X    -3.1389002397     0.0078276891
   82Y     0.7549000576     0.0008789627
   82Z    -3.2881002511     0.0083529881
   83X    -0.8784000671     0.0117374572
   83Y     3.6055002753    -0.0010664387
   83Z     3.6337002775    -0.0063817945
   84X     0.1208000092    -0.0067314453
   84Y     4.6060003517    -0.0155892494
   84Z     3.0930002362     0.0002733045
   85X     2.6726002041    -0.0151112048
   85Y     1.7160001310    -0.0057951612
   85Z     3.4572002640     0.0077229980
   86X     1.4524001109     0.0074544624
   86Y     2.4400001863    -0.0100697910
   86Z     3.9851003043     0.0029134806
   87X    -2.5999001985     0.0035173914
   87Y    -2.6045001989     0.0033493428
   87Z     1.4735001125     0.0086481633
   88X    -2.5121001918    -0.0007034837
   88Y    -1.2622000964    -0.0083873749
   88Z     2.1681001656     0.0004800361
   89X     4.8165003678    -0.0052533526
   89Y     1.3425001025     0.0159140032
   89Z     2.4418001865    -0.0028676452
   90X     4.9201003757    -0.0074877008
   90Y     2.8086002145    -0.0117061620
   90Z     2.8045002142    -0.0012213945
   91X    -2.5345001935    -0.0091891761
   91Y     3.3311002544     0.0047026153
   91Z    -0.5146000393    -0.0052710247
   92X    -3.3994002596     0.0002712954
   92Y     2.5858001975     0.0196332635
   92Z    -1.5088001152     0.0158220524
   93X    -2.4772001892    -0.0002836873
   93Y     1.6818001284    -0.0200849884
   93Z     3.8001002902    -0.0069590917
   94X    -3.4593002642     0.0072321838
   94Y     0.5521000422    -0.0003076520
   94Z     4.0266003075    -0.0042788746
   95X     4.8296003688    -0.0026424460
   95Y     3.7779002885     0.0004601687
   95Z    -0.7452000569     0.0168594396
   96X     5.2665004022    -0.0079955660
   96Y     3.4210002612    -0.0002356193
   96Z     0.6597000504    -0.0105378338
   97X    -2.4843001897     0.0184689836
   97Y    -2.4820001895    -0.0112523468
   97Z    -4.0441003088     0.0077899062
   98X    -1.7551001340    -0.0034197321
   98Y    -3.4808002658     0.0084758873
   98Z    -3.1708002421    -0.0107284578
   99X    -0.7686000587     0.0031596459
   99Y    -0.6601000504    -0.0052631836
   99Z    -5.8423004461     0.0025224372
  100X    -0.8831000674     0.0074767668
  100Y    -1.6821001285     0.0061006227
  100Z    -4.7312003613    -0.0105531416
  101X     2.4657001883     0.0130344666
  101Y     5.1311003918    -0.0116955750
  101Z    -3.3349002547    -0.0021455743
  102X     2.1712001658     0.0095032071
  102Y     3.6463002784     0.0148467921
  102Z    -3.3514002559    -0.0007893855
  103X     0.2655000203     0.0004271305
  103Y     7.0915005415    -0.0095239214
  103Z     0.6169000471     0.0041547539
  104X    -0.0037000003     0.0121044139
  104Y     6.0060004586     0.0040300149
  104Z    -0.4034000308     0.0118030340
  105X     2.7837002126     0.0089924546
  105Y    -1.8177001388     0.0063841153
  105Z    -3.6682002801    -0.0066474579
  106X     3.3701002574     0.0015035211
  106Y    -2.5224001926     0.0099720226
  106Z    -4.8730003721    -0.0019999729
  107X     3.5518002712    -0.0178636618
  107Y     5.0882003886     0.0138288956
  107Z     0.9117000696     0.0056040425
  108X     2.1266001624     0.0154630051
  108Y     5.5774004259     0.0009215929
  108Z     0.7653000584     0.0029077820
  109X     2.3729001812     0.0079840435
  109Y    -1.9288001473    -0.0072338507
  109Z     3.2688002496     0.0142559446
  110X     2.8226002155    -0.0004877404
  110Y    -1.6845001286    -0.0076298512
  110Z     4.6936003584    -0.0063963722
  111X     1.5839001210     0.0081018037
  111Y     1.4264001089    -0.0065526690
  111Z    -4.9265003762    -0.0030944418
  112X     1.6012001223     0.0016717563
  112Y     0.0757000058     0.0096209258
  112Z    -5.6101004284    -0.0053468081
  113X    -1.4751001126     0.0083369949
  113Y    -4.7318003613    -0.0004012253
  113Z     1.2815000979    -0.0018931071
  114X    -0.4672000357    -0.0034473007
  114Y    -3.9091002985    -0.0187134072
  114Z     0.5075000388     0.0035310707
  115X    -1.6675001273     0.0116513689
  115Y     6.3860004877    -0.0043009267
  115Z    -2.4809001895     0.0013378754
  116X    -1.3722001048     0.0062515007
  116Y     4.9778003801     0.0114243124
  116Z    -2.0098001535     0.0001288542
  117X     6.2294004757    -0.0060093249
  117Y    -0.6454000493     0.0047986928
  117Z     2.2999001756     0.0043928235
  118X     5.7568004396     0.0013182808
  118Y    -0.6000000458     0.0029023429
  118Z     3.7375002854    -0.0082195756
  119X    -2.0627001575    -0.0072427240
  119Y     1.6220001239    -0.0133119427
  119Z    -4.7120003598    -0.0068970606
  120X    -2.5524001949    -0.0013264588
  120Y     1.0446000798    -0.0011552172
  120Z    -6.0230004599     0.0078804450
  121X    -0.9444000721     0.0021541470
  121Y    -1.4371001097     0.0073291803
  121Z     4.6501003551     0.0033983904
  122X    -1.8175001388    -0.0011818964
  122Y    -0.2261000173    -0.0015301987
  122Z     4.9017003743     0.0071776948
  123X    -2.7464002097     0.0122689134
  123Y     4.4165003373    -0.0055319647
  123Z    -4.1864003197    -0.0103415137
  124X    -1.4281001091    -0.0180067889
  124Y     4.0644003104    -0.0056729261
  124Z    -4.8421003698     0.0032627217
  125X     6.3250004830     0.0050591958
  125Y     1.6488001259    -0.0132885603
  125Z    -1.4775001128     0.0061297354
  126X     6.9885005337    -0.0050401407
  126Y     0.3476000265     0.0069530002
  126Z    -1.0794000824     0.0029756154
  127X     5.3885004115     0.0072537693
  127Y     2.9258002234     0.0026706355
  127Z    -3.3831002583     0.0065772633
  128X     4.9026003744     0.0133369608
  128Y     4.2703003261    -0.0036353097
  128Z    -2.8852002203     0.0023377661
  129X    -5.6797004337     0.0021283105
  129Y     0.8802000672    -0.0021719066
  129Z     0.7596000580    -0.0093892711
  130X    -4.7493003627    -0.0087334879
  130Y     0.9620000735    -0.0057332033
  130Z    -0.4318000330     0.0053746168
  131X     3.4958002670     0.0005412901
  131Y    -5.0031003821     0.0027835068
  131Z    -0.6456000493    -0.0094356948
  132X     3.6700002803    -0.0018630392
  132Y    -3.6947002821    -0.0112580434
  132Z    -1.3868001059    -0.0026014878
  133X    -3.6731002805     0.0103120608
  133Y     3.8655002952    -0.0077866287
  133Z     3.2765002502     0.0260824795
  134X    -3.5393002703     0.0011806371
  134Y     3.9806003040    -0.0020361898
  134Z     4.7800003650    -0.0083367679
  135X    -0.7780000594    -0.0022799297
  135Y    -5.1884003962     0.0038691227
  135Z    -3.8357002929     0.0099703229
  136X    -0.8621000658    -0.0048847250
  136Y    -5.7811004415     0.0075683168
  136Z    -2.4452001867    -0.0123831041
  137X    -4.2528003248    -0.0068054051
  137Y    -1.6546001264    -0.0034552901
  137Z    -2.0355001554    -0.0060059311
  138X    -5.3521004087     0.0010569446
  138Y    -0.9062000692    -0.0079253838
  138Z    -1.3121001002    -0.0104772557
  139X     0.7809000596     0.0123192298
  139Y     6.5062004968     0.0062181818
  139Z    -2.4438001866    -0.0032501180
  140X     2.2150001691    -0.0141243021
  140Y     6.7382005146    -0.0125564233
  140Z    -2.0181001541    -0.0127429946
  141X    -4.3207003299    -0.0077675372
  141Y     3.8506002940     0.0050203967
  141Z     0.9265000708     0.0191804788
  142X    -5.0456003853     0.0055130284
  142Y     3.1854002432     0.0131888857
  142Z     2.0771001586     0.0030729941
  143X    -0.6037000461     0.0106051136
  143Y     6.7163005129    -0.0022770872
  143Z     3.3127002530    -0.0006485057
  144X     0.7839000599    -0.0074867005
  144Y     6.7244005135     0.0011025371
  144Z     2.7075002068     0.0097129170
  145X    -5.2866004037    -0.0033729266
  145Y     0.6387000488     0.0096073648
  145Z     3.0598002337     0.0018063304
  146X    -6.3402004842     0.0107233725
  146Y     1.7142001309    -0.0019019765
  146Z     3.2177002457    -0.0031088256
  147X    -3.6093002756    -0.0010970286
  147Y    -5.4824004187     0.0099454342
  147Z     1.7622001346    -0.0063159037
  148X    -3.7734002882    -0.0026466185
  148Y    -5.0142003829     0.0060076858
  148Z     0.3319000253     0.0227927622
  149X    -2.4152001844     0.0030330523
  149Y    -4.3116003293     0.0051261705
  149Z     4.9065003747    -0.0046466569
  150X    -2.1597001649     0.0032716448
  150Y    -3.2516002483    -0.0106023531
  150Z     3.8561002945     0.0169060795
  151X    -0.6896000527     0.0039635553
  151Y     5.7406004384    -0.0058726938
  151Z    -5.9042004509     0.0081710016
  152X     0.2809000215    -0.0080343319
  152Y     6.0474004618    -0.0049505648
  152Z    -4.7836003653    -0.0086089340
  153X     1.7832001362     0.0025184447
  153Y     5.9717004560     0.0008958778
  153Z     4.2174003221    -0.0052420671
  154X     2.9556002257     0.0013222914
  154Y     5.4301004147     0.0021336554
  154Z     3.4275002617     0.0146426153
  155X     4.0298003077     0.0090791315
  155Y    -3.7764002884    -0.0084878040
  155Z     3.4008002597    -0.0065571669
  156X     4.7737003645     0.0012687998
  156Y    -5.0900003887     0.0070053008
  156Z     3.2868002510    -0.0026055905
  157X     6.7509005155    -0.0083306701
  157Y     4.7851003654     0.0011645488
  157Z     2.7155002074     0.0054885614
  158X     5.5349004227     0.0072192361
  158Y     4.6601003559    -0.0066616800
  158Z     3.6087002756    -0.0085772533
  159X    -4.3645003333     0.0002634810
  159Y    -1.0949000836    -0.0093232345
  159Z    -5.3393004077    -0.0050075204
  160X    -4.5714003491     0.0082298710
  160Y    -2.5542001950     0.0032045496
  160Z    -4.9939003814    -0.0042551752
  161X     0.2556000195     0.0177075438
  161Y    -4.2816003270    -0.0032900924
  161Z     4.9065003747     0.0001856208
  162X     1.6473001258    -0.0085935502
  162Y    -3.6962002823    -0.0102389726
  162Z     4.7944003661     0.0051288244
  163X     0.3503000268     0.0046666045
  163Y    -5.6663004327    -0.0061194498
  163Z     2.0935001599     0.0120917413
  164X     0.9848000752    -0.0064683412
  164Y    -5.4825004187    -0.0065092517
  164Z     3.4557002639    -0.0114345784
  165X     7.3977005649     0.0051616032
  165Y     2.0370001556     0.0088869960
  165Z     0.5688000434     0.0141997253
  166X     7.9468006068    -0.0002716724
  166Y     2.2536001721     0.0018595515
  166Z     1.9629001499    -0.0075915439
  167X    -5.3726004103     0.0006971642
  167Y     1.7736001354     0.0054595230
  167Z    -5.1999003971     0.0000869702
  168X    -4.0957003128    -0.0102144215
  168Y     2.5454001944     0.0037112177
  168Z    -4.9435003775    -0.0007017105
  169X     2.2823001743     0.0055189699
  169Y    -4.9398003772     0.0045715548
  169Z    -5.5238004218    -0.0006883283
  170X     3.0698002344    -0.0004200542
  170Y    -3.9263002998    -0.0013757060
  170Z    -6.3266004831     0.0105981400
  171X    -4.8406003696     0.0058128728
  171Y     5.6387004306     0.0084950384
  171Z    -3.0356002318    -0.0054381611
  172X    -4.1498003169     0.0048753210
  172Y     6.1823004721    -0.0028160009
  172Z    -4.2682003259     0.0082271867
  173X    -6.0580004626     0.0049290470
  173Y    -3.4548002638    -0.0011151019
  173Z     1.7548001340     0.0056602341
  174X    -4.6223003530    -0.0111551358
  174Y    -3.8766002960    -0.0007421709
  174Z     1.9840001515     0.0079938364
  175X     3.0955002364    -0.0015285318
  175Y     7.6996005880     0.0107265486
  175Z     0.2031000155    -0.0108196080
  176X     3.9096002986    -0.0075248031
  176Y     8.3990006414     0.0013500595
  176Z    -0.8646000660     0.0058980065
  177X     4.4652003410     0.0087863742
  177Y     6.0865004648     0.0019953147
  177Z    -3.3656002570     0.0079062972
  178X     5.6644004326    -0.0064645297
  178Y     7.0059005350    -0.0019380773
  178Z    -3.2721002499     0.0051543320
  179X    -2.8146002149    -0.0078084833
  179Y    -5.4439004157    -0.0079522109
  179Z    -2.0126001537     0.0020572811
  180X    -4.3183003298     0.0075057216
  180Y    -5.6122004286    -0.0020341518
  180Z    -2.0623001575     0.0045658761
----------------------------------------

 @ End Gradient Calculation

  Skipping one-electron property calculation.

 @ Output Timing Information

------------- TIMING ---------------
| INITIAL GUESS TIME  =     3.913026000( 12.02%)
| DFT GRID OPERATIONS =     0.824034000(  2.53%)
| TOTAL SCF TIME      =    11.203178000( 34.41%)
|       TOTAL OP TIME      =    10.001363000( 30.72%)
|             TOTAL 1e TIME      =     0.228949000(  0.70%)
|             TOTAL 2e TIME      =     5.787336000( 17.77%)
|             TOTAL EXC TIME     =     3.493701000( 10.73%)
|       TOTAL DII TIME      =     1.143353000(  3.51%)
|             TOTAL DIAG TIME    =     0.199638000(  0.61%)
| TOTAL GRADIENT TIME      =    15.935190000( 48.94%)
|       TOTAL 1e GRADIENT TIME      =     2.047270000( 6.93%)
|       TOTAL 2e GRADIENT TIME      =    12.240219000(37.59%)
|       TOTAL EXC GRADIENT TIME     =     1.437186000(  4.41%)
| TOTAL TIME          =    32.559200000
------------------------------------
| Job cpu time:  0 days  0 hours  0 minutes 32.6 seconds.

 @ Finish Output Timing Information

| Normal Termination. Task Finished on: Wed Jul  1 02:41:31 2026
